W/dalvikvm(  437): PR_CAPBSET_DROP 11 failed: Invalid argument. Please make sure your kernel is compiled with file capabilities support enabled.
W/dalvikvm(  437): PR_CAPBSET_DROP 12 failed: Invalid argument. Please make sure your kernel is compiled with file capabilities support enabled.
W/dalvikvm(  437): PR_CAPBSET_DROP 13 failed: Invalid argument. Please make sure your kernel is compiled with file capabilities support enabled.
W/dalvikvm(  437): PR_CAPBSET_DROP 14 failed: Invalid argument. Please make sure your kernel is compiled with file capabilities support enabled.
W/dalvikvm(  437): PR_CAPBSET_DROP 15 failed: Invalid argument. Please make sure your kernel is compiled with file capabilities support enabled.
W/dalvikvm(  437): PR_CAPBSET_DROP 16 failed: Invalid argument. Please make sure your kernel is compiled with file capabilities support enabled.
W/dalvikvm(  437): PR_CAPBSET_DROP 17 failed: Invalid argument. Please make sure your kernel is compiled with file capabilities support enabled.
W/dalvikvm(  437): PR_CAPBSET_DROP 18 failed: Invalid argument. Please make sure your kernel is compiled with file capabilities support enabled.
W/dalvikvm(  437): PR_CAPBSET_DROP 19 failed: Invalid argument. Please make sure your kernel is compiled with file capabilities support enabled.
W/dalvikvm(  437): PR_CAPBSET_DROP 20 failed: Invalid argument. Please make sure your kernel is compiled with file capabilities support enabled.
W/dalvikvm(  437): PR_CAPBSET_DROP 21 failed: Invalid argument. Please make sure your kernel is compiled with file capabilities support enabled.
W/dalvikvm(  437): PR_CAPBSET_DROP 22 failed: Invalid argument. Please make sure your kernel is compiled with file capabilities support enabled.
W/dalvikvm(  437): PR_CAPBSET_DROP 23 failed: Invalid argument. Please make sure your kernel is compiled with file capabilities support enabled.
W/dalvikvm(  437): PR_CAPBSET_DROP 24 failed: Invalid argument. Please make sure your kernel is compiled with file capabilities support enabled.
W/dalvikvm(  437): PR_CAPBSET_DROP 25 failed: Invalid argument. Please make sure your kernel is compiled with file capabilities support enabled.
W/dalvikvm(  437): PR_CAPBSET_DROP 26 failed: Invalid argument. Please make sure your kernel is compiled with file capabilities support enabled.
W/dalvikvm(  437): PR_CAPBSET_DROP 27 failed: Invalid argument. Please make sure your kernel is compiled with file capabilities support enabled.
W/dalvikvm(  437): PR_CAPBSET_DROP 28 failed: Invalid argument. Please make sure your kernel is compiled with file capabilities support enabled.
W/dalvikvm(  437): PR_CAPBSET_DROP 29 failed: Invalid argument. Please make sure your kernel is compiled with file capabilities support enabled.
W/dalvikvm(  437): PR_CAPBSET_DROP 30 failed: Invalid argument. Please make sure your kernel is compiled with file capabilities support enabled.
W/dalvikvm(  437): PR_CAPBSET_DROP 31 failed: Invalid argument. Please make sure your kernel is compiled with file capabilities support enabled.
W/dalvikvm(  437): PR_CAPBSET_DROP 32 failed: Invalid argument. Please make sure your kernel is compiled with file capabilities support enabled.
W/dalvikvm(  437): PR_CAPBSET_DROP 33 failed: Invalid argument. Please make sure your kernel is compiled with file capabilities support enabled.
W/TelephonyProvider(  426): onCreate: confFile=/system/etc/apns-conf.xml oldCheckSum=-1
E/BluetoothAdapter(  437): Bluetooth binder is null
W/ActivityManager(  278): Activity pause timeout for ActivityRecord{41c1af30 u0 com.android.settings/.CryptKeeper}
W/dalvikvm(  465): PR_CAPBSET_DROP 0 failed: Invalid argument. Please make sure your kernel is compiled with file capabilities support enabled.
W/dalvikvm(  465): PR_CAPBSET_DROP 1 failed: Invalid argument. Please make sure your kernel is compiled with file capabilities support enabled.
W/dalvikvm(  465): PR_CAPBSET_DROP 2 failed: Invalid argument. Please make sure your kernel is compiled with file capabilities support enabled.
W/dalvikvm(  465): PR_CAPBSET_DROP 3 failed: Invalid argument. Please make sure your kernel is compiled with file capabilities support enabled.
W/dalvikvm(  465): PR_CAPBSET_DROP 4 failed: Invalid argument. Please make sure your kernel is compiled with file capabilities support enabled.
W/dalvikvm(  465): PR_CAPBSET_DROP 5 failed: Invalid argument. Please make sure your kernel is compiled with file capabilities support enabled.
W/dalvikvm(  465): PR_CAPBSET_DROP 6 failed: Invalid argument. Please make sure your kernel is compiled with file capabilities support enabled.
W/dalvikvm(  465): PR_CAPBSET_DROP 7 failed: Invalid argument. Please make sure your kernel is compiled with file capabilities support enabled.
W/dalvikvm(  465): PR_CAPBSET_DROP 8 failed: Invalid argument. Please make sure your kernel is compiled with file capabilities support enabled.
W/dalvikvm(  465): PR_CAPBSET_DROP 9 failed: Invalid argument. Please make sure your kernel is compiled with file capabilities support enabled.
W/dalvikvm(  465): PR_CAPBSET_DROP 10 failed: Invalid argument. Please make sure your kernel is compiled with file capabilities support enabled.
W/dalvikvm(  465): PR_CAPBSET_DROP 11 failed: Invalid argument. Please make sure your kernel is compiled with file capabilities support enabled.
W/dalvikvm(  465): PR_CAPBSET_DROP 12 failed: Invalid argument. Please make sure your kernel is compiled with file capabilities support enabled.
W/dalvikvm(  465): PR_CAPBSET_DROP 13 failed: Invalid argument. Please make sure your kernel is compiled with file capabilities support enabled.
W/dalvikvm(  465): PR_CAPBSET_DROP 14 failed: Invalid argument. Please make sure your kernel is compiled with file capabilities support enabled.
W/dalvikvm(  465): PR_CAPBSET_DROP 15 failed: Invalid argument. Please make sure your kernel is compiled with file capabilities support enabled.
W/dalvikvm(  465): PR_CAPBSET_DROP 16 failed: Invalid argument. Please make sure your kernel is compiled with file capabilities support enabled.
W/dalvikvm(  465): PR_CAPBSET_DROP 17 failed: Invalid argument. Please make sure your kernel is compiled with file capabilities support enabled.
W/dalvikvm(  465): PR_CAPBSET_DROP 18 failed: Invalid argument. Please make sure your kernel is compiled with file capabilities support enabled.
W/dalvikvm(  465): PR_CAPBSET_DROP 19 failed: Invalid argument. Please make sure your kernel is compiled with file capabilities support enabled.
W/dalvikvm(  465): PR_CAPBSET_DROP 20 failed: Invalid argument. Please make sure your kernel is compiled with file capabilities support enabled.
W/dalvikvm(  465): PR_CAPBSET_DROP 21 failed: Invalid argument. Please make sure your kernel is compiled with file capabilities support enabled.
W/dalvikvm(  465): PR_CAPBSET_DROP 22 failed: Invalid argument. Please make sure your kernel is compiled with file capabilities support enabled.
W/dalvikvm(  465): PR_CAPBSET_DROP 23 failed: Invalid argument. Please make sure your kernel is compiled with file capabilities support enabled.
W/dalvikvm(  465): PR_CAPBSET_DROP 24 failed: Invalid argument. Please make sure your kernel is compiled with file capabilities support enabled.
W/dalvikvm(  465): PR_CAPBSET_DROP 25 failed: Invalid argument. Please make sure your kernel is compiled with file capabilities support enabled.
W/dalvikvm(  465): PR_CAPBSET_DROP 26 failed: Invalid argument. Please make sure your kernel is compiled with file capabilities support enabled.
W/dalvikvm(  465): PR_CAPBSET_DROP 27 failed: Invalid argument. Please make sure your kernel is compiled with file capabilities support enabled.
W/dalvikvm(  465): PR_CAPBSET_DROP 28 failed: Invalid argument. Please make sure your kernel is compiled with file capabilities support enabled.
W/dalvikvm(  465): PR_CAPBSET_DROP 29 failed: Invalid argument. Please make sure your kernel is compiled with file capabilities support enabled.
W/dalvikvm(  465): PR_CAPBSET_DROP 30 failed: Invalid argument. Please make sure your kernel is compiled with file capabilities support enabled.
W/dalvikvm(  465): PR_CAPBSET_DROP 31 failed: Invalid argument. Please make sure your kernel is compiled with file capabilities support enabled.
W/dalvikvm(  465): PR_CAPBSET_DROP 32 failed: Invalid argument. Please make sure your kernel is compiled with file capabilities support enabled.
W/dalvikvm(  465): PR_CAPBSET_DROP 33 failed: Invalid argument. Please make sure your kernel is compiled with file capabilities support enabled.
E/BluetoothAdapter(  384): Bluetooth binder is null
E/BluetoothAdapter(  384): Bluetooth binder is null
W/ActivityManager(  278): Unable to start service Intent { act=com.android.internal.telephony.IWapPushManager } U=0: not found
E/BluetoothAdapter(  384): Bluetooth binder is null
W/InputAttributes(  410): No editor info for this field. Bug?
W/dalvikvm(  482): PR_CAPBSET_DROP 0 failed: Invalid argument. Please make sure your kernel is compiled with file capabilities support enabled.
W/dalvikvm(  482): PR_CAPBSET_DROP 1 failed: Invalid argument. Please make sure your kernel is compiled with file capabilities support enabled.
W/dalvikvm(  482): PR_CAPBSET_DROP 2 failed: Invalid argument. Please make sure your kernel is compiled with file capabilities support enabled.
W/dalvikvm(  482): PR_CAPBSET_DROP 3 failed: Invalid argument. Please make sure your kernel is compiled with file capabilities support enabled.
W/dalvikvm(  482): PR_CAPBSET_DROP 4 failed: Invalid argument. Please make sure your kernel is compiled with file capabilities support enabled.
W/dalvikvm(  482): PR_CAPBSET_DROP 5 failed: Invalid argument. Please make sure your kernel is compiled with file capabilities support enabled.
W/dalvikvm(  482): PR_CAPBSET_DROP 6 failed: Invalid argument. Please make sure your kernel is compiled with file capabilities support enabled.
W/dalvikvm(  482): PR_CAPBSET_DROP 7 failed: Invalid argument. Please make sure your kernel is compiled with file capabilities support enabled.
W/dalvikvm(  482): PR_CAPBSET_DROP 8 failed: Invalid argument. Please make sure your kernel is compiled with file capabilities support enabled.
W/dalvikvm(  482): PR_CAPBSET_DROP 9 failed: Invalid argument. Please make sure your kernel is compiled with file capabilities support enabled.
W/dalvikvm(  482): PR_CAPBSET_DROP 10 failed: Invalid argument. Please make sure your kernel is compiled with file capabilities support enabled.
W/dalvikvm(  482): PR_CAPBSET_DROP 11 failed: Invalid argument. Please make sure your kernel is compiled with file capabilities support enabled.
W/dalvikvm(  482): PR_CAPBSET_DROP 12 failed: Invalid argument. Please make sure your kernel is compiled with file capabilities support enabled.
W/dalvikvm(  482): PR_CAPBSET_DROP 13 failed: Invalid argument. Please make sure your kernel is compiled with file capabilities support enabled.
W/dalvikvm(  482): PR_CAPBSET_DROP 14 failed: Invalid argument. Please make sure your kernel is compiled with file capabilities support enabled.
W/dalvikvm(  482): PR_CAPBSET_DROP 15 failed: Invalid argument. Please make sure your kernel is compiled with file capabilities support enabled.
W/dalvikvm(  482): PR_CAPBSET_DROP 16 failed: Invalid argument. Please make sure your kernel is compiled with file capabilities support enabled.
W/dalvikvm(  482): PR_CAPBSET_DROP 17 failed: Invalid argument. Please make sure your kernel is compiled with file capabilities support enabled.
W/dalvikvm(  482): PR_CAPBSET_DROP 18 failed: Invalid argument. Please make sure your kernel is compiled with file capabilities support enabled.
W/dalvikvm(  482): PR_CAPBSET_DROP 19 failed: Invalid argument. Please make sure your kernel is compiled with file capabilities support enabled.
W/dalvikvm(  482): PR_CAPBSET_DROP 20 failed: Invalid argument. Please make sure your kernel is compiled with file capabilities support enabled.
W/dalvikvm(  482): PR_CAPBSET_DROP 21 failed: Invalid argument. Please make sure your kernel is compiled with file capabilities support enabled.
W/dalvikvm(  482): PR_CAPBSET_DROP 22 failed: Invalid argument. Please make sure your kernel is compiled with file capabilities support enabled.
W/dalvikvm(  482): PR_CAPBSET_DROP 23 failed: Invalid argument. Please make sure your kernel is compiled with file capabilities support enabled.
W/dalvikvm(  482): PR_CAPBSET_DROP 24 failed: Invalid argument. Please make sure your kernel is compiled with file capabilities support enabled.
W/dalvikvm(  482): PR_CAPBSET_DROP 25 failed: Invalid argument. Please make sure your kernel is compiled with file capabilities support enabled.
W/dalvikvm(  482): PR_CAPBSET_DROP 26 failed: Invalid argument. Please make sure your kernel is compiled with file capabilities support enabled.
W/dalvikvm(  482): PR_CAPBSET_DROP 27 failed: Invalid argument. Please make sure your kernel is compiled with file capabilities support enabled.
W/dalvikvm(  482): PR_CAPBSET_DROP 28 failed: Invalid argument. Please make sure your kernel is compiled with file capabilities support enabled.
W/dalvikvm(  482): PR_CAPBSET_DROP 29 failed: Invalid argument. Please make sure your kernel is compiled with file capabilities support enabled.
W/dalvikvm(  482): PR_CAPBSET_DROP 30 failed: Invalid argument. Please make sure your kernel is compiled with file capabilities support enabled.
W/dalvikvm(  482): PR_CAPBSET_DROP 31 failed: Invalid argument. Please make sure your kernel is compiled with file capabilities support enabled.
W/dalvikvm(  482): PR_CAPBSET_DROP 32 failed: Invalid argument. Please make sure your kernel is compiled with file capabilities support enabled.
W/dalvikvm(  482): PR_CAPBSET_DROP 33 failed: Invalid argument. Please make sure your kernel is compiled with file capabilities support enabled.
W/dalvikvm(  465): threadid=5: spin on suspend #1 threadid=1 (pcf=0)
W/dalvikvm(  465): threadid=5: spin on suspend resolved in 1593 msec
W/dalvikvm(  482): threadid=5: spin on suspend #1 threadid=1 (pcf=0)
W/dalvikvm(  482): threadid=5: spin on suspend resolved in 1450 msec
W/ActivityManager(  278): Activity idle timeout for ActivityRecord{41c1af30 u0 com.android.settings/.CryptKeeper}
W/ActivityManager(  278): Launch timeout has expired, giving up wake lock!
W/ActivityManager(  278): Activity idle timeout for ActivityRecord{41948450 u0 com.android.sdksetup/.DefaultActivity}
W/ActivityManager(  278): Process ProcessRecord{418fcfc0 482:android.process.acore/u0a10002} failed to attach
W/ActivityManager(  278): Unable to launch app com.android.providers.userdictionary/10002 for provider user_dictionary: launching app became null
E/ActivityThread(  410): Failed to find provider info for user_dictionary
W/ActivityManager(  278): Unable to launch app com.android.providers.userdictionary/10002 for provider user_dictionary: launching app became null
E/ActivityThread(  410): Failed to find provider info for user_dictionary
W/ActivityManager(  278): Unable to launch app com.android.providers.contacts/10002 for provider call_log: launching app became null
E/ActivityThread(  426): Failed to find provider info for call_log
E/BluetoothAdapter(  426): Bluetooth binder is null
W/ActivityManager(  278): No pending application record for pid 482 (IApplicationThread android.app.ApplicationThreadProxy@42055858); dropping process
W/ActivityManager(  278): Scheduling restart of crashed service com.android.inputmethod.latin/.LatinIME in 5000ms
W/ActivityManager(  278): Timeout executing service: ServiceRecord{418fdc58 u0 com.android.systemui/.ImageWallpaper}
E/BluetoothAdapter(  384): Bluetooth binder is null
W/dalvikvm(  426): threadid=3: spin on suspend #1 threadid=2 (pcf=0)
W/dalvikvm(  426): threadid=3: spin on suspend #2 threadid=2 (pcf=0)
W/dalvikvm(  278): threadid=2: spin on suspend #1 threadid=22 (pcf=0)
W/dalvikvm(  278): threadid=2: spin on suspend resolved in 1380 msec
W/WindowManager(  278): ***** BOOT TIMEOUT: forcing display enabled
W/dalvikvm(  426): threadid=3: spin on suspend resolved in 6138 msec
W/dalvikvm(  503): PR_CAPBSET_DROP 0 failed: Invalid argument. Please make sure your kernel is compiled with file capabilities support enabled.
W/dalvikvm(  503): PR_CAPBSET_DROP 1 failed: Invalid argument. Please make sure your kernel is compiled with file capabilities support enabled.
W/dalvikvm(  503): PR_CAPBSET_DROP 2 failed: Invalid argument. Please make sure your kernel is compiled with file capabilities support enabled.
W/dalvikvm(  503): PR_CAPBSET_DROP 3 failed: Invalid argument. Please make sure your kernel is compiled with file capabilities support enabled.
W/dalvikvm(  503): PR_CAPBSET_DROP 4 failed: Invalid argument. Please make sure your kernel is compiled with file capabilities support enabled.
W/dalvikvm(  503): PR_CAPBSET_DROP 5 failed: Invalid argument. Please make sure your kernel is compiled with file capabilities support enabled.
W/dalvikvm(  503): PR_CAPBSET_DROP 6 failed: Invalid argument. Please make sure your kernel is compiled with file capabilities support enabled.
W/dalvikvm(  503): PR_CAPBSET_DROP 7 failed: Invalid argument. Please make sure your kernel is compiled with file capabilities support enabled.
W/dalvikvm(  503): PR_CAPBSET_DROP 8 failed: Invalid argument. Please make sure your kernel is compiled with file capabilities support enabled.
W/dalvikvm(  503): PR_CAPBSET_DROP 9 failed: Invalid argument. Please make sure your kernel is compiled with file capabilities support enabled.
W/dalvikvm(  503): PR_CAPBSET_DROP 10 failed: Invalid argument. Please make sure your kernel is compiled with file capabilities support enabled.
W/dalvikvm(  503): PR_CAPBSET_DROP 11 failed: Invalid argument. Please make sure your kernel is compiled with file capabilities support enabled.
W/dalvikvm(  503): PR_CAPBSET_DROP 12 failed: Invalid argument. Please make sure your kernel is compiled with file capabilities support enabled.
W/dalvikvm(  503): PR_CAPBSET_DROP 13 failed: Invalid argument. Please make sure your kernel is compiled with file capabilities support enabled.
W/dalvikvm(  503): PR_CAPBSET_DROP 14 failed: Invalid argument. Please make sure your kernel is compiled with file capabilities support enabled.
W/dalvikvm(  503): PR_CAPBSET_DROP 15 failed: Invalid argument. Please make sure your kernel is compiled with file capabilities support enabled.
W/dalvikvm(  503): PR_CAPBSET_DROP 16 failed: Invalid argument. Please make sure your kernel is compiled with file capabilities support enabled.
W/dalvikvm(  503): PR_CAPBSET_DROP 17 failed: Invalid argument. Please make sure your kernel is compiled with file capabilities support enabled.
W/dalvikvm(  503): PR_CAPBSET_DROP 18 failed: Invalid argument. Please make sure your kernel is compiled with file capabilities support enabled.
W/dalvikvm(  503): PR_CAPBSET_DROP 19 failed: Invalid argument. Please make sure your kernel is compiled with file capabilities support enabled.
W/dalvikvm(  503): PR_CAPBSET_DROP 20 failed: Invalid argument. Please make sure your kernel is compiled with file capabilities support enabled.
W/dalvikvm(  503): PR_CAPBSET_DROP 21 failed: Invalid argument. Please make sure your kernel is compiled with file capabilities support enabled.
W/dalvikvm(  503): PR_CAPBSET_DROP 22 failed: Invalid argument. Please make sure your kernel is compiled with file capabilities support enabled.
W/dalvikvm(  503): PR_CAPBSET_DROP 23 failed: Invalid argument. Please make sure your kernel is compiled with file capabilities support enabled.
W/dalvikvm(  503): PR_CAPBSET_DROP 24 failed: Invalid argument. Please make sure your kernel is compiled with file capabilities support enabled.
W/dalvikvm(  503): PR_CAPBSET_DROP 25 failed: Invalid argument. Please make sure your kernel is compiled with file capabilities support enabled.
W/dalvikvm(  503): PR_CAPBSET_DROP 26 failed: Invalid argument. Please make sure your kernel is compiled with file capabilities support enabled.
W/dalvikvm(  503): PR_CAPBSET_DROP 27 failed: Invalid argument. Please make sure your kernel is compiled with file capabilities support enabled.
W/dalvikvm(  503): PR_CAPBSET_DROP 28 failed: Invalid argument. Please make sure your kernel is compiled with file capabilities support enabled.
W/dalvikvm(  503): PR_CAPBSET_DROP 29 failed: Invalid argument. Please make sure your kernel is compiled with file capabilities support enabled.
W/dalvikvm(  503): PR_CAPBSET_DROP 30 failed: Invalid argument. Please make sure your kernel is compiled with file capabilities support enabled.
W/dalvikvm(  503): PR_CAPBSET_DROP 31 failed: Invalid argument. Please make sure your kernel is compiled with file capabilities support enabled.
W/dalvikvm(  503): PR_CAPBSET_DROP 32 failed: Invalid argument. Please make sure your kernel is compiled with file capabilities support enabled.
W/dalvikvm(  503): PR_CAPBSET_DROP 33 failed: Invalid argument. Please make sure your kernel is compiled with file capabilities support enabled.
W/dalvikvm(  511): PR_CAPBSET_DROP 0 failed: Invalid argument. Please make sure your kernel is compiled with file capabilities support enabled.
W/dalvikvm(  511): PR_CAPBSET_DROP 1 failed: Invalid argument. Please make sure your kernel is compiled with file capabilities support enabled.
W/dalvikvm(  511): PR_CAPBSET_DROP 2 failed: Invalid argument. Please make sure your kernel is compiled with file capabilities support enabled.
W/dalvikvm(  511): PR_CAPBSET_DROP 3 failed: Invalid argument. Please make sure your kernel is compiled with file capabilities support enabled.
W/dalvikvm(  511): PR_CAPBSET_DROP 4 failed: Invalid argument. Please make sure your kernel is compiled with file capabilities support enabled.
W/dalvikvm(  511): PR_CAPBSET_DROP 5 failed: Invalid argument. Please make sure your kernel is compiled with file capabilities support enabled.
E/BluetoothAdapter(  426): Bluetooth binder is null
W/dalvikvm(  511): PR_CAPBSET_DROP 6 failed: Invalid argument. Please make sure your kernel is compiled with file capabilities support enabled.
W/dalvikvm(  511): PR_CAPBSET_DROP 7 failed: Invalid argument. Please make sure your kernel is compiled with file capabilities support enabled.
W/dalvikvm(  511): PR_CAPBSET_DROP 8 failed: Invalid argument. Please make sure your kernel is compiled with file capabilities support enabled.
W/dalvikvm(  511): PR_CAPBSET_DROP 9 failed: Invalid argument. Please make sure your kernel is compiled with file capabilities support enabled.
W/dalvikvm(  511): PR_CAPBSET_DROP 10 failed: Invalid argument. Please make sure your kernel is compiled with file capabilities support enabled.
W/dalvikvm(  511): PR_CAPBSET_DROP 11 failed: Invalid argument. Please make sure your kernel is compiled with file capabilities support enabled.
W/dalvikvm(  511): PR_CAPBSET_DROP 12 failed: Invalid argument. Please make sure your kernel is compiled with file capabilities support enabled.
W/dalvikvm(  511): PR_CAPBSET_DROP 13 failed: Invalid argument. Please make sure your kernel is compiled with file capabilities support enabled.
W/dalvikvm(  511): PR_CAPBSET_DROP 14 failed: Invalid argument. Please make sure your kernel is compiled with file capabilities support enabled.
W/dalvikvm(  511): PR_CAPBSET_DROP 15 failed: Invalid argument. Please make sure your kernel is compiled with file capabilities support enabled.
W/dalvikvm(  511): PR_CAPBSET_DROP 16 failed: Invalid argument. Please make sure your kernel is compiled with file capabilities support enabled.
W/dalvikvm(  511): PR_CAPBSET_DROP 17 failed: Invalid argument. Please make sure your kernel is compiled with file capabilities support enabled.
W/dalvikvm(  511): PR_CAPBSET_DROP 18 failed: Invalid argument. Please make sure your kernel is compiled with file capabilities support enabled.
W/dalvikvm(  511): PR_CAPBSET_DROP 19 failed: Invalid argument. Please make sure your kernel is compiled with file capabilities support enabled.
W/dalvikvm(  511): PR_CAPBSET_DROP 20 failed: Invalid argument. Please make sure your kernel is compiled with file capabilities support enabled.
W/dalvikvm(  511): PR_CAPBSET_DROP 21 failed: Invalid argument. Please make sure your kernel is compiled with file capabilities support enabled.
W/dalvikvm(  511): PR_CAPBSET_DROP 22 failed: Invalid argument. Please make sure your kernel is compiled with file capabilities support enabled.
W/dalvikvm(  511): PR_CAPBSET_DROP 23 failed: Invalid argument. Please make sure your kernel is compiled with file capabilities support enabled.
W/dalvikvm(  511): PR_CAPBSET_DROP 24 failed: Invalid argument. Please make sure your kernel is compiled with file capabilities support enabled.
W/dalvikvm(  511): PR_CAPBSET_DROP 25 failed: Invalid argument. Please make sure your kernel is compiled with file capabilities support enabled.
W/dalvikvm(  511): PR_CAPBSET_DROP 26 failed: Invalid argument. Please make sure your kernel is compiled with file capabilities support enabled.
W/dalvikvm(  511): PR_CAPBSET_DROP 27 failed: Invalid argument. Please make sure your kernel is compiled with file capabilities support enabled.
W/dalvikvm(  511): PR_CAPBSET_DROP 28 failed: Invalid argument. Please make sure your kernel is compiled with file capabilities support enabled.
W/dalvikvm(  511): PR_CAPBSET_DROP 29 failed: Invalid argument. Please make sure your kernel is compiled with file capabilities support enabled.
W/dalvikvm(  511): PR_CAPBSET_DROP 30 failed: Invalid argument. Please make sure your kernel is compiled with file capabilities support enabled.
W/dalvikvm(  511): PR_CAPBSET_DROP 31 failed: Invalid argument. Please make sure your kernel is compiled with file capabilities support enabled.
W/dalvikvm(  511): PR_CAPBSET_DROP 32 failed: Invalid argument. Please make sure your kernel is compiled with file capabilities support enabled.
W/dalvikvm(  511): PR_CAPBSET_DROP 33 failed: Invalid argument. Please make sure your kernel is compiled with file capabilities support enabled.
W/ProcessStats(  278): Skipping unknown process pid 76
E/BluetoothAdapter(  278): Bluetooth binder is null
E/BluetoothAdapter(  278): Bluetooth binder is null
W/ProcessStats(  278): Skipping unknown process pid 465
E/SoundPool(  278): error loading /system/media/audio/ui/Effect_Tick.ogg
W/AudioService(  278): Soundpool could not load file: /system/media/audio/ui/Effect_Tick.ogg
E/SoundPool(  278): error loading /system/media/audio/ui/Effect_Tick.ogg
W/AudioService(  278): Soundpool could not load file: /system/media/audio/ui/Effect_Tick.ogg
E/SoundPool(  278): error loading /system/media/audio/ui/Effect_Tick.ogg
W/AudioService(  278): Soundpool could not load file: /system/media/audio/ui/Effect_Tick.ogg
E/SoundPool(  278): error loading /system/media/audio/ui/Effect_Tick.ogg
W/AudioService(  278): Soundpool could not load file: /system/media/audio/ui/Effect_Tick.ogg
E/SoundPool(  278): error loading /system/media/audio/ui/Effect_Tick.ogg
W/AudioService(  278): Soundpool could not load file: /system/media/audio/ui/Effect_Tick.ogg
E/SoundPool(  278): error loading /system/media/audio/ui/KeypressStandard.ogg
W/AudioService(  278): Soundpool could not load file: /system/media/audio/ui/KeypressStandard.ogg
E/SoundPool(  278): error loading /system/media/audio/ui/KeypressSpacebar.ogg
W/AudioService(  278): Soundpool could not load file: /system/media/audio/ui/KeypressSpacebar.ogg
E/SoundPool(  278): error loading /system/media/audio/ui/KeypressDelete.ogg
W/AudioService(  278): Soundpool could not load file: /system/media/audio/ui/KeypressDelete.ogg
E/SoundPool(  278): error loading /system/media/audio/ui/KeypressReturn.ogg
W/AudioService(  278): Soundpool could not load file: /system/media/audio/ui/KeypressReturn.ogg
W/AudioService(  278): onLoadSoundEffects(), Error -1 while loading samples
E/BluetoothAdapter(  437): Bluetooth binder is null
W/dalvikvm(  541): PR_CAPBSET_DROP 0 failed: Invalid argument. Please make sure your kernel is compiled with file capabilities support enabled.
W/dalvikvm(  541): PR_CAPBSET_DROP 1 failed: Invalid argument. Please make sure your kernel is compiled with file capabilities support enabled.
W/dalvikvm(  541): PR_CAPBSET_DROP 2 failed: Invalid argument. Please make sure your kernel is compiled with file capabilities support enabled.
W/dalvikvm(  541): PR_CAPBSET_DROP 3 failed: Invalid argument. Please make sure your kernel is compiled with file capabilities support enabled.
W/dalvikvm(  541): PR_CAPBSET_DROP 4 failed: Invalid argument. Please make sure your kernel is compiled with file capabilities support enabled.
W/dalvikvm(  541): PR_CAPBSET_DROP 5 failed: Invalid argument. Please make sure your kernel is compiled with file capabilities support enabled.
W/dalvikvm(  541): PR_CAPBSET_DROP 6 failed: Invalid argument. Please make sure your kernel is compiled with file capabilities support enabled.
W/dalvikvm(  541): PR_CAPBSET_DROP 7 failed: Invalid argument. Please make sure your kernel is compiled with file capabilities support enabled.
W/dalvikvm(  541): PR_CAPBSET_DROP 8 failed: Invalid argument. Please make sure your kernel is compiled with file capabilities support enabled.
W/dalvikvm(  541): PR_CAPBSET_DROP 9 failed: Invalid argument. Please make sure your kernel is compiled with file capabilities support enabled.
W/dalvikvm(  541): PR_CAPBSET_DROP 10 failed: Invalid argument. Please make sure your kernel is compiled with file capabilities support enabled.
W/dalvikvm(  541): PR_CAPBSET_DROP 11 failed: Invalid argument. Please make sure your kernel is compiled with file capabilities support enabled.
W/dalvikvm(  541): PR_CAPBSET_DROP 12 failed: Invalid argument. Please make sure your kernel is compiled with file capabilities support enabled.
W/dalvikvm(  541): PR_CAPBSET_DROP 13 failed: Invalid argument. Please make sure your kernel is compiled with file capabilities support enabled.
W/dalvikvm(  541): PR_CAPBSET_DROP 14 failed: Invalid argument. Please make sure your kernel is compiled with file capabilities support enabled.
W/dalvikvm(  541): PR_CAPBSET_DROP 15 failed: Invalid argument. Please make sure your kernel is compiled with file capabilities support enabled.
W/dalvikvm(  541): PR_CAPBSET_DROP 16 failed: Invalid argument. Please make sure your kernel is compiled with file capabilities support enabled.
W/dalvikvm(  541): PR_CAPBSET_DROP 17 failed: Invalid argument. Please make sure your kernel is compiled with file capabilities support enabled.
W/dalvikvm(  541): PR_CAPBSET_DROP 18 failed: Invalid argument. Please make sure your kernel is compiled with file capabilities support enabled.
W/dalvikvm(  541): PR_CAPBSET_DROP 19 failed: Invalid argument. Please make sure your kernel is compiled with file capabilities support enabled.
W/dalvikvm(  541): PR_CAPBSET_DROP 20 failed: Invalid argument. Please make sure your kernel is compiled with file capabilities support enabled.
W/dalvikvm(  541): PR_CAPBSET_DROP 21 failed: Invalid argument. Please make sure your kernel is compiled with file capabilities support enabled.
W/dalvikvm(  541): PR_CAPBSET_DROP 22 failed: Invalid argument. Please make sure your kernel is compiled with file capabilities support enabled.
W/dalvikvm(  541): PR_CAPBSET_DROP 23 failed: Invalid argument. Please make sure your kernel is compiled with file capabilities support enabled.
W/dalvikvm(  541): PR_CAPBSET_DROP 24 failed: Invalid argument. Please make sure your kernel is compiled with file capabilities support enabled.
W/dalvikvm(  541): PR_CAPBSET_DROP 25 failed: Invalid argument. Please make sure your kernel is compiled with file capabilities support enabled.
W/dalvikvm(  541): PR_CAPBSET_DROP 26 failed: Invalid argument. Please make sure your kernel is compiled with file capabilities support enabled.
W/dalvikvm(  541): PR_CAPBSET_DROP 27 failed: Invalid argument. Please make sure your kernel is compiled with file capabilities support enabled.
W/dalvikvm(  541): PR_CAPBSET_DROP 28 failed: Invalid argument. Please make sure your kernel is compiled with file capabilities support enabled.
W/dalvikvm(  541): PR_CAPBSET_DROP 29 failed: Invalid argument. Please make sure your kernel is compiled with file capabilities support enabled.
W/dalvikvm(  541): PR_CAPBSET_DROP 30 failed: Invalid argument. Please make sure your kernel is compiled with file capabilities support enabled.
W/dalvikvm(  541): PR_CAPBSET_DROP 31 failed: Invalid argument. Please make sure your kernel is compiled with file capabilities support enabled.
W/dalvikvm(  541): PR_CAPBSET_DROP 32 failed: Invalid argument. Please make sure your kernel is compiled with file capabilities support enabled.
W/dalvikvm(  541): PR_CAPBSET_DROP 33 failed: Invalid argument. Please make sure your kernel is compiled with file capabilities support enabled.
E/BluetoothAdapter(  384): Bluetooth binder is null
E/ActivityManager(  278): ANR in com.android.systemui
E/ActivityManager(  278): Reason: Executing service com.android.systemui/.ImageWallpaper
E/ActivityManager(  278): Load: 6.66 / 2.22 / 0.79
E/ActivityManager(  278): CPU usage from 0ms to 42814ms later:
E/ActivityManager(  278):   13% 278/system_server: 9.7% user + 3.5% kernel / faults: 1944 minor 2 major
E/ActivityManager(  278):   5.6% 36/surfaceflinger: 4% user + 1.5% kernel / faults: 207 minor
E/ActivityManager(  278):   1.9% 384/com.android.systemui: 1.5% user + 0.4% kernel / faults: 567 minor 1 major
E/ActivityManager(  278):   1.9% 426/com.android.phone: 1.2% user + 0.6% kernel / faults: 1366 minor 4 major
E/ActivityManager(  278):   0.3% 37/zygote: 0% user + 0.3% kernel / faults: 147 minor
E/ActivityManager(  278):   0.3% 46/adbd: 0% user + 0.3% kernel
E/ActivityManager(  278):   0.2% 276/logcat: 0% user + 0.1% kernel
E/ActivityManager(  278):   0.1% 437/com.android.settings: 0.1% user + 0% kernel / faults: 29 minor
E/ActivityManager(  278):   0% 39/mediaserver: 0% user + 0% kernel / faults: 8 minor
E/ActivityManager(  278):   0% 35/rild: 0% user + 0% kernel / faults: 8 minor
E/ActivityManager(  278):   0% 4/events/0: 0% user + 0% kernel
E/ActivityManager(  278):   0% 30/servicemanager: 0% user + 0% kernel / faults: 6 minor
E/ActivityManager(  278):  +0% 503/android.process.acore: 0% user + 0% kernel
E/ActivityManager(  278):  +0% 511/com.android.launcher: 0% user + 0% kernel
E/ActivityManager(  278):  +0% 541/<pre-initialized>: 0% user + 0% kernel
E/ActivityManager(  278): 99% TOTAL: 67% user + 30% kernel + 1% softirq
E/ActivityManager(  278): CPU usage from 40615ms to 42298ms later:
E/ActivityManager(  278):   26% 278/system_server: 17% user + 9.3% kernel / faults: 231 minor
E/ActivityManager(  278):     18% 295/ActivityManager: 7.2% user + 10% kernel
E/ActivityManager(  278):     11% 289/Binder_1: 8.8% user + 3.1% kernel
E/ActivityManager(  278):     7.2% 285/Compiler: 5.1% user + 2% kernel
E/ActivityManager(  278):     3.1% 499/Binder_7: 3.1% user + 0% kernel
E/ActivityManager(  278):     2% 294/WindowManager: 0% user + 2% kernel
E/ActivityManager(  278):     1.5% 292/er.ServerThread: 1.5% user + 0% kernel
E/ActivityManager(  278):     1.5% 494/Binder_5: 1.5% user + 0% kernel
E/ActivityManager(  278):     1% 457/Binder_3: 0% user + 1% kernel
E/ActivityManager(  278):     1% 525/Thread-76: 0% user + 1% kernel
E/ActivityManager(  278):     0.5% 290/Binder_2: 0.5% user + 0% kernel
E/ActivityManager(  278):     0.5% 312/InputReader: 0% user + 0.5% kernel
E/ActivityManager(  278):   5.2% 426/com.android.phone: 3.9% user + 1.3% kernel / faults: 23 minor
E/ActivityManager(  278):     4.6% 452/Binder_2: 4.6% user + 0% kernel
E/ActivityManager(  278):     3.9% 426/m.android.phone: 1.9% user + 1.9% kernel
E/ActivityManager(  278):     1.3% 434/Compiler: 1.3% user + 0% kernel
E/ActivityManager(  278):     0.6% 451/Binder_1: 0.6% user + 0% kernel
E/ActivityManager(  278):   4.3% 503/android.process.acore: 3.6% user + 0.7% kernel / faults: 111 minor
E/ActivityManager(  278):     6.5% 503/d.process.acore: 6.5% user + 0% kernel
E/ActivityManager(  278):     5.1% 540/PackageMonitor: 0% user + 5.1% kernel
E/ActivityManager(  278):     3.6% 539/ApplicationsPro: 3.6% user + 0% kernel
E/ActivityManager(  278):     0.7% 514/Compiler: 0.7% user + 0% kernel
E/ActivityManager(  278):   4.3% 511/com.android.launcher: 1.7% user + 2.5% kernel / faults: 84 minor
E/ActivityManager(  278):     8.6% 511/ndroid.launcher: 4.3% user + 4.3% kernel
E/ActivityManager(  278):     0.8% 522/Compiler: 0% user + 0.8% kernel
E/ActivityManager(  278):   2.3% 37/zygote: 0% user + 2.3% kernel / faults: 49 minor
E/ActivityManager(  278):     0.5% 37/zygote: 0.5% user + 0% kernel
E/ActivityManager(  278):    +0% 542/ReferenceQueueD: 0% user + 0% kernel
E/ActivityManager(  278):    +0% 543/FinalizerDaemon: 0% user + 0% kernel
E/ActivityManager(  278):    +0% 544/FinalizerWatchd: 0% user + 0% kernel
E/ActivityManager(  278):   1.7% 46/adbd: 0% user + 1.7% kernel
E/ActivityManager(  278):     1.7% 274/adbd: 0% user + 1.7% kernel
E/ActivityManager(  278):   2% 384/com.android.systemui: 1.3% user + 0.6% kernel / faults: 10 minor
E/ActivityManager(  278):     11% 384/ndroid.systemui: 8.6% user + 2.6% kernel
E/ActivityManager(  278):    +0% 553/SystemUI Storag: 0% user + 0% kernel
E/ActivityManager(  278):   0.5% 276/logcat: 0% user + 0.5% kernel
E/ActivityManager(  278):  +0% 541/com.android.music: 0% user + 0% kernel
E/ActivityManager(  278): 100% TOTAL: 60% user + 37% kernel + 2.4% softirq
W/ActivityManager(  278): Killing ProcessRecord{418ffe08 384:com.android.systemui/u0a10016}: background ANR
W/ActivityManager(  278): Timeout executing service: ServiceRecord{41db4a78 u0 com.android.phone/.TelephonyDebugService}
W/InputDispatcher(  278): channel '418f7b70 StatusBar (server)' ~ Consumer closed input channel or an error occurred.  events=0x9
E/InputDispatcher(  278): channel '418f7b70 StatusBar (server)' ~ Channel is unrecoverably broken and will be disposed!
E/ActivityManager(  278): Error reading /data/anr/traces.txt
E/ActivityManager(  278): java.io.FileNotFoundException: /data/anr/traces.txt: open failed: ENOENT (No such file or directory)
E/ActivityManager(  278): 	at libcore.io.IoBridge.open(IoBridge.java:409)
E/ActivityManager(  278): 	at java.io.FileInputStream.<init>(FileInputStream.java:78)
E/ActivityManager(  278): 	at android.os.FileUtils.readTextFile(FileUtils.java:152)
E/ActivityManager(  278): 	at com.android.server.am.ActivityManagerService$14.run(ActivityManagerService.java:8797)
E/ActivityManager(  278): Caused by: libcore.io.ErrnoException: open failed: ENOENT (No such file or directory)
E/ActivityManager(  278): 	at libcore.io.Posix.open(Native Method)
E/ActivityManager(  278): 	at libcore.io.BlockGuardOs.open(BlockGuardOs.java:110)
E/ActivityManager(  278): 	at libcore.io.IoBridge.open(IoBridge.java:393)
E/ActivityManager(  278): 	... 3 more
W/ActivityManager(  278): Scheduling restart of crashed service com.android.systemui/.ImageWallpaper in 0ms
W/ActivityManager(  278): Scheduling restart of crashed service com.android.systemui/.SystemUIService in 0ms
W/dalvikvm(  563): PR_CAPBSET_DROP 0 failed: Invalid argument. Please make sure your kernel is compiled with file capabilities support enabled.
W/dalvikvm(  563): PR_CAPBSET_DROP 1 failed: Invalid argument. Please make sure your kernel is compiled with file capabilities support enabled.
W/dalvikvm(  563): PR_CAPBSET_DROP 2 failed: Invalid argument. Please make sure your kernel is compiled with file capabilities support enabled.
W/dalvikvm(  563): PR_CAPBSET_DROP 3 failed: Invalid argument. Please make sure your kernel is compiled with file capabilities support enabled.
W/dalvikvm(  563): PR_CAPBSET_DROP 4 failed: Invalid argument. Please make sure your kernel is compiled with file capabilities support enabled.
W/dalvikvm(  563): PR_CAPBSET_DROP 5 failed: Invalid argument. Please make sure your kernel is compiled with file capabilities support enabled.
W/dalvikvm(  563): PR_CAPBSET_DROP 6 failed: Invalid argument. Please make sure your kernel is compiled with file capabilities support enabled.
W/dalvikvm(  563): PR_CAPBSET_DROP 7 failed: Invalid argument. Please make sure your kernel is compiled with file capabilities support enabled.
W/dalvikvm(  563): PR_CAPBSET_DROP 8 failed: Invalid argument. Please make sure your kernel is compiled with file capabilities support enabled.
W/dalvikvm(  563): PR_CAPBSET_DROP 9 failed: Invalid argument. Please make sure your kernel is compiled with file capabilities support enabled.
W/dalvikvm(  563): PR_CAPBSET_DROP 10 failed: Invalid argument. Please make sure your kernel is compiled with file capabilities support enabled.
W/dalvikvm(  563): PR_CAPBSET_DROP 11 failed: Invalid argument. Please make sure your kernel is compiled with file capabilities support enabled.
W/dalvikvm(  563): PR_CAPBSET_DROP 12 failed: Invalid argument. Please make sure your kernel is compiled with file capabilities support enabled.
W/dalvikvm(  563): PR_CAPBSET_DROP 13 failed: Invalid argument. Please make sure your kernel is compiled with file capabilities support enabled.
W/dalvikvm(  563): PR_CAPBSET_DROP 14 failed: Invalid argument. Please make sure your kernel is compiled with file capabilities support enabled.
W/dalvikvm(  563): PR_CAPBSET_DROP 15 failed: Invalid argument. Please make sure your kernel is compiled with file capabilities support enabled.
W/dalvikvm(  563): PR_CAPBSET_DROP 16 failed: Invalid argument. Please make sure your kernel is compiled with file capabilities support enabled.
W/dalvikvm(  563): PR_CAPBSET_DROP 17 failed: Invalid argument. Please make sure your kernel is compiled with file capabilities support enabled.
W/dalvikvm(  563): PR_CAPBSET_DROP 18 failed: Invalid argument. Please make sure your kernel is compiled with file capabilities support enabled.
W/dalvikvm(  563): PR_CAPBSET_DROP 19 failed: Invalid argument. Please make sure your kernel is compiled with file capabilities support enabled.
W/dalvikvm(  563): PR_CAPBSET_DROP 20 failed: Invalid argument. Please make sure your kernel is compiled with file capabilities support enabled.
W/dalvikvm(  563): PR_CAPBSET_DROP 21 failed: Invalid argument. Please make sure your kernel is compiled with file capabilities support enabled.
W/dalvikvm(  563): PR_CAPBSET_DROP 22 failed: Invalid argument. Please make sure your kernel is compiled with file capabilities support enabled.
W/dalvikvm(  563): PR_CAPBSET_DROP 23 failed: Invalid argument. Please make sure your kernel is compiled with file capabilities support enabled.
W/dalvikvm(  563): PR_CAPBSET_DROP 24 failed: Invalid argument. Please make sure your kernel is compiled with file capabilities support enabled.
W/dalvikvm(  563): PR_CAPBSET_DROP 25 failed: Invalid argument. Please make sure your kernel is compiled with file capabilities support enabled.
W/dalvikvm(  563): PR_CAPBSET_DROP 26 failed: Invalid argument. Please make sure your kernel is compiled with file capabilities support enabled.
W/dalvikvm(  563): PR_CAPBSET_DROP 27 failed: Invalid argument. Please make sure your kernel is compiled with file capabilities support enabled.
W/dalvikvm(  563): PR_CAPBSET_DROP 28 failed: Invalid argument. Please make sure your kernel is compiled with file capabilities support enabled.
W/dalvikvm(  563): PR_CAPBSET_DROP 29 failed: Invalid argument. Please make sure your kernel is compiled with file capabilities support enabled.
W/dalvikvm(  563): PR_CAPBSET_DROP 30 failed: Invalid argument. Please make sure your kernel is compiled with file capabilities support enabled.
W/dalvikvm(  563): PR_CAPBSET_DROP 31 failed: Invalid argument. Please make sure your kernel is compiled with file capabilities support enabled.
W/dalvikvm(  563): PR_CAPBSET_DROP 32 failed: Invalid argument. Please make sure your kernel is compiled with file capabilities support enabled.
W/dalvikvm(  563): PR_CAPBSET_DROP 33 failed: Invalid argument. Please make sure your kernel is compiled with file capabilities support enabled.
W/InputDispatcher(  278): Attempted to unregister already unregistered input channel '418f7b70 StatusBar (server)'
W/BroadcastQueue(  278): Failure sending broadcast Intent { act=android.media.RINGER_MODE_CHANGED flg=0x28000010 (has extras) }
W/BroadcastQueue(  278): android.os.DeadObjectException
W/BroadcastQueue(  278): 	at android.os.BinderProxy.transact(Native Method)
W/BroadcastQueue(  278): 	at android.content.IIntentReceiver$Stub$Proxy.performReceive(IIntentReceiver.java:124)
W/BroadcastQueue(  278): 	at com.android.server.am.BroadcastQueue.performReceiveLocked(BroadcastQueue.java:376)
W/BroadcastQueue(  278): 	at com.android.server.am.BroadcastQueue.deliverToRegisteredReceiverLocked(BroadcastQueue.java:449)
W/BroadcastQueue(  278): 	at com.android.server.am.BroadcastQueue.processNextBroadcast(BroadcastQueue.java:497)
W/BroadcastQueue(  278): 	at com.android.server.am.ActivityManagerService.finishReceiver(ActivityManagerService.java:12390)
W/BroadcastQueue(  278): 	at android.app.ActivityManagerNative.onTransact(ActivityManagerNative.java:379)
W/BroadcastQueue(  278): 	at com.android.server.am.ActivityManagerService.onTransact(ActivityManagerService.java:1737)
W/BroadcastQueue(  278): 	at android.os.Binder.execTransact(Binder.java:388)
W/BroadcastQueue(  278): 	at dalvik.system.NativeStart.run(Native Method)
W/BroadcastQueue(  278): Failure sending broadcast Intent { act=android.intent.action.SIM_STATE_CHANGED flg=0x20000010 (has extras) }
W/BroadcastQueue(  278): android.os.DeadObjectException
W/BroadcastQueue(  278): 	at android.os.BinderProxy.transact(Native Method)
W/BroadcastQueue(  278): 	at android.content.IIntentReceiver$Stub$Proxy.performReceive(IIntentReceiver.java:124)
W/BroadcastQueue(  278): 	at com.android.server.am.BroadcastQueue.performReceiveLocked(BroadcastQueue.java:376)
W/BroadcastQueue(  278): 	at com.android.server.am.BroadcastQueue.deliverToRegisteredReceiverLocked(BroadcastQueue.java:449)
W/BroadcastQueue(  278): 	at com.android.server.am.BroadcastQueue.processNextBroadcast(BroadcastQueue.java:497)
W/BroadcastQueue(  278): 	at com.android.server.am.ActivityManagerService.finishReceiver(ActivityManagerService.java:12390)
W/BroadcastQueue(  278): 	at android.app.ActivityManagerNative.onTransact(ActivityManagerNative.java:379)
W/BroadcastQueue(  278): 	at com.android.server.am.ActivityManagerService.onTransact(ActivityManagerService.java:1737)
W/BroadcastQueue(  278): 	at android.os.Binder.execTransact(Binder.java:388)
W/BroadcastQueue(  278): 	at dalvik.system.NativeStart.run(Native Method)
W/BroadcastQueue(  278): Failure sending broadcast Intent { act=android.intent.action.BATTERY_CHANGED flg=0x60000010 (has extras) }
W/BroadcastQueue(  278): android.os.DeadObjectException
W/BroadcastQueue(  278): 	at android.os.BinderProxy.transact(Native Method)
W/BroadcastQueue(  278): 	at android.content.IIntentReceiver$Stub$Proxy.performReceive(IIntentReceiver.java:124)
W/BroadcastQueue(  278): 	at com.android.server.am.BroadcastQueue.performReceiveLocked(BroadcastQueue.java:376)
W/BroadcastQueue(  278): 	at com.android.server.am.BroadcastQueue.deliverToRegisteredReceiverLocked(BroadcastQueue.java:449)
W/BroadcastQueue(  278): 	at com.android.server.am.BroadcastQueue.processNextBroadcast(BroadcastQueue.java:497)
W/BroadcastQueue(  278): 	at com.android.server.am.ActivityManagerService.finishReceiver(ActivityManagerService.java:12390)
W/BroadcastQueue(  278): 	at android.app.ActivityManagerNative.onTransact(ActivityManagerNative.java:379)
W/BroadcastQueue(  278): 	at com.android.server.am.ActivityManagerService.onTransact(ActivityManagerService.java:1737)
W/BroadcastQueue(  278): 	at android.os.Binder.execTransact(Binder.java:388)
W/BroadcastQueue(  278): 	at dalvik.system.NativeStart.run(Native Method)
W/dalvikvm(  577): PR_CAPBSET_DROP 0 failed: Invalid argument. Please make sure your kernel is compiled with file capabilities support enabled.
W/dalvikvm(  577): PR_CAPBSET_DROP 1 failed: Invalid argument. Please make sure your kernel is compiled with file capabilities support enabled.
W/dalvikvm(  577): PR_CAPBSET_DROP 2 failed: Invalid argument. Please make sure your kernel is compiled with file capabilities support enabled.
W/dalvikvm(  577): PR_CAPBSET_DROP 3 failed: Invalid argument. Please make sure your kernel is compiled with file capabilities support enabled.
W/dalvikvm(  577): PR_CAPBSET_DROP 4 failed: Invalid argument. Please make sure your kernel is compiled with file capabilities support enabled.
W/dalvikvm(  577): PR_CAPBSET_DROP 5 failed: Invalid argument. Please make sure your kernel is compiled with file capabilities support enabled.
W/dalvikvm(  577): PR_CAPBSET_DROP 6 failed: Invalid argument. Please make sure your kernel is compiled with file capabilities support enabled.
W/dalvikvm(  577): PR_CAPBSET_DROP 7 failed: Invalid argument. Please make sure your kernel is compiled with file capabilities support enabled.
W/dalvikvm(  577): PR_CAPBSET_DROP 8 failed: Invalid argument. Please make sure your kernel is compiled with file capabilities support enabled.
W/dalvikvm(  577): PR_CAPBSET_DROP 9 failed: Invalid argument. Please make sure your kernel is compiled with file capabilities support enabled.
W/dalvikvm(  577): PR_CAPBSET_DROP 10 failed: Invalid argument. Please make sure your kernel is compiled with file capabilities support enabled.
W/dalvikvm(  577): PR_CAPBSET_DROP 11 failed: Invalid argument. Please make sure your kernel is compiled with file capabilities support enabled.
W/dalvikvm(  577): PR_CAPBSET_DROP 12 failed: Invalid argument. Please make sure your kernel is compiled with file capabilities support enabled.
W/dalvikvm(  577): PR_CAPBSET_DROP 13 failed: Invalid argument. Please make sure your kernel is compiled with file capabilities support enabled.
W/dalvikvm(  577): PR_CAPBSET_DROP 14 failed: Invalid argument. Please make sure your kernel is compiled with file capabilities support enabled.
W/dalvikvm(  577): PR_CAPBSET_DROP 15 failed: Invalid argument. Please make sure your kernel is compiled with file capabilities support enabled.
