--------- beginning of /dev/log/main
E/logwrapper(   39): executing /system/bin/e2fsck failed: No such file or directory
E/logwrapper(   45): executing /system/bin/e2fsck failed: No such file or directory
E/cutils  (   59): Failed to read /data/.layout_version: No such file or directory
--------- beginning of /dev/log/system
W/InterfaceController(   52): Warning (dlopen failed: library "/system/lib/libnetcmdiface.so" not found) while opening the net interface command library
E/SurfaceFlinger(   55): hwcomposer module not found
W/SurfaceFlinger(   55): getting VSYNC period from fb HAL: 1536001
W/SurfaceFlinger(   55): no suitable EGLConfig found, trying a simpler query
W/SurfaceFlinger(   55): EGL_SLOW_CONFIG selected!
W/SurfaceFlinger(   55): power module not found
W/SurfaceFlinger(   55): power module not found
E/SurfaceFlinger(   55): ro.sf.lcd_density must be defined as a build property
W/AudioFlinger(   58): Thread AudioOut_2 cannot connect to the power manager service
E/AudioFlinger(   58): int android::load_audio_interface(const char*, audio_hw_device_t**) couldn't load audio hw module audio.r_submix (No such file or directory)
W/AudioPolicyManagerBase(   58): could not open HW module r_submix
E/memtrack(   56): Couldn't load memtrack module (No such file or directory)
E/android.os.Debug(   56): failed to load memtrack module: -2
W/dalvikvm(   56): Exception Ljava/lang/UnsatisfiedLinkError; thrown while initializing Landroid/media/videoeditor/MediaArtistNativeHelper;
W/Zygote  (   56): Class not found for preloading: android.media.videoeditor.MediaArtistNativeHelper
E/EmojiFactory_jni(   56): Failed to load libemoji.so: dlopen failed: library "libemoji.so" not found
W/Zygote  (   56): Class not found for preloading: java.lang.UnsafeByteSequence
E/logwrapper(  298): executing /system/bin/ip failed: No such file or directory
E/logwrapper(  299): executing /system/bin/ip failed: No such file or directory
E/logwrapper(  300): executing /system/bin/ip failed: No such file or directory
E/logwrapper(  301): executing /system/bin/ip failed: No such file or directory
E/logwrapper(  302): executing /system/bin/ip failed: No such file or directory
E/logwrapper(  303): executing /system/bin/ip failed: No such file or directory
E/logwrapper(  304): executing /system/bin/ip failed: No such file or directory
E/PowerManagerService-JNI(  381): Couldn't load power module (No such file or directory)
E/SurfaceFlinger(   55): ro.sf.lcd_density must be defined as a build property
W/FileUtils(  381): Failed to chmod(/data/system/packages.list): libcore.io.ErrnoException: chmod failed: ENOENT (No such file or directory)
W/PackageManager(  381): Running ENG build: no pre-dexopt!
W/PackageParser(  381): No actions in intent filter at /system/priv-app/Contacts.apk Binary XML file line #375
W/PackageParser(  381): No actions in intent filter at /system/priv-app/Dialer.apk Binary XML file line #162
W/ResourceType(  381): Failure getting entry for 0x7f050000 (t=4 e=0) in package 0 (error -75)
W/PackageParser(  381): No actions in intent filter at /data/app/ApiDemos.apk Binary XML file line #2899
W/PackageParser(  381): No actions in intent filter at /data/app/ApiDemos.apk Binary XML file line #2905
E/memtrack(  434): Couldn't load memtrack module (No such file or directory)
E/android.os.Debug(  434): failed to load memtrack module: -2
E/memtrack(  450): Couldn't load memtrack module (No such file or directory)
E/android.os.Debug(  450): failed to load memtrack module: -2
W/PackageManager(  381): Package com.example.android.apis desires unavailable shared library com.example.will.never.exist; ignoring!
W/PackageManager(  381): Package com.example.android.apis desires unavailable shared library com.example.will.never.exist; ignoring!
W/PackageManager(  381): Package com.android.camera desires unavailable shared library com.google.android.media.effects; ignoring!
W/PackageManager(  381): Not granting permission android.permission.GLOBAL_SEARCH to package com.android.quicksearchbox (protectionLevel=18 flags=0x8be45)
W/PackageManager(  381): Unknown permission com.android.smspush.WAPPUSH_MANAGER_BIND in package com.android.phone
W/PackageManager(  381): Unknown permission com.google.android.googleapps.permission.GOOGLE_AUTH in package com.android.providers.calendar
W/PackageManager(  381): Unknown permission com.google.android.googleapps.permission.GOOGLE_AUTH.cl in package com.android.providers.calendar
W/PackageManager(  381): Unknown permission com.google.android.googleapps.permission.GOOGLE_AUTH.mail in package com.android.calendar
W/PackageManager(  381): Not granting permission android.permission.ACCESS_DOWNLOAD_MANAGER to package com.android.browser (protectionLevel=18 flags=0x9be45)
W/PackageManager(  381): Not granting permission android.permission.SEND_DOWNLOAD_COMPLETED_INTENTS to package com.android.browser (protectionLevel=2 flags=0x9be45)
W/PackageManager(  381): Not granting permission android.permission.BIND_APPWIDGET to package com.android.widgetpreview (protectionLevel=18 flags=0x8be44)
W/PackageManager(  381): Unknown permission android.permission.INSTALL_DRM in package com.android.mms
W/PackageManager(  381): Unknown permission com.google.android.googleapps.permission.GOOGLE_AUTH in package com.android.settings
W/PackageManager(  381): Unknown permission com.google.android.googleapps.permission.ACCESS_GOOGLE_PASSWORD in package com.android.development
W/PackageManager(  381): Unknown permission com.google.android.googleapps.permission.GOOGLE_AUTH in package com.android.development
W/PackageManager(  381): Unknown permission com.google.android.googleapps.permission.GOOGLE_AUTH.ALL_SERVICES in package com.android.development
W/PackageManager(  381): Unknown permission com.google.android.googleapps.permission.GOOGLE_AUTH.YouTubeUser in package com.android.development
W/PackageManager(  381): Not granting permission android.permission.DELETE_PACKAGES to package com.svox.pico (protectionLevel=18 flags=0x8be45)
W/PackageManager(  381): Not granting permission android.permission.DEVICE_POWER to package com.android.deskclock (protectionLevel=2 flags=0x48be45)
W/EntropyMixer(  381): No existing entropy file -- first boot?
W/SyncManagerFile(  381): Error reading pending data.
W/SyncManagerFile(  381): java.io.FileNotFoundException: /data/system/sync/pending.xml: open failed: ENOENT (No such file or directory)
W/SyncManagerFile(  381): 	at libcore.io.IoBridge.open(IoBridge.java:409)
W/SyncManagerFile(  381): 	at java.io.FileInputStream.<init>(FileInputStream.java:78)
W/SyncManagerFile(  381): 	at android.util.AtomicFile.openRead(AtomicFile.java:199)
W/SyncManagerFile(  381): 	at com.android.server.content.SyncStorageEngine.readPendingOperationsLocked(SyncStorageEngine.java:2286)
W/SyncManagerFile(  381): 	at com.android.server.content.SyncStorageEngine.<init>(SyncStorageEngine.java:434)
W/SyncManagerFile(  381): 	at com.android.server.content.SyncStorageEngine.init(SyncStorageEngine.java:454)
W/SyncManagerFile(  381): 	at com.android.server.content.SyncManager.<init>(SyncManager.java:383)
W/SyncManagerFile(  381): 	at com.android.server.content.ContentService.getSyncManager(ContentService.java:75)
W/SyncManagerFile(  381): 	at com.android.server.content.ContentService.notifyChange(ContentService.java:283)
W/SyncManagerFile(  381): 	at android.content.ContentResolver.notifyChange(ContentResolver.java:1621)
W/SyncManagerFile(  381): 	at com.android.providers.settings.SettingsProvider.sendNotify(SettingsProvider.java:262)
W/SyncManagerFile(  381): 	at com.android.providers.settings.SettingsProvider.insertForUser(SettingsProvider.java:941)
W/SyncManagerFile(  381): 	at com.android.providers.settings.SettingsProvider.ensureAndroidIdIsSet(SettingsProvider.java:496)
W/SyncManagerFile(  381): 	at com.android.providers.settings.SettingsProvider.establishDbTracking(SettingsProvider.java:409)
W/SyncManagerFile(  381): 	at com.android.providers.settings.SettingsProvider.onCreate(SettingsProvider.java:335)
W/SyncManagerFile(  381): 	at android.content.ContentProvider.attachInfo(ContentProvider.java:1591)
W/SyncManagerFile(  381): 	at android.content.ContentProvider.attachInfo(ContentProvider.java:1562)
W/SyncManagerFile(  381): 	at android.app.ActivityThread.installProvider(ActivityThread.java:4790)
W/SyncManagerFile(  381): 	at android.app.ActivityThread.installContentProviders(ActivityThread.java:4385)
W/SyncManagerFile(  381): 	at android.app.ActivityThread.installSystemProviders(ActivityThread.java:4945)
W/SyncManagerFile(  381): 	at com.android.server.am.ActivityManagerService.installSystemProviders(ActivityManagerService.java:8081)
W/SyncManagerFile(  381): 	at com.android.server.ServerThread.initAndLoop(SystemServer.java:275)
W/SyncManagerFile(  381): 	at com.android.server.SystemServer.main(SystemServer.java:1179)
W/SyncManagerFile(  381): 	at java.lang.reflect.Method.invokeNative(Native Method)
W/SyncManagerFile(  381): 	at java.lang.reflect.Method.invoke(Method.java:515)
W/SyncManagerFile(  381): 	at com.android.internal.os.ZygoteInit$MethodAndArgsCaller.run(ZygoteInit.java:779)
W/SyncManagerFile(  381): 	at com.android.internal.os.ZygoteInit.main(ZygoteInit.java:595)
W/SyncManagerFile(  381): 	at dalvik.system.NativeStart.main(Native Method)
W/SyncManagerFile(  381): Caused by: libcore.io.ErrnoException: open failed: ENOENT (No such file or directory)
W/SyncManagerFile(  381): 	at libcore.io.Posix.open(Native Method)
W/SyncManagerFile(  381): 	at libcore.io.BlockGuardOs.open(BlockGuardOs.java:110)
W/SyncManagerFile(  381): 	at libcore.io.IoBridge.open(IoBridge.java:393)
W/SyncManagerFile(  381): 	... 27 more
E/ConsumerIrService(  381): Can't open consumer IR HW Module, error: -2
W/libsuspend(  381): Error writing 'on' to /sys/power/state: Invalid argument
E/libsuspend(  381): Error opening /sys/power/autosleep: No such file or directory
E/EventHub(  381): could not get driver version for /dev/input/mouse0, Not a typewriter
W/EventHub(  381): Unable to disable kernel key repeat for /dev/input/event0: Function not implemented
E/EventHub(  381): could not get driver version for /dev/input/mice, Not a typewriter
W/InputMethodManagerService(  381): No IME selected. Choose the most applicable IME.
W/MountService(  381): getSecureContainerList() called when storage not mounted
W/PackageManager(  381): Not granting permission android.permission.GLOBAL_SEARCH to package com.android.quicksearchbox (protectionLevel=18 flags=0x8be45)
W/PackageManager(  381): Unknown permission com.android.smspush.WAPPUSH_MANAGER_BIND in package com.android.phone
W/PackageManager(  381): Unknown permission com.google.android.googleapps.permission.GOOGLE_AUTH in package com.android.providers.calendar
W/PackageManager(  381): Unknown permission com.google.android.googleapps.permission.GOOGLE_AUTH.cl in package com.android.providers.calendar
W/PackageManager(  381): Unknown permission com.google.android.googleapps.permission.GOOGLE_AUTH.mail in package com.android.calendar
W/PackageManager(  381): Not granting permission android.permission.ACCESS_DOWNLOAD_MANAGER to package com.android.browser (protectionLevel=18 flags=0x9be45)
W/PackageManager(  381): Not granting permission android.permission.SEND_DOWNLOAD_COMPLETED_INTENTS to package com.android.browser (protectionLevel=2 flags=0x9be45)
W/PackageManager(  381): Not granting permission android.permission.BIND_APPWIDGET to package com.android.widgetpreview (protectionLevel=18 flags=0x8be44)
W/PackageManager(  381): Unknown permission android.permission.INSTALL_DRM in package com.android.mms
W/PackageManager(  381): Unknown permission com.google.android.googleapps.permission.GOOGLE_AUTH in package com.android.settings
W/PackageManager(  381): Unknown permission com.google.android.googleapps.permission.ACCESS_GOOGLE_PASSWORD in package com.android.development
W/PackageManager(  381): Unknown permission com.google.android.googleapps.permission.GOOGLE_AUTH in package com.android.development
W/PackageManager(  381): Unknown permission com.google.android.googleapps.permission.GOOGLE_AUTH.ALL_SERVICES in package com.android.development
W/PackageManager(  381): Unknown permission com.google.android.googleapps.permission.GOOGLE_AUTH.YouTubeUser in package com.android.development
W/PackageManager(  381): Not granting permission android.permission.DELETE_PACKAGES to package com.svox.pico (protectionLevel=18 flags=0x8be45)
W/PackageManager(  381): Not granting permission android.permission.DEVICE_POWER to package com.android.deskclock (protectionLevel=2 flags=0x48be45)
E/MobileDataStateTracker(  381): default: Ignoring feature request because could not acquire PhoneService
E/MobileDataStateTracker(  381): default: Could not enable APN type "default"
W/WallpaperService(  381): no current wallpaper -- first boot?
W/DockObserver(  381): This kernel does not have dock station support
W/WiredAccessoryManager(  381): This kernel does not have wired headset support
W/WiredAccessoryManager(  381): This kernel does not have usb audio support
W/WiredAccessoryManager(  381): This kernel does not have HDMI audio support
E/SQLiteLog(  381): (1) no such table: locksettings
W/AssetAtlasService(  381): Could not find EGL configuration
W/InputMethodManagerService(  381): Focus gain on non-focused client android.view.inputmethod.InputMethodManager$1@b2dc62e8 (uid=1000 pid=381)
E/memtrack(  500): Couldn't load memtrack module (No such file or directory)
E/android.os.Debug(  500): failed to load memtrack module: -2
E/SoundPool(  503): error loading /system/media/audio/ui/Lock.ogg
W/KeyguardViewMediator(  503): failed to load lock sound from /system/media/audio/ui/Lock.ogg
E/SoundPool(  503): error loading /system/media/audio/ui/Unlock.ogg
W/KeyguardViewMediator(  503): failed to load unlock sound from /system/media/audio/ui/Unlock.ogg
W/ActivityManager(  381): Can't find mystery application for StrictMode from pid=562 uid=10005: android.os.BinderProxy@b362c238
E/BluetoothAdapter(  503): Bluetooth binder is null
E/BluetoothAdapter(  503): Bluetooth binder is null
E/BluetoothAdapter(  503): Bluetooth binder is null
E/NetdConnector(  381): NDC Command {1 bandwidth enable} took too long (1879ms)
E/BluetoothAdapter(  503): Bluetooth binder is null
E/BluetoothAdapter(  503): Bluetooth binder is null
E/NetdConnector(  381): NDC Command {5 firewall disable} took too long (559ms)
W/RecognitionManagerService(  381): no available voice recognition services found for user 0
W/AppWidgetServiceImpl(  381): Failed to read state: java.io.FileNotFoundException: /data/system/users/0/appwidgets.xml: open failed: ENOENT (No such file or directory)
W/InputMethodManagerService(  381): Ignoring setImeWindowStatus of uid 1000 token: null
W/InputMethodUtils(  381): Found no subtypes in a system IME: com.android.inputmethod.pinyin
W/InputMethodManagerService(  381): Reset the default IME as "Resource" is ready here.
W/InputMethodUtils(  381): Found no subtypes in a system IME: com.android.inputmethod.pinyin
W/InputMethodManagerService(  381): Illegal subtype state: old subtype = null, new subtype = android.view.inputmethod.InputMethodSubtype@c9194f98
W/GpsLocationProvider(  381): Could not open GPS configuration file /etc/gps.conf
W/ServiceWatcher(  381): com.google.android.location not found
W/ServiceWatcher(  381): com.google.android.location not found
W/ServiceWatcher(  381): com.google.android.location not found
W/LocationManagerService(  381): no network location provider found
W/ServiceWatcher(  381): com.google.android.location not found
E/FlpHardwareProvider(  381): Error hw_get_module 'flp': -2
E/LocationManagerService(  381): no geocoder provider found
W/ServiceWatcher(  381): com.google.android.location not found
E/FlpHardwareProvider(  381): Error hw_get_module 'flp': -2
W/ServiceWatcher(  381): com.google.android.location not found
E/LocationManagerService(  381): No FusedProvider found.
E/LocationManagerService(  381): no geofence provider found
E/BluetoothAdapter(  673): Bluetooth binder is null
W/ActivityManager(  381): Activity pause timeout for ActivityRecord{b2dfe490 u0 com.android.settings/.CryptKeeper t1 f}
W/InputAttributes(  644): No editor info for this field. Bug?
W/BackupManagerService(  381): dataChanged but no participant pkg='com.android.providers.settings' uid=1001
E/BluetoothAdapter(  661): Bluetooth binder is null
E/BluetoothAdapter(  661): Bluetooth binder is null
W/ActivityManager(  381): Launch timeout has expired, giving up wake lock!
E/BluetoothAdapter(  661): Bluetooth binder is null
W/Resources(  745): Converting to int: TypedValue{t=0x3/d=0x12 "4" a=-1}
W/Resources(  745): Converting to int: TypedValue{t=0x3/d=0xf "1" a=-1}
W/Resources(  745): Converting to int: TypedValue{t=0x3/d=0x15 "2" a=-1}
W/Resources(  745): Converting to int: TypedValue{t=0x3/d=0x15 "2" a=-1}
W/Launcher.LauncherProvider(  745): Unable to add favorite: com.android.camera2/com.android.camera.CameraLauncher
W/Launcher.LauncherProvider(  745): android.content.pm.PackageManager$NameNotFoundException: ComponentInfo{com.android.camera2/com.android.camera.CameraLauncher}
W/Launcher.LauncherProvider(  745): 	at android.app.ApplicationPackageManager.getActivityInfo(ApplicationPackageManager.java:242)
W/Launcher.LauncherProvider(  745): 	at com.android.launcher2.LauncherProvider$DatabaseHelper.addAppShortcut(LauncherProvider.java:939)
W/Launcher.LauncherProvider(  745): 	at com.android.launcher2.LauncherProvider$DatabaseHelper.loadFavorites(LauncherProvider.java:843)
W/Launcher.LauncherProvider(  745): 	at com.android.launcher2.LauncherProvider$DatabaseHelper.access$000(LauncherProvider.java:233)
W/Launcher.LauncherProvider(  745): 	at com.android.launcher2.LauncherProvider.loadDefaultFavoritesIfNecessary(LauncherProvider.java:228)
W/Launcher.LauncherProvider(  745): 	at com.android.launcher2.LauncherModel$LoaderTask.loadWorkspace(LauncherModel.java:1263)
W/Launcher.LauncherProvider(  745): 	at com.android.launcher2.LauncherModel$LoaderTask.loadAndBindWorkspace(LauncherModel.java:1005)
W/Launcher.LauncherProvider(  745): 	at com.android.launcher2.LauncherModel$LoaderTask.run(LauncherModel.java:1111)
W/Launcher.LauncherProvider(  745): 	at android.os.Handler.handleCallback(Handler.java:733)
W/Launcher.LauncherProvider(  745): 	at android.os.Handler.dispatchMessage(Handler.java:95)
W/Launcher.LauncherProvider(  745): 	at android.os.Looper.loop(Looper.java:136)
W/Launcher.LauncherProvider(  745): 	at android.os.HandlerThread.run(HandlerThread.java:61)
W/Launcher.LauncherProvider(  745): Unable to add favorite: com.android.gallery3d/com.android.gallery3d.app.Gallery
W/Launcher.LauncherProvider(  745): android.content.pm.PackageManager$NameNotFoundException: ComponentInfo{com.android.gallery3d/com.android.gallery3d.app.Gallery}
W/Launcher.LauncherProvider(  745): 	at android.app.ApplicationPackageManager.getActivityInfo(ApplicationPackageManager.java:242)
W/Launcher.LauncherProvider(  745): 	at com.android.launcher2.LauncherProvider$DatabaseHelper.addAppShortcut(LauncherProvider.java:939)
W/Launcher.LauncherProvider(  745): 	at com.android.launcher2.LauncherProvider$DatabaseHelper.loadFavorites(LauncherProvider.java:843)
W/Launcher.LauncherProvider(  745): 	at com.android.launcher2.LauncherProvider$DatabaseHelper.access$000(LauncherProvider.java:233)
W/Launcher.LauncherProvider(  745): 	at com.android.launcher2.LauncherProvider.loadDefaultFavoritesIfNecessary(LauncherProvider.java:228)
W/Launcher.LauncherProvider(  745): 	at com.android.launcher2.LauncherModel$LoaderTask.loadWorkspace(LauncherModel.java:1263)
W/Launcher.LauncherProvider(  745): 	at com.android.launcher2.LauncherModel$LoaderTask.loadAndBindWorkspace(LauncherModel.java:1005)
W/Launcher.LauncherProvider(  745): 	at com.android.launcher2.LauncherModel$LoaderTask.run(LauncherModel.java:1111)
W/Launcher.LauncherProvider(  745): 	at android.os.Handler.handleCallback(Handler.java:733)
W/Launcher.LauncherProvider(  745): 	at android.os.Handler.dispatchMessage(Handler.java:95)
W/Launcher.LauncherProvider(  745): 	at android.os.Looper.loop(Looper.java:136)
W/Launcher.LauncherProvider(  745): 	at android.os.HandlerThread.run(HandlerThread.java:61)
E/SurfaceFlinger(   55): glCheckFramebufferStatusOES error -1115385043
E/SurfaceFlinger(   55): got GL_FRAMEBUFFER_COMPLETE_OES error while taking screenshot
E/BluetoothAdapter(  673): Bluetooth binder is null
W/WindowManager(  381): App freeze timeout expired.
W/WindowManager(  381): Force clearing freeze: AppWindowToken{b370aad8 token=Token{b3709a00 ActivityRecord{b37098a0 u0 com.android.launcher/com.android.launcher2.Launcher t3}}}
E/NetdConnector(  381): NDC Command {12 bandwidth setiquota eth0 9223372036854775807} took too long (1060ms)
E/NetdConnector(  381): NDC Command {13 bandwidth removeiquota eth0} took too long (594ms)
E/BluetoothAdapter(  673): Bluetooth binder is null
E/NetdConnector(  381): NDC Command {14 bandwidth setiquota eth0 9223372036854775807} took too long (1286ms)
E/ConnectivityService(  381): startUsingNetworkFeature took too long: 4878ms
W/ActivityManager(  381): Unable to start service Intent { cmp=com.android.email/.service.AttachmentDownloadService } U=0: not found
E/logwrapper(  946): executing /system/bin/ip failed: No such file or directory
E/ConnectivityService(  381): Exception trying to add a route: java.lang.IllegalStateException: command '21 interface fwmark exempt add 10.0.2.2/32' failed with '400 21 Failed to add exemption rule (File exists)'
E/logwrapper(  948): executing /system/bin/ip failed: No such file or directory
E/ConnectivityService(  381): Exception trying to add a route: java.lang.IllegalStateException: command '23 interface fwmark exempt add 10.0.2.3/32' failed with '400 23 Failed to add exemption rule (File exists)'
E/logwrapper(  949): executing /system/bin/ip failed: No such file or directory
E/SecondaryTablController(   52): ip route add failed: /system/bin/ip route add 10.0.2.2/32 via 0.0.0.0 dev eth0 table 60
W/FrameworkListener(   52): Handler 'interface' error (No such device)
E/ConnectivityService(  381): Exception trying to add a route: java.lang.IllegalStateException: command '24 interface route add eth0 secondary 10.0.2.2 32 0.0.0.0' failed with '400 24 ip route modification failed (No such device)'
E/logwrapper(  950): executing /system/bin/ip failed: No such file or directory
E/SecondaryTablController(   52): ip route add failed: /system/bin/ip route add 0.0.0.0/0 via 10.0.2.2 dev eth0 table 60
W/FrameworkListener(   52): Handler 'interface' error (No such device)
E/ConnectivityService(  381): Exception trying to add a route: java.lang.IllegalStateException: command '25 interface route add eth0 secondary 0.0.0.0 0 10.0.2.2' failed with '400 25 ip route modification failed (No such device)'
W/NetworkPolicy(  381): shared quota unsupported; generating rule for each iface
E/NetdConnector(  381): NDC Command {26 bandwidth removeiquota eth0} took too long (664ms)
E/NetdConnector(  381): NDC Command {27 bandwidth gettetherstats} took too long (792ms)
W/ActivityManager(  381): No content provider found for permission revoke: file:///data/local/tmp/chariba-debug.apk
E/NetdConnector(  381): NDC Command {29 bandwidth setiquota eth0 9223372036854775807} took too long (1419ms)
E/logwrapper(  978): executing /system/bin/ip failed: No such file or directory
E/NetdConnector(  381): NDC Command {30 interface fwmark exempt add 10.0.2.2/32} took too long (1380ms)
E/ConnectivityService(  381): Exception trying to add a route: java.lang.IllegalStateException: command '30 interface fwmark exempt add 10.0.2.2/32' failed with '400 30 Failed to add exemption rule (File exists)'
W/ActivityManager(  381): No content provider found for permission revoke: file:///data/local/tmp/chariba-debug.apk
E/NetdConnector(  381): NDC Command {31 bandwidth removeiquota eth0} took too long (874ms)
E/NetdConnector(  381): NDC Command {32 interface route add eth0 default 74.125.228.105 32 10.0.2.2} took too long (905ms)
E/NetdConnector(  381): NDC Command {33 bandwidth setiquota eth0 9223372036854775807} took too long (1377ms)
E/logwrapper( 1007): executing /system/bin/ip failed: No such file or directory
E/NetdConnector(  381): NDC Command {34 interface fwmark exempt add 74.125.228.105/32} took too long (1313ms)
E/ConnectivityService(  381): Exception trying to add a route: java.lang.IllegalStateException: command '34 interface fwmark exempt add 74.125.228.105/32' failed with '400 34 Failed to add exemption rule (File exists)'
E/logwrapper( 1023): executing /system/bin/ip failed: No such file or directory
E/ConnectivityService(  381): Exception trying to add a route: java.lang.IllegalStateException: command '37 interface fwmark exempt add 10.0.2.2/32' failed with '400 37 Failed to add exemption rule (File exists)'
E/logwrapper( 1025): executing /system/bin/ip failed: No such file or directory
E/ConnectivityService(  381): Exception trying to add a route: java.lang.IllegalStateException: command '39 interface fwmark exempt add 74.125.228.98/32' failed with '400 39 Failed to add exemption rule (File exists)'
W/dalvikvm( 1021): method Landroid/support/v7/internal/widget/ListViewCompat;.lookForSelectablePosition incorrectly overrides package-private method with same name in Landroid/widget/ListView;
E/logwrapper( 1027): executing /system/bin/ip failed: No such file or directory
E/ConnectivityService(  381): Exception trying to add a route: java.lang.IllegalStateException: command '41 interface fwmark exempt add 10.0.2.2/32' failed with '400 41 Failed to add exemption rule (File exists)'
E/logwrapper( 1029): executing /system/bin/ip failed: No such file or directory
E/ConnectivityService(  381): Exception trying to add a route: java.lang.IllegalStateException: command '43 interface fwmark exempt add 74.125.228.99/32' failed with '400 43 Failed to add exemption rule (File exists)'
W/PackageManager(  381): Unknown permission com.google.android.providers.gsf.permission.READ_GSERVICES in package com.github.ay65535.chariba
E/logwrapper( 1031): executing /system/bin/ip failed: No such file or directory
E/ConnectivityService(  381): Exception trying to add a route: java.lang.IllegalStateException: command '45 interface fwmark exempt add 10.0.2.2/32' failed with '400 45 Failed to add exemption rule (File exists)'
E/logwrapper( 1033): executing /system/bin/ip failed: No such file or directory
E/ConnectivityService(  381): Exception trying to add a route: java.lang.IllegalStateException: command '47 interface fwmark exempt add 74.125.228.98/32' failed with '400 47 Failed to add exemption rule (File exists)'
E/logwrapper( 1037): executing /system/bin/ip failed: No such file or directory
E/SecondaryTablController(   52): ip route del failed: /system/bin/ip route del 10.0.2.2/32 via 0.0.0.0 dev eth0 table 60
W/FrameworkListener(   52): Handler 'interface' error (No such device)
E/logwrapper( 1038): executing /system/bin/ip failed: No such file or directory
E/SecondaryTablController(   52): ip route del failed: /system/bin/ip route del 0.0.0.0/0 via 10.0.2.2 dev eth0 table 60
W/FrameworkListener(   52): Handler 'interface' error (No such device)
E/NetdConnector(  381): NDC Command {53 bandwidth removeiquota eth0} took too long (1687ms)
E/NetdConnector(  381): NDC Command {55 bandwidth gettetherstats} took too long (1305ms)
W/RecognitionManagerService(  381): no available voice recognition services found for user 0
E/NetdConnector(  381): NDC Command {56 bandwidth setiquota eth0 9223372036854775807} took too long (2254ms)
E/NetdConnector(  381): NDC Command {57 bandwidth removeiquota eth0} took too long (789ms)
W/ProcessCpuTracker(  381): Skipping unknown process pid 1087
E/memtrack( 1050): Couldn't load memtrack module (No such file or directory)
E/android.os.Debug( 1050): failed to load memtrack module: -2
E/BluetoothAdapter(  381): Bluetooth binder is null
E/BluetoothAdapter(  381): Bluetooth binder is null
E/SoundPool(  381): error loading /system/media/audio/ui/Effect_Tick.ogg
W/AudioService(  381): Soundpool could not load file: /system/media/audio/ui/Effect_Tick.ogg
E/SoundPool(  381): error loading /system/media/audio/ui/Effect_Tick.ogg
W/AudioService(  381): Soundpool could not load file: /system/media/audio/ui/Effect_Tick.ogg
E/SoundPool(  381): error loading /system/media/audio/ui/Effect_Tic