--------- beginning of /dev/log/main
E/logwrapper(   39): executing /system/bin/e2fsck failed: No such file or directory
E/logwrapper(   46): executing /system/bin/e2fsck failed: No such file or directory
E/cutils  (   60): Failed to read /data/.layout_version: No such file or directory
--------- beginning of /dev/log/system
W/InterfaceController(   53): Warning (dlopen failed: library "/system/lib/libnetcmdiface.so" not found) while opening the net interface command library
E/SurfaceFlinger(   56): hwcomposer module not found
W/SurfaceFlinger(   56): getting VSYNC period from fb HAL: 1536001
W/SurfaceFlinger(   56): no suitable EGLConfig found, trying a simpler query
W/SurfaceFlinger(   56): EGL_SLOW_CONFIG selected!
W/SurfaceFlinger(   56): power module not found
W/SurfaceFlinger(   56): power module not found
E/SurfaceFlinger(   56): ro.sf.lcd_density must be defined as a build property
W/AudioFlinger(   59): Thread AudioOut_2 cannot connect to the power manager service
E/AudioFlinger(   59): int android::load_audio_interface(const char*, audio_hw_device_t**) couldn't load audio hw module audio.r_submix (No such file or directory)
W/AudioPolicyManagerBase(   59): could not open HW module r_submix
E/memtrack(   57): Couldn't load memtrack module (No such file or directory)
E/android.os.Debug(   57): failed to load memtrack module: -2
W/dalvikvm(   57): Exception Ljava/lang/UnsatisfiedLinkError; thrown while initializing Landroid/media/videoeditor/MediaArtistNativeHelper;
W/Zygote  (   57): Class not found for preloading: android.media.videoeditor.MediaArtistNativeHelper
E/EmojiFactory_jni(   57): Failed to load libemoji.so: dlopen failed: library "libemoji.so" not found
W/Zygote  (   57): Class not found for preloading: java.lang.UnsafeByteSequence
E/logwrapper(  297): executing /system/bin/ip failed: No such file or directory
E/logwrapper(  298): executing /system/bin/ip failed: No such file or directory
E/logwrapper(  299): executing /system/bin/ip failed: No such file or directory
E/logwrapper(  300): executing /system/bin/ip failed: No such file or directory
E/logwrapper(  301): executing /system/bin/ip failed: No such file or directory
E/logwrapper(  302): executing /system/bin/ip failed: No such file or directory
E/logwrapper(  303): executing /system/bin/ip failed: No such file or directory
E/PowerManagerService-JNI(  378): Couldn't load power module (No such file or directory)
E/SurfaceFlinger(   56): ro.sf.lcd_density must be defined as a build property
W/FileUtils(  378): Failed to chmod(/data/system/packages.list): libcore.io.ErrnoException: chmod failed: ENOENT (No such file or directory)
W/PackageManager(  378): Running ENG build: no pre-dexopt!
W/PackageParser(  378): No actions in intent filter at /system/priv-app/Contacts.apk Binary XML file line #375
W/PackageParser(  378): No actions in intent filter at /system/priv-app/Dialer.apk Binary XML file line #162
W/ResourceType(  378): Failure getting entry for 0x7f050000 (t=4 e=0) in package 0 (error -75)
W/PackageParser(  378): No actions in intent filter at /data/app/ApiDemos.apk Binary XML file line #2899
W/PackageParser(  378): No actions in intent filter at /data/app/ApiDemos.apk Binary XML file line #2905
W/PackageManager(  378): Package com.example.android.apis desires unavailable shared library com.example.will.never.exist; ignoring!
W/PackageManager(  378): Package com.example.android.apis desires unavailable shared library com.example.will.never.exist; ignoring!
W/PackageManager(  378): Package com.android.camera desires unavailable shared library com.google.android.media.effects; ignoring!
W/PackageManager(  378): Not granting permission android.permission.GLOBAL_SEARCH to package com.android.quicksearchbox (protectionLevel=18 flags=0x8be45)
W/PackageManager(  378): Unknown permission com.android.smspush.WAPPUSH_MANAGER_BIND in package com.android.phone
W/PackageManager(  378): Unknown permission com.google.android.googleapps.permission.GOOGLE_AUTH in package com.android.providers.calendar
W/PackageManager(  378): Unknown permission com.google.android.googleapps.permission.GOOGLE_AUTH.cl in package com.android.providers.calendar
W/PackageManager(  378): Unknown permission com.google.android.googleapps.permission.GOOGLE_AUTH.mail in package com.android.calendar
W/PackageManager(  378): Not granting permission android.permission.ACCESS_DOWNLOAD_MANAGER to package com.android.browser (protectionLevel=18 flags=0x9be45)
W/PackageManager(  378): Not granting permission android.permission.SEND_DOWNLOAD_COMPLETED_INTENTS to package com.android.browser (protectionLevel=2 flags=0x9be45)
W/PackageManager(  378): Not granting permission android.permission.BIND_APPWIDGET to package com.android.widgetpreview (protectionLevel=18 flags=0x8be44)
W/PackageManager(  378): Unknown permission android.permission.INSTALL_DRM in package com.android.mms
W/PackageManager(  378): Unknown permission com.google.android.googleapps.permission.GOOGLE_AUTH in package com.android.settings
W/PackageManager(  378): Unknown permission com.google.android.googleapps.permission.ACCESS_GOOGLE_PASSWORD in package com.android.development
W/PackageManager(  378): Unknown permission com.google.android.googleapps.permission.GOOGLE_AUTH in package com.android.development
W/PackageManager(  378): Unknown permission com.google.android.googleapps.permission.GOOGLE_AUTH.ALL_SERVICES in package com.android.development
W/PackageManager(  378): Unknown permission com.google.android.googleapps.permission.GOOGLE_AUTH.YouTubeUser in package com.android.development
W/PackageManager(  378): Not granting permission android.permission.DELETE_PACKAGES to package com.svox.pico (protectionLevel=18 flags=0x8be45)
W/PackageManager(  378): Not granting permission android.permission.DEVICE_POWER to package com.android.deskclock (protectionLevel=2 flags=0x48be45)
W/EntropyMixer(  378): No existing entropy file -- first boot?
W/SyncManagerFile(  378): Error reading pending data.
W/SyncManagerFile(  378): java.io.FileNotFoundException: /data/system/sync/pending.xml: open failed: ENOENT (No such file or directory)
W/SyncManagerFile(  378): 	at libcore.io.IoBridge.open(IoBridge.java:409)
W/SyncManagerFile(  378): 	at java.io.FileInputStream.<init>(FileInputStream.java:78)
W/SyncManagerFile(  378): 	at android.util.AtomicFile.openRead(AtomicFile.java:199)
W/SyncManagerFile(  378): 	at com.android.server.content.SyncStorageEngine.readPendingOperationsLocked(SyncStorageEngine.java:2286)
W/SyncManagerFile(  378): 	at com.android.server.content.SyncStorageEngine.<init>(SyncStorageEngine.java:434)
W/SyncManagerFile(  378): 	at com.android.server.content.SyncStorageEngine.init(SyncStorageEngine.java:454)
W/SyncManagerFile(  378): 	at com.android.server.content.SyncManager.<init>(SyncManager.java:383)
W/SyncManagerFile(  378): 	at com.android.server.content.ContentService.getSyncManager(ContentService.java:75)
W/SyncManagerFile(  378): 	at com.android.server.content.ContentService.notifyChange(ContentService.java:283)
W/SyncManagerFile(  378): 	at android.content.ContentResolver.notifyChange(ContentResolver.java:1621)
W/SyncManagerFile(  378): 	at com.android.providers.settings.SettingsProvider.sendNotify(SettingsProvider.java:262)
W/SyncManagerFile(  378): 	at com.android.providers.settings.SettingsProvider.insertForUser(SettingsProvider.java:941)
W/SyncManagerFile(  378): 	at com.android.providers.settings.SettingsProvider.ensureAndroidIdIsSet(SettingsProvider.java:496)
W/SyncManagerFile(  378): 	at com.android.providers.settings.SettingsProvider.establishDbTracking(SettingsProvider.java:409)
W/SyncManagerFile(  378): 	at com.android.providers.settings.SettingsProvider.onCreate(SettingsProvider.java:335)
W/SyncManagerFile(  378): 	at android.content.ContentProvider.attachInfo(ContentProvider.java:1591)
W/SyncManagerFile(  378): 	at android.content.ContentProvider.attachInfo(ContentProvider.java:1562)
W/SyncManagerFile(  378): 	at android.app.ActivityThread.installProvider(ActivityThread.java:4790)
W/SyncManagerFile(  378): 	at android.app.ActivityThread.installContentProviders(ActivityThread.java:4385)
W/SyncManagerFile(  378): 	at android.app.ActivityThread.installSystemProviders(ActivityThread.java:4945)
W/SyncManagerFile(  378): 	at com.android.server.am.ActivityManagerService.installSystemProviders(ActivityManagerService.java:8081)
W/SyncManagerFile(  378): 	at com.android.server.ServerThread.initAndLoop(SystemServer.java:275)
W/SyncManagerFile(  378): 	at com.android.server.SystemServer.main(SystemServer.java:1179)
W/SyncManagerFile(  378): 	at java.lang.reflect.Method.invokeNative(Native Method)
W/SyncManagerFile(  378): 	at java.lang.reflect.Method.invoke(Method.java:515)
W/SyncManagerFile(  378): 	at com.android.internal.os.ZygoteInit$MethodAndArgsCaller.run(ZygoteInit.java:779)
W/SyncManagerFile(  378): 	at com.android.internal.os.ZygoteInit.main(ZygoteInit.java:595)
W/SyncManagerFile(  378): 	at dalvik.system.NativeStart.main(Native Method)
W/SyncManagerFile(  378): Caused by: libcore.io.ErrnoException: open failed: ENOENT (No such file or directory)
W/SyncManagerFile(  378): 	at libcore.io.Posix.open(Native Method)
W/SyncManagerFile(  378): 	at libcore.io.BlockGuardOs.open(BlockGuardOs.java:110)
W/SyncManagerFile(  378): 	at libcore.io.IoBridge.open(IoBridge.java:393)
W/SyncManagerFile(  378): 	... 27 more
E/ConsumerIrService(  378): Can't open consumer IR HW Module, error: -2
W/libsuspend(  378): Error writing 'on' to /sys/power/state: Invalid argument
E/libsuspend(  378): Error opening /sys/power/autosleep: No such file or directory
E/EventHub(  378): could not get driver version for /dev/input/mouse0, Not a typewriter
W/EventHub(  378): Unable to disable kernel key repeat for /dev/input/event0: Function not implemented
E/EventHub(  378): could not get driver version for /dev/input/mice, Not a typewriter
W/InputMethodManagerService(  378): No IME selected. Choose the most applicable IME.
W/MountService(  378): getSecureContainerList() called when storage not mounted
W/PackageManager(  378): Not granting permission android.permission.GLOBAL_SEARCH to package com.android.quicksearchbox (protectionLevel=18 flags=0x8be45)
W/PackageManager(  378): Unknown permission com.android.smspush.WAPPUSH_MANAGER_BIND in package com.android.phone
W/PackageManager(  378): Unknown permission com.google.android.googleapps.permission.GOOGLE_AUTH in package com.android.providers.calendar
W/PackageManager(  378): Unknown permission com.google.android.googleapps.permission.GOOGLE_AUTH.cl in package com.android.providers.calendar
W/PackageManager(  378): Unknown permission com.google.android.googleapps.permission.GOOGLE_AUTH.mail in package com.android.calendar
W/PackageManager(  378): Not granting permission android.permission.ACCESS_DOWNLOAD_MANAGER to package com.android.browser (protectionLevel=18 flags=0x9be45)
W/PackageManager(  378): Not granting permission android.permission.SEND_DOWNLOAD_COMPLETED_INTENTS to package com.android.browser (protectionLevel=2 flags=0x9be45)
W/PackageManager(  378): Not granting permission android.permission.BIND_APPWIDGET to package com.android.widgetpreview (protectionLevel=18 flags=0x8be44)
W/PackageManager(  378): Unknown permission android.permission.INSTALL_DRM in package com.android.mms
W/PackageManager(  378): Unknown permission com.google.android.googleapps.permission.GOOGLE_AUTH in package com.android.settings
W/PackageManager(  378): Unknown permission com.google.android.googleapps.permission.ACCESS_GOOGLE_PASSWORD in package com.android.development
W/PackageManager(  378): Unknown permission com.google.android.googleapps.permission.GOOGLE_AUTH in package com.android.development
W/PackageManager(  378): Unknown permission com.google.android.googleapps.permission.GOOGLE_AUTH.ALL_SERVICES in package com.android.development
W/PackageManager(  378): Unknown permission com.google.android.googleapps.permission.GOOGLE_AUTH.YouTubeUser in package com.android.development
W/PackageManager(  378): Not granting permission android.permission.DELETE_PACKAGES to package com.svox.pico (protectionLevel=18 flags=0x8be45)
W/PackageManager(  378): Not granting permission android.permission.DEVICE_POWER to package com.android.deskclock (protectionLevel=2 flags=0x48be45)
E/MobileDataStateTracker(  378): default: Ignoring feature request because could not acquire PhoneService
E/MobileDataStateTracker(  378): default: Could not enable APN type "default"
W/WallpaperService(  378): no current wallpaper -- first boot?
W/DockObserver(  378): This kernel does not have dock station support
W/WiredAccessoryManager(  378): This kernel does not have wired headset support
W/WiredAccessoryManager(  378): This kernel does not have usb audio support
W/WiredAccessoryManager(  378): This kernel does not have HDMI audio support
E/SQLiteLog(  378): (1) no such table: locksettings
W/AssetAtlasService(  378): Could not find EGL configuration
W/InputMethodManagerService(  378): Focus gain on non-focused client android.view.inputmethod.InputMethodManager$1@b2df5b30 (uid=1000 pid=378)
E/SoundPool(  448): error loading /system/media/audio/ui/Lock.ogg
W/KeyguardViewMediator(  448): failed to load lock sound from /system/media/audio/ui/Lock.ogg
E/SoundPool(  448): error loading /system/media/audio/ui/Unlock.ogg
W/KeyguardViewMediator(  448): failed to load unlock sound from /system/media/audio/ui/Unlock.ogg
E/memtrack(  510): Couldn't load memtrack module (No such file or directory)
E/android.os.Debug(  510): failed to load memtrack module: -2
E/NetdConnector(  378): NDC Command {1 bandwidth enable} took too long (1908ms)
E/BluetoothAdapter(  448): Bluetooth binder is null
E/BluetoothAdapter(  448): Bluetooth binder is null
W/dalvikvm(  538): threadid=5: spin on suspend #1 threadid=10 (pcf=0)
E/BluetoothAdapter(  448): Bluetooth binder is null
W/dalvikvm(  538): threadid=5: spin on suspend resolved in 1559 msec
E/BluetoothAdapter(  448): Bluetooth binder is null
W/ActivityManager(  378): No content provider found for permission revoke: file:///data/local/tmp/chariba-debug.apk
W/RecognitionManagerService(  378): no available voice recognition services found for user 0
W/AppWidgetServiceImpl(  378): Failed to read state: java.io.FileNotFoundException: /data/system/users/0/appwidgets.xml: open failed: ENOENT (No such file or directory)
W/InputMethodManagerService(  378): Ignoring setImeWindowStatus of uid 1000 token: null
W/InputMethodUtils(  378): Found no subtypes in a system IME: com.android.inputmethod.pinyin
W/InputMethodManagerService(  378): Reset the default IME as "Resource" is ready here.
W/InputMethodUtils(  378): Found no subtypes in a system IME: com.android.inputmethod.pinyin
W/GpsLocationProvider(  378): Could not open GPS configuration file /etc/gps.conf
W/ServiceWatcher(  378): com.google.android.location not found
W/InputMethodManagerService(  378): Illegal subtype state: old subtype = null, new subtype = android.view.inputmethod.InputMethodSubtype@c9194f98
W/ServiceWatcher(  378): com.google.android.location not found
W/ServiceWatcher(  378): com.google.android.location not found
W/LocationManagerService(  378): no network location provider found
W/ServiceWatcher(  378): com.google.android.location not found
E/FlpHardwareProvider(  378): Error hw_get_module 'flp': -2
E/LocationManagerService(  378): no geocoder provider found
W/ServiceWatcher(  378): com.google.android.location not found
E/FlpHardwareProvider(  378): Error hw_get_module 'flp': -2
W/ServiceWatcher(  378): com.google.android.location not found
E/LocationManagerService(  378): No FusedProvider found.
E/LocationManagerService(  378): no geofence provider found
E/BluetoothAdapter(  448): Bluetooth binder is null
W/ActivityManager(  378): No content provider found for permission revoke: file:///data/local/tmp/chariba-debug.apk
W/dalvikvm(  685): method Landroid/support/v7/internal/widget/ListViewCompat;.lookForSelectablePosition incorrectly overrides package-private method with same name in Landroid/widget/ListView;
W/PackageManager(  378): Unknown permission com.google.android.providers.gsf.permission.READ_GSERVICES in package com.example.chariba
E/RemotePrintSpooler(  378): Error removing obsolete print jobs .
E/RemotePrintSpooler(  378): java.util.concurrent.TimeoutException: Cannot get spooler!
E/RemotePrintSpooler(  378): 	at com.android.server.print.RemotePrintSpooler.bindLocked(RemotePrintSpooler.java:376)
E/RemotePrintSpooler(  378): 	at com.android.server.print.RemotePrintSpooler.getRemoteInstanceLazy(RemotePrintSpooler.java:352)
E/RemotePrintSpooler(  378): 	at com.android.server.print.RemotePrintSpooler.removeObsoletePrintJobs(RemotePrintSpooler.java:287)
E/RemotePrintSpooler(  378): 	at com.android.server.print.UserState.removeObsoletePrintJobs(UserState.java:163)
E/RemotePrintSpooler(  378): 	at com.android.server.print.PrintManagerService$1.run(PrintManagerService.java:94)
E/RemotePrintSpooler(  378): 	at android.os.Handler.handleCallback(Handler.java:733)
E/RemotePrintSpooler(  378): 	at android.os.Handler.dispatchMessage(Handler.java:95)
E/RemotePrintSpooler(  378): 	at android.os.Looper.loop(Looper.java:136)
E/RemotePrintSpooler(  378): 	at android.os.HandlerThread.run(HandlerThread.java:61)
W/InputAttributes(  602): No editor info for this field. Bug?
E/BluetoothAdapter(  632): Bluetooth binder is null
W/WindowManager(  378): Window freeze timeout expired.
W/WindowManager(  378): Force clearing orientation change: Window{b366dcd8 u0 StatusBar}
W/ActivityManager(  378): Timeout executing service: ServiceRecord{b36eb740 u0 com.android.systemui/.ImageWallpaper}
W/BackupManagerService(  378): dataChanged but no participant pkg='com.android.providers.settings' uid=1001
E/NetdConnector(  378): NDC Command {6 bandwidth gettetherstats} took too long (1471ms)
E/memtrack(  781): Couldn't load memtrack module (No such file or directory)
E/android.os.Debug(  781): failed to load memtrack module: -2
W/ProcessCpuTracker(  378): Skipping unknown process pid 724
W/BroadcastQueue(  378): Hung broadcast [foreground] discarded after timeout failure: now=266015 dispatchTime=178485 startTime=258321 intent=Intent { act=android.intent.action.TIME_TICK flg=0x50000014 (has extras) } numReceivers=4 nextReceiver=2 state=0
W/BroadcastQueue(  378): Timeout of broadcast BroadcastRecord{b3268d88 u-1 android.intent.action.TIME_TICK} - receiver=null, started 7695ms ago
W/BroadcastQueue(  378): Receiver during timeout: BroadcastFilter{b36111b0 u0 ReceiverList{b3695fb0 448 com.android.systemui/10007/u0 remote:b33ffcc0}}
W/BroadcastQueue(  378): finishReceiver [foreground] called but state is IDLE
E/BluetoothAdapter(  628): Bluetooth binder is null
E/BluetoothAdapter(  628): Bluetooth binder is null
E/BluetoothAdapter(  628): Bluetooth binder is null
E/BluetoothAdapter(  632): Bluetooth binder is null
E/ActivityManager(  378): ANR in com.android.systemui
E/ActivityManager(  378): PID: 448
E/ActivityManager(  378): Reason: Executing service com.android.systemui/.ImageWallpaper
E/ActivityManager(  378): Load: 5.14 / 2.33 / 0.94
E/ActivityManager(  378): CPU usage from 985ms to -8751ms ago:
E/ActivityManager(  378):   21% 378/system_server: 13% user + 7.5% kernel / faults: 1530 minor
E/ActivityManager(  378):   8.4% 732/com.android.email: 5.8% user + 2.5% kernel / faults: 3238 minor 34 major
E/ActivityManager(  378):   8.3% 66/adbd: 2.5% user + 5.7% kernel / faults: 14 minor
E/ActivityManager(  378):   6.1% 448/com.android.systemui: 5% user + 1.1% kernel / faults: 1267 minor 1 major
E/ActivityManager(  378):   4.4% 56/surfaceflinger: 3.3% user + 1% kernel / faults: 210 minor
E/ActivityManager(  378):   3.8% 628/com.android.phone: 2.2% user + 1.6% kernel / faults: 930 minor 1 major
E/ActivityManager(  378):   3.7% 54/debuggerd: 2.7% user + 0.9% kernel / faults: 827 minor
E/ActivityManager(  378):   2.5% 26/mtdblock1: 0% user + 2.5% kernel
E/ActivityManager(  378):   1.1% 95/bootanimation: 0.8% user + 0.3% kernel
E/ActivityManager(  378):   0.9% 25/mtdblock0: 0% user + 0.9% kernel
E/ActivityManager(  378):   0.7% 618/android.process.acore: 0.3% user + 0.4% kernel / faults: 26 minor
E/ActivityManager(  378):   0.6% 258/logcat: 0.1% user + 0.5% kernel
E/ActivityManager(  378):   0.5% 41/jbd2/mtdblock1-: 0% user + 0.5% kernel
E/ActivityManager(  378):   0.5% 59/mediaserver: 0.3% user + 0.2% kernel / faults: 5 minor
E/ActivityManager(  378):   0.3% 50/servicemanager: 0% user + 0.3% kernel
E/ActivityManager(  378):   0.2% 57/zygote: 0% user + 0.2% kernel / faults: 52 minor
E/ActivityManager(  378):   0.1% 38/flush-31:1: 0% user + 0.1% kernel
E/ActivityManager(  378):   0.1% 40/kworker/0:2: 0% user + 0.1% kernel
E/ActivityManager(  378):   0% 53/netd: 0% user + 0% kernel / faults: 24 minor
E/ActivityManager(  378):   0% 55/rild: 0% user + 0% kernel / faults: 2 minor
E/ActivityManager(  378):   0.1% 60/installd: 0% user + 0.1% kernel / faults: 10 minor
E/ActivityManager(  378):   0.1% 602/com.android.inputmethod.latin: 0.1% user + 0% kernel / faults: 12 minor
E/ActivityManager(  378):  +0% 779/sh: 0% user + 0% kernel
E/ActivityManager(  378):  +0% 781/app_process: 0% user + 0% kernel
E/ActivityManager(  378):  +0% 797/com.android.launcher: 0% user + 0% kernel
E/ActivityManager(  378): 100% TOTAL: 65% user + 34% kernel + 0.1% softirq
E/ActivityManager(  378): CPU usage from 7233ms to 7927ms later:
E/ActivityManager(  378):   16% 448/com.android.systemui: 14% user + 1.2% kernel / faults: 226 minor 1 major
E/ActivityManager(  378):     12% 448/ndroid.systemui: 11% user + 1.2% kernel
E/ActivityManager(  378):     1.2% 452/GC: 1.2% user + 0% kernel
E/ActivityManager(  378):     1.2% 455/Compiler: 1.2% user + 0% kernel
E/ActivityManager(  378):     1.2% 463/FinalizerDaemon: 1.2% user + 0% kernel
E/ActivityManager(  378):   6.5% 628/com.android.phone: 6% user + 0.5% kernel / faults: 473 minor 1 major
E/ActivityManager(  378):     4.5% 628/m.android.phone: 4% user + 0.5% kernel
E/ActivityManager(  378):     1% 650/Compiler: 1% user + 0% kernel
E/ActivityManager(  378):     0.5% 783/Binder_3: 0.5% user + 0% kernel
E/ActivityManager(  378):    +0% 816/AsyncQueryWorke: 0% user + 0% kernel
E/ActivityManager(  378):    +0% 817/AsyncTask #1: 0% user + 0% kernel
E/ActivityManager(  378):    +0% 818/AudioTrack: 0% user + 0% kernel
E/ActivityManager(  378):    +0% 820/pool-1-thread-1: 0% user + 0% kernel
E/ActivityManager(  378):   19% 378/system_server: 1.5% user + 17% kernel / faults: 48 minor
E/ActivityManager(  378):     9.5% 393/ActivityManager: 1.5% user + 7.9% kernel
E/ActivityManager(  378):     1.5% 385/Compiler: 1.5% user + 0% kernel
E/ActivityManager(  378):     1.5% 389/Binder_1: 1.5% user + 0% kernel
E/ActivityManager(  378):     1.5% 392/WindowManager: 0% user + 1.5% kernel
E/ActivityManager(  378):     1.5% 394/android.bg: 0% user + 1.5% kernel
E/ActivityManager(  378):     1.5% 662/Binder_6: 0% user + 1.5% kernel
E/ActivityManager(  378):     1.5% 663/Binder_7: 0% user + 1.5% kernel
E/ActivityManager(  378):     1.5% 708/Binder_B: 0% user + 1.5% kernel
E/ActivityManager(  378):     1.5% 709/Binder_C: 1.5% user + 0% kernel
E/ActivityManager(  378):   13% 797/com.android.launcher: 6.6% user + 6.6% kernel / faults: 1409 minor 6 major
E/ActivityManager(  378):     12% 797/re-initialized>: 6.6% user + 5.5% kernel
E/ActivityManager(  378):     1.1% 808/Binder_1: 0% user + 1.1% kernel
E/ActivityManager(  378):   7.1% 56/surfaceflinger: 4.2% user + 2.8% kernel / faults: 18 minor
E/ActivityManager(  378):     4.2% 56/surfaceflinger: 4.2% user + 0% kernel
E/ActivityManager(  378):     1.4% 80/Binder_2: 1.4% user + 0% kernel
E/ActivityManager(  378):     1.4% 93/EventThread: 0% user + 1.4% kernel
E/ActivityManager(  378):   3.7% 618/android.process.acore: 1.2% user + 2.4% kernel / faults: 20 minor
E/ActivityManager(  378):     2.4% 655/Binder_1: 1.2% user + 1.2% kernel
E/ActivityManager(  378):     1.2% 666/ContactsProvide: 0% user + 1.2% kernel
E/ActivityManager(  378):   0.4% 25/mtdblock0: 0% user + 0.4% kernel
E/ActivityManager(  378):   2.8% 26/mtdblock1: 0% user + 2.8% kernel
E/ActivityManager(  378):   3.1% 258/logcat: 0% user + 3.1% kernel
E/ActivityManager(  378):   2.2% 732/com.android.email: 1.1% user + 1.1% kernel / faults: 45 minor
E/ActivityManager(  378):     1.1% 732/m.android.email: 0% user + 1.1% kernel
E/ActivityManager(  378):     1.1% 786/AsyncTask #2: 1.1% user + 0% kernel
E/ActivityManager(  378):   0.3% 59/mediaserver: 0.3% user + 0% kernel
E/ActivityManager(  378):     0.3% 443/Binder_2: 0.3% user + 0% kernel
E/ActivityManager(  378):   0.3% 60/installd: 0% user + 0.3% kernel / faults: 2 minor
E/ActivityManager(  378): 100% TOTAL: 62% user + 37% kernel
W/InputDispatcher(  378): channel 'b366dcd8 StatusBar (server)' ~ Consumer closed input channel or an error occurred.  events=0x9
E/InputDispatcher(  378): channel 'b366dcd8 StatusBar (server)' ~ Channel is unrecoverably broken and will be disposed!
W/InputDispatcher(  378): channel 'b30eded0 com.android.systemui.ImageWallpaper (server)' ~ Consumer closed input channel or an error occurred.  events=0x9
E/InputDispatcher(  378): channel 'b30eded0 com.android.systemui.ImageWallpaper (server)' ~ Channel is unrecoverably broken and will be disposed!
W/InputDispatcher(  378): Attempted to unregister already unregistered input channel 'b366dcd8 StatusBar (server)'
W/WallpaperService(  378): Wallpaper service gone: ComponentInfo{com.android.systemui/com.android.systemui.ImageWallpaper}
W/WallpaperService(  378): Reverting to built-in wallpaper!
W/InputDispatcher(  378): Attempted to unregister already unregistered input channel 'b30eded0 com.android.systemui.ImageWallpaper (server)'
W/ActivityManager(  378): Scheduling restart of crashed service com.android.systemui/.ImageWallpaper in 0ms
W/ActivityManager(  378): Scheduling restart of crashed service com.android.keyguard/.KeyguardService in 0ms
W/ActivityManager(  378): Scheduling restart of crashed service com.android.systemui/.SystemUIService in 0ms
W/Resources(  797): Converting to int: TypedValue{t=0x3/d=0x12 "4" a=-1}
W/Resources(  797): Converting to int: TypedValue{t=0x3/d=0xf "1" a=-1}
W/Resources(  797): Converting to int: TypedValue{t=0x3/d=0x15 "2" a=-1}
W/Resources(  797): Converting to int: TypedValue{t=0x3/d=0x15 "2" a=-1}
W/Launcher.LauncherProvider(  797): Unable to add favorite: com.android.camera2/com.android.camera.CameraLauncher
W/Launcher.LauncherProvider(  797): android.content.pm.PackageManager$NameNotFoundException: ComponentInfo{com.android.camera2/com.android.camera.CameraLauncher}
W/Launcher.LauncherProvider(  797): 	at android.app.ApplicationPackageManager.getActivityInfo(ApplicationPackageManager.java:242)
W/Launcher.LauncherProvider(  797): 	at com.android.launcher2.LauncherProvider$DatabaseHelper.addAppShortcut(LauncherProvider.java:939)
W/Launcher.LauncherProvider(  797): 	at com.android.launcher2.LauncherProvider$DatabaseHelper.loadFavorites(LauncherProvider.java:843)
W/Launcher.LauncherProvider(  797): 	at com.android.launcher2.LauncherProvider$DatabaseHelper.access$000(LauncherProvider.java:233)
W/Launcher.LauncherProvider(  797): 	at com.android.launcher2.LauncherProvider.loadDefaultFavoritesIfNecessary(LauncherProvider.java:228)
W/Launcher.LauncherProvider(  797): 	at com.android.launcher2.LauncherModel$LoaderTask.loadWorkspace(LauncherModel.java:1263)
W/Launcher.LauncherProvider(  797): 	at com.android.launcher2.LauncherModel$LoaderTask.loadAndBindWorkspace(LauncherModel.java:1005)
W/Launcher.LauncherProvider(  797): 	at com.android.launcher2.LauncherModel$LoaderTask.run(LauncherModel.java:1111)
W/Launcher.LauncherProvider(  797): 	at android.os.Handler.handleCallback(Handler.java:733)
W/Launcher.LauncherProvider(  797): 	at android.os.Handler.dispatchMessage(Handler.java:95)
W/Launcher.LauncherProvider(  797): 	at android.os.Looper.loop(Looper.java:136)
W/Launcher.LauncherProvider(  797): 	at android.os.HandlerThread.run(HandlerThread.java:61)
W/Launcher.LauncherProvider(  797): Unable to add favorite: com.android.gallery3d/com.android.gallery3d.app.Gallery
W/Launcher.LauncherProvider(  797): android.content.pm.PackageManager$NameNotFoundException: ComponentInfo{com.android.gallery3d/com.android.gallery3d.app.Gallery}
W/Launcher.LauncherProvider(  797): 	at android.app.ApplicationPackageManager.getActivityInfo(ApplicationPackageManager.java:242)
W/Launcher.LauncherProvider(  797): 	at com.android.launcher2.LauncherProvider$DatabaseHelper.addAppShortcut(LauncherProvider.java:939)
W/Launcher.LauncherProvider(  797): 	at com.android.launcher2.LauncherProvider$DatabaseHelper.loadFavorites(LauncherProvider.java:843)
W/Launcher.LauncherProvider(  797): 	at com.android.launcher2.LauncherProvider$DatabaseHelper.access$000(LauncherProvider.java:233)
W/Launcher.LauncherProvider(  797): 	at com.android.launcher2.LauncherProvider.loadDefaultFavoritesIfNecessary(LauncherProvider.java:228)
W/Launcher.LauncherProvider(  797): 	at com.android.launcher2.LauncherModel$LoaderTask.loadWorkspace(LauncherModel.java:1263)
W/Launcher.LauncherProvider(  797): 	at com.android.launcher2.LauncherModel$LoaderTask.loadAndBindWorkspace(LauncherModel.java:1005)
W/Launcher.LauncherProvider(  797): 	at com.android.launcher2.LauncherModel$LoaderTask.run(LauncherModel.java:1111)
W/Launcher.LauncherProvider(  797): 	at android.os.Handler.handleCallback(Handler.java:733)
W/Launcher.LauncherProvider(  797): 	at android.os.Handler.dispatchMessage(Handler.java:95)
W/Launcher.LauncherProvider(  797): 	at android.os.Looper.loop(Looper.java:136)
W/Launcher.LauncherProvider(  797): 	at android.os.HandlerThread.run(HandlerThread.java:61)
W/ActivityManager(  378): Unable to start service Intent { cmp=com.android.email/.service.AttachmentDownloadService } U=0: not found
W/ActivityManager(  378): No content provider found for permission revoke: file:///data/local/tmp/chariba-debug-test-unaligned.apk
E/SoundPool(  842): error loading /system/media/audio/ui/Lock.ogg
W/KeyguardViewMediator(  842): failed to load lock sound from /system/media/audio/ui/Lock.ogg
E/SoundPool(  842): error loading /system/media/audio/ui/Unlock.ogg
W/KeyguardViewMediator(  842): failed to load unlock sound from /system/media/audio/ui/Unlock.ogg
E/SurfaceFlinger(   56): glCheckFramebufferStatusOES error 558218174
E/SurfaceFlinger(   56): got GL_FRAMEBUFFER_COMPLETE_OES error while taking screenshot
E/BluetoothAdapter(  842): Bluetooth binder is null
E/BluetoothAdapter(  842): Bluetooth binder is null
E/BluetoothAdapter(  842): Bluetooth binder is null
E/BluetoothAdapter(  842): Bluetooth binder is null
E/BluetoothAdapter(  842): Bluetooth binder is null
E/NetdConnector(  378): NDC Command {14 bandwidth setiquota eth0 9223372036854775807} took too long (981ms)
E/NetdConnector(  378): NDC Command {16 bandwidth setiquota eth0 9223372036854775807} took too long (1049ms)
E/ConnectivityService(  378): startUsingNetworkFeature took too long: 1500ms
E/logwrapper(  931): executing /system/bin/ip failed: No such file or directory
E/ConnectivityService(  378): Exception trying to add a route: java.lang.IllegalStateException: command '23 interface fwmark exempt add 10.0.2.2/32' failed with '400 23 Failed to add exemption rule (File exists)'
E/logwrapper(  933): executing /system/bin/ip failed: No such file or directory
E/ConnectivityService(  378): Exception trying to add a route: java.lang.IllegalStateException: command '25 interface fwmark exempt add 10.0.2.3/32' failed with '400 25 Failed to add exemption rule (File exists)'
E/logwrapper(  934): executing /system/bin/ip failed: No such file or directory
E/SecondaryTablController(   53): ip route add failed: /system/bin/ip route add 10.0.2.2/32 via 0.0.0.0 dev eth0 table 60
W/FrameworkListener(   53): Handler 'interface' error (No such device)
E/ConnectivityService(  378): Exception trying to add a route: java.lang.IllegalStateException: command '26 interface route add eth0 secondary 10.0.2.2 32 0.0.0.0' failed with '400 26 ip route modification failed (No such device)'
E/logwrapper(  935): executing /system/bin/ip failed: No such file or directory
E/SecondaryTablController(   53): ip route add failed: /system/bin/ip route add 0.0.0.0/0 via 10.0.2.2 dev eth0 table 60
W/FrameworkListener(   53): Handler 'interface' error (No such device)
E/ConnectivityService(  378): Exception trying to add a route: java.lang.IllegalStateException: command '27 interface route add eth0 secondary 0.0.0.0 0 10.0.2.2' failed with '400 27 ip route modification failed (No such device)'
W/NetworkPolicy(  378): shared quota unsupported; generating rule for each iface
W/ProcessCpuTracker(  378): Skipping unknown process pid 940
E/NetdConnector(  378): NDC Command {29 bandwidth removeiquota eth0} took too long (726ms)
W/ActivityManager(  378): No content provider found for permission revoke: file:///data/local/tmp/chariba-debug-test-unaligned.apk
E/NetdConnector(  378): NDC Command {31 bandwidth setiquota eth0 9223372036854775807} took too long (1271ms)
E/NetdConnector(  378): NDC Command {32 bandwidth removeiquota eth0} took too long (588ms)
E/NetdConnector(  378): NDC Command {30 interface route add eth0 default 10.0.2.2 32 0.0.0.0} took too long (2475ms)
E/NetdConnector(  378): NDC Command {33 bandwidth setiquota eth0 9223372036854775807} took too long (1316ms)
E/logwrapper(  988): executing /system/bin/ip failed: No such file or directory
E/NetdConnector(  378): NDC Command {34 interface fwmark exempt add 10.0.2.2/32} took too long (826ms)
E/ConnectivityService(  378): Exception trying to add a route: java.lang.IllegalStateException: command '34 interface fwmark exempt add 10.0.2.2/32' failed with '400 34 Failed to add exemption rule (File exists)'
E/logwrapper(  990): executing /system/bin/ip failed: No such file or directory
E/ConnectivityService(  378): Exception trying to add a route: java.lang.IllegalStateException: command '37 interface fwmark exempt add 74.125.228.196/32' failed with '400 37 Failed to add exemption rule (File exists)'
E/logwrapper( 1008): executing /system/bin/ip failed: No such file or directory
E/ConnectivityService(  378): Exception trying to add a route: java.lang.IllegalStateException: command '39 interface fwmark exempt add 10.0.2.2/32' failed with '400 39 Failed to add exemption rule (File exists)'
E/logwrapper( 1010): executing /system/bin/ip failed: No such file or directory
E/ConnectivityService(  378): Exception trying to add a route: java.lang.IllegalStateException: command '41 interface fwmark exempt add 74.125.228.198/32' failed with '400 41 Failed to add exemption rule (File exists)'
E/logwrapper( 1012): executing /system/bin/ip failed: No such file or directory
E/ConnectivityService(  378): Exception trying to add a route: java.lang.IllegalStateException: command '43 interface fwmark exempt add 10.0.2.2/32' failed with '400 43 Failed to add exemption rule (File exists)'
E/logwrapper( 1014): executing /system/bin/ip failed: No such file or directory
E/ConnectivityService(  378): Exception trying to add a route: java.lang.IllegalStateException: command '45 interface fwmark exempt add 74.125.228.199/32' failed with '400 45 Failed to add exemption rule (File exists)'
E/logwrapper( 1016): executing /system/bin/ip failed: No such file or directory
E/ConnectivityService(  378): Exception trying to add a route: java.lang.IllegalStateException: command '47 interface fwmark exempt add 10.0.2.2/32' failed with '400 47 Failed to add exemption rule (File exists)'
E/logwrapper( 1018): executing /system/bin/ip failed: No such file or directory
E/ConnectivityService(  378): Exception trying to add a route: java.lang.IllegalStateException: command '49 interface fwmark exempt add 74.125.228.196/32' failed with '400 49 Failed to add exemption rule (File exists)'
W/RecognitionManagerService(  378): no available voice recognition services found for user 0
E/logwrapper( 1025): executing /system/bin/ip failed: No such file or directory
E/SecondaryTablController(   53): ip route del failed: /system/bin/ip route del 10.0.2.2/32 via 0.0.0.0 dev eth0 table 60
W/FrameworkListener(   53): Handler 'interface' error (No such device)
E/logwrapper( 1026): executing /system/bin/ip failed: No such file or directory
E/SecondaryTablController(   53): ip route del failed: /system/bin/ip route del 0.0.0.0/0 via 10.0.2.2 dev eth0 table 60
W/FrameworkListener(   53): Handler 'interface' error (No such device)
E/NetdConnector(  378): NDC Command {55 bandwidth removeiquota eth0} took too long (1712ms)
E/NetdConnector(  378): NDC Command {56 bandwidth gettetherstats} took too long (2476ms)
E/NetdConnector(  378): NDC Command {57 bandwidth setiquota eth0 9223372036854775807} took too long (2207ms)
W/ProcessCpuTracker(  378): Skipping unknown process pid 1069
E/NetdConnector(  378): NDC Command {58 bandwidth gettetherstats} took too long (1444ms)
E/NetdConnector(  378): NDC Command {59 bandwidth removeiquota eth0} took too long (702ms)
W/RecognitionManagerService(  378): no available voice recognition services found for user 0
E/NetdConnector(  378): NDC Command {62 bandwidth setglobalalert 2097152} took too long (1178ms)
E/NetdConnector(  378): NDC Command {61 bandwidth setiquota eth0 9223372036854775807} took too long (1396ms)
W/Binder  (  842): Binder call failed.
W/Binder  (  842): android.os.DeadObjectException
W/Binder  (  842): 	at android.os.BinderProxy.transact(Native Method)
W/Binder  (  842): 	at android.content.IIntentReceiver$Stub$Proxy.performReceive(IIntentReceiver.java:124)
W/Binder  (  842): 	at android.app.ActivityThread$ApplicationThread.scheduleRegisteredReceiver(ActivityThread.java:816)
W/Binder  (  842): 	at android.app.ApplicationThreadNative.onTransact(ApplicationThreadNative.java:394)
W/Binder  (  842): 	at android.os.Binder.execTransact(Binder.java:404)
W/Binder  (  842): 	at dalvik.system.NativeStart.run(Native Method)
E/JavaBinder(  842): *** Uncaught remote exception!  (Exceptions are not yet supported across processes.)
E/JavaBinder(  842): java.lang.RuntimeException: android.os.DeadObjectException
E/JavaBinder(  842): 	at android.os.Parcel.writeException(Parcel.java:1366)
E/JavaBinder(  842): 	at android.os.Binder.execTransact(Binder.java:410)
E/JavaBinder(  842): 	at dalvik.system.NativeStart.run(Native Method)
E/JavaBinder(  842): Caused by: android.os.DeadObjectException
E/JavaBinder(  842): 	at android.os.BinderProxy.transact(Native Method)
E/JavaBinder(  842): 	at android.content.IIntentReceiver$Stub$Proxy.performReceive(IIntentReceiver.java:124)
E/JavaBinder(  842): 	at android.app.ActivityThread$ApplicationThread.scheduleRegisteredReceiver(ActivityThread.java:816)
E/JavaBinder(  842): 	at android.app.ApplicationThreadNative.onTransact(ApplicationThreadNative.java:394)
E/JavaBinder(  842): 	at android.os.Binder.execTransact(Binder.java:404)
E/JavaBinder(  842): 	... 1 more
E/memtrack( 1107): Couldn't load memtrack module (No such file or directory)
E/android.os.Debug( 1107): failed to load memtrack module: -2
W/ActivityManager(  378): No content provider found for permission revoke: file:///data/local/tmp/chariba-debug.apk
W/ActivityManager(  378): No content provider found for permission revoke: file:///data/local/tmp/chariba-debug.apk
W/dalvikvm( 1118): method Landroid/support/v7/internal/widget/ListViewCompat;.lookForSelectablePosition incorrectly overrides package-private method with same name in Landroid/widget/ListView;
W/PackageManager(  378): Code path for pkg : com.example.chariba changing from /data/app/com.example.chariba-1.apk to /data/app/com.example.chariba-2.apk
W/PackageManager(  378): Resource path for pkg : com.example.chariba changing from /data/app/com.example.chariba-1.apk to /data/app/com.example.chariba-2.apk
W/PackageManager(  378): Unknown permission com.google.android.providers.gsf.permission.READ_GSERVICES in package com.example.chariba
W/RecognitionManagerService(  378): no available voice recognition services found for user 0
E/memtrack( 1128): Couldn't load memtrack module (No such file or directory)
E/android.os.Debug( 1128): failed to load memtrack module: -2
W/ActivityManager(  378): No content provider found for permission revoke: file:///data/local/tmp/chariba-debug-test-unaligned.apk
W/ActivityManager(  378): No content provider found for permission revoke: file:///data/local/tmp/chariba-debug-test-unaligned.apk
W/PackageManager(  378): Code path for pkg : com.example.chariba.test changing from /data/app/com.example.chariba.test-1.apk to /data/app/com.example.chariba.test-2.apk
W/PackageManager(  378): Resource path for pkg : com.example.chariba.test changing from /data/app/com.example.chariba.test-1.apk to /data/app/com.example.chariba.test-2.apk
W/RecognitionManagerService(  378): no available voice recognition services found for user 0
E/memtrack( 1143): Couldn't load memtrack module (No such file or directory)
E/android.os.Debug( 1143): failed to load memtrack module: -2
W/dalvikvm( 1154): VFY: unable to resolve virtual method 1562: Lcom/google/android/apps/common/testing/testrunner/ExposedInstrumentationApi;.execStartActivity (Landroid/content/Context;Landroid/os/IBinder;Landroid/os/IBinder;Landroid/app/Activity;Landroid/content/Intent;I)Landroid/app/Instrumentation$ActivityResult;
W/dalvikvm( 1154): method Landroid/support/v7/internal/widget/ListViewCompat;.lookForSelectablePosition incorrectly overrides package-private method with same name in Landroid/widget/ListView;
W/dalvikvm( 1154): Unable to resolve superclass of Lorg/apache/maven/artifact/ant/shaded/interpolation/EnvarBasedValueSource; (2782)
W/dalvikvm( 1154): Link of class 'Lorg/apache/maven/artifact/ant/shaded/interpolation/EnvarBasedValueSource;' failed
W/ClassPathPackageInfoSource( 1154): Cannot load class. Make sure it is in your apk. Class name: 'org.apache.maven.artifact.ant.shaded.interpolation.EnvarBasedValueSource'. Message: org.apache.maven.artifact.ant.shaded.interpolation.EnvarBasedValueSource
W/ClassPathPackageInfoSource( 1154): java.lang.ClassNotFoundException: org.apache.maven.artifact.ant.shaded.interpolation.EnvarBasedValueSource
W/ClassPathPackageInfoSource( 1154): 	at java.lang.Class.classForName(Native Method)
W/ClassPathPackageInfoSource( 1154): 	at java.lang.Class.forName(Class.java:251)
W/ClassPathPackageInfoSource( 1154): 	at android.test.ClassPathPackageInfoSource.createPackageInfo(ClassPathPackageInfoSource.java:88)
W/ClassPathPackageInfoSource( 1154): 	at android.test.ClassPathPackageInfoSource.access$000(ClassPathPackageInfoSource.java:39)
W/ClassPathPackageInfoSource( 1154): 	at android.test.ClassPathPackageInfoSource$1.load(ClassPathPackageInfoSource.java:50)
W/ClassPathPackageInfoSource( 1154): 	at android.test.ClassPathPackageInfoSource$1.load(ClassPathPackageInfoSource.java:47)
W/ClassPathPackageInfoSource( 1154): 	at android.test.SimpleCache.get(SimpleCache.java:31)
W/ClassPathPackageInfoSource( 1154): 	at android.test.ClassPathPackageInfoSource.getPackageInfo(ClassPathPackageInfoSource.java:72)
W/ClassPathPackageInfoSource( 1154): 	at android.test.ClassPathPackageInfo.getSubpackages(ClassPathPackageInfo.java:48)
W/ClassPathPackageInfoSource( 1154): 	at android.test.ClassPathPackageInfo.addTopLevelClassesTo(ClassPathPackageInfo.java:61)
W/ClassPathPackageInfoSource( 1154): 	at android.test.ClassPathPackageInfo.getTopLevelClassesRecursive(ClassPathPackageInfo.java:55)
W/ClassPathPackageInfoSource( 1154): 	at android.test.suitebuilder.TestGrouping.testCaseClassesInPackage(TestGrouping.java:156)
W/ClassPathPackageInfoSource( 1154): 	at android.test.suitebuilder.TestGrouping.addPackagesRecursive(TestGrouping.java:117)
W/ClassPathPackageInfoSource( 1154): 	at android.test.suitebuilder.TestSuiteBuilder.includePackages(TestSuiteBuilder.java:102)
W/ClassPathPackageInfoSource( 1154): 	at android.test.InstrumentationTestRunner.onCreate(InstrumentationTestRunner.java:366)
W/ClassPathPackageInfoSource( 1154): 	at com.google.android.apps.common.testing.testrunner.GoogleInstrumentationTestRunner.onCreate(GoogleInstrumentationTestRunner.java:114)
W/ClassPathPackageInfoSource( 1154): 	at android.app.ActivityThread.handleBindApplication(ActivityThread.java:4335)
W/ClassPathPackageInfoSource( 1154): 	at android.app.ActivityThread.access$1500(ActivityThread.java:135)
W/ClassPathPackageInfoSource( 1154): 	at android.app.ActivityThread$H.handleMessage(ActivityThread.java:1256)
W/ClassPathPackageInfoSource( 1154): 	at android.os.Handler.dispatchMessage(Handler.java:102)
W/ClassPathPackageInfoSource( 1154): 	at android.os.Looper.loop(Looper.java:136)
W/ClassPathPackageInfoSource( 1154): 	at android.app.ActivityThread.main(ActivityThread.java:5017)
W/ClassPathPackageInfoSource( 1154): 	at java.lang.reflect.Method.invokeNative(Native Method)
W/ClassPathPackageInfoSource( 1154): 	at java.lang.reflect.Method.invoke(Method.java:515)
W/ClassPathPackageInfoSource( 1154): 	at com.android.internal.os.ZygoteInit$MethodAndArgsCaller.run(ZygoteInit.java:779)
W/ClassPathPackageInfoSource( 1154): 	at com.android.internal.os.ZygoteInit.main(ZygoteInit.java:595)
W/ClassPathPackageInfoSource( 1154): 	at dalvik.system.NativeStart.main(Native Method)
W/ClassPathPackageInfoSource( 1154): Caused by: java.lang.NoClassDefFoundError: org/apache/maven/artifact/ant/shaded/interpolation/EnvarBasedValueSource
W/ClassPathPackageInfoSource( 1154): 	... 27 more
W/ClassPathPackageInfoSource( 1154): Caused by: java.lang.ClassNotFoundException: Didn't find class "org.apache.maven.artifact.ant.shaded.interpolation.EnvarBasedValueSource" on path: DexPathList[[zip file "/system/framework/android.test.runner.jar", zip file "/data/app/com.example.chariba.test-2.apk", zip file "/data/app/com.example.chariba-2.apk"],nativeLibraryDirectories=[/data/app-lib/com.example.chariba.test-2, /data/app-lib/com.example.chariba-2, /system/lib]]
W/ClassPathPackageInfoSource( 1154): 	at dalvik.system.BaseDexClassLoader.findClass(BaseDexClassLoader.java:56)
W/ClassPathPackageInfoSource( 1154): 	at java.lang.ClassLoader.loadClass(ClassLoader.java:497)
W/ClassPathPackageInfoSource( 1154): 	at java.lang.ClassLoader.loadClass(ClassLoader.java:457)
W/ClassPathPackageInfoSource( 1154): 	... 27 more
W/dalvikvm( 1154): Link of class 'Lorg/apache/maven/artifact/ant/shaded/interpolation/Interpolator;' failed
W/ClassPathPackageInfoSource( 1154): Cannot load class. Make sure it is in your apk. Class name: 'org.apache.maven.artifact.ant.shaded.interpolation.Interpolator'. Message: org.apache.maven.artifact.ant.shaded.interpolation.Interpolator
W/ClassPathPackageInfoSource( 1154): java.lang.ClassNotFoundException: org.apache.maven.artifact.ant.shaded.interpolation.Interpolator
W/ClassPathPackageInfoSource( 1154): 	at java.lang.Class.classForName(Native Method)
W/ClassPathPackageInfoSource( 1154): 	at java.lang.Class.forName(Class.java:251)
W/ClassPathPackageInfoSource( 1154): 	at android.test.ClassPathPackageInfoSource.createPackageInfo(ClassPathPackageInfoSource.java:88)
W/ClassPathPackageInfoSource( 1154): 	at android.test.ClassPathPackageInfoSource.access$000(ClassPathPackageInfoSource.java:39)
W/ClassPathPackageInfoSource( 1154): 	at android.test.ClassPathPackageInfoSource$1.load(ClassPathPackageInfoSource.java:50)
W/ClassPathPackageInfoSource( 1154): 	at android.test.ClassPathPackageInfoSource$1.load(ClassPathPackageInfoSource.java:47)
W/ClassPathPackageInfoSource( 1154): 	at android.test.SimpleCache.get(SimpleCache.java:31)
W/ClassPathPackageInfoSource( 1154): 	at android.test.ClassPathPackageInfoSource.getPackageInfo(ClassPathPackageInfoSource.java:72)
W/ClassPathPackageInfoSource( 1154): 	at android.test.ClassPathPackageInfo.getSubpackages(ClassPathPackageInfo.java:48)
W/ClassPathPackageInfoSource( 1154): 	at android.test.ClassPathPackageInfo.addTopLevelClassesTo(ClassPathPackageInfo.java:61)
W/ClassPathPackageInfoSource( 1154): 	at android.test.ClassPathPackageInfo.getTopLevelClassesRecursive(ClassPathPackageInfo.java:55)
W/ClassPathPackageInfoSource( 1154): 	at android.test.suitebuilder.TestGrouping.testCaseClassesInPackage(TestGrouping.java:156)
W/ClassPathPackageInfoSource( 1154): 	at android.test.suitebuilder.TestGrouping.addPackagesRecursive(TestGrouping.java:117)
W/ClassPathPackageInfoSource( 1154): 	at android.test.suitebuilder.TestSuiteBuilder.includePackages(TestSuiteBuilder.java:102)
W/ClassPathPackageInfoSource( 1154): 	at android.test.InstrumentationTestRunner.onCreate(InstrumentationTestRunner.java:366)
W/ClassPathPackageInfoSource( 1154): 	at com.google.android.apps.common.testing.testrunner.GoogleInstrumentationTestRunner.onCreate(GoogleInstrumentationTestRunner.java:114)
W/ClassPathPackageInfoSource( 1154): 	at android.app.ActivityThread.handleBindApplication(ActivityThread.java:4335)
W/ClassPathPackageInfoSource( 1154): 	at android.app.ActivityThread.access$1500(ActivityThread.java:135)
W/ClassPathPackageInfoSource( 1154): 	at android.app.ActivityThread$H.handleMessage(ActivityThread.java:1256)
W/ClassPathPackageInfoSource( 1154): 	at android.os.Handler.dispatchMessage(Handler.java:102)
W/ClassPathPackageInfoSource( 1154): 	at android.os.Looper.loop(Looper.java:136)
W/ClassPathPackageInfoSource( 1154): 	at android.app.ActivityThread.main(ActivityThread.java:5017)
W/ClassPathPackageInfoSource( 1154): 	at java.lang.reflect.Method.invokeNative(Native Method)
W/ClassPathPackageInfoSource( 1154): 	at java.lang.reflect.Method.invoke(Method.java:515)
W/ClassPathPackageInfoSource( 1154): 	at com.android.internal.os.ZygoteInit$MethodAndArgsCaller.run(ZygoteInit.java:779)
W/ClassPathPackageInfoSource( 1154): 	at com.android.internal.os.ZygoteInit.main(ZygoteInit.java:595)
W/ClassPathPackageInfoSource( 1154): 	at dalvik.system.NativeStart.main(Native Method)
W/ClassPathPackageInfoSource( 1154): Caused by: java.lang.NoClassDefFoundError: org/apache/maven/artifact/ant/shaded/interpolation/Interpolator
