--------- beginning of /dev/log/main
E/logwrapper(   39): executing /system/bin/e2fsck failed: No such file or directory
E/logwrapper(   46): executing /system/bin/e2fsck failed: No such file or directory
E/cutils  (   60): Failed to read /data/.layout_version: No such file or directory
--------- beginning of /dev/log/system
W/InterfaceController(   53): Warning (dlopen failed: library "/system/lib/libnetcmdiface.so" not found) while opening the net interface command library
E/SurfaceFlinger(   56): hwcomposer module not found
W/SurfaceFlinger(   56): getting VSYNC period from fb HAL: 1536001
W/SurfaceFlinger(   56): no suitable EGLConfig found, trying a simpler query
W/SurfaceFlinger(   56): EGL_SLOW_CONFIG selected!
W/SurfaceFlinger(   56): power module not found
W/SurfaceFlinger(   56): power module not found
E/SurfaceFlinger(   56): ro.sf.lcd_density must be defined as a build property
W/AudioFlinger(   59): Thread AudioOut_2 cannot connect to the power manager service
E/AudioFlinger(   59): int android::load_audio_interface(const char*, audio_hw_device_t**) couldn't load audio hw module audio.r_submix (No such file or directory)
W/AudioPolicyManagerBase(   59): could not open HW module r_submix
E/memtrack(   57): Couldn't load memtrack module (No such file or directory)
E/android.os.Debug(   57): failed to load memtrack module: -2
W/dalvikvm(   57): Exception Ljava/lang/UnsatisfiedLinkError; thrown while initializing Landroid/media/videoeditor/MediaArtistNativeHelper;
W/Zygote  (   57): Class not found for preloading: android.media.videoeditor.MediaArtistNativeHelper
E/EmojiFactory_jni(   57): Failed to load libemoji.so: dlopen failed: library "libemoji.so" not found
W/Zygote  (   57): Class not found for preloading: java.lang.UnsafeByteSequence
E/logwrapper(  300): executing /system/bin/ip failed: No such file or directory
E/logwrapper(  301): executing /system/bin/ip failed: No such file or directory
E/logwrapper(  302): executing /system/bin/ip failed: No such file or directory
E/logwrapper(  303): executing /system/bin/ip failed: No such file or directory
E/logwrapper(  304): executing /system/bin/ip failed: No such file or directory
E/logwrapper(  305): executing /system/bin/ip failed: No such file or directory
E/logwrapper(  306): executing /system/bin/ip failed: No such file or directory
E/PowerManagerService-JNI(  381): Couldn't load power module (No such file or directory)
E/SurfaceFlinger(   56): ro.sf.lcd_density must be defined as a build property
W/FileUtils(  381): Failed to chmod(/data/system/packages.list): libcore.io.ErrnoException: chmod failed: ENOENT (No such file or directory)
W/PackageManager(  381): Running ENG build: no pre-dexopt!
W/PackageParser(  381): No actions in intent filter at /system/priv-app/Contacts.apk Binary XML file line #375
W/PackageParser(  381): No actions in intent filter at /system/priv-app/Dialer.apk Binary XML file line #162
W/ResourceType(  381): Failure getting entry for 0x7f050000 (t=4 e=0) in package 0 (error -75)
W/PackageParser(  381): No actions in intent filter at /data/app/ApiDemos.apk Binary XML file line #2899
W/PackageParser(  381): No actions in intent filter at /data/app/ApiDemos.apk Binary XML file line #2905
W/PackageManager(  381): Package com.example.android.apis desires unavailable shared library com.example.will.never.exist; ignoring!
W/PackageManager(  381): Package com.example.android.apis desires unavailable shared library com.example.will.never.exist; ignoring!
W/PackageManager(  381): Package com.android.camera desires unavailable shared library com.google.android.media.effects; ignoring!
W/PackageManager(  381): Not granting permission android.permission.GLOBAL_SEARCH to package com.android.quicksearchbox (protectionLevel=18 flags=0x8be45)
W/PackageManager(  381): Unknown permission com.android.smspush.WAPPUSH_MANAGER_BIND in package com.android.phone
W/PackageManager(  381): Unknown permission com.google.android.googleapps.permission.GOOGLE_AUTH in package com.android.providers.calendar
W/PackageManager(  381): Unknown permission com.google.android.googleapps.permission.GOOGLE_AUTH.cl in package com.android.providers.calendar
W/PackageManager(  381): Unknown permission com.google.android.googleapps.permission.GOOGLE_AUTH.mail in package com.android.calendar
W/PackageManager(  381): Not granting permission android.permission.ACCESS_DOWNLOAD_MANAGER to package com.android.browser (protectionLevel=18 flags=0x9be45)
W/PackageManager(  381): Not granting permission android.permission.SEND_DOWNLOAD_COMPLETED_INTENTS to package com.android.browser (protectionLevel=2 flags=0x9be45)
W/PackageManager(  381): Not granting permission android.permission.BIND_APPWIDGET to package com.android.widgetpreview (protectionLevel=18 flags=0x8be44)
W/PackageManager(  381): Unknown permission android.permission.INSTALL_DRM in package com.android.mms
W/PackageManager(  381): Unknown permission com.google.android.googleapps.permission.GOOGLE_AUTH in package com.android.settings
W/PackageManager(  381): Unknown permission com.google.android.googleapps.permission.ACCESS_GOOGLE_PASSWORD in package com.android.development
W/PackageManager(  381): Unknown permission com.google.android.googleapps.permission.GOOGLE_AUTH in package com.android.development
W/PackageManager(  381): Unknown permission com.google.android.googleapps.permission.GOOGLE_AUTH.ALL_SERVICES in package com.android.development
W/PackageManager(  381): Unknown permission com.google.android.googleapps.permission.GOOGLE_AUTH.YouTubeUser in package com.android.development
W/PackageManager(  381): Not granting permission android.permission.DELETE_PACKAGES to package com.svox.pico (protectionLevel=18 flags=0x8be45)
W/PackageManager(  381): Not granting permission android.permission.DEVICE_POWER to package com.android.deskclock (protectionLevel=2 flags=0x48be45)
W/EntropyMixer(  381): No existing entropy file -- first boot?
W/SyncManagerFile(  381): Error reading pending data.
W/SyncManagerFile(  381): java.io.FileNotFoundException: /data/system/sync/pending.xml: open failed: ENOENT (No such file or directory)
W/SyncManagerFile(  381): 	at libcore.io.IoBridge.open(IoBridge.java:409)
W/SyncManagerFile(  381): 	at java.io.FileInputStream.<init>(FileInputStream.java:78)
W/SyncManagerFile(  381): 	at android.util.AtomicFile.openRead(AtomicFile.java:199)
W/SyncManagerFile(  381): 	at com.android.server.content.SyncStorageEngine.readPendingOperationsLocked(SyncStorageEngine.java:2286)
W/SyncManagerFile(  381): 	at com.android.server.content.SyncStorageEngine.<init>(SyncStorageEngine.java:434)
W/SyncManagerFile(  381): 	at com.android.server.content.SyncStorageEngine.init(SyncStorageEngine.java:454)
W/SyncManagerFile(  381): 	at com.android.server.content.SyncManager.<init>(SyncManager.java:383)
W/SyncManagerFile(  381): 	at com.android.server.content.ContentService.getSyncManager(ContentService.java:75)
W/SyncManagerFile(  381): 	at com.android.server.content.ContentService.notifyChange(ContentService.java:283)
W/SyncManagerFile(  381): 	at android.content.ContentResolver.notifyChange(ContentResolver.java:1621)
W/SyncManagerFile(  381): 	at com.android.providers.settings.SettingsProvider.sendNotify(SettingsProvider.java:262)
W/SyncManagerFile(  381): 	at com.android.providers.settings.SettingsProvider.insertForUser(SettingsProvider.java:941)
W/SyncManagerFile(  381): 	at com.android.providers.settings.SettingsProvider.ensureAndroidIdIsSet(SettingsProvider.java:496)
W/SyncManagerFile(  381): 	at com.android.providers.settings.SettingsProvider.establishDbTracking(SettingsProvider.java:409)
W/SyncManagerFile(  381): 	at com.android.providers.settings.SettingsProvider.onCreate(SettingsProvider.java:335)
W/SyncManagerFile(  381): 	at android.content.ContentProvider.attachInfo(ContentProvider.java:1591)
W/SyncManagerFile(  381): 	at android.content.ContentProvider.attachInfo(ContentProvider.java:1562)
W/SyncManagerFile(  381): 	at android.app.ActivityThread.installProvider(ActivityThread.java:4790)
W/SyncManagerFile(  381): 	at android.app.ActivityThread.installContentProviders(ActivityThread.java:4385)
W/SyncManagerFile(  381): 	at android.app.ActivityThread.installSystemProviders(ActivityThread.java:4945)
W/SyncManagerFile(  381): 	at com.android.server.am.ActivityManagerService.installSystemProviders(ActivityManagerService.java:8081)
W/SyncManagerFile(  381): 	at com.android.server.ServerThread.initAndLoop(SystemServer.java:275)
W/SyncManagerFile(  381): 	at com.android.server.SystemServer.main(SystemServer.java:1179)
W/SyncManagerFile(  381): 	at java.lang.reflect.Method.invokeNative(Native Method)
W/SyncManagerFile(  381): 	at java.lang.reflect.Method.invoke(Method.java:515)
W/SyncManagerFile(  381): 	at com.android.internal.os.ZygoteInit$MethodAndArgsCaller.run(ZygoteInit.java:779)
W/SyncManagerFile(  381): 	at com.android.internal.os.ZygoteInit.main(ZygoteInit.java:595)
W/SyncManagerFile(  381): 	at dalvik.system.NativeStart.main(Native Method)
W/SyncManagerFile(  381): Caused by: libcore.io.ErrnoException: open failed: ENOENT (No such file or directory)
W/SyncManagerFile(  381): 	at libcore.io.Posix.open(Native Method)
W/SyncManagerFile(  381): 	at libcore.io.BlockGuardOs.open(BlockGuardOs.java:110)
W/SyncManagerFile(  381): 	at libcore.io.IoBridge.open(IoBridge.java:393)
W/SyncManagerFile(  381): 	... 27 more
E/ConsumerIrService(  381): Can't open consumer IR HW Module, error: -2
W/libsuspend(  381): Error writing 'on' to /sys/power/state: Invalid argument
E/libsuspend(  381): Error opening /sys/power/autosleep: No such file or directory
E/EventHub(  381): could not get driver version for /dev/input/mouse0, Not a typewriter
W/EventHub(  381): Unable to disable kernel key repeat for /dev/input/event0: Function not implemented
E/EventHub(  381): could not get driver version for /dev/input/mice, Not a typewriter
W/InputMethodManagerService(  381): No IME selected. Choose the most applicable IME.
W/MountService(  381): getSecureContainerList() called when storage not mounted
W/PackageManager(  381): Not granting permission android.permission.GLOBAL_SEARCH to package com.android.quicksearchbox (protectionLevel=18 flags=0x8be45)
W/PackageManager(  381): Unknown permission com.android.smspush.WAPPUSH_MANAGER_BIND in package com.android.phone
W/PackageManager(  381): Unknown permission com.google.android.googleapps.permission.GOOGLE_AUTH in package com.android.providers.calendar
W/PackageManager(  381): Unknown permission com.google.android.googleapps.permission.GOOGLE_AUTH.cl in package com.android.providers.calendar
W/PackageManager(  381): Unknown permission com.google.android.googleapps.permission.GOOGLE_AUTH.mail in package com.android.calendar
W/PackageManager(  381): Not granting permission android.permission.ACCESS_DOWNLOAD_MANAGER to package com.android.browser (protectionLevel=18 flags=0x9be45)
W/PackageManager(  381): Not granting permission android.permission.SEND_DOWNLOAD_COMPLETED_INTENTS to package com.android.browser (protectionLevel=2 flags=0x9be45)
W/PackageManager(  381): Not granting permission android.permission.BIND_APPWIDGET to package com.android.widgetpreview (protectionLevel=18 flags=0x8be44)
W/PackageManager(  381): Unknown permission android.permission.INSTALL_DRM in package com.android.mms
W/PackageManager(  381): Unknown permission com.google.android.googleapps.permission.GOOGLE_AUTH in package com.android.settings
W/PackageManager(  381): Unknown permission com.google.android.googleapps.permission.ACCESS_GOOGLE_PASSWORD in package com.android.development
W/PackageManager(  381): Unknown permission com.google.android.googleapps.permission.GOOGLE_AUTH in package com.android.development
W/PackageManager(  381): Unknown permission com.google.android.googleapps.permission.GOOGLE_AUTH.ALL_SERVICES in package com.android.development
W/PackageManager(  381): Unknown permission com.google.android.googleapps.permission.GOOGLE_AUTH.YouTubeUser in package com.android.development
W/PackageManager(  381): Not granting permission android.permission.DELETE_PACKAGES to package com.svox.pico (protectionLevel=18 flags=0x8be45)
W/PackageManager(  381): Not granting permission android.permission.DEVICE_POWER to package com.android.deskclock (protectionLevel=2 flags=0x48be45)
E/MobileDataStateTracker(  381): default: Ignoring feature request because could not acquire PhoneService
E/MobileDataStateTracker(  381): default: Could not enable APN type "default"
W/WallpaperService(  381): no current wallpaper -- first boot?
W/DockObserver(  381): This kernel does not have dock station support
W/WiredAccessoryManager(  381): This kernel does not have wired headset support
W/WiredAccessoryManager(  381): This kernel does not have usb audio support
W/WiredAccessoryManager(  381): This kernel does not have HDMI audio support
E/SQLiteLog(  381): (1) no such table: locksettings
W/AssetAtlasService(  381): Could not find EGL configuration
W/InputMethodManagerService(  381): Focus gain on non-focused client android.view.inputmethod.InputMethodManager$1@b364df88 (uid=1000 pid=381)
E/SoundPool(  453): error loading /system/media/audio/ui/Lock.ogg
W/KeyguardViewMediator(  453): failed to load lock sound from /system/media/audio/ui/Lock.ogg
E/SoundPool(  453): error loading /system/media/audio/ui/Unlock.ogg
W/KeyguardViewMediator(  453): failed to load unlock sound from /system/media/audio/ui/Unlock.ogg
E/memtrack(  512): Couldn't load memtrack module (No such file or directory)
E/android.os.Debug(  512): failed to load memtrack module: -2
W/ActivityManager(  381): Can't find mystery application for StrictMode from pid=524 uid=10005: android.os.BinderProxy@b3156628
E/BluetoothAdapter(  453): Bluetooth binder is null
E/BluetoothAdapter(  453): Bluetooth binder is null
E/BluetoothAdapter(  453): Bluetooth binder is null
E/NetdConnector(  381): NDC Command {1 bandwidth enable} took too long (1655ms)
E/BluetoothAdapter(  453): Bluetooth binder is null
E/BluetoothAdapter(  453): Bluetooth binder is null
E/NetdConnector(  381): NDC Command {5 firewall disable} took too long (550ms)
W/RecognitionManagerService(  381): no available voice recognition services found for user 0
W/AppWidgetServiceImpl(  381): Failed to read state: java.io.FileNotFoundException: /data/system/users/0/appwidgets.xml: open failed: ENOENT (No such file or directory)
W/InputMethodManagerService(  381): Ignoring setImeWindowStatus of uid 1000 token: null
W/InputMethodUtils(  381): Found no subtypes in a system IME: com.android.inputmethod.pinyin
W/InputMethodManagerService(  381): Reset the default IME as "Resource" is ready here.
W/InputMethodUtils(  381): Found no subtypes in a system IME: com.android.inputmethod.pinyin
W/InputMethodManagerService(  381): Illegal subtype state: old subtype = null, new subtype = android.view.inputmethod.InputMethodSubtype@c9194f98
W/GpsLocationProvider(  381): Could not open GPS configuration file /etc/gps.conf
W/ServiceWatcher(  381): com.google.android.location not found
W/ServiceWatcher(  381): com.google.android.location not found
W/ServiceWatcher(  381): com.google.android.location not found
W/LocationManagerService(  381): no network location provider found
W/ServiceWatcher(  381): com.google.android.location not found
E/FlpHardwareProvider(  381): Error hw_get_module 'flp': -2
E/LocationManagerService(  381): no geocoder provider found
W/ServiceWatcher(  381): com.google.android.location not found
E/FlpHardwareProvider(  381): Error hw_get_module 'flp': -2
W/ServiceWatcher(  381): com.google.android.location not found
E/LocationManagerService(  381): No FusedProvider found.
E/LocationManagerService(  381): no geofence provider found
W/WindowManager(  381): Window freeze timeout expired.
W/WindowManager(  381): Force clearing orientation change: Window{b366edd8 u0 StatusBar}
W/InputAttributes(  605): No editor info for this field. Bug?
W/ActivityManager(  381): Activity pause timeout for ActivityRecord{b30ab1e8 u0 com.android.settings/.CryptKeeper t1 f}
E/BluetoothAdapter(  638): Bluetooth binder is null
W/BackupManagerService(  381): dataChanged but no participant pkg='com.android.providers.settings' uid=1001
W/ActivityManager(  381): Launch timeout has expired, giving up wake lock!
E/BluetoothAdapter(  627): Bluetooth binder is null
E/BluetoothAdapter(  627): Bluetooth binder is null
E/BluetoothAdapter(  627): Bluetooth binder is null
E/SurfaceFlinger(   56): glCheckFramebufferStatusOES error 1325311506
E/SurfaceFlinger(   56): got GL_FRAMEBUFFER_COMPLETE_OES error while taking screenshot
W/Resources(  741): Converting to int: TypedValue{t=0x3/d=0x12 "4" a=-1}
W/Resources(  741): Converting to int: TypedValue{t=0x3/d=0xf "1" a=-1}
W/Resources(  741): Converting to int: TypedValue{t=0x3/d=0x15 "2" a=-1}
W/Resources(  741): Converting to int: TypedValue{t=0x3/d=0x15 "2" a=-1}
W/Launcher.LauncherProvider(  741): Unable to add favorite: com.android.camera2/com.android.camera.CameraLauncher
W/Launcher.LauncherProvider(  741): android.content.pm.PackageManager$NameNotFoundException: ComponentInfo{com.android.camera2/com.android.camera.CameraLauncher}
W/Launcher.LauncherProvider(  741): 	at android.app.ApplicationPackageManager.getActivityInfo(ApplicationPackageManager.java:242)
W/Launcher.LauncherProvider(  741): 	at com.android.launcher2.LauncherProvider$DatabaseHelper.addAppShortcut(LauncherProvider.java:939)
W/Launcher.LauncherProvider(  741): 	at com.android.launcher2.LauncherProvider$DatabaseHelper.loadFavorites(LauncherProvider.java:843)
W/Launcher.LauncherProvider(  741): 	at com.android.launcher2.LauncherProvider$DatabaseHelper.access$000(LauncherProvider.java:233)
W/Launcher.LauncherProvider(  741): 	at com.android.launcher2.LauncherProvider.loadDefaultFavoritesIfNecessary(LauncherProvider.java:228)
W/Launcher.LauncherProvider(  741): 	at com.android.launcher2.LauncherModel$LoaderTask.loadWorkspace(LauncherModel.java:1263)
W/Launcher.LauncherProvider(  741): 	at com.android.launcher2.LauncherModel$LoaderTask.loadAndBindWorkspace(LauncherModel.java:1005)
W/Launcher.LauncherProvider(  741): 	at com.android.launcher2.LauncherModel$LoaderTask.run(LauncherModel.java:1111)
W/Launcher.LauncherProvider(  741): 	at android.os.Handler.handleCallback(Handler.java:733)
W/Launcher.LauncherProvider(  741): 	at android.os.Handler.dispatchMessage(Handler.java:95)
W/Launcher.LauncherProvider(  741): 	at android.os.Looper.loop(Looper.java:136)
W/Launcher.LauncherProvider(  741): 	at android.os.HandlerThread.run(HandlerThread.java:61)
W/Launcher.LauncherProvider(  741): Unable to add favorite: com.android.gallery3d/com.android.gallery3d.app.Gallery
W/Launcher.LauncherProvider(  741): android.content.pm.PackageManager$NameNotFoundException: ComponentInfo{com.android.gallery3d/com.android.gallery3d.app.Gallery}
W/Launcher.LauncherProvider(  741): 	at android.app.ApplicationPackageManager.getActivityInfo(ApplicationPackageManager.java:242)
W/Launcher.LauncherProvider(  741): 	at com.android.launcher2.LauncherProvider$DatabaseHelper.addAppShortcut(LauncherProvider.java:939)
W/Launcher.LauncherProvider(  741): 	at com.android.launcher2.LauncherProvider$DatabaseHelper.loadFavorites(LauncherProvider.java:843)
W/Launcher.LauncherProvider(  741): 	at com.android.launcher2.LauncherProvider$DatabaseHelper.access$000(LauncherProvider.java:233)
W/Launcher.LauncherProvider(  741): 	at com.android.launcher2.LauncherProvider.loadDefaultFavoritesIfNecessary(LauncherProvider.java:228)
W/Launcher.LauncherProvider(  741): 	at com.android.launcher2.LauncherModel$LoaderTask.loadWorkspace(LauncherModel.java:1263)
W/Launcher.LauncherProvider(  741): 	at com.android.launcher2.LauncherModel$LoaderTask.loadAndBindWorkspace(LauncherModel.java:1005)
W/Launcher.LauncherProvider(  741): 	at com.android.launcher2.LauncherModel$LoaderTask.run(LauncherModel.java:1111)
W/Launcher.LauncherProvider(  741): 	at android.os.Handler.handleCallback(Handler.java:733)
W/Launcher.LauncherProvider(  741): 	at android.os.Handler.dispatchMessage(Handler.java:95)
W/Launcher.LauncherProvider(  741): 	at android.os.Looper.loop(Looper.java:136)
W/Launcher.LauncherProvider(  741): 	at android.os.HandlerThread.run(HandlerThread.java:61)
W/Launcher.Model(  741): Desktop items loading interrupted:
W/Launcher.Model(  741): java.lang.NullPointerException
W/Launcher.Model(  741): 	at com.android.launcher2.LauncherModel$LoaderTask.checkItemPlacement(LauncherModel.java:1211)
W/Launcher.Model(  741): 	at com.android.launcher2.LauncherModel$LoaderTask.loadWorkspace(LauncherModel.java:1368)
W/Launcher.Model(  741): 	at com.android.launcher2.LauncherModel$LoaderTask.loadAndBindWorkspace(LauncherModel.java:1005)
W/Launcher.Model(  741): 	at com.android.launcher2.LauncherModel$LoaderTask.run(LauncherModel.java:1111)
W/Launcher.Model(  741): 	at android.os.Handler.handleCallback(Handler.java:733)
W/Launcher.Model(  741): 	at android.os.Handler.dispatchMessage(Handler.java:95)
W/Launcher.Model(  741): 	at android.os.Looper.loop(Looper.java:136)
W/Launcher.Model(  741): 	at android.os.HandlerThread.run(HandlerThread.java:61)
E/NetdConnector(  381): NDC Command {12 bandwidth setiquota eth0 9223372036854775807} took too long (1197ms)
E/NetdConnector(  381): NDC Command {13 bandwidth removeiquota eth0} took too long (626ms)
W/WindowManager(  381): App freeze timeout expired.
W/WindowManager(  381): Force clearing freeze: AppWindowToken{b2dca758 token=Token{b3672fb8 ActivityRecord{b30a9c38 u0 com.android.launcher/com.android.launcher2.Launcher t3}}}
E/NetdConnector(  381): NDC Command {14 bandwidth setiquota eth0 9223372036854775807} took too long (1293ms)
W/WindowManager(  381): Window freeze timeout expired.
W/WindowManager(  381): Force clearing orientation change: Window{b2db1710 u0 com.android.launcher/com.android.launcher2.Launcher}
W/WindowManager(  381): Force clearing orientation change: Window{b2dc2470 u0 com.android.systemui.ImageWallpaper}
E/logwrapper(  870): executing /system/bin/ip failed: No such file or directory
E/ConnectivityService(  381): Exception trying to add a route: java.lang.IllegalStateException: command '21 interface fwmark exempt add 10.0.2.2/32' failed with '400 21 Failed to add exemption rule (File exists)'
E/logwrapper(  873): executing /system/bin/ip failed: No such file or directory
E/ConnectivityService(  381): Exception trying to add a route: java.lang.IllegalStateException: command '23 interface fwmark exempt add 10.0.2.3/32' failed with '400 23 Failed to add exemption rule (File exists)'
E/logwrapper(  874): executing /system/bin/ip failed: No such file or directory
E/SecondaryTablController(   53): ip route add failed: /system/bin/ip route add 10.0.2.2/32 via 0.0.0.0 dev eth0 table 60
W/FrameworkListener(   53): Handler 'interface' error (No such device)
E/ConnectivityService(  381): Exception trying to add a route: java.lang.IllegalStateException: command '24 interface route add eth0 secondary 10.0.2.2 32 0.0.0.0' failed with '400 24 ip route modification failed (No such device)'
E/logwrapper(  875): executing /system/bin/ip failed: No such file or directory
E/SecondaryTablController(   53): ip route add failed: /system/bin/ip route add 0.0.0.0/0 via 10.0.2.2 dev eth0 table 60
W/FrameworkListener(   53): Handler 'interface' error (No such device)
E/ConnectivityService(  381): Exception trying to add a route: java.lang.IllegalStateException: command '25 interface route add eth0 secondary 0.0.0.0 0 10.0.2.2' failed with '400 25 ip route modification failed (No such device)'
W/NetworkPolicy(  381): shared quota unsupported; generating rule for each iface
E/NetdConnector(  381): NDC Command {27 bandwidth removeiquota eth0} took too long (561ms)
E/NetdConnector(  381): NDC Command {28 bandwidth setiquota eth0 9223372036854775807} took too long (1149ms)
E/NetdConnector(  381): NDC Command {29 interface route add eth0 default 10.0.2.2 32 0.0.0.0} took too long (539ms)
E/logwrapper(  918): executing /system/bin/ip failed: No such file or directory
E/ConnectivityService(  381): Exception trying to add a route: java.lang.IllegalStateException: command '30 interface fwmark exempt add 10.0.2.2/32' failed with '400 30 Failed to add exemption rule (File exists)'
E/NetdConnector(  381): NDC Command {31 bandwidth removeiquota eth0} took too long (758ms)
W/ActivityManager(  381): No content provider found for permission revoke: file:///data/local/tmp/chariba-debug.apk
E/NetdConnector(  381): NDC Command {32 interface route add eth0 default 173.194.121.41 32 10.0.2.2} took too long (836ms)
E/NetdConnector(  381): NDC Command {33 bandwidth setiquota eth0 9223372036854775807} took too long (1060ms)
E/logwrapper(  948): executing /system/bin/ip failed: No such file or directory
E/NetdConnector(  381): NDC Command {34 interface fwmark exempt add 173.194.121.41/32} took too long (1051ms)
E/ConnectivityService(  381): Exception trying to add a route: java.lang.IllegalStateException: command '34 interface fwmark exempt add 173.194.121.41/32' failed with '400 34 Failed to add exemption rule (File exists)'
W/ActivityManager(  381): No content provider found for permission revoke: file:///data/local/tmp/chariba-debug.apk
W/ActivityManager(  381): Unable to start service Intent { cmp=com.android.email/.service.AttachmentDownloadService } U=0: not found
W/ActivityManager(  381): Unable to start service Intent { cmp=com.android.email/.service.AttachmentDownloadService } U=0: not found
W/ActivityManager(  381): Unable to start service Intent { cmp=com.android.email/.service.AttachmentDownloadService } U=0: not found
E/logwrapper(  955): executing /system/bin/ip failed: No such file or directory
E/ConnectivityService(  381): Exception trying to add a route: java.lang.IllegalStateException: command '37 interface fwmark exempt add 10.0.2.2/32' failed with '400 37 Failed to add exemption rule (File exists)'
E/logwrapper(  957): executing /system/bin/ip failed: No such file or directory
E/ConnectivityService(  381): Exception trying to add a route: java.lang.IllegalStateException: command '39 interface fwmark exempt add 173.194.121.35/32' failed with '400 39 Failed to add exemption rule (File exists)'
W/dalvikvm(  958): method Landroid/support/v7/internal/widget/ListViewCompat;.lookForSelectablePosition incorrectly overrides package-private method with same name in Landroid/widget/ListView;
E/logwrapper(  960): executing /system/bin/ip failed: No such file or directory
E/ConnectivityService(  381): Exception trying to add a route: java.lang.IllegalStateException: command '41 interface fwmark exempt add 10.0.2.2/32' failed with '400 41 Failed to add exemption rule (File exists)'
E/logwrapper(  962): executing /system/bin/ip failed: No such file or directory
E/ConnectivityService(  381): Exception trying to add a route: java.lang.IllegalStateException: command '43 interface fwmark exempt add 173.194.121.37/32' failed with '400 43 Failed to add exemption rule (File exists)'
E/logwrapper(  964): executing /system/bin/ip failed: No such file or directory
E/ConnectivityService(  381): Exception trying to add a route: java.lang.IllegalStateException: command '45 interface fwmark exempt add 10.0.2.2/32' failed with '400 45 Failed to add exemption rule (File exists)'
E/logwrapper(  966): executing /system/bin/ip failed: No such file or directory
E/ConnectivityService(  381): Exception trying to add a route: java.lang.IllegalStateException: command '47 interface fwmark exempt add 173.194.121.40/32' failed with '400 47 Failed to add exemption rule (File exists)'
W/PackageManager(  381): Unknown permission com.google.android.providers.gsf.permission.READ_GSERVICES in package com.github.ay65535.chariba
E/BluetoothAdapter(  638): Bluetooth binder is null
E/memtrack(  974): Couldn't load memtrack module (No such file or directory)
E/android.os.Debug(  974): failed to load memtrack module: -2
W/RecognitionManagerService(  381): no available voice recognition services found for user 0
E/logwrapper(  999): executing /system/bin/ip failed: No such file or directory
E/SecondaryTablController(   53): ip route del failed: /system/bin/ip route del 10.0.2.2/32 via 0.0.0.0 dev eth0 table 60
W/FrameworkListener(   53): Handler 'interface' error (No such device)
E/logwrapper( 1000): executing /system/bin/ip failed: No such file or directory
E/SecondaryTablController(   53): ip route del failed: /system/bin/ip route del 0.0.0.0/0 via 10.0.2.2 dev eth0 table 60
W/FrameworkListener(   53): Handler 'interface' error (No such device)
W/ActivityManager(  381): No content provider found for permission revoke: file:///data/local/tmp/chariba-debug-test-unaligned.apk
E/NetdConnector(  381): NDC Command {53 bandwidth removeiquota eth0} took too long (766ms)
E/NetdConnector(  381): NDC Command {55 bandwidth gettetherstats} took too long (658ms)
W/ActivityManager(  381): No content provider found for permission revoke: file:///data/local/tmp/chariba-debug-test-unaligned.apk
E/NetdConnector(  381): NDC Command {56 bandwidth setiquota eth0 9223372036854775807} took too long (1361ms)
E/NetdConnector(  381): NDC Command {57 bandwidth removeiquota eth0} took too long (702ms)
E/NetdConnector(  381): NDC Command {58 bandwidth setiquota eth0 9223372036854775807} took too long (1458ms)
W/BackupManagerService(  381): dataChanged but no participant pkg='com.android.providers.settings' uid=10020
E/BluetoothAdapter(  638): Bluetooth binder is null
W/RecognitionManagerService(  381): no available voice recognition services found for user 0
W/ContentResolver( 1042): Failed to get type for: content://com.android.calendar (Unknown URL content://com.android.calendar)
E/BluetoothAdapter(  381): Bluetooth binder is null
E/BluetoothAdapter(  381): Bluetooth binder is null
E/SoundPool(  381): error loading /system/media/audio/ui/Effect_Tick.ogg
W/AudioService(  381): Soundpool could not load file: /system/media/audio/ui/Effect_Tick.ogg
E/SoundPool(  381): error loading /system/media/audio/ui/Effect_Tick.ogg
W/AudioService(  381): Soundpool could not load file: /system/media/audio/ui/Effect_Tick.ogg
E/SoundPool(  381): error loading /system/media/audio/ui/Effect_Tick.ogg
W/AudioService(  381): Soundpool could not load file: /system/media/audio/ui/Effect_Tick.ogg
E/SoundPool(  381): error loading /system/media/audio/ui/Effect_Tick.ogg
W/AudioService(  381): Soundpool could not load file: /system/media/audio/ui/Effect_Tick.ogg
E/SoundPool(  381): error loading /system/media/audio/ui/Effect_Tick.ogg
W/AudioService(  381): Soundpool could not load file: /system/media/audio/ui/Effect_Tick.ogg
E/SoundPool(  381): error loading /system/media/audio/ui/KeypressStandard.ogg
W/AudioService(  381): Soundpool could not load file: /system/media/audio/ui/KeypressStandard.ogg
E/SoundPool(  381): error loading /system/media/audio/ui/KeypressSpacebar.ogg
W/AudioService(  381): Soundpool could not load file: /system/media/audio/ui/KeypressSpacebar.ogg
E/SoundPool(  381): error loading /system/media/audio/ui/KeypressDelete.ogg
W/AudioService(  381): Soundpool could not load file: /system/media/audio/ui/KeypressDelete.ogg
E/SoundPool(  381): error loading /system/media/audio/ui/KeypressReturn.ogg
W/AudioService(  381): Soundpool could not load file: /system/media/audio/ui/KeypressReturn.ogg
E/SoundPool(  381): error loading /system/media/audio/ui/KeypressInvalid.ogg
W/AudioService(  381): Soundpool could not load file: /system/media/audio/ui/KeypressInvalid.ogg
W/AudioService(  381): onLoadSoundEffects(), Error -1 while loading samples
E/SQLiteLog(  890): (1) no such table: files
E/WVMExtractor(   59): Failed to open libwvm.so
E/MetadataRetrieverClient(   59): failed to extract an album art
W/MediaProvider(  890): no database for scanned volume external
E/SQLiteLog(  890): (1) no such table: album_info
E/memtrack( 1133): Couldn't load memtrack module (No such file or directory)
E/android.os.Debug( 1133): failed to load memtrack module: -2
W/MediaScanner(  890): Error opening directory '/storage/sdcard/', skipping: Permission denied.
W/ActivityManager(  381): No content provider found for permission revoke: file:///data/local/tmp/chariba-debug.apk
W/ActivityManager(  381): No content provider found for permission revoke: file:///data/local/tmp/chariba-debug.apk
W/dalvikvm( 1179): method Landroid/support/v7/internal/widget/ListViewCompat;.lookForSelectablePosition incorrectly overrides pack