W/BroadcastQueue(  343): 	at com.android.server.am.BroadcastQueue.deliverToRegisteredReceiverLocked(BroadcastQueue.java:521)
W/BroadcastQueue(  343): 	at com.android.server.am.BroadcastQueue.processNextBroadcast(BroadcastQueue.java:569)
W/BroadcastQueue(  343): 	at com.android.server.am.BroadcastQueue$BroadcastHandler.handleMessage(BroadcastQueue.java:149)
W/BroadcastQueue(  343): 	at android.os.Handler.dispatchMessage(Handler.java:102)
W/BroadcastQueue(  343): 	at android.os.Looper.loop(Looper.java:135)
W/BroadcastQueue(  343): 	at android.os.HandlerThread.run(HandlerThread.java:61)
W/BroadcastQueue(  343): 	at com.android.server.ServiceThread.run(ServiceThread.java:46)
E/JavaBinder(  343): !!! FAILED BINDER TRANSACTION !!!
W/BroadcastQueue(  343): Failure sending broadcast Intent { act=android.intent.action.ANY_DATA_STATE flg=0x10 (has extras) }
W/BroadcastQueue(  343): android.os.TransactionTooLargeException
W/BroadcastQueue(  343): 	at android.os.BinderProxy.transactNative(Native Method)
W/BroadcastQueue(  343): 	at android.os.BinderProxy.transact(Binder.java:479)
W/BroadcastQueue(  343): 	at android.app.ApplicationThreadProxy.scheduleRegisteredReceiver(ApplicationThreadNative.java:1089)
W/BroadcastQueue(  343): 	at com.android.server.am.BroadcastQueue.performReceiveLocked(BroadcastQueue.java:431)
W/BroadcastQueue(  343): 	at com.android.server.am.BroadcastQueue.deliverToRegisteredReceiverLocked(BroadcastQueue.java:521)
W/BroadcastQueue(  343): 	at com.android.server.am.BroadcastQueue.processNextBroadcast(BroadcastQueue.java:569)
W/BroadcastQueue(  343): 	at com.android.server.am.BroadcastQueue$BroadcastHandler.handleMessage(BroadcastQueue.java:149)
W/BroadcastQueue(  343): 	at android.os.Handler.dispatchMessage(Handler.java:102)
W/BroadcastQueue(  343): 	at android.os.Looper.loop(Looper.java:135)
W/BroadcastQueue(  343): 	at android.os.HandlerThread.run(HandlerThread.java:61)
W/BroadcastQueue(  343): 	at com.android.server.ServiceThread.run(ServiceThread.java:46)
E/JavaBinder(  343): !!! FAILED BINDER TRANSACTION !!!
W/BroadcastQueue(  343): Failure sending broadcast Intent { act=android.intent.action.ANY_DATA_STATE flg=0x10 (has extras) }
W/BroadcastQueue(  343): android.os.TransactionTooLargeException
W/BroadcastQueue(  343): 	at android.os.BinderProxy.transactNative(Native Method)
W/BroadcastQueue(  343): 	at android.os.BinderProxy.transact(Binder.java:479)
W/BroadcastQueue(  343): 	at android.app.ApplicationThreadProxy.scheduleRegisteredReceiver(ApplicationThreadNative.java:1089)
W/BroadcastQueue(  343): 	at com.android.server.am.BroadcastQueue.performReceiveLocked(BroadcastQueue.java:431)
W/BroadcastQueue(  343): 	at com.android.server.am.BroadcastQueue.deliverToRegisteredReceiverLocked(BroadcastQueue.java:521)
W/BroadcastQueue(  343): 	at com.android.server.am.BroadcastQueue.processNextBroadcast(BroadcastQueue.java:569)
W/BroadcastQueue(  343): 	at com.android.server.am.BroadcastQueue$BroadcastHandler.handleMessage(BroadcastQueue.java:149)
W/BroadcastQueue(  343): 	at android.os.Handler.dispatchMessage(Handler.java:102)
W/BroadcastQueue(  343): 	at android.os.Looper.loop(Looper.java:135)
W/BroadcastQueue(  343): 	at android.os.HandlerThread.run(HandlerThread.java:61)
W/BroadcastQueue(  343): 	at com.android.server.ServiceThread.run(ServiceThread.java:46)
E/JavaBinder(  343): !!! FAILED BINDER TRANSACTION !!!
W/BroadcastQueue(  343): Failure sending broadcast Intent { act=android.intent.action.SERVICE_STATE flg=0x10 (has extras) }
W/BroadcastQueue(  343): android.os.TransactionTooLargeException
W/BroadcastQueue(  343): 	at android.os.BinderProxy.transactNative(Native Method)
W/BroadcastQueue(  343): 	at android.os.BinderProxy.transact(Binder.java:479)
W/BroadcastQueue(  343): 	at android.app.ApplicationThreadProxy.scheduleRegisteredReceiver(ApplicationThreadNative.java:1089)
W/BroadcastQueue(  343): 	at com.android.server.am.BroadcastQueue.performReceiveLocked(BroadcastQueue.java:431)
W/BroadcastQueue(  343): 	at com.android.server.am.BroadcastQueue.deliverToRegisteredReceiverLocked(BroadcastQueue.java:521)
W/BroadcastQueue(  343): 	at com.android.server.am.BroadcastQueue.processNextBroadcast(BroadcastQueue.java:569)
W/BroadcastQueue(  343): 	at com.android.server.am.BroadcastQueue$BroadcastHandler.handleMessage(BroadcastQueue.java:149)
W/BroadcastQueue(  343): 	at android.os.Handler.dispatchMessage(Handler.java:102)
W/BroadcastQueue(  343): 	at android.os.Looper.loop(Looper.java:135)
W/BroadcastQueue(  343): 	at android.os.HandlerThread.run(HandlerThread.java:61)
W/BroadcastQueue(  343): 	at com.android.server.ServiceThread.run(ServiceThread.java:46)
E/JavaBinder(  343): !!! FAILED BINDER TRANSACTION !!!
W/BroadcastQueue(  343): Failure sending broadcast Intent { act=android.intent.action.SERVICE_STATE flg=0x10 (has extras) }
W/BroadcastQueue(  343): android.os.TransactionTooLargeException
W/BroadcastQueue(  343): 	at android.os.BinderProxy.transactNative(Native Method)
W/BroadcastQueue(  343): 	at android.os.BinderProxy.transact(Binder.java:479)
W/BroadcastQueue(  343): 	at android.app.ApplicationThreadProxy.scheduleRegisteredReceiver(ApplicationThreadNative.java:1089)
W/BroadcastQueue(  343): 	at com.android.server.am.BroadcastQueue.performReceiveLocked(BroadcastQueue.java:431)
W/BroadcastQueue(  343): 	at com.android.server.am.BroadcastQueue.deliverToRegisteredReceiverLocked(BroadcastQueue.java:521)
W/BroadcastQueue(  343): 	at com.android.server.am.BroadcastQueue.processNextBroadcast(BroadcastQueue.java:569)
W/BroadcastQueue(  343): 	at com.android.server.am.BroadcastQueue$BroadcastHandler.handleMessage(BroadcastQueue.java:149)
W/BroadcastQueue(  343): 	at android.os.Handler.dispatchMessage(Handler.java:102)
W/BroadcastQueue(  343): 	at android.os.Looper.loop(Looper.java:135)
W/BroadcastQueue(  343): 	at android.os.HandlerThread.run(HandlerThread.java:61)
W/BroadcastQueue(  343): 	at com.android.server.ServiceThread.run(ServiceThread.java:46)
E/JavaBinder(  343): !!! FAILED BINDER TRANSACTION !!!
W/BroadcastQueue(  343): Failure sending broadcast Intent { act=android.intent.action.ANY_DATA_STATE flg=0x10 (has extras) }
W/BroadcastQueue(  343): android.os.TransactionTooLargeException
W/BroadcastQueue(  343): 	at android.os.BinderProxy.transactNative(Native Method)
W/BroadcastQueue(  343): 	at android.os.BinderProxy.transact(Binder.java:479)
W/BroadcastQueue(  343): 	at android.app.ApplicationThreadProxy.scheduleRegisteredReceiver(ApplicationThreadNative.java:1089)
W/BroadcastQueue(  343): 	at com.android.server.am.BroadcastQueue.performReceiveLocked(BroadcastQueue.java:431)
W/BroadcastQueue(  343): 	at com.android.server.am.BroadcastQueue.deliverToRegisteredReceiverLocked(BroadcastQueue.java:521)
W/BroadcastQueue(  343): 	at com.android.server.am.BroadcastQueue.processNextBroadcast(BroadcastQueue.java:569)
W/BroadcastQueue(  343): 	at com.android.server.am.BroadcastQueue$BroadcastHandler.handleMessage(BroadcastQueue.java:149)
W/BroadcastQueue(  343): 	at android.os.Handler.dispatchMessage(Handler.java:102)
W/BroadcastQueue(  343): 	at android.os.Looper.loop(Looper.java:135)
W/BroadcastQueue(  343): 	at android.os.HandlerThread.run(HandlerThread.java:61)
W/BroadcastQueue(  343): 	at com.android.server.ServiceThread.run(ServiceThread.java:46)
E/JavaBinder(  343): !!! FAILED BINDER TRANSACTION !!!
W/BroadcastQueue(  343): Failure sending broadcast Intent { act=android.intent.action.ANY_DATA_STATE flg=0x10 (has extras) }
W/BroadcastQueue(  343): android.os.TransactionTooLargeException
W/BroadcastQueue(  343): 	at android.os.BinderProxy.transactNative(Native Method)
W/BroadcastQueue(  343): 	at android.os.BinderProxy.transact(Binder.java:479)
W/BroadcastQueue(  343): 	at android.app.ApplicationThreadProxy.scheduleRegisteredReceiver(ApplicationThreadNative.java:1089)
W/BroadcastQueue(  343): 	at com.android.server.am.BroadcastQueue.performReceiveLocked(BroadcastQueue.java:431)
W/BroadcastQueue(  343): 	at com.android.server.am.BroadcastQueue.deliverToRegisteredReceiverLocked(BroadcastQueue.java:521)
W/BroadcastQueue(  343): 	at com.android.server.am.BroadcastQueue.processNextBroadcast(BroadcastQueue.java:569)
W/BroadcastQueue(  343): 	at com.android.server.am.BroadcastQueue$BroadcastHandler.handleMessage(BroadcastQueue.java:149)
W/BroadcastQueue(  343): 	at android.os.Handler.dispatchMessage(Handler.java:102)
W/BroadcastQueue(  343): 	at android.os.Looper.loop(Looper.java:135)
W/BroadcastQueue(  343): 	at android.os.HandlerThread.run(HandlerThread.java:61)
W/BroadcastQueue(  343): 	at com.android.server.ServiceThread.run(ServiceThread.java:46)
E/JavaBinder(  343): !!! FAILED BINDER TRANSACTION !!!
W/BroadcastQueue(  343): Failure sending broadcast Intent { act=android.intent.action.ANY_DATA_STATE flg=0x10 (has extras) }
W/BroadcastQueue(  343): android.os.TransactionTooLargeException
W/BroadcastQueue(  343): 	at android.os.BinderProxy.transactNative(Native Method)
W/BroadcastQueue(  343): 	at android.os.BinderProxy.transact(Binder.java:479)
W/BroadcastQueue(  343): 	at android.app.ApplicationThreadProxy.scheduleRegisteredReceiver(ApplicationThreadNative.java:1089)
W/BroadcastQueue(  343): 	at com.android.server.am.BroadcastQueue.performReceiveLocked(BroadcastQueue.java:431)
W/BroadcastQueue(  343): 	at com.android.server.am.BroadcastQueue.deliverToRegisteredReceiverLocked(BroadcastQueue.java:521)
W/BroadcastQueue(  343): 	at com.android.server.am.BroadcastQueue.processNextBroadcast(BroadcastQueue.java:569)
W/BroadcastQueue(  343): 	at com.android.server.am.BroadcastQueue$BroadcastHandler.handleMessage(BroadcastQueue.java:149)
W/BroadcastQueue(  343): 	at android.os.Handler.dispatchMessage(Handler.java:102)
W/BroadcastQueue(  343): 	at android.os.Looper.loop(Looper.java:135)
W/BroadcastQueue(  343): 	at android.os.HandlerThread.run(HandlerThread.java:61)
W/BroadcastQueue(  343): 	at com.android.server.ServiceThread.run(ServiceThread.java:46)
E/JavaBinder(  343): !!! FAILED BINDER TRANSACTION !!!
W/BroadcastQueue(  343): Failure sending broadcast Intent { act=android.intent.action.ANY_DATA_STATE flg=0x10 (has extras) }
W/BroadcastQueue(  343): android.os.TransactionTooLargeException
W/BroadcastQueue(  343): 	at android.os.BinderProxy.transactNative(Native Method)
W/BroadcastQueue(  343): 	at android.os.BinderProxy.transact(Binder.java:479)
W/BroadcastQueue(  343): 	at android.app.ApplicationThreadProxy.scheduleRegisteredReceiver(ApplicationThreadNative.java:1089)
W/BroadcastQueue(  343): 	at com.android.server.am.BroadcastQueue.performReceiveLocked(BroadcastQueue.java:431)
W/BroadcastQueue(  343): 	at com.android.server.am.BroadcastQueue.deliverToRegisteredReceiverLocked(BroadcastQueue.java:521)
W/BroadcastQueue(  343): 	at com.android.server.am.BroadcastQueue.processNextBroadcast(BroadcastQueue.java:569)
W/BroadcastQueue(  343): 	at com.android.server.am.BroadcastQueue$BroadcastHandler.handleMessage(BroadcastQueue.java:149)
W/BroadcastQueue(  343): 	at android.os.Handler.dispatchMessage(Handler.java:102)
W/BroadcastQueue(  343): 	at android.os.Looper.loop(Looper.java:135)
W/BroadcastQueue(  343): 	at android.os.HandlerThread.run(HandlerThread.java:61)
W/BroadcastQueue(  343): 	at com.android.server.ServiceThread.run(ServiceThread.java:46)
E/JavaBinder(  343): !!! FAILED BINDER TRANSACTION !!!
W/BroadcastQueue(  343): Failure sending broadcast Intent { act=android.intent.action.ANY_DATA_STATE flg=0x10 (has extras) }
W/BroadcastQueue(  343): android.os.TransactionTooLargeException
W/BroadcastQueue(  343): 	at android.os.BinderProxy.transactNative(Native Method)
W/BroadcastQueue(  343): 	at android.os.BinderProxy.transact(Binder.java:479)
W/BroadcastQueue(  343): 	at android.app.ApplicationThreadProxy.scheduleRegisteredReceiver(ApplicationThreadNative.java:1089)
W/BroadcastQueue(  343): 	at com.android.server.am.BroadcastQueue.performReceiveLocked(BroadcastQueue.java:431)
W/BroadcastQueue(  343): 	at com.android.server.am.BroadcastQueue.deliverToRegisteredReceiverLocked(BroadcastQueue.java:521)
W/BroadcastQueue(  343): 	at com.android.server.am.BroadcastQueue.processNextBroadcast(BroadcastQueue.java:569)
W/BroadcastQueue(  343): 	at com.android.server.am.BroadcastQueue$BroadcastHandler.handleMessage(BroadcastQueue.java:149)
W/BroadcastQueue(  343): 	at android.os.Handler.dispatchMessage(Handler.java:102)
W/BroadcastQueue(  343): 	at android.os.Looper.loop(Looper.java:135)
W/BroadcastQueue(  343): 	at android.os.HandlerThread.run(HandlerThread.java:61)
W/BroadcastQueue(  343): 	at com.android.server.ServiceThread.run(ServiceThread.java:46)
E/JavaBinder(  343): !!! FAILED BINDER TRANSACTION !!!
W/BroadcastQueue(  343): Failure sending broadcast Intent { act=android.intent.action.ANY_DATA_STATE flg=0x10 (has extras) }
W/BroadcastQueue(  343): android.os.TransactionTooLargeException
W/BroadcastQueue(  343): 	at android.os.BinderProxy.transactNative(Native Method)
W/BroadcastQueue(  343): 	at android.os.BinderProxy.transact(Binder.java:479)
W/BroadcastQueue(  343): 	at android.app.ApplicationThreadProxy.scheduleRegisteredReceiver(ApplicationThreadNative.java:1089)
W/BroadcastQueue(  343): 	at com.android.server.am.BroadcastQueue.performReceiveLocked(BroadcastQueue.java:431)
W/BroadcastQueue(  343): 	at com.android.server.am.BroadcastQueue.deliverToRegisteredReceiverLocked(BroadcastQueue.java:521)
W/BroadcastQueue(  343): 	at com.android.server.am.BroadcastQueue.processNextBroadcast(BroadcastQueue.java:569)
W/BroadcastQueue(  343): 	at com.android.server.am.BroadcastQueue$BroadcastHandler.handleMessage(BroadcastQueue.java:149)
W/BroadcastQueue(  343): 	at android.os.Handler.dispatchMessage(Handler.java:102)
W/BroadcastQueue(  343): 	at android.os.Looper.loop(Looper.java:135)
W/BroadcastQueue(  343): 	at android.os.HandlerThread.run(HandlerThread.java:61)
W/BroadcastQueue(  343): 	at com.android.server.ServiceThread.run(ServiceThread.java:46)
E/JavaBinder(  343): !!! FAILED BINDER TRANSACTION !!!
W/BroadcastQueue(  343): Failure sending broadcast Intent { act=android.intent.action.ANY_DATA_STATE flg=0x10 (has extras) }
W/BroadcastQueue(  343): android.os.TransactionTooLargeException
W/BroadcastQueue(  343): 	at android.os.BinderProxy.transactNative(Native Method)
W/BroadcastQueue(  343): 	at android.os.BinderProxy.transact(Binder.java:479)
W/BroadcastQueue(  343): 	at android.app.ApplicationThreadProxy.scheduleRegisteredReceiver(ApplicationThreadNative.java:1089)
W/BroadcastQueue(  343): 	at com.android.server.am.BroadcastQueue.performReceiveLocked(BroadcastQueue.java:431)
W/BroadcastQueue(  343): 	at com.android.server.am.BroadcastQueue.deliverToRegisteredReceiverLocked(BroadcastQueue.java:521)
W/BroadcastQueue(  343): 	at com.android.server.am.BroadcastQueue.processNextBroadcast(BroadcastQueue.java:569)
W/BroadcastQueue(  343): 	at com.android.server.am.BroadcastQueue$BroadcastHandler.handleMessage(BroadcastQueue.java:149)
W/BroadcastQueue(  343): 	at android.os.Handler.dispatchMessage(Handler.java:102)
W/BroadcastQueue(  343): 	at android.os.Looper.loop(Looper.java:135)
W/BroadcastQueue(  343): 	at android.os.HandlerThread.run(HandlerThread.java:61)
W/BroadcastQueue(  343): 	at com.android.server.ServiceThread.run(ServiceThread.java:46)
E/JavaBinder(  343): !!! FAILED BINDER TRANSACTION !!!
W/BroadcastQueue(  343): Failure sending broadcast Intent { act=android.intent.action.ANY_DATA_STATE flg=0x10 (has extras) }
W/BroadcastQueue(  343): android.os.TransactionTooLargeException
W/BroadcastQueue(  343): 	at android.os.BinderProxy.transactNative(Native Method)
W/BroadcastQueue(  343): 	at android.os.BinderProxy.transact(Binder.java:479)
W/BroadcastQueue(  343): 	at android.app.ApplicationThreadProxy.scheduleRegisteredReceiver(ApplicationThreadNative.java:1089)
W/BroadcastQueue(  343): 	at com.android.server.am.BroadcastQueue.performReceiveLocked(BroadcastQueue.java:431)
W/BroadcastQueue(  343): 	at com.android.server.am.BroadcastQueue.deliverToRegisteredReceiverLocked(BroadcastQueue.java:521)
W/BroadcastQueue(  343): 	at com.android.server.am.BroadcastQueue.processNextBroadcast(BroadcastQueue.java:569)
W/BroadcastQueue(  343): 	at com.android.server.am.BroadcastQueue$BroadcastHandler.handleMessage(BroadcastQueue.java:149)
W/BroadcastQueue(  343): 	at android.os.Handler.dispatchMessage(Handler.java:102)
W/BroadcastQueue(  343): 	at android.os.Looper.loop(Looper.java:135)
W/BroadcastQueue(  343): 	at android.os.HandlerThread.run(HandlerThread.java:61)
W/BroadcastQueue(  343): 	at com.android.server.ServiceThread.run(ServiceThread.java:46)
E/JavaBinder(  343): !!! FAILED BINDER TRANSACTION !!!
W/BroadcastQueue(  343): Failure sending broadcast Intent { act=android.intent.action.ANY_DATA_STATE flg=0x10 (has extras) }
W/BroadcastQueue(  343): android.os.TransactionTooLargeException
W/BroadcastQueue(  343): 	at android.os.BinderProxy.transactNative(Native Method)
W/BroadcastQueue(  343): 	at android.os.BinderProxy.transact(Binder.java:479)
W/BroadcastQueue(  343): 	at android.app.ApplicationThreadProxy.scheduleRegisteredReceiver(ApplicationThreadNative.java:1089)
W/BroadcastQueue(  343): 	at com.android.server.am.BroadcastQueue.performReceiveLocked(BroadcastQueue.java:431)
W/BroadcastQueue(  343): 	at com.android.server.am.BroadcastQueue.deliverToRegisteredReceiverLocked(BroadcastQueue.java:521)
W/BroadcastQueue(  343): 	at com.android.server.am.BroadcastQueue.processNextBroadcast(BroadcastQueue.java:569)
W/BroadcastQueue(  343): 	at com.android.server.am.BroadcastQueue$BroadcastHandler.handleMessage(BroadcastQueue.java:149)
W/BroadcastQueue(  343): 	at android.os.Handler.dispatchMessage(Handler.java:102)
W/BroadcastQueue(  343): 	at android.os.Looper.loop(Looper.java:135)
W/BroadcastQueue(  343): 	at android.os.HandlerThread.run(HandlerThread.java:61)
W/BroadcastQueue(  343): 	at com.android.server.ServiceThread.run(ServiceThread.java:46)
E/JavaBinder(  343): !!! FAILED BINDER TRANSACTION !!!
W/BroadcastQueue(  343): Failure sending broadcast Intent { act=android.intent.action.ANY_DATA_STATE flg=0x10 (has extras) }
W/BroadcastQueue(  343): android.os.TransactionTooLargeException
W/BroadcastQueue(  343): 	at android.os.BinderProxy.transactNative(Native Method)
W/BroadcastQueue(  343): 	at android.os.BinderProxy.transact(Binder.java:479)
W/BroadcastQueue(  343): 	at android.app.ApplicationThreadProxy.scheduleRegisteredReceiver(ApplicationThreadNative.java:1089)
W/BroadcastQueue(  343): 	at com.android.server.am.BroadcastQueue.performReceiveLocked(BroadcastQueue.java:431)
W/BroadcastQueue(  343): 	at com.android.server.am.BroadcastQueue.deliverToRegisteredReceiverLocked(BroadcastQueue.java:521)
W/BroadcastQueue(  343): 	at com.android.server.am.BroadcastQueue.processNextBroadcast(BroadcastQueue.java:569)
W/BroadcastQueue(  343): 	at com.android.server.am.BroadcastQueue$BroadcastHandler.handleMessage(BroadcastQueue.java:149)
W/BroadcastQueue(  343): 	at android.os.Handler.dispatchMessage(Handler.java:102)
W/BroadcastQueue(  343): 	at android.os.Looper.loop(Looper.java:135)
W/BroadcastQueue(  343): 	at android.os.HandlerThread.run(HandlerThread.java:61)
W/BroadcastQueue(  343): 	at com.android.server.ServiceThread.run(ServiceThread.java:46)
E/JavaBinder(  343): !!! FAILED BINDER TRANSACTION !!!
W/BroadcastQueue(  343): Failure sending broadcast Intent { act=android.intent.action.ANY_DATA_STATE flg=0x10 (has extras) }
W/BroadcastQueue(  343): android.os.TransactionTooLargeException
W/BroadcastQueue(  343): 	at android.os.BinderProxy.transactNative(Native Method)
W/BroadcastQueue(  343): 	at android.os.BinderProxy.transact(Binder.java:479)
W/BroadcastQueue(  343): 	at android.app.ApplicationThreadProxy.scheduleRegisteredReceiver(ApplicationThreadNative.java:1089)
W/BroadcastQueue(  343): 	at com.android.server.am.BroadcastQueue.performReceiveLocked(BroadcastQueue.java:431)
W/BroadcastQueue(  343): 	at com.android.server.am.BroadcastQueue.deliverToRegisteredReceiverLocked(BroadcastQueue.java:521)
W/BroadcastQueue(  343): 	at com.android.server.am.BroadcastQueue.processNextBroadcast(BroadcastQueue.java:569)
W/BroadcastQueue(  343): 	at com.android.server.am.BroadcastQueue$BroadcastHandler.handleMessage(BroadcastQueue.java:149)
W/BroadcastQueue(  343): 	at android.os.Handler.dispatchMessage(Handler.java:102)
W/BroadcastQueue(  343): 	at android.os.Looper.loop(Looper.java:135)
W/BroadcastQueue(  343): 	at android.os.HandlerThread.run(HandlerThread.java:61)
W/BroadcastQueue(  343): 	at com.android.server.ServiceThread.run(ServiceThread.java:46)
E/JavaBinder(  343): !!! FAILED BINDER TRANSACTION !!!
W/BroadcastQueue(  343): Failure sending broadcast Intent { act=android.intent.action.ANY_DATA_STATE flg=0x10 (has extras) }
W/BroadcastQueue(  343): android.os.TransactionTooLargeException
W/BroadcastQueue(  343): 	at android.os.BinderProxy.transactNative(Native Method)
W/BroadcastQueue(  343): 	at android.os.BinderProxy.transact(Binder.java:479)
W/BroadcastQueue(  343): 	at android.app.ApplicationThreadProxy.scheduleRegisteredReceiver(ApplicationThreadNative.java:1089)
W/BroadcastQueue(  343): 	at com.android.server.am.BroadcastQueue.performReceiveLocked(BroadcastQueue.java:431)
W/BroadcastQueue(  343): 	at com.android.server.am.BroadcastQueue.deliverToRegisteredReceiverLocked(BroadcastQueue.java:521)
W/BroadcastQueue(  343): 	at com.android.server.am.BroadcastQueue.processNextBroadcast(BroadcastQueue.java:569)
W/BroadcastQueue(  343): 	at com.android.server.am.BroadcastQueue$BroadcastHandler.handleMessage(BroadcastQueue.java:149)
W/BroadcastQueue(  343): 	at android.os.Handler.dispatchMessage(Handler.java:102)
W/BroadcastQueue(  343): 	at android.os.Looper.loop(Looper.java:135)
W/BroadcastQueue(  343): 	at android.os.HandlerThread.run(HandlerThread.java:61)
W/BroadcastQueue(  343): 	at com.android.server.ServiceThread.run(ServiceThread.java:46)
E/JavaBinder(  343): !!! FAILED BINDER TRANSACTION !!!
W/BroadcastQueue(  343): Failure sending broadcast Intent { act=android.intent.action.ANY_DATA_STATE flg=0x10 (has extras) }
W/BroadcastQueue(  343): android.os.TransactionTooLargeException
W/BroadcastQueue(  343): 	at android.os.BinderProxy.transactNative(Native Method)
W/BroadcastQueue(  343): 	at android.os.BinderProxy.transact(Binder.java:479)
W/BroadcastQueue(  343): 	at android.app.ApplicationThreadProxy.scheduleRegisteredReceiver(ApplicationThreadNative.java:1089)
W/BroadcastQueue(  343): 	at com.android.server.am.BroadcastQueue.performReceiveLocked(BroadcastQueue.java:431)
W/BroadcastQueue(  343): 	at com.android.server.am.BroadcastQueue.deliverToRegisteredReceiverLocked(BroadcastQueue.java:521)
W/BroadcastQueue(  343): 	at com.android.server.am.BroadcastQueue.processNextBroadcast(BroadcastQueue.java:569)
W/BroadcastQueue(  343): 	at com.android.server.am.BroadcastQueue$BroadcastHandler.handleMessage(BroadcastQueue.java:149)
W/BroadcastQueue(  343): 	at android.os.Handler.dispatchMessage(Handler.java:102)
W/BroadcastQueue(  343): 	at android.os.Looper.loop(Looper.java:135)
W/BroadcastQueue(  343): 	at android.os.HandlerThread.run(HandlerThread.java:61)
W/BroadcastQueue(  343): 	at com.android.server.ServiceThread.run(ServiceThread.java:46)
E/JavaBinder(  343): !!! FAILED BINDER TRANSACTION !!!
W/BroadcastQueue(  343): Failure sending broadcast Intent { act=android.intent.action.ANY_DATA_STATE flg=0x10 (has extras) }
W/BroadcastQueue(  343): android.os.TransactionTooLargeException
W/BroadcastQueue(  343): 	at android.os.BinderProxy.transactNative(Native Method)
W/BroadcastQueue(  343): 	at android.os.BinderProxy.transact(Binder.java:479)
W/BroadcastQueue(  343): 	at android.app.ApplicationThreadProxy.scheduleRegisteredReceiver(ApplicationThreadNative.java:1089)
W/BroadcastQueue(  343): 	at com.android.server.am.BroadcastQueue.performReceiveLocked(BroadcastQueue.java:431)
W/BroadcastQueue(  343): 	at com.android.server.am.BroadcastQueue.deliverToRegisteredReceiverLocked(BroadcastQueue.java:521)
W/BroadcastQueue(  343): 	at com.android.server.am.BroadcastQueue.processNextBroadcast(BroadcastQueue.java:569)
W/BroadcastQueue(  343): 	at com.android.server.am.BroadcastQueue$BroadcastHandler.handleMessage(BroadcastQueue.java:149)
W/BroadcastQueue(  343): 	at android.os.Handler.dispatchMessage(Handler.java:102)
W/BroadcastQueue(  343): 	at android.os.Looper.loop(Looper.java:135)
W/BroadcastQueue(  343): 	at android.os.HandlerThread.run(HandlerThread.java:61)
W/BroadcastQueue(  343): 	at com.android.server.ServiceThread.run(ServiceThread.java:46)
E/JavaBinder(  343): !!! FAILED BINDER TRANSACTION !!!
W/BroadcastQueue(  343): Failure sending broadcast Intent { act=android.intent.action.ANY_DATA_STATE flg=0x10 (has extras) }
W/BroadcastQueue(  343): android.os.TransactionTooLargeException
W/BroadcastQueue(  343): 	at android.os.BinderProxy.transactNative(Native Method)
W/BroadcastQueue(  343): 	at android.os.BinderProxy.transact(Binder.java:479)
W/BroadcastQueue(  343): 	at android.app.ApplicationThreadProxy.scheduleRegisteredReceiver(ApplicationThreadNative.java:1089)
W/BroadcastQueue(  343): 	at com.android.server.am.BroadcastQueue.performReceiveLocked(BroadcastQueue.java:431)
W/BroadcastQueue(  343): 	at com.android.server.am.BroadcastQueue.deliverToRegisteredReceiverLocked(BroadcastQueue.java:521)
W/BroadcastQueue(  343): 	at com.android.server.am.BroadcastQueue.processNextBroadcast(BroadcastQueue.java:569)
W/BroadcastQueue(  343): 	at com.android.server.am.BroadcastQueue$BroadcastHandler.handleMessage(BroadcastQueue.java:149)
W/BroadcastQueue(  343): 	at android.os.Handler.dispatchMessage(Handler.java:102)
W/BroadcastQueue(  343): 	at android.os.Looper.loop(Looper.java:135)
W/BroadcastQueue(  343): 	at android.os.HandlerThread.run(HandlerThread.java:61)
W/BroadcastQueue(  343): 	at com.android.server.ServiceThread.run(ServiceThread.java:46)
E/JavaBinder(  343): !!! FAILED BINDER TRANSACTION !!!
W/BroadcastQueue(  343): Failure sending broadcast Intent { act=android.intent.action.ANY_DATA_STATE flg=0x10 (has extras) }
W/BroadcastQueue(  343): android.os.TransactionTooLargeException
W/BroadcastQueue(  343): 	at android.os.BinderProxy.transactNative(Native Method)
W/BroadcastQueue(  343): 	at android.os.BinderProxy.transact(Binder.java:479)
W/BroadcastQueue(  343): 	at android.app.ApplicationThreadProxy.scheduleRegisteredReceiver(ApplicationThreadNative.java:1089)
W/BroadcastQueue(  343): 	at com.android.server.am.BroadcastQueue.performReceiveLocked(BroadcastQueue.java:431)
W/BroadcastQueue(  343): 	at com.android.server.am.BroadcastQueue.deliverToRegisteredReceiverLocked(BroadcastQueue.java:521)
W/BroadcastQueue(  343): 	at com.android.server.am.BroadcastQueue.processNextBroadcast(BroadcastQueue.java:569)
W/BroadcastQueue(  343): 	at com.android.server.am.BroadcastQueue$BroadcastHandler.handleMessage(BroadcastQueue.java:149)
W/BroadcastQueue(  343): 	at android.os.Handler.dispatchMessage(Handler.java:102)
W/BroadcastQueue(  343): 	at android.os.Looper.loop(Looper.java:135)
W/BroadcastQueue(  343): 	at android.os.HandlerThread.run(HandlerThread.java:61)
W/BroadcastQueue(  343): 	at com.android.server.ServiceThread.run(ServiceThread.java:46)
E/JavaBinder(  343): !!! FAILED BINDER TRANSACTION !!!
W/BroadcastQueue(  343): Failure sending broadcast Intent { act=android.intent.action.ANY_DATA_STATE flg=0x10 (has extras) }
W/BroadcastQueue(  343): android.os.TransactionTooLargeException
W/BroadcastQueue(  343): 	at android.os.BinderProxy.transactNative(Native Method)
W/BroadcastQueue(  343): 	at android.os.BinderProxy.transact(Binder.java:479)
W/BroadcastQueue(  343): 	at android.app.ApplicationThreadProxy.scheduleRegisteredReceiver(ApplicationThreadNative.java:1089)
W/BroadcastQueue(  343): 	at com.android.server.am.BroadcastQueue.performReceiveLocked(BroadcastQueue.java:431)
W/BroadcastQueue(  343): 	at com.android.server.am.BroadcastQueue.deliverToRegisteredReceiverLocked(BroadcastQueue.java:521)
W/BroadcastQueue(  343): 	at com.android.server.am.BroadcastQueue.processNextBroadcast(BroadcastQueue.java:569)
W/BroadcastQueue(  343): 	at com.android.server.am.BroadcastQueue$BroadcastHandler.handleMessage(BroadcastQueue.java:149)
W/BroadcastQueue(  343): 	at android.os.Handler.dispatchMessage(Handler.java:102)
W/BroadcastQueue(  343): 	at android.os.Looper.loop(Looper.java:135)
W/BroadcastQueue(  343): 	at android.os.HandlerThread.run(HandlerThread.java:61)
W/BroadcastQueue(  343): 	at com.android.server.ServiceThread.run(ServiceThread.java:46)
E/JavaBinder(  343): !!! FAILED BINDER TRANSACTION !!!
W/BroadcastQueue(  343): Failure sending broadcast Intent { act=android.intent.action.ANY_DATA_STATE flg=0x10 (has extras) }
W/BroadcastQueue(  343): android.os.TransactionTooLargeException
W/BroadcastQueue(  343): 	at android.os.BinderProxy.transactNative(Native Method)
W/BroadcastQueue(  343): 	at android.os.BinderProxy.transact(Binder.java:479)
W/BroadcastQueue(  343): 	at android.app.ApplicationThreadProxy.scheduleRegisteredReceiver(ApplicationThreadNative.java:1089)
W/BroadcastQueue(  343): 	at com.android.server.am.BroadcastQueue.performReceiveLocked(BroadcastQueue.java:431)
W/BroadcastQueue(  343): 	at com.android.server.am.BroadcastQueue.deliverToRegisteredReceiverLocked(BroadcastQueue.java:521)
W/BroadcastQueue(  343): 	at com.android.server.am.BroadcastQueue.processNextBroadcast(BroadcastQueue.java:569)
W/BroadcastQueue(  343): 	at com.android.server.am.BroadcastQueue$BroadcastHandler.handleMessage(BroadcastQueue.java:149)
W/BroadcastQueue(  343): 	at android.os.Handler.dispatchMessage(Handler.java:102)
W/BroadcastQueue(  343): 	at android.os.Looper.loop(Looper.java:135)
W/BroadcastQueue(  343): 	at android.os.HandlerThread.run(HandlerThread.java:61)
W/BroadcastQueue(  343): 	at com.android.server.ServiceThread.run(ServiceThread.java:46)
E/JavaBinder(  343): !!! FAILED BINDER TRANSACTION !!!
W/BroadcastQueue(  343): Failure sending broadcast Intent { act=android.intent.action.ANY_DATA_STATE flg=0x10 (has extras) }
W/BroadcastQueue(  343): android.os.TransactionTooLargeException
W/BroadcastQueue(  343): 	at android.os.BinderProxy.transactNative(Native Method)
W/BroadcastQueue(  343): 	at android.os.BinderProxy.transact(Binder.java:479)
W/BroadcastQueue(  343): 	at android.app.ApplicationThreadProxy.scheduleRegisteredReceiver(ApplicationThreadNative.java:1089)
W/BroadcastQueue(  343): 	at com.android.server.am.BroadcastQueue.performReceiveLocked(BroadcastQueue.java:431)
W/BroadcastQueue(  343): 	at com.android.server.am.BroadcastQueue.deliverToRegisteredReceiverLocked(BroadcastQueue.java:521)
W/BroadcastQueue(  343): 	at com.android.server.am.BroadcastQueue.processNextBroadcast(BroadcastQueue.java:569)
W/BroadcastQueue(  343): 	at com.android.server.am.BroadcastQueue$BroadcastHandler.handleMessage(BroadcastQueue.java:149)
W/BroadcastQueue(  343): 	at android.os.Handler.dispatchMessage(Handler.java:102)
W/BroadcastQueue(  343): 	at android.os.Looper.loop(Looper.java:135)
W/BroadcastQueue(  343): 	at android.os.HandlerThread.run(HandlerThread.java:61)
W/BroadcastQueue(  343): 	at com.android.server.ServiceThread.run(ServiceThread.java:46)
E/JavaBinder(  343): !!! FAILED BINDER TRANSACTION !!!
W/BroadcastQueue(  343): Failure sending broadcast Intent { act=android.intent.action.ANY_DATA_STATE flg=0x10 (has extras) }
W/BroadcastQueue(  343): android.os.TransactionTooLargeException
W/BroadcastQueue(  343): 	at android.os.BinderProxy.transactNative(Native Method)
W/BroadcastQueue(  343): 	at android.os.BinderProxy.transact(Binder.java:479)
W/BroadcastQueue(  343): 	at android.app.ApplicationThreadProxy.scheduleRegisteredReceiver(ApplicationThreadNative.java:1089)
W/BroadcastQueue(  343): 	at com.android.server.am.BroadcastQueue.performReceiveLocked(BroadcastQueue.java:431)
W/BroadcastQueue(  343): 	at com.android.server.am.BroadcastQueue.deliverToRegisteredReceiverLocked(BroadcastQueue.java:521)
W/BroadcastQueue(  343): 	at com.android.server.am.BroadcastQueue.processNextBroadcast(BroadcastQueue.java:569)
W/BroadcastQueue(  343): 	at com.android.server.am.BroadcastQueue$BroadcastHandler.handleMessage(BroadcastQueue.java:149)
W/BroadcastQueue(  343): 	at android.os.Handler.dispatchMessage(Handler.java:102)
W/BroadcastQueue(  343): 	at android.os.Looper.loop(Looper.java:135)
W/BroadcastQueue(  343): 	at android.os.HandlerThread.run(HandlerThread.java:61)
W/BroadcastQueue(  343): 	at com.android.server.ServiceThread.run(ServiceThread.java:46)
E/JavaBinder(  343): !!! FAILED BINDER TRANSACTION !!!
W/BroadcastQueue(  343): Failure sending broadcast Intent { act=android.intent.action.ANY_DATA_STATE flg=0x10 (has extras) }
W/BroadcastQueue(  343): android.os.TransactionTooLargeException
W/BroadcastQueue(  343): 	at android.os.BinderProxy.transactNative(Native Method)
W/BroadcastQueue(  343): 	at android.os.BinderProxy.transact(Binder.java:479)
W/BroadcastQueue(  343): 	at android.app.ApplicationThreadProxy.scheduleRegisteredReceiver(ApplicationThreadNative.java:1089)
W/BroadcastQueue(  343): 	at com.android.server.am.BroadcastQueue.performReceiveLocked(BroadcastQueue.java:431)
W/BroadcastQueue(  343): 	at com.android.server.am.BroadcastQueue.deliverToRegisteredReceiverLocked(BroadcastQueue.java:521)
W/BroadcastQueue(  343): 	at com.android.server.am.BroadcastQueue.processNextBroadcast(BroadcastQueue.java:569)
W/BroadcastQueue(  343): 	at com.android.server.am.BroadcastQueue$BroadcastHandler.handleMessage(BroadcastQueue.java:149)
W/BroadcastQueue(  343): 	at android.os.Handler.dispatchMessage(Handler.java:102)
W/BroadcastQueue(  343): 	at android.os.Looper.loop(Looper.java:135)
W/BroadcastQueue(  343): 	at android.os.HandlerThread.run(HandlerThread.java:61)
W/BroadcastQueue(  343): 	at com.android.server.ServiceThread.run(ServiceThread.java:46)
E/JavaBinder(  343): !!! FAILED BINDER TRANSACTION !!!
W/BroadcastQueue(  343): Failure sending broadcast Intent { act=android.intent.action.ANY_DATA_STATE flg=0x10 (has extras) }
W/BroadcastQueue(  343): android.os.TransactionTooLargeException
W/BroadcastQueue(  343): 	at android.os.BinderProxy.transactNative(Native Method)
W/BroadcastQueue(  343): 	at android.os.BinderProxy.transact(Binder.java:479)
W/BroadcastQueue(  343): 	at android.app.ApplicationThreadProxy.scheduleRegisteredReceiver(ApplicationThreadNative.java:1089)
W/BroadcastQueue(  343): 	at com.android.server.am.BroadcastQueue.performReceiveLocked(BroadcastQueue.java:431)
W/BroadcastQueue(  343): 	at com.android.server.am.BroadcastQueue.deliverToRegisteredReceiverLocked(BroadcastQueue.java:521)
W/BroadcastQueue(  343): 	at com.android.server.am.BroadcastQueue.processNextBroadcast(BroadcastQueue.java:569)
W/BroadcastQueue(  343): 	at com.android.server.am.BroadcastQueue$BroadcastHandler.handleMessage(BroadcastQueue.java:149)
W/BroadcastQueue(  343): 	at android.os.Handler.dispatchMessage(Handler.java:102)
W/BroadcastQueue(  343): 	at android.os.Looper.loop(Looper.java:135)
W/BroadcastQueue(  343): 	at android.os.HandlerThread.run(HandlerThread.java:61)
W/BroadcastQueue(  343): 	at com.android.server.ServiceThread.run(ServiceThread.java:46)
E/JavaBinder(  343): !!! FAILED BINDER TRANSACTION !!!
W/BroadcastQueue(  343): Failure sending broadcast Intent { act=android.intent.action.ANY_DATA_STATE flg=0x10 (has extras) }
W/BroadcastQueue(  343): android.os.TransactionTooLargeException
W/BroadcastQueue(  343): 	at android.os.BinderProxy.transactNative(Native Method)
W/BroadcastQueue(  343): 	at android.os.BinderProxy.transact(Binder.java:479)
W/BroadcastQueue(  343): 	at android.app.ApplicationThreadProxy.scheduleRegisteredReceiver(ApplicationThreadNative.java:1089)
W/BroadcastQueue(  343): 	at com.android.server.am.BroadcastQueue.performReceiveLocked(BroadcastQueue.java:431)
W/BroadcastQueue(  343): 	at com.android.server.am.BroadcastQueue.deliverToRegisteredReceiverLocked(BroadcastQueue.java:521)
W/BroadcastQueue(  343): 	at com.android.server.am.BroadcastQueue.processNextBroadcast(BroadcastQueue.java:569)
W/BroadcastQueue(  343): 	at com.android.server.am.BroadcastQueue$BroadcastHandler.handleMessage(BroadcastQueue.java:149)
W/BroadcastQueue(  343): 	at android.os.Handler.dispatchMessage(Handler.java:102)
W/BroadcastQueue(  343): 	at android.os.Looper.loop(Looper.java:135)
W/BroadcastQueue(  343): 	at android.os.HandlerThread.run(HandlerThread.java:61)
W/BroadcastQueue(  343): 	at com.android.server.ServiceThread.run(ServiceThread.java:46)
E/JavaBinder(  343): !!! FAILED BINDER TRANSACTION !!!
W/BroadcastQueue(  343): Failure sending broadcast Intent { act=android.intent.action.ANY_DATA_STATE flg=0x10 (has extras) }
W/BroadcastQueue(  343): android.os.TransactionTooLargeException
W/BroadcastQueue(  343): 	at android.os.BinderProxy.transactNative(Native Method)
W/BroadcastQueue(  343): 	at android.os.BinderProxy.transact(Binder.java:479)
W/BroadcastQueue(  343): 	at android.app.ApplicationThreadProxy.scheduleRegisteredReceiver(ApplicationThreadNative.java:1089)
W/BroadcastQueue(  343): 	at com.android.server.am.BroadcastQueue.performReceiveLocked(BroadcastQueue.java:431)
W/BroadcastQueue(  343): 	at com.android.server.am.BroadcastQueue.deliverToRegisteredReceiverLocked(BroadcastQueue.java:521)
W/BroadcastQueue(  343): 	at com.android.server.am.BroadcastQueue.processNextBroadcast(BroadcastQueue.java:569)
W/BroadcastQueue(  343): 	at com.android.server.am.BroadcastQueue$BroadcastHandler.handleMessage(BroadcastQueue.java:149)
W/BroadcastQueue(  343): 	at android.os.Handler.dispatchMessage(Handler.java:102)
W/BroadcastQueue(  343): 	at android.os.Looper.loop(Looper.java:135)
W/BroadcastQueue(  343): 	at android.os.HandlerThread.run(HandlerThread.java:61)
W/BroadcastQueue(  343): 	at com.android.server.ServiceThread.run(ServiceThread.java:46)
E/JavaBinder(  343): !!! FAILED BINDER TRANSACTION !!!
W/BroadcastQueue(  343): Failure sending broadcast Intent { act=android.intent.action.SIM_STATE_CHANGED flg=0x20000010 (has extras) }
W/BroadcastQueue(  343): android.os.TransactionTooLargeException
W/BroadcastQueue(  343): 	at android.os.BinderProxy.transactNative(Native Method)
W/BroadcastQueue(  343): 	at android.os.BinderProxy.transact(Binder.java:479)
W/BroadcastQueue(  343): 	at android.app.ApplicationThreadProxy.scheduleRegisteredReceiver(ApplicationThreadNative.java:1089)
W/BroadcastQueue(  343): 	at com.android.server.am.BroadcastQueue.performReceiveLocked(BroadcastQueue.java:431)
W/BroadcastQueue(  343): 	at com.android.server.am.BroadcastQueue.deliverToRegisteredReceiverLocked(BroadcastQueue.java:521)
W/BroadcastQueue(  343): 	at com.android.server.am.BroadcastQueue.processNextBroadcast(BroadcastQueue.java:569)
W/BroadcastQueue(  343): 	at com.android.server.am.BroadcastQueue$BroadcastHandler.handleMessage(BroadcastQueue.java:149)
W/BroadcastQueue(  343): 	at android.os.Handler.dispatchMessage(Handler.java:102)
W/BroadcastQueue(  343): 	at android.os.Looper.loop(Looper.java:135)
W/BroadcastQueue(  343): 	at android.os.HandlerThread.run(HandlerThread.java:61)
W/BroadcastQueue(  343): 	at com.android.server.ServiceThread.run(ServiceThread.java:46)
E/JavaBinder(  343): !!! FAILED BINDER TRANSACTION !!!
W/BroadcastQueue(  343): Failure sending broadcast Intent { act=android.intent.action.SIM_STATE_CHANGED flg=0x20000010 (has extras) }
W/BroadcastQueue(  343): android.os.TransactionTooLargeException
W/BroadcastQueue(  343): 	at android.os.BinderProxy.transactNative(Native Method)
W/BroadcastQueue(  343): 	at android.os.BinderProxy.transact(Binder.java:479)
W/BroadcastQueue(  343): 	at android.app.ApplicationThreadProxy.scheduleRegisteredReceiver(ApplicationThreadNative.java:1089)
W/BroadcastQueue(  343): 	at com.android.server.am.BroadcastQueue.performReceiveLocked(BroadcastQueue.java:431)
W/BroadcastQueue(  343): 	at com.android.server.am.BroadcastQueue.deliverToRegisteredReceiverLocked(BroadcastQueue.java:521)
W/BroadcastQueue(  343): 	at com.android.server.am.BroadcastQueue.processNextBroadcast(BroadcastQueue.java:569)
W/BroadcastQueue(  343): 	at com.android.server.am.BroadcastQueue$BroadcastHandler.handleMessage(BroadcastQueue.java:149)
W/BroadcastQueue(  343): 	at android.os.Handler.dispatchMessage(Handler.java:102)
W/BroadcastQueue(  343): 	at android.os.Looper.loop(Looper.java:135)
W/BroadcastQueue(  343): 	at android.os.HandlerThread.run(HandlerThread.java:61)
W/BroadcastQueue(  343): 	at com.android.server.ServiceThread.run(ServiceThread.java:46)
E/JavaBinder(  343): !!! FAILED BINDER TRANSACTION !!!
W/BroadcastQueue(  343): Failure sending broadcast Intent { act=android.intent.action.ACTION_SUBINFO_CONTENT_CHANGE flg=0x10 (has extras) }
W/BroadcastQueue(  343): android.os.TransactionTooLargeException
W/BroadcastQueue(  343): 	at android.os.BinderProxy.transactNative(Native Method)
W/BroadcastQueue(  343): 	at android.os.BinderProxy.transact(Binder.java:479)
W/BroadcastQueue(  343): 	at android.app.ApplicationThreadProxy.scheduleRegisteredReceiver(ApplicationThreadNative.java:1089)
W/BroadcastQueue(  343): 	at com.android.server.am.BroadcastQueue.performReceiveLocked(BroadcastQueue.java:431)
W/BroadcastQueue(  343): 	at com.android.server.am.BroadcastQueue.deliverToRegisteredReceiverLocked(BroadcastQueue.java:521)
W/BroadcastQueue(  343): 	at com.android.server.am.BroadcastQueue.processNextBroadcast(BroadcastQueue.java:569)
W/BroadcastQueue(  343): 	at com.android.server.am.BroadcastQueue$BroadcastHandler.handleMessage(BroadcastQueue.java:149)
W/BroadcastQueue(  343): 	at android.os.Handler.dispatchMessage(Handler.java:102)
W/BroadcastQueue(  343): 	at android.os.Looper.loop(Looper.java:135)
W/BroadcastQueue(  343): 	at android.os.HandlerThread.run(HandlerThread.java:61)
W/BroadcastQueue(  343): 	at com.android.server.ServiceThread.run(ServiceThread.java:46)
E/JavaBinder(  343): !!! FAILED BINDER TRANSACTION !!!
W/BroadcastQueue(  343): Failure sending broadcast Intent { act=android.intent.action.ACTION_SUBINFO_CONTENT_CHANGE flg=0x10 (has extras) }
W/BroadcastQueue(  343): android.os.TransactionTooLargeException
W/BroadcastQueue(  343): 	at android.os.BinderProxy.transactNative(Native Method)
W/BroadcastQueue(  343): 	at android.os.BinderProxy.transact(Binder.java:479)
W/BroadcastQueue(  343): 	at android.app.ApplicationThreadProxy.scheduleRegisteredReceiver(ApplicationThreadNative.java:1089)
W/BroadcastQueue(  343): 	at com.android.server.am.BroadcastQueue.performReceiveLocked(BroadcastQueue.java:431)
W/BroadcastQueue(  343): 	at com.android.server.am.BroadcastQueue.deliverToRegisteredReceiverLocked(BroadcastQueue.java:521)
W/BroadcastQueue(  343): 	at com.android.server.am.BroadcastQueue.processNextBroadcast(BroadcastQueue.java:569)
W/BroadcastQueue(  343): 	at com.android.server.am.BroadcastQueue$BroadcastHandler.handleMessage(BroadcastQueue.java:149)
W/BroadcastQueue(  343): 	at android.os.Handler.dispatchMessage(Handler.java:102)
W/BroadcastQueue(  343): 	at android.os.Looper.loop(Looper.java:135)
W/BroadcastQueue(  343): 	at android.os.HandlerThread.run(HandlerThread.java:61)
W/BroadcastQueue(  343): 	at com.android.server.ServiceThread.run(ServiceThread.java:46)
E/memtrack( 1163): Couldn't load memtrack module (No such file or directory)
E/android.os.Debug( 1163): failed to load memtrack module: -2
W/WindowManager(  343): App freeze timeout expired.
W/WindowManager(  343): Force clearing freeze: AppWindowToken{126bdaea token=Token{213d2d5 ActivityRecord{22c05b8c u0 com.android.launcher/com.android.launcher2.Launcher t3}}}
W/art     (  723): Suspending all threads took: 5.593s
W/art     (  968): Suspending all threads took: 10.266ms
W/art     ( 1125): Suspending all threads took: 8.246s
W/art     ( 1110): Suspending all threads took: 8.525s
W/ActivityManager(  343): Scheduling restart of crashed service com.android.phone/.TelephonyDebugService in 0ms
W/ActivityManager(  343): Scheduling restart of crashed service com.android.mms.service/.MmsService in 9999ms
E/memtrack( 1180): Couldn't load memtrack module (No such file or directory)
E/android.os.Debug( 1180): failed to load memtrack module: -2
W/ContextImpl(  343): Calling a method in the system process without a qualified user: android.app.ContextImpl.bindService:1750 com.android.server.MmsServiceBroker.tryConnecting:134 com.android.server.MmsServiceBroker.access$000:46 com.android.server.MmsServiceBroker$1.handleMessage:76 android.os.Handler.dispatchMessage:102 
W/art     ( 1190): Suspending all threads took: 30.062ms
W/art     ( 1190): Suspending all threads took: 11.886ms
E/BluetoothAdapter( 1190): Bluetooth binder is null
E/MmsService( 1190): MmsConfigManager.load -- empty getActiveSubInfoList
E/WifiStateMachine(  343): Ignoring resetting of country code
E/PhoneInterfaceManager( 1190): [PhoneIntfMgr] getIccId: ICC ID is null or empty.
W/BackupManagerService(  343): dataChanged but no participant pkg='com.android.providers.settings' uid=1001
W/BackupManagerService(  343): dataChanged but no participant pkg='com.android.providers.settings' uid=1001
W/BackupManagerService(  343): dataChanged but no participant pkg='com.android.providers.settings' uid=1001
E/Netd    (   61): netlink response contains error (Operation not supported on transport endpoint)
E/Netd    (   61): failed to add interface eth0 to netId 100
E/ConnectivityService(  343): Exception adding interface: java.lang.IllegalStateException: command '19 network interface add 100 eth0' failed with '400 19 addInterfaceToNetwork() failed (Operation not supported on transport endpoint)'
E/Netd    (   61): interface eth0 not assigned to any netId
E/ConnectivityService(  343): Exception in addRoute for gateway: java.lang.IllegalStateException: command '21 network route add 100 eth0 0.0.0.0/0 10.0.2.2' failed with '400 21 addRoute() failed (No such device)'
W/ResourcesManager( 1236): Asset path '/system/framework/android.test.runner.jar' does not exist or contains no resources.
E/NetdConnector(  343): NDC Command {26 bandwidth setiquota eth0 9223372036854775807} took too long (1593ms)
W/art     ( 1236): Suspending all threads took: 95.479ms
E/NetdConnector(  343): NDC Command {27 bandwidth removeiquota eth0} took too long (786ms)
E/NetdConnector(  343): NDC Command {28 bandwidth setiquota eth0 9223372036854775807} took too long (1629ms)
W/ContentResolver( 1236): Failed to get type for: content://com.android.calendar (Unknown URL content://com.android.calendar)
W/ResourceType(  968): No package identifier when getting value for resource number 0x00000000
W/ResourceType(  968): No package identifier when getting value for resource number 0x00000000
W/PackageManager(  968): Failure retrieving resources for com.android.speechrecorder: Resource ID #0x0
W/ResourceType(  968): No package identifier when getting value for resource number 0x00000000
W/PackageManager(  968): Failure retrieving resources for com.android.speechrecorder: Resource ID #0x0
W/ContextImpl( 1110): Implicit intents with startService are not safe: Intent { act=com.android.mail.action.BACKUP_DATA_CHANGED } android.content.ContextWrapper.startService:515 com.android.mail.MailIntentService.broadcastBackupDataChanged:123 com.android.mail.preferences.VersionedPrefs.notifyBackupPreferenceChanged:278 
W/ActivityManager(  343): Unable to start service Intent { act=com.android.mail.action.BACKUP_DATA_CHANGED } U=0: not found
W/ActivityManager(  343): Unable to start service Intent { cmp=com.android.email/.service.AttachmentService } U=0: not found
W/ContextImpl( 1110): Implicit intents with startService are not safe: Intent { act=com.android.mail.action.BACKUP_DATA_CHANGED } android.content.ContextWrapper.startService:515 com.android.mail.MailIntentService.broadcastBackupDataChanged:123 com.android.mail.preferences.VersionedPrefs.notifyBackupPreferenceChanged:278 
W/ActivityManager(  343): Unable to start service Intent { act=com.android.mail.action.BACKUP_DATA_CHANGED } U=0: not found
W/ContextImpl( 1110): Implicit intents with startService are not safe: Intent { act=com.android.mail.action.BACKUP_DATA_CHANGED } android.content.ContextWrapper.startService:515 com.android.mail.MailIntentService.broadcastBackupDataChanged:123 com.android.mail.preferences.VersionedPrefs.notifyBackupPreferenceChanged:278 
W/ActivityManager(  343): Unable to start service Intent { act=com.android.mail.action.BACKUP_DATA_CHANGED } U=0: not found
W/ContextImpl( 1110): Implicit intents with startService are not safe: Intent { act=com.android.mail.action.BACKUP_DATA_CHANGED } android.content.ContextWrapper.startService:515 com.android.mail.MailIntentService.broadcastBackupDataChanged:123 com.android.mail.preferences.VersionedPrefs.notifyBackupPreferenceChanged:278 
W/ActivityManager(  343): Unable to start service Intent { act=com.android.mail.action.BACKUP_DATA_CHANGED } U=0: not found
W/ContextImpl( 1110): Implicit intents with startService are not safe: Intent { act=com.android.mail.action.BACKUP_DATA_CHANGED } android.content.ContextWrapper.startService:515 com.android.mail.MailIntentService.broadcastBackupDataChanged:123 com.android.mail.preferences.VersionedPrefs.notifyBackupPreferenceChanged:278 
W/ActivityManager(  343): Unable to start service Intent { act=com.android.mail.action.BACKUP_DATA_CHANGED } U=0: not found
W/ActivityManager(  343): Unable to start service Intent { cmp=com.android.email/.service.AttachmentService } U=0: not found
W/ContextImpl( 1110): Implicit intents with startService are not safe: Intent { act=com.android.mail.action.BACKUP_DATA_CHANGED } android.content.ContextWrapper.startService:515 com.android.mail.MailIntentService.broadcastBackupDataChanged:123 com.android.mail.preferences.VersionedPrefs.notifyBackupPreferenceChanged:278 
W/ActivityManager(  343): Unable to start service Intent { act=com.android.mail.action.BACKUP_DATA_CHANGED } U=0: not found
