W/ContextImpl( 1110): Implicit intents with startService are not safe: Intent { act=com.android.mail.action.BACKUP_DATA_CHANGED } android.content.ContextWrapper.startService:515 com.android.mail.MailIntentService.broadcastBackupDataChanged:123 com.android.mail.preferences.VersionedPrefs.notifyBackupPreferenceChanged:278 
W/ActivityManager(  343): Unable to start service Intent { act=com.android.mail.action.BACKUP_DATA_CHANGED } U=0: not found
W/art     ( 1110): Suspending all threads took: 22.511ms
W/ActivityManager(  343): Unable to start service Intent { cmp=com.android.email/.service.AttachmentService } U=0: not found
W/ActivityManager(  343): Unable to start service Intent { cmp=com.android.email/.service.AttachmentService } U=0: not found
W/VoiceInteractionManagerService(  343): no available voice recognition services found for user 0
W/GpsLocationProvider(  343): Could not open GPS configuration file /etc/gps.conf
E/GpsLocationProvider(  343): no AGPS interface in set_agps_server
E/GpsLocationProvider(  343): no GPS configuration interface in configuraiton_update
W/GpsLocationProvider(  343): Could not open GPS configuration file /etc/gps.conf
E/GpsLocationProvider(  343): no AGPS interface in set_agps_server
E/GpsLocationProvider(  343): no GPS configuration interface in configuraiton_update
W/GpsLocationProvider(  343): Could not open GPS configuration file /etc/gps.conf
E/GpsLocationProvider(  343): no AGPS interface in set_agps_server
E/GpsLocationProvider(  343): no GPS configuration interface in configuraiton_update
W/GpsLocationProvider(  343): Could not open GPS configuration file /etc/gps.conf
E/GpsLocationProvider(  343): no AGPS interface in set_agps_server
E/GpsLocationProvider(  343): no GPS configuration interface in configuraiton_update
W/GpsLocationProvider(  343): Could not open GPS configuration file /etc/gps.conf
E/GpsLocationProvider(  343): no AGPS interface in set_agps_server
E/GpsLocationProvider(  343): no GPS configuration interface in configuraiton_update
W/GpsLocationProvider(  343): Could not open GPS configuration file /etc/gps.conf
E/GpsLocationProvider(  343): no AGPS interface in set_agps_server
E/GpsLocationProvider(  343): no GPS configuration interface in configuraiton_update
W/GpsLocationProvider(  343): Could not open GPS configuration file /etc/gps.conf
E/GpsLocationProvider(  343): no AGPS interface in set_agps_server
E/GpsLocationProvider(  343): no GPS configuration interface in configuraiton_update
W/GpsLocationProvider(  343): Could not open GPS configuration file /etc/gps.conf
E/GpsLocationProvider(  343): no AGPS interface in set_agps_server
E/GpsLocationProvider(  343): no GPS configuration interface in configuraiton_update
W/GpsLocationProvider(  343): Could not open GPS configuration file /etc/gps.conf
E/GpsLocationProvider(  343): no AGPS interface in set_agps_server
E/GpsLocationProvider(  343): no GPS configuration interface in configuraiton_update
W/GpsLocationProvider(  343): Could not open GPS configuration file /etc/gps.conf
E/GpsLocationProvider(  343): no AGPS interface in set_agps_server
E/GpsLocationProvider(  343): no GPS configuration interface in configuraiton_update
W/dex2oat ( 1336): Compilation of void com.ximpleware.extended.VTDGenHuge.parse(boolean) took 134.748ms
W/dex2oat ( 1336): Compilation of java_cup.runtime.Symbol com.ximpleware.extended.xpath.CUP$parser$actions.CUP$parser$do_action(int, java_cup.runtime.lr_parser, java.util.Stack, int) took 269.999ms
W/dex2oat ( 1336): Compilation of java_cup.runtime.Symbol com.ximpleware.xpath.CUP$XSLParser$actions.CUP$XSLParser$do_action(int, java_cup.runtime.lr_parser, java.util.Stack, int) took 227.524ms
W/dex2oat ( 1336): Compilation of java_cup.runtime.Symbol com.ximpleware.xpath.CUP$parser$actions.CUP$parser$do_action(int, java_cup.runtime.lr_parser, java.util.Stack, int) took 185.980ms
W/dex2oat ( 1336): Compilation of java_cup.runtime.Symbol java_cup.CUP$parser$actions.CUP$parser$do_action(int, java_cup.runtime.lr_parser, java.util.Stack, int) took 150.548ms
E/SQLiteLog(  952): (1) no such table: files
W/dex2oat ( 1336): Compilation of java.lang.Object org.apache.tools.ant.ProjectHelperRepository$ConstructingIterator.next() took 213.079ms
E/MetadataRetrieverClient(   65): failed to extract an album art
W/dex2oat ( 1336): Compilation of java_cup.runtime.Symbol com.ximpleware.xpath.XSLScanner.next_token() took 193.414ms
E/installd( 1357): Running /system/bin/patchoat isa=arm in-fd=6 (/system/priv-app/Mms/arm/Mms.odex) out-fd=7 (/data/dalvik-cache/arm/system@priv-app@Mms@Mms.apk@classes.dex)
F/BatteryStatsImpl(  343): Data connection inactive timestamp 437190 is before start time 461661
F/BatteryStatsImpl(  343): Data connection inactive timestamp 443300 is before start time 461735
W/BackupManagerService(  343): dataChanged but no participant pkg='com.android.providers.settings' uid=10005
W/Settings(  343): Setting install_non_market_apps has moved from android.provider.Settings.Global to android.provider.Settings.Secure, returning read-only value.
W/VoiceInteractionManagerService(  343): no available voice recognition services found for user 0
E/memtrack( 1386): Couldn't load memtrack module (No such file or directory)
E/android.os.Debug( 1386): failed to load memtrack module: -2
E/memtrack( 1397): Couldn't load memtrack module (No such file or directory)
E/android.os.Debug( 1397): failed to load memtrack module: -2
E/ActivityThread( 1110): Service com.android.email.service.EmailBroadcastProcessorService has leaked ServiceConnection com.android.emailcommon.service.ServiceProxy$ProxyConnection@214bd979 that was originally bound here
E/ActivityThread( 1110): android.app.ServiceConnectionLeaked: Service com.android.email.service.EmailBroadcastProcessorService has leaked ServiceConnection com.android.emailcommon.service.ServiceProxy$ProxyConnection@214bd979 that was originally bound here
E/ActivityThread( 1110): 	at android.app.LoadedApk$ServiceDispatcher.<init>(LoadedApk.java:1070)
E/ActivityThread( 1110): 	at android.app.LoadedApk.getServiceDispatcher(LoadedApk.java:964)
E/ActivityThread( 1110): 	at android.app.ContextImpl.bindServiceCommon(ContextImpl.java:1768)
E/ActivityThread( 1110): 	at android.app.ContextImpl.bindService(ContextImpl.java:1751)
E/ActivityThread( 1110): 	at android.content.ContextWrapper.bindService(ContextWrapper.java:538)
E/ActivityThread( 1110): 	at com.android.emailcommon.service.ServiceProxy.setTask(ServiceProxy.java:176)
E/ActivityThread( 1110): 	at com.android.emailcommon.service.ServiceProxy.test(ServiceProxy.java:219)
E/ActivityThread( 1110): 	at com.android.email.service.EmailServiceUtils.isServiceAvailable(EmailServiceUtils.java:160)
E/ActivityThread( 1110): 	at com.android.email.provider.AccountReconciler.reconcileAccountsInternal(AccountReconciler.java:164)
E/ActivityThread( 1110): 	at com.android.email.provider.AccountReconciler.reconcileAccounts(AccountReconciler.java:113)
E/ActivityThread( 1110): 	at com.android.email.service.EmailBroadcastProcessorService.reconcileAndStartServices(EmailBroadcastProcessorService.java:305)
E/ActivityThread( 1110): 	at com.android.email.service.EmailBroadcastProcessorService.onBootCompleted(EmailBroadcastProcessorService.java:295)
E/ActivityThread( 1110): 	at com.android.email.service.EmailBroadcastProcessorService.onHandleIntent(EmailBroadcastProcessorService.java:130)
E/ActivityThread( 1110): 	at android.app.IntentService$ServiceHandler.handleMessage(IntentService.java:65)
E/ActivityThread( 1110): 	at android.os.Handler.dispatchMessage(Handler.java:102)
E/ActivityThread( 1110): 	at android.os.Looper.loop(Looper.java:135)
E/ActivityThread( 1110): 	at android.os.HandlerThread.run(HandlerThread.java:61)
E/StrictMode( 1110): null
E/StrictMode( 1110): android.app.ServiceConnectionLeaked: Service com.android.email.service.EmailBroadcastProcessorService has leaked ServiceConnection com.android.emailcommon.service.ServiceProxy$ProxyConnection@214bd979 that was originally bound here
E/StrictMode( 1110): 	at android.app.LoadedApk$ServiceDispatcher.<init>(LoadedApk.java:1070)
E/StrictMode( 1110): 	at android.app.LoadedApk.getServiceDispatcher(LoadedApk.java:964)
E/StrictMode( 1110): 	at android.app.ContextImpl.bindServiceCommon(ContextImpl.java:1768)
E/StrictMode( 1110): 	at android.app.ContextImpl.bindService(ContextImpl.java:1751)
E/StrictMode( 1110): 	at android.content.ContextWrapper.bindService(ContextWrapper.java:538)
E/StrictMode( 1110): 	at com.android.emailcommon.service.ServiceProxy.setTask(ServiceProxy.java:176)
E/StrictMode( 1110): 	at com.android.emailcommon.service.ServiceProxy.test(ServiceProxy.java:219)
E/StrictMode( 1110): 	at com.android.email.service.EmailServiceUtils.isServiceAvailable(EmailServiceUtils.java:160)
E/StrictMode( 1110): 	at com.android.email.provider.AccountReconciler.reconcileAccountsInternal(AccountReconciler.java:164)
E/StrictMode( 1110): 	at com.android.email.provider.AccountReconciler.reconcileAccounts(AccountReconciler.java:113)
E/StrictMode( 1110): 	at com.android.email.service.EmailBroadcastProcessorService.reconcileAndStartServices(EmailBroadcastProcessorService.java:305)
E/StrictMode( 1110): 	at com.android.email.service.EmailBroadcastProcessorService.onBootCompleted(EmailBroadcastProcessorService.java:295)
E/StrictMode( 1110): 	at com.android.email.service.EmailBroadcastProcessorService.onHandleIntent(EmailBroadcastProcessorService.java:130)
E/StrictMode( 1110): 	at android.app.IntentService$ServiceHandler.handleMessage(IntentService.java:65)
E/StrictMode( 1110): 	at android.os.Handler.dispatchMessage(Handler.java:102)
E/StrictMode( 1110): 	at android.os.Looper.loop(Looper.java:135)
E/StrictMode( 1110): 	at android.os.HandlerThread.run(HandlerThread.java:61)
E/installd( 1433): Running /system/bin/patchoat isa=arm in-fd=6 (/system/app/PicoTts/arm/PicoTts.odex) out-fd=7 (/data/dalvik-cache/arm/system@app@PicoTts@PicoTts.apk@classes.dex)
E/memtrack( 1413): Couldn't load memtrack module (No such file or directory)
E/android.os.Debug( 1413): failed to load memtrack module: -2
E/StrictMode( 1125): A resource was acquired at attached stack trace but never released. See java.io.Closeable for information on avoiding resource leaks.
E/StrictMode( 1125): java.lang.Throwable: Explicit termination method 'close' not called
E/StrictMode( 1125): 	at dalvik.system.CloseGuard.open(CloseGuard.java:184)
E/StrictMode( 1125): 	at android.content.ContentResolver$CursorWrapperInner.<init>(ContentResolver.java:2447)
E/StrictMode( 1125): 	at android.content.ContentResolver.query(ContentResolver.java:502)
E/StrictMode( 1125): 	at android.content.CursorLoader.loadInBackground(CursorLoader.java:64)
E/StrictMode( 1125): 	at android.content.CursorLoader.loadInBackground(CursorLoader.java:42)
E/StrictMode( 1125): 	at android.content.AsyncTaskLoader.onLoadInBackground(AsyncTaskLoader.java:312)
E/StrictMode( 1125): 	at android.content.AsyncTaskLoader$LoadTask.doInBackground(AsyncTaskLoader.java:69)
E/StrictMode( 1125): 	at android.content.AsyncTaskLoader$LoadTask.doInBackground(AsyncTaskLoader.java:57)
E/StrictMode( 1125): 	at android.os.AsyncTask$2.call(AsyncTask.java:288)
E/StrictMode( 1125): 	at java.util.concurrent.FutureTask.run(FutureTask.java:237)
E/StrictMode( 1125): 	at java.util.concurrent.ThreadPoolExecutor.runWorker(ThreadPoolExecutor.java:1112)
E/StrictMode( 1125): 	at java.util.concurrent.ThreadPoolExecutor$Worker.run(ThreadPoolExecutor.java:587)
E/StrictMode( 1125): 	at java.lang.Thread.run(Thread.java:818)
W/CursorWrapperInner( 1125): Cursor finalized without prior close()
W/art     (  343): Suspending all threads took: 5.532ms
E/SQLiteLog( 1236): (284) automatic index on view_events(_id)
W/BackupManagerService(  343): dataChanged but no participant pkg='com.android.providers.settings' uid=1001
W/dex2oat ( 1456): Before Android 4.1, method int android.support.v7.internal.widget.ListViewCompat.lookForSelectablePosition(int, boolean) would have incorrectly overridden the package-private method in android.widget.ListView
W/dex2oat ( 1456): Verification of com.google.android.gms.internal.pd com.google.android.gms.internal.pe.dx(android.os.Parcel) took 175.465ms
E/MetadataRetrieverClient(   65): failed to extract an album art
W/dex2oat ( 1456): Verification of void com.google.android.gms.internal.f$b.b(byte[], byte[]) took 103.161ms
W/dex2oat ( 1456): Verification of void com.google.android.gms.internal.f$g.b(byte[], byte[]) took 100.705ms
W/dex2oat ( 1456): Verification of void com.google.android.gms.internal.f$h.b(byte[], byte[]) took 106.778ms
W/dex2oat ( 1456): Verification of void com.google.android.gms.internal.f$i.b(byte[], byte[]) took 100.534ms
W/BackupManagerService(  343): dataChanged but no participant pkg='com.android.providers.settings' uid=10005
W/dex2oat ( 1456): Verification of void com.google.android.gms.internal.f$k.b(byte[], byte[]) took 152.979ms
W/art     (  952): Suspending all threads took: 60.068ms
W/dex2oat ( 1456): Compilation of boolean com.google.android.gms.games.internal.IGamesService$Stub.onTransact(int, android.os.Parcel, android.os.Parcel, int) took 139.659ms
W/PackageManager(  343): Code path for pkg : com.example.chariba changing from /data/app/com.example.chariba-1 to /data/app/com.example.chariba-2
W/PackageManager(  343): Resource path for pkg : com.example.chariba changing from /data/app/com.example.chariba-1 to /data/app/com.example.chariba-2
W/PackageManager(  343): Unknown permission com.google.android.providers.gsf.permission.READ_GSERVICES in package com.example.chariba
W/Settings(  343): Setting install_non_market_apps has moved from android.provider.Settings.Global to android.provider.Settings.Secure, returning read-only value.
W/BackupManagerService(  343): Removing schedule queue dupe of com.example.chariba
W/ContextImpl( 1059): Calling a method in the system process without a qualified user: android.app.ContextImpl.startService:1686 android.content.ContextWrapper.startService:515 android.content.ContextWrapper.startService:515 com.android.keychain.KeyChainBroadcastReceiver.onReceive:12 android.app.ActivityThread.handleReceiver:2579 
W/VoiceInteractionManagerService(  343): no available voice recognition services found for user 0
E/MetadataRetrieverClient(   65): failed to extract an album art
W/BackupManagerService(  343): dataChanged but no participant pkg='com.android.providers.settings' uid=10005
E/MetadataRetrieverClient(   65): failed to extract an album art
E/memtrack( 1468): Couldn't load memtrack module (No such file or directory)
E/android.os.Debug( 1468): failed to load memtrack module: -2
W/dex2oat ( 1479): Verification of java_cup.runtime.Symbol com.ximpleware.extended.xpath.CUP$parser$actions.CUP$parser$do_action(int, java_cup.runtime.lr_parser, java.util.Stack, int) took 108.548ms
W/dex2oat ( 1479): Verification of java_cup.runtime.Symbol com.ximpleware.xpath.CUP$XSLParser$actions.CUP$XSLParser$do_action(int, java_cup.runtime.lr_parser, java.util.Stack, int) took 121.948ms
W/dex2oat ( 1479): Verification of java_cup.runtime.Symbol com.ximpleware.xpath.CUP$parser$actions.CUP$parser$do_action(int, java_cup.runtime.lr_parser, java.util.Stack, int) took 105.810ms
W/dex2oat ( 1479): Compilation of void com.ximpleware.extended.VTDGenHuge.parse(boolean) took 114.251ms
W/dex2oat ( 1479): Compilation of java_cup.runtime.Symbol com.ximpleware.extended.xpath.CUP$parser$actions.CUP$parser$do_action(int, java_cup.runtime.lr_parser, java.util.Stack, int) took 185.082ms
W/dex2oat ( 1479): Compilation of java_cup.runtime.Symbol com.ximpleware.xpath.CUP$XSLParser$actions.CUP$XSLParser$do_action(int, java_cup.runtime.lr_parser, java.util.Stack, int) took 320.193ms
W/dex2oat ( 1479): Compilation of java_cup.runtime.Symbol com.ximpleware.xpath.CUP$parser$actions.CUP$parser$do_action(int, java_cup.runtime.lr_parser, java.util.Stack, int) took 181.995ms
W/dex2oat ( 1479): Compilation of java_cup.runtime.Symbol java_cup.CUP$parser$actions.CUP$parser$do_action(int, java_cup.runtime.lr_parser, java.util.Stack, int) took 143.068ms
W/dex2oat ( 1479): Compilation of void org.objectweb.asm.ClassReader.a(org.objectweb.asm.MethodVisitor, org.objectweb.asm.Context, int) took 114.040ms
W/dex2oat ( 1479): Compilation of boolean com.google.common.base.Absent.equals(java.lang.Object) took 316.651ms
W/dex2oat ( 1479): Compilation of java_cup.runtime.Symbol com.ximpleware.xpath.XSLScanner.next_token() took 178.973ms
W/PackageManager(  343): Code path for pkg : com.example.chariba.test changing from /data/app/com.example.chariba.test-1 to /data/app/com.example.chariba.test-2
W/PackageManager(  343): Resource path for pkg : com.example.chariba.test changing from /data/app/com.example.chariba.test-1 to /data/app/com.example.chariba.test-2
W/BackupManagerService(  343): Removing schedule queue dupe of com.example.chariba.test
W/Settings(  343): Setting install_non_market_apps has moved from android.provider.Settings.Global to android.provider.Settings.Secure, returning read-only value.
W/ContextImpl( 1059): Calling a method in the system process without a qualified user: android.app.ContextImpl.startService:1686 android.content.ContextWrapper.startService:515 android.content.ContextWrapper.startService:515 com.android.keychain.KeyChainBroadcastReceiver.onReceive:12 android.app.ActivityThread.handleReceiver:2579 
W/VoiceInteractionManagerService(  343): no available voice recognition services found for user 0
E/memtrack( 1485): Couldn't load memtrack module (No such file or directory)
E/android.os.Debug( 1485): failed to load memtrack module: -2
W/art     ( 1496): Suspending all threads took: 17.040ms
W/art     ( 1496): Suspending all threads took: 10.350ms
W/art     ( 1496): Before Android 4.1, method int android.support.v7.internal.widget.ListViewCompat.lookForSelectablePosition(int, boolean) would have incorrectly overridden the package-private method in android.widget.ListView
W/art     ( 1496): Suspending all threads took: 8.020ms
W/art     ( 1496): Suspending all threads took: 9.081ms
W/art     ( 1496): Suspending all threads took: 20.250ms
W/ClassPathPackageInfoSource( 1496): Cannot load class. Make sure it is in your apk. Class name: 'org.apache.maven.artifact.ant.shaded.interpolation.EnvarBasedValueSource'. Message: org.apache.maven.artifact.ant.shaded.interpolation.EnvarBasedValueSource
W/ClassPathPackageInfoSource( 1496): java.lang.ClassNotFoundException: org.apache.maven.artifact.ant.shaded.interpolation.EnvarBasedValueSource
W/ClassPathPackageInfoSource( 1496): 	at java.lang.Class.classForName(Native Method)
W/ClassPathPackageInfoSource( 1496): 	at java.lang.Class.forName(Class.java:308)
W/ClassPathPackageInfoSource( 1496): 	at android.test.ClassPathPackageInfoSource.createPackageInfo(ClassPathPackageInfoSource.java:88)
W/ClassPathPackageInfoSource( 1496): 	at android.test.ClassPathPackageInfoSource.access$000(ClassPathPackageInfoSource.java:39)
W/ClassPathPackageInfoSource( 1496): 	at android.test.ClassPathPackageInfoSource$1.load(ClassPathPackageInfoSource.java:50)
W/ClassPathPackageInfoSource( 1496): 	at android.test.ClassPathPackageInfoSource$1.load(ClassPathPackageInfoSource.java:47)
W/ClassPathPackageInfoSource( 1496): 	at android.test.SimpleCache.get(SimpleCache.java:31)
W/ClassPathPackageInfoSource( 1496): 	at android.test.ClassPathPackageInfoSource.getPackageInfo(ClassPathPackageInfoSource.java:72)
W/ClassPathPackageInfoSource( 1496): 	at android.test.ClassPathPackageInfo.getSubpackages(ClassPathPackageInfo.java:48)
W/ClassPathPackageInfoSource( 1496): 	at android.test.ClassPathPackageInfo.addTopLevelClassesTo(ClassPathPackageInfo.java:61)
W/ClassPathPackageInfoSource( 1496): 	at android.test.ClassPathPackageInfo.getTopLevelClassesRecursive(ClassPathPackageInfo.java:55)
W/ClassPathPackageInfoSource( 1496): 	at android.test.suitebuilder.TestGrouping.testCaseClassesInPackage(TestGrouping.java:156)
W/ClassPathPackageInfoSource( 1496): 	at android.test.suitebuilder.TestGrouping.addPackagesRecursive(TestGrouping.java:117)
W/ClassPathPackageInfoSource( 1496): 	at android.test.suitebuilder.TestSuiteBuilder.includePackages(TestSuiteBuilder.java:100)
W/ClassPathPackageInfoSource( 1496): 	at android.test.InstrumentationTestRunner.onCreate(InstrumentationTestRunner.java:367)
W/ClassPathPackageInfoSource( 1496): 	at com.google.android.apps.common.testing.testrunner.GoogleInstrumentationTestRunner.onCreate(GoogleInstrumentationTestRunner.java:114)
W/ClassPathPackageInfoSource( 1496): 	at android.app.ActivityThread.handleBindApplication(ActivityThread.java:4509)
W/ClassPathPackageInfoSource( 1496): 	at android.app.ActivityThread.access$1500(ActivityThread.java:144)
W/ClassPathPackageInfoSource( 1496): 	at android.app.ActivityThread$H.handleMessage(ActivityThread.java:1339)
W/ClassPathPackageInfoSource( 1496): 	at android.os.Handler.dispatchMessage(Handler.java:102)
W/ClassPathPackageInfoSource( 1496): 	at android.os.Looper.loop(Looper.java:135)
W/ClassPathPackageInfoSource( 1496): 	at android.app.ActivityThread.main(ActivityThread.java:5221)
W/ClassPathPackageInfoSource( 1496): 	at java.lang.reflect.Method.invoke(Native Method)
W/ClassPathPackageInfoSource( 1496): 	at java.lang.reflect.Method.invoke(Method.java:372)
W/ClassPathPackageInfoSource( 1496): 	at com.android.internal.os.ZygoteInit$MethodAndArgsCaller.run(ZygoteInit.java:899)
W/ClassPathPackageInfoSource( 1496): 	at com.android.internal.os.ZygoteInit.main(ZygoteInit.java:694)
W/ClassPathPackageInfoSource( 1496): Caused by: java.lang.ClassNotFoundException: Didn't find class "org.apache.maven.artifact.ant.shaded.interpolation.EnvarBasedValueSource" on path: DexPathList[[zip file "/system/framework/android.test.runner.jar", zip file "/data/app/com.example.chariba.test-2/base.apk", zip file "/data/app/com.example.chariba-2/base.apk"],nativeLibraryDirectories=[/vendor/lib, /system/lib]]
W/ClassPathPackageInfoSource( 1496): 	at dalvik.system.BaseDexClassLoader.findClass(BaseDexClassLoader.java:56)
W/ClassPathPackageInfoSource( 1496): 	at java.lang.ClassLoader.loadClass(ClassLoader.java:511)
W/ClassPathPackageInfoSource( 1496): 	at java.lang.ClassLoader.loadClass(ClassLoader.java:469)
W/ClassPathPackageInfoSource( 1496): 	... 26 more
W/ClassPathPackageInfoSource( 1496): 	Suppressed: java.lang.NoClassDefFoundError: org.apache.maven.artifact.ant.shaded.interpolation.EnvarBasedValueSource
W/ClassPathPackageInfoSource( 1496): 		at dalvik.system.DexFile.defineClassNative(Native Method)
W/ClassPathPackageInfoSource( 1496): 		at dalvik.system.DexFile.defineClass(DexFile.java:222)
W/ClassPathPackageInfoSource( 1496): 		at dalvik.system.DexFile.loadClassBinaryName(DexFile.java:215)
W/ClassPathPackageInfoSource( 1496): 		at dalvik.system.DexPathList.findClass(DexPathList.java:321)
W/ClassPathPackageInfoSource( 1496): 		at dalvik.system.BaseDexClassLoader.findClass(BaseDexClassLoader.java:54)
W/ClassPathPackageInfoSource( 1496): 		... 28 more
W/ClassPathPackageInfoSource( 1496): 	Suppressed: java.lang.ClassNotFoundException: org.apache.maven.artifact.ant.shaded.interpolation.EnvarBasedValueSource
W/ClassPathPackageInfoSource( 1496): 		at java.lang.Class.classForName(Native Method)
W/ClassPathPackageInfoSource( 1496): 		at java.lang.BootClassLoader.findClass(ClassLoader.java:781)
W/ClassPathPackageInfoSource( 1496): 		at java.lang.BootClassLoader.loadClass(ClassLoader.java:841)
W/ClassPathPackageInfoSource( 1496): 		at java.lang.ClassLoader.loadClass(ClassLoader.java:504)
W/ClassPathPackageInfoSource( 1496): 		... 27 more
W/ClassPathPackageInfoSource( 1496): 	Caused by: java.lang.NoClassDefFoundError: Class not found using the boot class loader; no stack available
W/ClassPathPackageInfoSource( 1496): Cannot load class. Make sure it is in your apk. Class name: 'org.apache.maven.artifact.ant.shaded.interpolation.Interpolator'. Message: org.apache.maven.artifact.ant.shaded.interpolation.Interpolator
W/ClassPathPackageInfoSource( 1496): java.lang.ClassNotFoundException: org.apache.maven.artifact.ant.shaded.interpolation.Interpolator
W/ClassPathPackageInfoSource( 1496): 	at java.lang.Class.classForName(Native Method)
W/ClassPathPackageInfoSource( 1496): 	at java.lang.Class.forName(Class.java:308)
W/ClassPathPackageInfoSource( 1496): 	at android.test.ClassPathPackageInfoSource.createPackageInfo(ClassPathPackageInfoSource.java:88)
W/ClassPathPackageInfoSource( 1496): 	at android.test.ClassPathPackageInfoSource.access$000(ClassPathPackageInfoSource.java:39)
W/ClassPathPackageInfoSource( 1496): 	at android.test.ClassPathPackageInfoSource$1.load(ClassPathPackageInfoSource.java:50)
W/ClassPathPackageInfoSource( 1496): 	at android.test.ClassPathPackageInfoSource$1.load(ClassPathPackageInfoSource.java:47)
W/ClassPathPackageInfoSource( 1496): 	at android.test.SimpleCache.get(SimpleCache.java:31)
W/ClassPathPackageInfoSource( 1496): 	at android.test.ClassPathPackageInfoSource.getPackageInfo(ClassPathPackageInfoSource.java:72)
W/ClassPathPackageInfoSource( 1496): 	at android.test.ClassPathPackageInfo.getSubpackages(ClassPathPackageInfo.java:48)
W/ClassPathPackageInfoSource( 1496): 	at android.test.ClassPathPackageInfo.addTopLevelClassesTo(ClassPathPackageInfo.java:61)
W/ClassPathPackageInfoSource( 1496): 	at android.test.ClassPathPackageInfo.getTopLevelClassesRecursive(ClassPathPackageInfo.java:55)
W/ClassPathPackageInfoSource( 1496): 	at android.test.suitebuilder.TestGrouping.testCaseClassesInPackage(TestGrouping.java:156)
W/ClassPathPackageInfoSource( 1496): 	at android.test.suitebuilder.TestGrouping.addPackagesRecursive(TestGrouping.java:117)
W/ClassPathPackageInfoSource( 1496): 	at android.test.suitebuilder.TestSuiteBuilder.includePackages(TestSuiteBuilder.java:100)
W/ClassPathPackageInfoSource( 1496): 	at android.test.InstrumentationTestRunner.onCreate(InstrumentationTestRunner.java:367)
W/ClassPathPackageInfoSource( 1496): 	at com.google.android.apps.common.testing.testrunner.GoogleInstrumentationTestRunner.onCreate(GoogleInstrumentationTestRunner.java:114)
W/ClassPathPackageInfoSource( 1496): 	at android.app.ActivityThread.handleBindApplication(ActivityThread.java:4509)
W/ClassPathPackageInfoSource( 1496): 	at android.app.ActivityThread.access$1500(ActivityThread.java:144)
W/ClassPathPackageInfoSource( 1496): 	at android.app.ActivityThread$H.handleMessage(ActivityThread.java:1339)
W/ClassPathPackageInfoSource( 1496): 	at android.os.Handler.dispatchMessage(Handler.java:102)
W/ClassPathPackageInfoSource( 1496): 	at android.os.Looper.loop(Looper.java:135)
W/ClassPathPackageInfoSource( 1496): 	at android.app.ActivityThread.main(ActivityThread.java:5221)
W/ClassPathPackageInfoSource( 1496): 	at java.lang.reflect.Method.invoke(Native Method)
W/ClassPathPackageInfoSource( 1496): 	at java.lang.reflect.Method.invoke(Method.java:372)
W/ClassPathPackageInfoSource( 1496): 	at com.android.internal.os.ZygoteInit$MethodAndArgsCaller.run(ZygoteInit.java:899)
W/ClassPathPackageInfoSource( 1496): 	at com.android.internal.os.ZygoteInit.main(ZygoteInit.java:694)
W/ClassPathPackageInfoSource( 1496): Caused by: java.lang.ClassNotFoundException: Didn't find class "org.apache.maven.artifact.ant.shaded.interpolation.Interpolator" on path: DexPathList[[zip file "/system/framework/android.test.runner.jar", zip file "/data/app/com.example.chariba.test-2/base.apk", zip file "/data/app/com.example.chariba-2/base.apk"],nativeLibraryDirectories=[/vendor/lib, /system/lib]]
W/ClassPathPackageInfoSource( 1496): 	at dalvik.system.BaseDexClassLoader.findClass(BaseDexClassLoader.java:56)
W/ClassPathPackageInfoSource( 1496): 	at java.lang.ClassLoader.loadClass(ClassLoader.java:511)
W/ClassPathPackageInfoSource( 1496): 	at java.lang.ClassLoader.loadClass(ClassLoader.java:469)
W/ClassPathPackageInfoSource( 1496): 	... 26 more
W/ClassPathPackageInfoSource( 1496): 	Suppressed: java.lang.NoClassDefFoundError: org.apache.maven.artifact.ant.shaded.interpolation.Interpolator
W/ClassPathPackageInfoSource( 1496): 		at dalvik.system.DexFile.defineClassNative(Native Method)
W/ClassPathPackageInfoSource( 1496): 		at dalvik.system.DexFile.defineClass(DexFile.java:222)
W/ClassPathPackageInfoSource( 1496): 		at dalvik.system.DexFile.loadClassBinaryName(DexFile.java:215)
W/ClassPathPackageInfoSource( 1496): 		at dalvik.system.DexPathList.findClass(DexPathList.java:321)
W/ClassPathPackageInfoSource( 1496): 		at dalvik.system.BaseDexClassLoader.findClass(BaseDexClassLoader.java:54)
W/ClassPathPackageInfoSource( 1496): 		... 28 more
W/ClassPathPackageInfoSource( 1496): 	Suppressed: java.lang.ClassNotFoundException: org.apache.maven.artifact.ant.shaded.interpolation.Interpolator
W/ClassPathPackageInfoSource( 1496): 		at java.lang.Class.classForName(Native Method)
W/ClassPathPackageInfoSource( 1496): 		at java.lang.BootClassLoader.findClass(ClassLoader.java:781)
W/ClassPathPackageInfoSource( 1496): 		at java.lang.BootClassLoader.loadClass(ClassLoader.java:841)
W/ClassPathPackageInfoSource( 1496): 		at java.lang.ClassLoader.loadClass(ClassLoader.java:504)
W/ClassPathPackageInfoSource( 1496): 		... 27 more
W/ClassPathPackageInfoSource( 1496): 	Caused by: java.lang.NoClassDefFoundError: Class not found using the boot class loader; no stack available
W/ClassPathPackageInfoSource( 1496): Cannot load class. Make sure it is in your apk. Class name: 'org.apache.maven.artifact.ant.shaded.interpolation.InterpolatorFilterReader'. Message: org.apache.maven.artifact.ant.shaded.interpolation.InterpolatorFilterReader
W/ClassPathPackageInfoSource( 1496): java.lang.ClassNotFoundException: org.apache.maven.artifact.ant.shaded.interpolation.InterpolatorFilterReader
W/ClassPathPackageInfoSource( 1496): 	at java.lang.Class.classForName(Native Method)
W/ClassPathPackageInfoSource( 1496): 	at java.lang.Class.forName(Class.java:308)
W/ClassPathPackageInfoSource( 1496): 	at android.test.ClassPathPackageInfoSource.createPackageInfo(ClassPathPackageInfoSource.java:88)
W/ClassPathPackageInfoSource( 1496): 	at android.test.ClassPathPackageInfoSource.access$000(ClassPathPackageInfoSource.java:39)
W/ClassPathPackageInfoSource( 1496): 	at android.test.ClassPathPackageInfoSource$1.load(ClassPathPackageInfoSource.java:50)
W/ClassPathPackageInfoSource( 1496): 	at android.test.ClassPathPackageInfoSource$1.load(ClassPathPackageInfoSource.java:47)
W/ClassPathPackageInfoSource( 1496): 	at android.test.SimpleCache.get(SimpleCache.java:31)
W/ClassPathPackageInfoSource( 1496): 	at android.test.ClassPathPackageInfoSource.getPackageInfo(ClassPathPackageInfoSource.java:72)
W/ClassPathPackageInfoSource( 1496): 	at android.test.ClassPathPackageInfo.getSubpackages(ClassPathPackageInfo.java:48)
W/ClassPathPackageInfoSource( 1496): 	at android.test.ClassPathPackageInfo.addTopLevelClassesTo(ClassPathPackageInfo.java:61)
W/ClassPathPackageInfoSource( 1496): 	at android.test.ClassPathPackageInfo.getTopLevelClassesRecursive(ClassPathPackageInfo.java:55)
W/ClassPathPackageInfoSource( 1496): 	at android.test.suitebuilder.TestGrouping.testCaseClassesInPackage(TestGrouping.java:156)
W/ClassPathPackageInfoSource( 1496): 	at android.test.suitebuilder.TestGrouping.addPackagesRecursive(TestGrouping.java:117)
W/ClassPathPackageInfoSource( 1496): 	at android.test.suitebuilder.TestSuiteBuilder.includePackages(TestSuiteBuilder.java:100)
W/ClassPathPackageInfoSource( 1496): 	at android.test.InstrumentationTestRunner.onCreate(InstrumentationTestRunner.java:367)
W/ClassPathPackageInfoSource( 1496): 	at com.google.android.apps.common.testing.testrunner.GoogleInstrumentationTestRunner.onCreate(GoogleInstrumentationTestRunner.java:114)
W/ClassPathPackageInfoSource( 1496): 	at android.app.ActivityThread.handleBindApplication(ActivityThread.java:4509)
W/ClassPathPackageInfoSource( 1496): 	at android.app.ActivityThread.access$1500(ActivityThread.java:144)
W/ClassPathPackageInfoSource( 1496): 	at android.app.ActivityThread$H.handleMessage(ActivityThread.java:1339)
W/ClassPathPackageInfoSource( 1496): 	at android.os.Handler.dispatchMessage(Handler.java:102)
W/ClassPathPackageInfoSource( 1496): 	at android.os.Looper.loop(Looper.java:135)
W/ClassPathPackageInfoSource( 1496): 	at android.app.ActivityThread.main(ActivityThread.java:5221)
W/ClassPathPackageInfoSource( 1496): 	at java.lang.reflect.Method.invoke(Native Method)
W/ClassPathPackageInfoSource( 1496): 	at java.lang.reflect.Method.invoke(Method.java:372)
W/ClassPathPackageInfoSource( 1496): 	at com.android.internal.os.ZygoteInit$MethodAndArgsCaller.run(ZygoteInit.java:899)
W/ClassPathPackageInfoSource( 1496): 	at com.android.internal.os.ZygoteInit.main(ZygoteInit.java:694)
W/ClassPathPackageInfoSource( 1496): Caused by: java.lang.ClassNotFoundException: Didn't find class "org.apache.maven.artifact.ant.shaded.interpolation.InterpolatorFilterReader" on path: DexPathList[[zip file "/system/framework/android.test.runner.jar", zip file "/data/app/com.example.chariba.test-2/base.apk", zip file "/data/app/com.example.chariba-2/base.apk"],nativeLibraryDirectories=[/vendor/lib, /system/lib]]
W/ClassPathPackageInfoSource( 1496): 	at dalvik.system.BaseDexClassLoader.findClass(BaseDexClassLoader.java:56)
W/ClassPathPackageInfoSource( 1496): 	at java.lang.ClassLoader.loadClass(ClassLoader.java:511)
W/ClassPathPackageInfoSource( 1496): 	at java.lang.ClassLoader.loadClass(ClassLoader.java:469)
W/ClassPathPackageInfoSource( 1496): 	... 26 more
W/ClassPathPackageInfoSource( 1496): 	Suppressed: java.lang.NoClassDefFoundError: org.apache.maven.artifact.ant.shaded.interpolation.InterpolatorFilterReader
W/ClassPathPackageInfoSource( 1496): 		at dalvik.system.DexFile.defineClassNative(Native Method)
W/ClassPathPackageInfoSource( 1496): 		at dalvik.system.DexFile.defineClass(DexFile.java:222)
W/ClassPathPackageInfoSource( 1496): 		at dalvik.system.DexFile.loadClassBinaryName(DexFile.java:215)
W/ClassPathPackageInfoSource( 1496): 		at dalvik.system.DexPathList.findClass(DexPathList.java:321)
W/ClassPathPackageInfoSource( 1496): 		at dalvik.system.BaseDexClassLoader.findClass(BaseDexClassLoader.java:54)
W/ClassPathPackageInfoSource( 1496): 		... 28 more
W/ClassPathPackageInfoSource( 1496): 	Suppressed: java.lang.ClassNotFoundException: org.apache.maven.artifact.ant.shaded.interpolation.InterpolatorFilterReader
W/ClassPathPackageInfoSource( 1496): 		at java.lang.Class.classForName(Native Method)
W/ClassPathPackageInfoSource( 1496): 		at java.lang.BootClassLoader.findClass(ClassLoader.java:781)
W/ClassPathPackageInfoSource( 1496): 		at java.lang.BootClassLoader.loadClass(ClassLoader.java:841)
W/ClassPathPackageInfoSource( 1496): 		at java.lang.ClassLoader.loadClass(ClassLoader.java:504)
W/ClassPathPackageInfoSource( 1496): 		... 27 more
W/ClassPathPackageInfoSource( 1496): 	Caused by: java.lang.NoClassDefFoundError: Class not found using the boot class loader; no stack available
W/ClassPathPackageInfoSource( 1496): Cannot load class. Make sure it is in your apk. Class name: 'org.apache.maven.artifact.ant.shaded.interpolation.MapBasedValueSource'. Message: org.apache.maven.artifact.ant.shaded.interpolation.MapBasedValueSource
W/ClassPathPackageInfoSource( 1496): java.lang.ClassNotFoundException: org.apache.maven.artifact.ant.shaded.interpolation.MapBasedValueSource
W/ClassPathPackageInfoSource( 1496): 	at java.lang.Class.classForName(Native Method)
W/ClassPathPackageInfoSource( 1496): 	at java.lang.Class.forName(Class.java:308)
W/ClassPathPackageInfoSource( 1496): 	at android.test.ClassPathPackageInfoSource.createPackageInfo(ClassPathPackageInfoSource.java:88)
W/ClassPathPackageInfoSource( 1496): 	at android.test.ClassPathPackageInfoSource.access$000(ClassPathPackageInfoSource.java:39)
W/ClassPathPackageInfoSource( 1496): 	at android.test.ClassPathPackageInfoSource$1.load(ClassPathPackageInfoSource.java:50)
W/ClassPathPackageInfoSource( 1496): 	at android.test.ClassPathPackageInfoSource$1.load(ClassPathPackageInfoSource.java:47)
W/ClassPathPackageInfoSource( 1496): 	at android.test.SimpleCache.get(SimpleCache.java:31)
W/ClassPathPackageInfoSource( 1496): 	at android.test.ClassPathPackageInfoSource.getPackageInfo(ClassPathPackageInfoSource.java:72)
W/ClassPathPackageInfoSource( 1496): 	at android.test.ClassPathPackageInfo.getSubpackages(ClassPathPackageInfo.java:48)
W/ClassPathPackageInfoSource( 1496): 	at android.test.ClassPathPackageInfo.addTopLevelClassesTo(ClassPathPackageInfo.java:61)
W/ClassPathPackageInfoSource( 1496): 	at android.test.ClassPathPackageInfo.getTopLevelClassesRecursive(ClassPathPackageInfo.java:55)
W/ClassPathPackageInfoSource( 1496): 	at android.test.suitebuilder.TestGrouping.testCaseClassesInPackage(TestGrouping.java:156)
W/ClassPathPackageInfoSource( 1496): 	at android.test.suitebuilder.TestGrouping.addPackagesRecursive(TestGrouping.java:117)
W/ClassPathPackageInfoSource( 1496): 	at android.test.suitebuilder.TestSuiteBuilder.includePackages(TestSuiteBuilder.java:100)
W/ClassPathPackageInfoSource( 1496): 	at android.test.InstrumentationTestRunner.onCreate(InstrumentationTestRunner.java:367)
W/ClassPathPackageInfoSource( 1496): 	at com.google.android.apps.common.testing.testrunner.GoogleInstrumentationTestRunner.onCreate(GoogleInstrumentationTestRunner.java:114)
W/ClassPathPackageInfoSource( 1496): 	at android.app.ActivityThread.handleBindApplication(ActivityThread.java:4509)
W/ClassPathPackageInfoSource( 1496): 	at android.app.ActivityThread.access$1500(ActivityThread.java:144)
W/ClassPathPackageInfoSource( 1496): 	at android.app.ActivityThread$H.handleMessage(ActivityThread.java:1339)
W/ClassPathPackageInfoSource( 1496): 	at android.os.Handler.dispatchMessage(Handler.java:102)
W/ClassPathPackageInfoSource( 1496): 	at android.os.Looper.loop(Looper.java:135)
W/ClassPathPackageInfoSource( 1496): 	at android.app.ActivityThread.main(ActivityThread.java:5221)
W/ClassPathPackageInfoSource( 1496): 	at java.lang.reflect.Method.invoke(Native Method)
W/ClassPathPackageInfoSource( 1496): 	at java.lang.reflect.Method.invoke(Method.java:372)
W/ClassPathPackageInfoSource( 1496): 	at com.android.internal.os.ZygoteInit$MethodAndArgsCaller.run(ZygoteInit.java:899)
W/ClassPathPackageInfoSource( 1496): 	at com.android.internal.os.ZygoteInit.main(ZygoteInit.java:694)
W/ClassPathPackageInfoSource( 1496): Caused by: java.lang.ClassNotFoundException: Didn't find class "org.apache.maven.artifact.ant.shaded.interpolation.MapBasedValueSource" on path: DexPathList[[zip file "/system/framework/android.test.runner.jar", zip file "/data/app/com.example.chariba.test-2/base.apk", zip file "/data/app/com.example.chariba-2/base.apk"],nativeLibraryDirectories=[/vendor/lib, /system/lib]]
W/ClassPathPackageInfoSource( 1496): 	at dalvik.system.BaseDexClassLoader.findClass(BaseDexClassLoader.java:56)
W/ClassPathPackageInfoSource( 1496): 	at java.lang.ClassLoader.loadClass(ClassLoader.java:511)
W/ClassPathPackageInfoSource( 1496): 	at java.lang.ClassLoader.loadClass(ClassLoader.java:469)
W/ClassPathPackageInfoSource( 1496): 	... 26 more
W/ClassPathPackageInfoSource( 1496): 	Suppressed: java.lang.NoClassDefFoundError: org.apache.maven.artifact.ant.shaded.interpolation.MapBasedValueSource
W/ClassPathPackageInfoSource( 1496): 		at dalvik.system.DexFile.defineClassNative(Native Method)
W/ClassPathPackageInfoSource( 1496): 		at dalvik.system.DexFile.defineClass(DexFile.java:222)
W/ClassPathPackageInfoSource( 1496): 		at dalvik.system.DexFile.loadClassBinaryName(DexFile.java:215)
W/ClassPathPackageInfoSource( 1496): 		at dalvik.system.DexPathList.findClass(DexPathList.java:321)
W/ClassPathPackageInfoSource( 1496): 		at dalvik.system.BaseDexClassLoader.findClass(BaseDexClassLoader.java:54)
W/ClassPathPackageInfoSource( 1496): 		... 28 more
W/ClassPathPackageInfoSource( 1496): 	Suppressed: java.lang.ClassNotFoundException: org.apache.maven.artifact.ant.shaded.interpolation.MapBasedValueSource
W/ClassPathPackageInfoSource( 1496): 		at java.lang.Class.classForName(Native Method)
W/ClassPathPackageInfoSource( 1496): 		at java.lang.BootClassLoader.findClass(ClassLoader.java:781)
W/ClassPathPackageInfoSource( 1496): 		at java.lang.BootClassLoader.loadClass(ClassLoader.java:841)
W/ClassPathPackageInfoSource( 1496): 		at java.lang.ClassLoader.loadClass(ClassLoader.java:504)
W/ClassPathPackageInfoSource( 1496): 		... 27 more
W/ClassPathPackageInfoSource( 1496): 	Caused by: java.lang.NoClassDefFoundError: Class not found using the boot class loader; no stack available
W/ClassPathPackageInfoSource( 1496): Cannot load class. Make sure it is in your apk. Class name: 'org.apache.maven.artifact.ant.shaded.interpolation.ObjectBasedValueSource'. Message: org.apache.maven.artifact.ant.shaded.interpolation.ObjectBasedValueSource
W/ClassPathPackageInfoSource( 1496): java.lang.ClassNotFoundException: org.apache.maven.artifact.ant.shaded.interpolation.ObjectBasedValueSource
W/ClassPathPackageInfoSource( 1496): 	at java.lang.Class.classForName(Native Method)
W/ClassPathPackageInfoSource( 1496): 	at java.lang.Class.forName(Class.java:308)
W/ClassPathPackageInfoSource( 1496): 	at android.test.ClassPathPackageInfoSource.createPackageInfo(ClassPathPackageInfoSource.java:88)
W/ClassPathPackageInfoSource( 1496): 	at android.test.ClassPathPackageInfoSource.access$000(ClassPathPackageInfoSource.java:39)
W/ClassPathPackageInfoSource( 1496): 	at android.test.ClassPathPackageInfoSource$1.load(ClassPathPackageInfoSource.java:50)
W/ClassPathPackageInfoSource( 1496): 	at android.test.ClassPathPackageInfoSource$1.load(ClassPathPackageInfoSource.java:47)
W/ClassPathPackageInfoSource( 1496): 	at android.test.SimpleCache.get(SimpleCache.java:31)
W/ClassPathPackageInfoSource( 1496): 	at android.test.ClassPathPackageInfoSource.getPackageInfo(ClassPathPackageInfoSource.java:72)
W/ClassPathPackageInfoSource( 1496): 	at android.test.ClassPathPackageInfo.getSubpackages(ClassPathPackageInfo.java:48)
W/ClassPathPackageInfoSource( 1496): 	at android.test.ClassPathPackageInfo.addTopLevelClassesTo(ClassPathPackageInfo.java:61)
W/ClassPathPackageInfoSource( 1496): 	at android.test.ClassPathPackageInfo.getTopLevelClassesRecursive(ClassPathPackageInfo.java:55)
W/ClassPathPackageInfoSource( 1496): 	at android.test.suitebuilder.TestGrouping.testCaseClassesInPackage(TestGrouping.java:156)
W/ClassPathPackageInfoSource( 1496): 	at android.test.suitebuilder.TestGrouping.addPackagesRecursive(TestGrouping.java:117)
W/ClassPathPackageInfoSource( 1496): 	at android.test.suitebuilder.TestSuiteBuilder.includePackages(TestSuiteBuilder.java:100)
W/ClassPathPackageInfoSource( 1496): 	at android.test.InstrumentationTestRunner.onCreate(InstrumentationTestRunner.java:367)
W/ClassPathPackageInfoSource( 1496): 	at com.google.android.apps.common.testing.testrunner.GoogleInstrumentationTestRunner.onCreate(GoogleInstrumentationTestRunner.java:114)
W/ClassPathPackageInfoSource( 1496): 	at android.app.ActivityThread.handleBindApplication(ActivityThread.java:4509)
W/ClassPathPackageInfoSource( 1496): 	at android.app.ActivityThread.access$1500(ActivityThread.java:144)
W/ClassPathPackageInfoSource( 1496): 	at android.app.ActivityThread$H.handleMessage(ActivityThread.java:1339)
W/ClassPathPackageInfoSource( 1496): 	at android.os.Handler.dispatchMessage(Handler.java:102)
W/ClassPathPackageInfoSource( 1496): 	at android.os.Looper.loop(Looper.java:135)
W/ClassPathPackageInfoSource( 1496): 	at android.app.ActivityThread.main(ActivityThread.java:5221)
W/ClassPathPackageInfoSource( 1496): 	at java.lang.reflect.Method.invoke(Native Method)
W/ClassPathPackageInfoSource( 1496): 	at java.lang.reflect.Method.invoke(Method.java:372)
W/ClassPathPackageInfoSource( 1496): 	at com.android.internal.os.ZygoteInit$MethodAndArgsCaller.run(ZygoteInit.java:899)
W/ClassPathPackageInfoSource( 1496): 	at com.android.internal.os.ZygoteInit.main(ZygoteInit.java:694)
W/ClassPathPackageInfoSource( 1496): Caused by: java.lang.ClassNotFoundException: Didn't find class "org.apache.maven.artifact.ant.shaded.interpolation.ObjectBasedValueSource" on path: DexPathList[[zip file "/system/framework/android.test.runner.jar", zip file "/data/app/com.example.chariba.test-2/base.apk", zip file "/data/app/com.example.chariba-2/base.apk"],nativeLibraryDirectories=[/vendor/lib, /system/lib]]
W/ClassPathPackageInfoSource( 1496): 	at dalvik.system.BaseDexClassLoader.findClass(BaseDexClassLoader.java:56)
W/ClassPathPackageInfoSource( 1496): 	at java.lang.ClassLoader.loadClass(ClassLoader.java:511)
W/ClassPathPackageInfoSource( 1496): 	at java.lang.ClassLoader.loadClass(ClassLoader.java:469)
W/ClassPathPackageInfoSource( 1496): 	... 26 more
W/ClassPathPackageInfoSource( 1496): 	Suppressed: java.lang.NoClassDefFoundError: org.apache.maven.artifact.ant.shaded.interpolation.ObjectBasedValueSource
W/ClassPathPackageInfoSource( 1496): 		at dalvik.system.DexFile.defineClassNative(Native Method)
W/ClassPathPackageInfoSource( 1496): 		at dalvik.system.DexFile.defineClass(DexFile.java:222)
W/ClassPathPackageInfoSource( 1496): 		at dalvik.system.DexFile.loadClassBinaryName(DexFile.java:215)
W/ClassPathPackageInfoSource( 1496): 		at dalvik.system.DexPathList.findClass(DexPathList.java:321)
W/ClassPathPackageInfoSource( 1496): 		at dalvik.system.BaseDexClassLoader.findClass(BaseDexClassLoader.java:54)
W/ClassPathPackageInfoSource( 1496): 		... 28 more
W/ClassPathPackageInfoSource( 1496): 	Suppressed: java.lang.ClassNotFoundException: org.apache.maven.artifact.ant.shaded.interpolation.ObjectBasedValueSource
W/ClassPathPackageInfoSource( 1496): 		at java.lang.Class.classForName(Native Method)
W/ClassPathPackageInfoSource( 1496): 		at java.lang.BootClassLoader.findClass(ClassLoader.java:781)
W/ClassPathPackageInfoSource( 1496): 		at java.lang.BootClassLoader.loadClass(ClassLoader.java:841)
W/ClassPathPackageInfoSource( 1496): 		at java.lang.ClassLoader.loadClass(ClassLoader.java:504)
W/ClassPathPackageInfoSource( 1496): 		... 27 more
W/ClassPathPackageInfoSource( 1496): 	Caused by: java.lang.NoClassDefFoundError: Class not found using the boot class loader; no stack available
W/ClassPathPackageInfoSource( 1496): Cannot load class. Make sure it is in your apk. Class name: 'org.apache.maven.artifact.ant.shaded.interpolation.PropertiesBasedValueSource'. Message: org.apache.maven.artifact.ant.shaded.interpolation.PropertiesBasedValueSource
W/ClassPathPackageInfoSource( 1496): java.lang.ClassNotFoundException: org.apache.maven.artifact.ant.shaded.interpolation.PropertiesBasedValueSource
W/ClassPathPackageInfoSource( 1496): 	at java.lang.Class.classForName(Native Method)
W/ClassPathPackageInfoSource( 1496): 	at java.lang.Class.forName(Class.java:308)
W/ClassPathPackageInfoSource( 1496): 	at android.test.ClassPathPackageInfoSource.createPackageInfo(ClassPathPackageInfoSource.java:88)
W/ClassPathPackageInfoSource( 1496): 	at android.test.ClassPathPackageInfoSource.access$000(ClassPathPackageInfoSource.java:39)
W/ClassPathPackageInfoSource( 1496): 	at android.test.ClassPathPackageInfoSource$1.load(ClassPathPackageInfoSource.java:50)
W/ClassPathPackageInfoSource( 1496): 	at android.test.ClassPathPackageInfoSource$1.load(ClassPathPackageInfoSource.java:47)
W/ClassPathPackageInfoSource( 1496): 	at android.test.SimpleCache.get(SimpleCache.java:31)
W/ClassPathPackageInfoSource( 1496): 	at android.test.ClassPathPackageInfoSource.getPackageInfo(ClassPathPackageInfoSource.java:72)
W/ClassPathPackageInfoSource( 1496): 	at android.test.ClassPathPackageInfo.getSubpackages(ClassPathPackageInfo.java:48)
W/ClassPathPackageInfoSource( 1496): 	at android.test.ClassPathPackageInfo.addTopLevelClassesTo(ClassPathPackageInfo.java:61)
W/ClassPathPackageInfoSource( 1496): 	at android.test.ClassPathPackageInfo.getTopLevelClassesRecursive(ClassPathPackageInfo.java:55)
W/ClassPathPackageInfoSource( 1496): 	at android.test.suitebuilder.TestGrouping.testCaseClassesInPackage(TestGrouping.java:156)
W/ClassPathPackageInfoSource( 1496): 	at android.test.suitebuilder.TestGrouping.addPackagesRecursive(TestGrouping.java:117)
W/ClassPathPackageInfoSource( 1496): 	at android.test.suitebuilder.TestSuiteBuilder.includePackages(TestSuiteBuilder.java:100)
W/ClassPathPackageInfoSource( 1496): 	at android.test.InstrumentationTestRunner.onCreate(InstrumentationTestRunner.java:367)
W/ClassPathPackageInfoSource( 1496): 	at com.google.android.apps.common.testing.testrunner.GoogleInstrumentationTestRunner.onCreate(GoogleInstrumentationTestRunner.java:114)
W/ClassPathPackageInfoSource( 1496): 	at android.app.ActivityThread.handleBindApplication(ActivityThread.java:4509)
W/ClassPathPackageInfoSource( 1496): 	at android.app.ActivityThread.access$1500(ActivityThread.java:144)
W/ClassPathPackageInfoSource( 1496): 	at android.app.ActivityThread$H.handleMessage(ActivityThread.java:1339)
W/ClassPathPackageInfoSource( 1496): 	at android.os.Handler.dispatchMessage(Handler.java:102)
W/ClassPathPackageInfoSource( 1496): 	at android.os.Looper.loop(Looper.java:135)
W/ClassPathPackageInfoSource( 1496): 	at android.app.ActivityThread.main(ActivityThread.java:5221)
W/ClassPathPackageInfoSource( 1496): 	at java.lang.reflect.Method.invoke(Native Method)
W/ClassPathPackageInfoSource( 1496): 	at java.lang.reflect.Method.invoke(Method.java:372)
W/ClassPathPackageInfoSource( 1496): 	at com.android.internal.os.ZygoteInit$MethodAndArgsCaller.run(ZygoteInit.java:899)
W/ClassPathPackageInfoSource( 1496): 	at com.android.internal.os.ZygoteInit.main(ZygoteInit.java:694)
W/ClassPathPackageInfoSource( 1496): Caused by: java.lang.ClassNotFoundException: Didn't find class "org.apache.maven.artifact.ant.shaded.interpolation.PropertiesBasedValueSource" on path: DexPathList[[zip file "/system/framework/android.test.runner.jar", zip file "/data/app/com.example.chariba.test-2/base.apk", zip file "/data/app/com.example.chariba-2/base.apk"],nativeLibraryDirectories=[/vendor/lib, /system/lib]]
W/ClassPathPackageInfoSource( 1496): 	at dalvik.system.BaseDexClassLoader.findClass(BaseDexClassLoader.java:56)
W/ClassPathPackageInfoSource( 1496): 	at java.lang.ClassLoader.loadClass(ClassLoader.java:511)
