--------- beginning of main
W/auditd  (   49): type=2000 audit(0.0:1): initialized
W/auditd  (   49): type=1404 audit(0.0:3): enforcing=1 old_enforcing=0 auid=4294967295 ses=4294967295
E/cutils  (   66): Failed to read /data/.layout_version: No such file or directory
--------- beginning of system
E/SurfaceFlinger(   54): hwcomposer module not found
W/SurfaceFlinger(   54): no suitable EGLConfig found, trying a simpler query
W/SurfaceFlinger(   54): EGL_SLOW_CONFIG selected!
W/SurfaceFlinger(   54): no suitable EGLConfig found, trying a simpler query
W/SurfaceFlinger(   54): EGL_SLOW_CONFIG selected!
W/SurfaceFlinger(   54): no suitable EGLConfig found, trying a simpler query
W/SurfaceFlinger(   54): EGL_SLOW_CONFIG selected!
E/SurfaceFlinger(   54): ro.sf.lcd_density must be defined as a build property
W/AudioFlinger(   65): Thread AudioOut_2 cannot connect to the power manager service
W/AudioFlinger(   65): Thread AudioOut_2 cannot connect to the power manager service
W/AudioFlinger(   65): Thread AudioOut_2 cannot connect to the power manager service
E/AudioFlinger(   65): no wake lock to update!
E/audio_hw_generic(   65): Error opening input stream format 1, channel_mask 0010, sample_rate 16000
E/AudioFlinger(   65): int android::load_audio_interface(const char*, audio_hw_device_t**) couldn't load audio hw module audio.r_submix (No such file or directory)
W/AudioPolicyManager(   65): could not open HW module r_submix
W/AudioPolicyManager(   65): Input device 80000100 unreachable
E/SoundTriggerHwService(   65): couldn't load sound trigger module sound_trigger.primary (No such file or directory)
E/memtrack(   68): Couldn't load memtrack module (No such file or directory)
E/android.os.Debug(   68): failed to load memtrack module: -2
E/Minikin (   68): addFont failed to create font /system/fonts/NotoSansGujarati-Regular.ttf
E/Minikin (   68): addFont failed to create font /system/fonts/NotoSansGujarati-Bold.ttf
E/Minikin (   68): addFont failed to create font /system/fonts/NotoSansGujaratiUI-Regular.ttf
E/Minikin (   68): addFont failed to create font /system/fonts/NotoSansGujaratiUI-Bold.ttf
E/Minikin (   68): addFont failed to create font /system/fonts/NotoSansGurmukhi-Regular.ttf
E/Minikin (   68): addFont failed to create font /system/fonts/NotoSansGurmukhi-Bold.ttf
E/Minikin (   68): addFont failed to create font /system/fonts/NotoSansGurmukhiUI-Regular.ttf
E/Minikin (   68): addFont failed to create font /system/fonts/NotoSansGurmukhiUI-Bold.ttf
E/Minikin (   68): addFont failed to create font /system/fonts/NotoSansSinhala-Regular.ttf
E/Minikin (   68): addFont failed to create font /system/fonts/NotoSansSinhala-Bold.ttf
E/Minikin (   68): addFont failed to create font /system/fonts/NotoSansCherokee-Regular.ttf
E/Minikin (   68): addFont failed to create font /system/fonts/NotoSansCanadianAboriginal-Regular.ttf
E/Minikin (   68): addFont failed to create font /system/fonts/NotoSansYi-Regular.ttf
E/Minikin (   68): addFont failed to create font /system/fonts/NotoSansHans-Regular.otf
E/Minikin (   68): addFont failed to create font /system/fonts/NotoSansHant-Regular.otf
E/Minikin (   68): addFont failed to create font /system/fonts/NotoSansJP-Regular.otf
E/Minikin (   68): addFont failed to create font /system/fonts/NotoSansKR-Regular.otf
E/EmojiFactory_jni(   68): Failed to load libemoji.so: dlopen failed: library "libemoji.so" not found
W/art     (   68): Suspending all threads took: 20.441ms
E/logwrapper(  333): executing /system/bin/ip failed: No such file or directory
E/Netd    (   61): failed to flush rules
E/CommandListener(   61): failed to initialize RouteController (Remote I/O error)
E/installd(  356): Running /system/bin/patchoat isa=arm in-fd=6 (/system/framework/arm/services.odex) out-fd=7 (/data/dalvik-cache/arm/system@framework@services.jar@classes.dex)
E/installd(  357): Running /system/bin/patchoat isa=arm in-fd=6 (/system/framework/arm/ethernet-service.odex) out-fd=7 (/data/dalvik-cache/arm/system@framework@ethernet-service.jar@classes.dex)
E/installd(  358): Running /system/bin/patchoat isa=arm in-fd=6 (/system/framework/arm/wifi-service.odex) out-fd=7 (/data/dalvik-cache/arm/system@framework@wifi-service.jar@classes.dex)
E/installd(   66): eof
E/installd(   66): failed to read size
E/PowerManagerService-JNI(  343): Couldn't load power module (No such file or directory)
W/libsuspend(  343): Error writing 'on' to /sys/power/state: Invalid argument
E/SurfaceFlinger(   54): ro.sf.lcd_density must be defined as a build property
W/SELinuxMMAC(  343): Error opening /data/system/seapp_hash. Assuming first boot.
W/FileUtils(  343): Failed to chmod(/data/system/packages.list): android.system.ErrnoException: chmod failed: ENOENT (No such file or directory)
W/SystemConfig(  343): No directory /system/etc/sysconfig, skipping
E/installd(  375): Running /system/bin/patchoat isa=arm in-fd=6 (/system/framework/arm/android.test.runner.odex) out-fd=7 (/data/dalvik-cache/arm/system@framework@android.test.runner.jar@classes.dex)
E/installd(  376): Running /system/bin/patchoat isa=arm in-fd=6 (/system/framework/arm/com.android.media.remotedisplay.odex) out-fd=7 (/data/dalvik-cache/arm/system@framework@com.android.media.remotedisplay.jar@classes.dex)
E/installd(  377): Running /system/bin/patchoat isa=arm in-fd=6 (/system/framework/arm/com.android.location.provider.odex) out-fd=7 (/data/dalvik-cache/arm/system@framework@com.android.location.provider.jar@classes.dex)
E/installd(  378): Running /system/bin/patchoat isa=arm in-fd=6 (/system/framework/arm/com.android.mediadrm.signer.odex) out-fd=7 (/data/dalvik-cache/arm/system@framework@com.android.mediadrm.signer.jar@classes.dex)
E/installd(  379): Running /system/bin/patchoat isa=arm in-fd=6 (/system/framework/arm/javax.obex.odex) out-fd=7 (/data/dalvik-cache/arm/system@framework@javax.obex.jar@classes.dex)
E/installd(  380): Running /system/bin/patchoat isa=arm in-fd=6 (/system/framework/arm/am.odex) out-fd=7 (/data/dalvik-cache/arm/system@framework@am.jar@classes.dex)
E/installd(  381): Running /system/bin/patchoat isa=arm in-fd=6 (/system/framework/arm/appops.odex) out-fd=7 (/data/dalvik-cache/arm/system@framework@appops.jar@classes.dex)
E/installd(  382): Running /system/bin/patchoat isa=arm in-fd=6 (/system/framework/arm/appwidget.odex) out-fd=7 (/data/dalvik-cache/arm/system@framework@appwidget.jar@classes.dex)
E/installd(  383): Running /system/bin/patchoat isa=arm in-fd=6 (/system/framework/arm/bmgr.odex) out-fd=7 (/data/dalvik-cache/arm/system@framework@bmgr.jar@classes.dex)
E/installd(  384): Running /system/bin/patchoat isa=arm in-fd=6 (/system/framework/arm/bu.odex) out-fd=7 (/data/dalvik-cache/arm/system@framework@bu.jar@classes.dex)
E/installd(  385): Running /system/bin/patchoat isa=arm in-fd=6 (/system/framework/arm/com.android.future.usb.accessory.odex) out-fd=7 (/data/dalvik-cache/arm/system@framework@com.android.future.usb.accessory.jar@classes.dex)
E/installd(  386): Running /system/bin/patchoat isa=arm in-fd=6 (/system/framework/arm/content.odex) out-fd=7 (/data/dalvik-cache/arm/system@framework@content.jar@classes.dex)
E/installd(  387): Running /system/bin/patchoat isa=arm in-fd=6 (/system/framework/arm/dpm.odex) out-fd=7 (/data/dalvik-cache/arm/system@framework@dpm.jar@classes.dex)
E/installd(  388): Running /system/bin/patchoat isa=arm in-fd=6 (/system/framework/arm/ime.odex) out-fd=7 (/data/dalvik-cache/arm/system@framework@ime.jar@classes.dex)
E/installd(  389): Running /system/bin/patchoat isa=arm in-fd=6 (/system/framework/arm/input.odex) out-fd=7 (/data/dalvik-cache/arm/system@framework@input.jar@classes.dex)
E/installd(  390): Running /system/bin/patchoat isa=arm in-fd=6 (/system/framework/arm/media_cmd.odex) out-fd=7 (/data/dalvik-cache/arm/system@framework@media_cmd.jar@classes.dex)
E/installd(  391): Running /system/bin/patchoat isa=arm in-fd=6 (/system/framework/arm/monkey.odex) out-fd=7 (/data/dalvik-cache/arm/system@framework@monkey.jar@classes.dex)
E/installd(  392): Running /system/bin/patchoat isa=arm in-fd=6 (/system/framework/arm/pm.odex) out-fd=7 (/data/dalvik-cache/arm/system@framework@pm.jar@classes.dex)
E/installd(  393): Running /system/bin/patchoat isa=arm in-fd=6 (/system/framework/arm/requestsync.odex) out-fd=7 (/data/dalvik-cache/arm/system@framework@requestsync.jar@classes.dex)
E/installd(  394): Running /system/bin/patchoat isa=arm in-fd=6 (/system/framework/arm/settings.odex) out-fd=7 (/data/dalvik-cache/arm/system@framework@settings.jar@classes.dex)
E/installd(  395): Running /system/bin/patchoat isa=arm in-fd=6 (/system/framework/arm/svc.odex) out-fd=7 (/data/dalvik-cache/arm/system@framework@svc.jar@classes.dex)
E/installd(  396): Running /system/bin/patchoat isa=arm in-fd=6 (/system/framework/arm/uiautomator.odex) out-fd=7 (/data/dalvik-cache/arm/system@framework@uiautomator.jar@classes.dex)
E/installd(  397): Running /system/bin/patchoat isa=arm in-fd=6 (/system/framework/arm/wm.odex) out-fd=7 (/data/dalvik-cache/arm/system@framework@wm.jar@classes.dex)
W/PackageManager(  343): Failed to parse /system/framework/arm: Missing base APK in /system/framework/arm
W/ResourceType(  343): Failure getting entry for 0x7f0b01e9 (t=10 e=489) (error -75)
W/PackageParser(  343): No actions in intent filter at /system/priv-app/Contacts/Contacts.apk Binary XML file line #355
W/PackageParser(  343): No actions in intent filter at /system/priv-app/Dialer/Dialer.apk Binary XML file line #165
W/art     (  343): Suspending all threads took: 9.341ms
W/ResourceType(  343): Failure getting entry for 0x7f08025b (t=7 e=603) (error -75)
W/PackageParser(  343): No actions in intent filter at /data/app/ApiDemos/ApiDemos.apk Binary XML file line #3027
W/PackageParser(  343): No actions in intent filter at /data/app/ApiDemos/ApiDemos.apk Binary XML file line #3033
W/PackageManager(  343): Package com.example.android.apis desires unavailable shared library com.example.will.never.exist; ignoring!
W/PackageManager(  343): Package com.example.android.apis desires unavailable shared library com.example.will.never.exist; ignoring!
W/PackageManager(  343): Package com.android.camera desires unavailable shared library com.google.android.media.effects; ignoring!
E/installd(  398): Running /system/bin/patchoat isa=arm in-fd=6 (/system/priv-app/FusedLocation/arm/FusedLocation.odex) out-fd=7 (/data/dalvik-cache/arm/system@priv-app@FusedLocation@FusedLocation.apk@classes.dex)
E/installd(  399): Running /system/bin/patchoat isa=arm in-fd=6 (/system/app/KeyChain/arm/KeyChain.odex) out-fd=7 (/data/dalvik-cache/arm/system@app@KeyChain@KeyChain.apk@classes.dex)
E/installd(  400): Running /system/bin/patchoat isa=arm in-fd=6 (/system/priv-app/InputDevices/arm/InputDevices.odex) out-fd=7 (/data/dalvik-cache/arm/system@priv-app@InputDevices@InputDevices.apk@classes.dex)
E/installd(  401): Running /system/bin/patchoat isa=arm in-fd=6 (/system/priv-app/SettingsProvider/arm/SettingsProvider.odex) out-fd=7 (/data/dalvik-cache/arm/system@priv-app@SettingsProvider@SettingsProvider.apk@classes.dex)
E/installd(  402): Running /system/bin/patchoat isa=arm in-fd=6 (/system/priv-app/Settings/arm/Settings.odex) out-fd=7 (/data/dalvik-cache/arm/system@priv-app@Settings@Settings.apk@classes.dex)
W/PackageManager(  343): Unknown permission com.google.android.googleapps.permission.GOOGLE_AUTH.mail in package com.android.calendar
W/PackageManager(  343): Unknown permission com.google.android.googleapps.permission.GOOGLE_AUTH in package com.android.settings
W/PackageManager(  343): Not granting permission android.permission.DELETE_PACKAGES to package com.svox.pico (protectionLevel=18 flags=0x8be45)
W/PackageManager(  343): Not granting permission android.permission.BIND_APPWIDGET to package com.android.widgetpreview (protectionLevel=18 flags=0x8be44)
W/PackageManager(  343): Not granting permission android.permission.DEVICE_POWER to package com.android.deskclock (protectionLevel=2 flags=0x48be45)
W/PackageManager(  343): Not granting permission android.permission.GLOBAL_SEARCH to package com.android.quicksearchbox (protectionLevel=18 flags=0x8be45)
W/PackageManager(  343): Unknown permission com.android.smspush.WAPPUSH_MANAGER_BIND in package com.android.phone
W/PackageManager(  343): Unknown permission com.google.android.googleapps.permission.GOOGLE_AUTH in package com.android.providers.calendar
W/PackageManager(  343): Unknown permission com.google.android.googleapps.permission.GOOGLE_AUTH.cl in package com.android.providers.calendar
W/PackageManager(  343): Unknown permission android.permission.INSTALL_DRM in package com.android.mms
W/PackageManager(  343): Not granting permission android.permission.ACCESS_DOWNLOAD_MANAGER to package com.android.browser (protectionLevel=18 flags=0x9be45)
W/PackageManager(  343): Not granting permission android.permission.SEND_DOWNLOAD_COMPLETED_INTENTS to package com.android.browser (protectionLevel=2 flags=0x9be45)
W/PackageManager(  343): Unknown permission com.google.android.googleapps.permission.ACCESS_GOOGLE_PASSWORD in package com.android.development
W/PackageManager(  343): Unknown permission com.google.android.googleapps.permission.GOOGLE_AUTH in package com.android.development
W/PackageManager(  343): Unknown permission com.google.android.googleapps.permission.GOOGLE_AUTH.ALL_SERVICES in package com.android.development
W/PackageManager(  343): Unknown permission com.google.android.googleapps.permission.GOOGLE_AUTH.YouTubeUser in package com.android.development
W/EntropyMixer(  343): No existing entropy file -- first boot?
W/ActivityManager(  343): Can't addPackageDependency on system process
W/CoreSettingsObserver(  343): Cannot find setting "debug_view_attributes"
W/CoreSettingsObserver(  343): android.provider.Settings$SettingNotFoundException: debug_view_attributes
W/CoreSettingsObserver(  343): 	at android.provider.Settings$Global.getInt(Settings.java:6726)
W/CoreSettingsObserver(  343): 	at com.android.server.am.CoreSettingsObserver.populateSettings(CoreSettingsObserver.java:129)
W/CoreSettingsObserver(  343): 	at com.android.server.am.CoreSettingsObserver.sendCoreSettings(CoreSettingsObserver.java:82)
W/CoreSettingsObserver(  343): 	at com.android.server.am.CoreSettingsObserver.<init>(CoreSettingsObserver.java:65)
W/CoreSettingsObserver(  343): 	at com.android.server.am.ActivityManagerService.installSystemProviders(ActivityManagerService.java:9845)
W/CoreSettingsObserver(  343): 	at com.android.server.SystemServer.startOtherServices(SystemServer.java:452)
W/CoreSettingsObserver(  343): 	at com.android.server.SystemServer.run(SystemServer.java:256)
W/CoreSettingsObserver(  343): 	at com.android.server.SystemServer.main(SystemServer.java:170)
W/CoreSettingsObserver(  343): 	at java.lang.reflect.Method.invoke(Native Method)
W/CoreSettingsObserver(  343): 	at java.lang.reflect.Method.invoke(Method.java:372)
W/CoreSettingsObserver(  343): 	at com.android.internal.os.ZygoteInit$MethodAndArgsCaller.run(ZygoteInit.java:899)
W/CoreSettingsObserver(  343): 	at com.android.internal.os.ZygoteInit.main(ZygoteInit.java:694)
E/ConsumerIrService(  343): Can't open consumer IR HW Module, error: -2
E/EventHub(  343): could not get driver version for /dev/input/mouse0, Not a typewriter
W/EventHub(  343): Unable to disable kernel key repeat for /dev/input/event0: Function not implemented
E/EventHub(  343): could not get driver version for /dev/input/mice, Not a typewriter
W/InputMethodManagerService(  343): No IME selected. Choose the most applicable IME.
W/MountService(  343): getSecureContainerList() called when storage not mounted
W/PackageManager(  343): Unknown permission com.google.android.googleapps.permission.GOOGLE_AUTH.mail in package com.android.calendar
W/PackageManager(  343): Unknown permission com.google.android.googleapps.permission.GOOGLE_AUTH in package com.android.settings
W/PackageManager(  343): Not granting permission android.permission.DELETE_PACKAGES to package com.svox.pico (protectionLevel=18 flags=0x8be45)
W/PackageManager(  343): Not granting permission android.permission.BIND_APPWIDGET to package com.android.widgetpreview (protectionLevel=18 flags=0x8be44)
W/PackageManager(  343): Not granting permission android.permission.DEVICE_POWER to package com.android.deskclock (protectionLevel=2 flags=0x48be45)
W/PackageManager(  343): Not granting permission android.permission.GLOBAL_SEARCH to package com.android.quicksearchbox (protectionLevel=18 flags=0x8be45)
W/PackageManager(  343): Unknown permission com.android.smspush.WAPPUSH_MANAGER_BIND in package com.android.phone
W/PackageManager(  343): Unknown permission com.google.android.googleapps.permission.GOOGLE_AUTH in package com.android.providers.calendar
W/PackageManager(  343): Unknown permission com.google.android.googleapps.permission.GOOGLE_AUTH.cl in package com.android.providers.calendar
W/PackageManager(  343): Unknown permission android.permission.INSTALL_DRM in package com.android.mms
W/PackageManager(  343): Not granting permission android.permission.ACCESS_DOWNLOAD_MANAGER to package com.android.browser (protectionLevel=18 flags=0x9be45)
W/PackageManager(  343): Not granting permission android.permission.SEND_DOWNLOAD_COMPLETED_INTENTS to package com.android.browser (protectionLevel=2 flags=0x9be45)
W/PackageManager(  343): Unknown permission com.google.android.googleapps.permission.ACCESS_GOOGLE_PASSWORD in package com.android.development
W/PackageManager(  343): Unknown permission com.google.android.googleapps.permission.GOOGLE_AUTH in package com.android.development
W/PackageManager(  343): Unknown permission com.google.android.googleapps.permission.GOOGLE_AUTH.ALL_SERVICES in package com.android.development
W/PackageManager(  343): Unknown permission com.google.android.googleapps.permission.GOOGLE_AUTH.YouTubeUser in package com.android.development
W/MountService(  343): getSecureContainerList() called when storage not mounted
W/art     (  343): Verification of void com.android.server.wifi.WifiStateMachine.<init>(android.content.Context, java.lang.String, com.android.server.wifi.WifiTrafficPoller) took 116.770ms
E/WifiConfigStore(  343): associatedPartialScanPeriodMilli set to 10000
W/WallpaperManagerService(  343): no current wallpaper -- first boot?
W/TelecomManager(  343): Telecom Service not found.
W/DockObserver(  343): This kernel does not have dock station support
W/WiredAccessoryManager(  343): This kernel does not have wired headset support
W/WiredAccessoryManager(  343): This kernel does not have usb audio support
W/WiredAccessoryManager(  343): This kernel does not have HDMI audio support
W/SoundTriggerHelper(  343): listModules status=0, # of modules=0
E/Fingerprint-JNI(  343): Can't open fingerprint HW Module, error: -2
W/AssetAtlasService(  343): Could not find EGL configuration
E/SQLiteLog(  343): (1) no such table: locksettings
W/InputMethodManagerService(  343): Focus gain on non-focused client android.view.inputmethod.InputMethodManager$1@1c35dc96 (uid=1000 pid=343)
E/installd(  451): Running /system/bin/patchoat isa=arm in-fd=6 (/system/priv-app/CalendarProvider/arm/CalendarProvider.odex) out-fd=7 (/data/dalvik-cache/arm/system@priv-app@CalendarProvider@CalendarProvider.apk@classes.dex)
W/ResourcesManager(  435): Asset path '/system/framework/android.test.runner.jar' does not exist or contains no resources.
E/installd(  470): Running /system/bin/patchoat isa=arm in-fd=6 (/system/priv-app/ContactsProvider/arm/ContactsProvider.odex) out-fd=7 (/data/dalvik-cache/arm/system@priv-app@ContactsProvider@ContactsProvider.apk@classes.dex)
E/memtrack(  480): Couldn't load memtrack module (No such file or directory)
E/android.os.Debug(  480): failed to load memtrack module: -2
E/memtrack(  491): Couldn't load memtrack module (No such file or directory)
E/android.os.Debug(  491): failed to load memtrack module: -2
E/installd(  522): Running /system/bin/patchoat isa=arm in-fd=6 (/system/priv-app/ManagedProvisioning/arm/ManagedProvisioning.odex) out-fd=7 (/data/dalvik-cache/arm/system@priv-app@ManagedProvisioning@ManagedProvisioning.apk@classes.dex)
E/memtrack(  504): Couldn't load memtrack module (No such file or directory)
E/android.os.Debug(  504): failed to load memtrack module: -2
E/installd(  545): Running /system/bin/patchoat isa=arm in-fd=6 (/system/priv-app/MediaProvider/arm/MediaProvider.odex) out-fd=7 (/data/dalvik-cache/arm/system@priv-app@MediaProvider@MediaProvider.apk@classes.dex)
W/ActivityManager(  343): Spurious death for ProcessRecord{379ae1d2 435:com.android.providers.calendar/u0a1}, curProc for 435: null
W/ActivityManager(  343): Spurious death for ProcessRecord{182c52a3 454:android.process.acore/u0a2}, curProc for 454: null
W/ActivityManager(  343): Spurious death for ProcessRecord{191f09a0 506:com.android.managedprovisioning/u0a8}, curProc for 506: null
W/ActivityManager(  343): Spurious death for ProcessRecord{dbe8a91 549:com.android.settings/1000}, curProc for 549: null
E/installd(  607): Running /system/bin/patchoat isa=arm in-fd=6 (/system/priv-app/SystemUI/arm/SystemUI.odex) out-fd=7 (/data/dalvik-cache/arm/system@priv-app@SystemUI@SystemUI.apk@classes.dex)
E/NetdConnector(  343): NDC Command {2 bandwidth enable} took too long (3032ms)
E/NetdConnector(  343): NDC Command {3 firewall disable} took too long (572ms)
E/WVMExtractor(   65): Failed to open libwvm.so: dlopen failed: library "libwvm.so" not found
E/OMXNodeInstance(   65): getParameter(100663311) ERROR: 0x8000101a
E/OMXNodeInstance(   65): getParameter(100663297) ERROR: 0x8000101a
E/OMXNodeInstance(   65): getParameter(100663311) ERROR: 0x8000101a
E/OMXNodeInstance(   65): getParameter(100663297) ERROR: 0x8000101a
E/OMXNodeInstance(   65): getParameter(100663311) ERROR: 0x8000101a
E/OMXNodeInstance(   65): getParameter(100663297) ERROR: 0x8000101a
E/OMXNodeInstance(   65): getParameter(100663311) ERROR: 0x8000101a
E/OMXNodeInstance(   65): getParameter(100663297) ERROR: 0x8000101a
E/OMXNodeInstance(   65): getParameter(100663311) ERROR: 0x8000101a
E/OMXNodeInstance(   65): getParameter(100663297) ERROR: 0x8000101a
E/OMXNodeInstance(   65): getParameter(100663311) ERROR: 0x8000101a
E/OMXNodeInstance(   65): getParameter(100663297) ERROR: 0x8000101a
E/OMXNodeInstance(   65): getParameter(100663311) ERROR: 0x8000101a
E/OMXNodeInstance(   65): getParameter(100663297) ERROR: 0x8000101a
E/OMXNodeInstance(   65): getParameter(100663311) ERROR: 0x8000101a
E/OMXNodeInstance(   65): getParameter(100663297) ERROR: 0x8000101a
E/OMXNodeInstance(   65): getParameter(100663311) ERROR: 0x8000101a
E/OMXNodeInstance(   65): getParameter(100663297) ERROR: 0x8000101a
E/OMXNodeInstance(   65): getParameter(100663311) ERROR: 0x8000101a
E/OMXNodeInstance(   65): getParameter(100663297) ERROR: 0x8000101a
E/OMXNodeInstance(   65): getParameter(100663311) ERROR: 0x8000101a
E/OMXNodeInstance(   65): getParameter(100663297) ERROR: 0x8000101a
E/OMXNodeInstance(   65): getParameter(100663311) ERROR: 0x8000101a
E/OMXNodeInstance(   65): getParameter(100663297) ERROR: 0x8000101a
E/OMXNodeInstance(   65): getParameter(100663311) ERROR: 0x8000101a
E/OMXNodeInstance(   65): getParameter(100663297) ERROR: 0x8000101a
E/OMXNodeInstance(   65): getParameter(100663311) ERROR: 0x8000101a
E/OMXNodeInstance(   65): getParameter(100663297) ERROR: 0x8000101a
E/OMXNodeInstance(   65): getParameter(100663311) ERROR: 0x8000100e
E/OMXNodeInstance(   65): getParameter(100663297) ERROR: 0x8000100e
E/OMXNodeInstance(   65): OMX_GetExtensionIndex OMX.google.android.index.storeMetaDataInBuffers failed
E/OMXNodeInstance(   65): getParameter(100663311) ERROR: 0x8000100e
E/OMXNodeInstance(   65): getParameter(100663297) ERROR: 0x8000100e
E/OMXNodeInstance(   65): OMX_GetExtensionIndex OMX.google.android.index.storeMetaDataInBuffers failed
E/NetdConnector(  343): NDC Command {6 firewall disable} took too long (825ms)
E/OMXNodeInstance(   65): getParameter(100663311) ERROR: 0x8000100e
E/OMXNodeInstance(   65): getParameter(100663297) ERROR: 0x8000100e
E/OMXNodeInstance(   65): OMX_GetExtensionIndex OMX.google.android.index.storeMetaDataInBuffers failed
E/OMXNodeInstance(   65): getParameter(100663311) ERROR: 0x8000100e
E/OMXNodeInstance(   65): getParameter(100663297) ERROR: 0x8000100e
E/OMXNodeInstance(   65): OMX_GetExtensionIndex OMX.google.android.index.storeMetaDataInBuffers failed
E/OMXNodeInstance(   65): getParameter(100663311) ERROR: 0x8000100e
E/OMXNodeInstance(   65): getParameter(100663297) ERROR: 0x8000100e
E/OMXNodeInstance(   65): OMX_GetExtensionIndex OMX.google.android.index.storeMetaDataInBuffers failed
E/OMXNodeInstance(   65): getParameter(100663311) ERROR: 0x8000100e
E/OMXNodeInstance(   65): getParameter(100663297) ERROR: 0x8000100e
E/OMXNodeInstance(   65): OMX_GetExtensionIndex OMX.google.android.index.storeMetaDataInBuffers failed
E/OMXNodeInstance(   65): getParameter(100663311) ERROR: 0x8000100e
W/ACodec  (   65): do not know color format 0x7f000789 = 2130708361
E/OMXNodeInstance(   65): getParameter(100663297) ERROR: 0x8000100e
E/OMXNodeInstance(   65): getParameter(100663311) ERROR: 0x8000100e
W/ACodec  (   65): do not know color format 0x7f000789 = 2130708361
E/OMXNodeInstance(   65): getParameter(100663297) ERROR: 0x8000100e
E/OMXNodeInstance(   65): getParameter(100663311) ERROR: 0x8000100e
W/ACodec  (   65): do not know color format 0x7f000789 = 2130708361
E/OMXNodeInstance(   65): getParameter(100663297) ERROR: 0x8000100e
E/OMXNodeInstance(   65): getParameter(100663311) ERROR: 0x8000100e
W/ACodec  (   65): do not know color format 0x7f000789 = 2130708361
E/OMXNodeInstance(   65): getParameter(100663297) ERROR: 0x8000100e
E/BluetoothAdapter(  343): Bluetooth binder is null
E/BluetoothAdapter(  343): Bluetooth binder is null
E/InputMethodManagerService(  343): Ignoring setImeWindowStatus due to an invalid token. uid:1000 token:null
W/InputMethodManagerService(  343): Reset the default IME as "Resource" is ready here.
W/InputMethodManagerService(  343): Illegal subtype state: old subtype = null, new subtype = android.view.inputmethod.InputMethodSubtype@c9194f98
W/GpsLocationProvider(  343): Could not open GPS configuration file /etc/gps.conf
E/GpsLocationProvider(  343): no AGPS interface in set_agps_server
E/GpsLocationProvider(  343): no GPS configuration interface in configuraiton_update
W/ServiceWatcher(  343): com.google.android.location not found
W/ServiceWatcher(  343): com.google.android.location not found
W/LocationManagerService(  343): no network location provider found
W/ServiceWatcher(  343): com.google.android.location not found
W/ServiceWatcher(  343): com.google.android.location not found
E/LocationManagerService(  343): no geocoder provider found
E/FlpHardwareProvider(  343): Error hw_get_module 'flp': -2
E/LocationManagerService(  343): FLP HAL not supported
W/ServiceWatcher(  343): com.google.android.location not found
E/LocationManagerService(  343): Unable to bind FLP Geofence proxy.
E/ActivityRecognitionHardware(  343): Error hw_get_module: -2
E/LocationManagerService(  343): Hardware Activity-Recognition not supported.
W/ContextImpl(  343): Calling a method in the system process without a qualified user: android.app.ContextImpl.bindService:1750 com.android.server.MmsServiceBroker.tryConnecting:134 com.android.server.MmsServiceBroker.systemRunning:121 com.android.server.SystemServer$2.run:1180 com.android.server.am.ActivityManagerService.systemReady:11322 
W/art     (  343): Verification of void com.android.location.fused.FusedLocationService.<init>() took 133.347ms
W/ResourcesManager(  343): Asset path '/system/framework/com.android.location.provider.jar' does not exist or contains no resources.
E/installd(  747): Running /system/bin/patchoat isa=arm in-fd=6 (/system/app/LatinIME/arm/LatinIME.odex) out-fd=7 (/data/dalvik-cache/arm/system@app@LatinIME@LatinIME.apk@classes.dex)
E/GpsLocationProvider(  343): no AGPS interface in set_agps_server
W/VoiceInteractionManagerService(  343): no available voice interaction services found for user 0
W/VoiceInteractionManagerService(  343): no available voice recognition services found for user 0
W/ActivityManager(  343): No pending application record for pid 783 (IApplicationThread android.app.ApplicationThreadProxy@28c09770); dropping process
E/installd(  843): Running /system/bin/patchoat isa=arm in-fd=6 (/system/priv-app/Telecom/arm/Telecom.odex) out-fd=7 (/data/dalvik-cache/arm/system@priv-app@Telecom@Telecom.apk@classes.dex)
W/AppWidgetServiceImpl(  343): Failed to read state: java.io.FileNotFoundException: /data/system/users/0/appwidgets.xml: open failed: ENOENT (No such file or directory)
W/art     (  343): Suspending all threads took: 100.609ms
E/installd(  847): Running /system/bin/patchoat isa=arm in-fd=6 (/system/priv-app/TeleService/arm/TeleService.odex) out-fd=7 (/data/dalvik-cache/arm/system@priv-app@TeleService@TeleService.apk@classes.dex)
E/installd(  850): Running /system/bin/patchoat isa=arm in-fd=6 (/system/priv-app/TelephonyProvider/arm/TelephonyProvider.odex) out-fd=7 (/data/dalvik-cache/arm/system@priv-app@TelephonyProvider@TelephonyProvider.apk@classes.dex)
E/installd(  851): Running /system/bin/patchoat isa=arm in-fd=6 (/system/priv-app/MmsService/arm/MmsService.odex) out-fd=7 (/data/dalvik-cache/arm/system@priv-app@MmsService@MmsService.apk@classes.dex)
W/InputAttributes(  723): No editor info for this field. Bug?
W/art     (  723): Suspending all threads took: 490.927ms
E/BluetoothAdapter(  791): Bluetooth binder is null
E/installd(  883): Running /system/bin/patchoat isa=arm in-fd=6 (/system/app/PrintSpooler/arm/PrintSpooler.odex) out-fd=7 (/data/dalvik-cache/arm/system@app@PrintSpooler@PrintSpooler.apk@classes.dex)
E/installd(  895): Running /system/bin/patchoat isa=arm in-fd=6 (/system/app/UserDictionaryProvider/arm/UserDictionaryProvider.odex) out-fd=7 (/data/dalvik-cache/arm/system@app@UserDictionaryProvider@UserDictionaryProvider.apk@classes.dex)
E/BluetoothAdapter(  791): Bluetooth binder is null
E/MmsService(  803): MmsConfigManager.load -- empty getActiveSubInfoList
E/installd(  930): Running /system/bin/patchoat isa=arm in-fd=6 (/system/app/Music/arm/Music.odex) out-fd=7 (/data/dalvik-cache/arm/system@app@Music@Music.apk@classes.dex)
W/art     (  877): Suspending all threads took: 20.626ms
W/art     (  579): Suspending all threads took: 6.578ms
E/installd(  933): Running /system/bin/patchoat isa=arm in-fd=6 (/system/app/SdkSetup/arm/SdkSetup.odex) out-fd=7 (/data/dalvik-cache/arm/system@app@SdkSetup@SdkSetup.apk@classes.dex)
W/Settings(  909): Setting install_non_market_apps has moved from android.provider.Settings.Global to android.provider.Settings.Secure, value is unchanged.
W/ActivityManager(  343): Spurious death for ProcessRecord{2f9bb1db 909:com.android.sdksetup/u0a42}, curProc for 909: null
E/BluetoothAdapter(  579): Bluetooth binder is null
W/BluetoothController(  579): Default BT adapter not found
E/BluetoothAdapter(  579): Bluetooth binder is null
W/BackupManagerService(  343): dataChanged but no participant pkg='com.android.providers.settings' uid=10012
E/installd(  967): Running /system/bin/patchoat isa=arm in-fd=6 (/system/priv-app/DownloadProvider/arm/DownloadProvider.odex) out-fd=7 (/data/dalvik-cache/arm/system@priv-app@DownloadProvider@DownloadProvider.apk@classes.dex)
E/installd(  983): Running /system/bin/patchoat isa=arm in-fd=6 (/system/priv-app/Launcher2/arm/Launcher2.odex) out-fd=7 (/data/dalvik-cache/arm/system@priv-app@Launcher2@Launcher2.apk@classes.dex)
W/OpenGLRenderer(  579): can't set property, no Caches instance
W/OpenGLRenderer(  579): can't set property, no Caches instance
W/Resources(  968): Converting to int: TypedValue{t=0x3/d=0x15 "2" a=-1}
W/Resources(  968): Converting to int: TypedValue{t=0x3/d=0x15 "2" a=-1}
W/Launcher.LauncherProvider(  968): Unable to add favorite: com.android.camera2/com.android.camera.CameraLauncher
W/Launcher.LauncherProvider(  968): android.content.pm.PackageManager$NameNotFoundException: ComponentInfo{com.android.camera2/com.android.camera.CameraLauncher}
W/Launcher.LauncherProvider(  968): 	at android.app.ApplicationPackageManager.getActivityInfo(ApplicationPackageManager.java:314)
W/Launcher.LauncherProvider(  968): 	at com.android.launcher2.LauncherProvider$DatabaseHelper.addAppShortcut(LauncherProvider.java:997)
W/Launcher.LauncherProvider(  968): 	at com.android.launcher2.LauncherProvider$DatabaseHelper.loadFavorites(LauncherProvider.java:901)
W/Launcher.LauncherProvider(  968): 	at com.android.launcher2.LauncherProvider$DatabaseHelper.access$000(LauncherProvider.java:254)
W/Launcher.LauncherProvider(  968): 	at com.android.launcher2.LauncherProvider.loadDefaultFavoritesIfNecessary(LauncherProvider.java:238)
W/Launcher.LauncherProvider(  968): 	at com.android.launcher2.LauncherModel$LoaderTask.loadWorkspace(LauncherModel.java:1276)
W/Launcher.LauncherProvider(  968): 	at com.android.launcher2.LauncherModel$LoaderTask.loadAndBindWorkspace(LauncherModel.java:1030)
W/Launcher.LauncherProvider(  968): 	at com.android.launcher2.LauncherModel$LoaderTask.run(LauncherModel.java:1133)
W/Launcher.LauncherProvider(  968): 	at android.os.Handler.handleCallback(Handler.java:739)
W/Launcher.LauncherProvider(  968): 	at android.os.Handler.dispatchMessage(Handler.java:95)
W/Launcher.LauncherProvider(  968): 	at android.os.Looper.loop(Looper.java:135)
W/Launcher.LauncherProvider(  968): 	at android.os.HandlerThread.run(HandlerThread.java:61)
W/Launcher.LauncherProvider(  968): Unable to add favorite: com.android.gallery3d/com.android.gallery3d.app.Gallery
W/Launcher.LauncherProvider(  968): android.content.pm.PackageManager$NameNotFoundException: ComponentInfo{com.android.gallery3d/com.android.gallery3d.app.Gallery}
W/Launcher.LauncherProvider(  968): 	at android.app.ApplicationPackageManager.getActivityInfo(ApplicationPackageManager.java:314)
W/Launcher.LauncherProvider(  968): 	at com.android.launcher2.LauncherProvider$DatabaseHelper.addAppShortcut(LauncherProvider.java:997)
W/Launcher.LauncherProvider(  968): 	at com.android.launcher2.LauncherProvider$DatabaseHelper.loadFavorites(LauncherProvider.java:901)
W/Launcher.LauncherProvider(  968): 	at com.android.launcher2.LauncherProvider$DatabaseHelper.access$000(LauncherProvider.java:254)
W/Launcher.LauncherProvider(  968): 	at com.android.launcher2.LauncherProvider.loadDefaultFavoritesIfNecessary(LauncherProvider.java:238)
W/Launcher.LauncherProvider(  968): 	at com.android.launcher2.LauncherModel$LoaderTask.loadWorkspace(LauncherModel.java:1276)
W/Launcher.LauncherProvider(  968): 	at com.android.launcher2.LauncherModel$LoaderTask.loadAndBindWorkspace(LauncherModel.java:1030)
W/Launcher.LauncherProvider(  968): 	at com.android.launcher2.LauncherModel$LoaderTask.run(LauncherModel.java:1133)
W/Launcher.LauncherProvider(  968): 	at android.os.Handler.handleCallback(Handler.java:739)
W/Launcher.LauncherProvider(  968): 	at android.os.Handler.dispatchMessage(Handler.java:95)
W/Launcher.LauncherProvider(  968): 	at android.os.Looper.loop(Looper.java:135)
W/Launcher.LauncherProvider(  968): 	at android.os.HandlerThread.run(HandlerThread.java:61)
W/InputMethodManagerService(  343): Focus gain on non-focused client com.android.internal.view.IInputMethodClient$Stub$Proxy@264e8db1 (uid=10007 pid=968)
W/art     (  968): Suspending all threads took: 5.468ms
W/KeyguardServiceDelegate(  343): onScreenTurnedOn(): no keyguard service!
E/installd( 1009): Running /system/bin/patchoat isa=arm in-fd=6 (/system/priv-app/DefaultContainerService/arm/DefaultContainerService.odex) out-fd=7 (/data/dalvik-cache/arm/system@priv-app@DefaultContainerService@DefaultContainerService.apk@classes.dex)
W/ResourceType(  968): No package identifier when getting value for resource number 0x00000000
W/ResourceType(  968): No package identifier when getting value for resource number 0x00000000
W/PackageManager(  968): Failure retrieving resources for com.android.speechrecorder: Resource ID #0x0
W/ResourceType(  968): No package identifier when getting value for resource number 0x00000000
W/PackageManager(  968): Failure retrieving resources for com.android.speechrecorder: Resource ID #0x0
W/dex2oat ( 1035): Before Android 4.1, method int android.support.v7.internal.widget.ListViewCompat.lookForSelectablePosition(int, boolean) would have incorrectly overridden the package-private method in android.widget.ListView
W/dex2oat ( 1035): Verification of com.google.android.gms.internal.pd com.google.android.gms.internal.pe.dx(android.os.Parcel) took 171.730ms
W/dex2oat ( 1035): Compilation of void android.support.v4.BuildConfig.<init>() took 459.677ms
W/dex2oat ( 1035): Compilation of boolean com.google.android.gms.games.internal.IGamesService$Stub.onTransact(int, android.os.Parcel, android.os.Parcel, int) took 123.911ms
W/PackageManager(  343): Unknown permission com.google.android.providers.gsf.permission.READ_GSERVICES in package com.example.chariba
E/installd( 1037): Running /system/bin/patchoat isa=arm in-fd=6 (/system/app/DeskClock/arm/DeskClock.odex) out-fd=7 (/data/dalvik-cache/arm/system@app@DeskClock@DeskClock.apk@classes.dex)
W/Settings(  343): Setting install_non_market_apps has moved from android.provider.Settings.Global to android.provider.Settings.Secure, returning read-only value.
E/installd( 1074): Running /system/bin/patchoat isa=arm in-fd=6 (/system/priv-app/Dialer/arm/Dialer.odex) out-fd=7 (/data/dalvik-cache/arm/system@priv-app@Dialer@Dialer.apk@classes.dex)
E/installd( 1091): Running /system/bin/patchoat isa=arm in-fd=6 (/system/app/Exchange2/arm/Exchange2.odex) out-fd=7 (/data/dalvik-cache/arm/system@app@Exchange2@Exchange2.apk@classes.dex)
W/art     (  803): Suspending all threads took: 37.746ms
W/BackupManagerService(  343): dataChanged but no participant pkg='com.android.providers.settings' uid=1001
E/BluetoothAdapter(  803): Bluetooth binder is null
W/Zygote  (   68): Slow operation: 1274ms so far, now at Zygote.postForkCommon
W/Zygote  (   68): Slow operation: 1406ms so far, now at zygoteConnection.runOnce: postForkAndSpecialize
W/ActivityManager(  343): Slow operation: 1471ms so far, now at startProcess: returned from zygote!
W/ActivityManager(  343): Slow operation: 1676ms so far, now at startProcess: done updating battery stats
W/ActivityManager(  343): Slow operation: 1677ms so far, now at startProcess: building log message
W/ActivityManager(  343): Slow operation: 1678ms so far, now at startProcess: starting to update pids map
W/ActivityManager(  343): Slow operation: 1678ms so far, now at startProcess: done updating pids map
W/ActivityManager(  343): Slow operation: 1678ms so far, now at startProcess: done starting proc!
W/ActivityManager(  343): Slow operation: 1801ms so far, now at getContentProviderImpl: after start process
W/ActivityManager(  343): Slow operation: 1949ms so far, now at getContentProviderImpl: updating data structures
W/ActivityManager(  343): Slow operation: 1950ms so far, now at getContentProviderImpl: done!
W/Zygote  ( 1110): Slow operation: 1349 ms in ForkAndSpecializeCommon:PostForkChildHooks returns
W/Zygote  ( 1110): Slow operation: 2093ms so far, now at Zygote.nativeForkAndSpecialize
W/Zygote  ( 1110): Slow operation: 3256ms so far, now at Zygote.postForkCommon
W/Zygote  ( 1110): Slow operation: 3276ms so far, now at zygoteConnection.runOnce: postForkAndSpecialize
W/Zygote  (   68): Slow operation: 1026ms so far, now at Zygote.nativeForkAndSpecialize
W/Zygote  (   68): Slow operation: 1573ms so far, now at Zygote.postForkCommon
W/Zygote  (   68): Slow operation: 1680ms so far, now at zygoteConnection.runOnce: postForkAndSpecialize
W/ActivityManager(  343): Slow operation: 1822ms so far, now at startProcess: returned from zygote!
W/ActivityManager(  343): Slow operation: 1823ms so far, now at startProcess: done updating battery stats
W/ActivityManager(  343): Slow operation: 1823ms so far, now at startProcess: building log message
W/ActivityManager(  343): Slow operation: 1823ms so far, now at startProcess: starting to update pids map
W/ActivityManager(  343): Slow operation: 1824ms so far, now at startProcess: done updating pids map
W/ActivityManager(  343): Slow operation: 1824ms so far, now at startProcess: done starting proc!
W/Zygote  ( 1125): Slow operation: 1671ms so far, now at Zygote.callPostForkChildHooks
W/Zygote  ( 1125): Slow operation: 2084 ms in ForkAndSpecializeCommon:PostForkChildHooks returns
W/Zygote  ( 1125): Slow operation: 2984ms so far, now at Zygote.nativeForkAndSpecialize
W/Zygote  ( 1125): Slow operation: 3532ms so far, now at Zygote.postForkCommon
W/Zygote  ( 1125): Slow operation: 3534ms so far, now at zygoteConnection.runOnce: postForkAndSpecialize
E/installd( 1140): Running /system/bin/patchoat isa=arm in-fd=6 (/system/app/Email/arm/Email.odex) out-fd=7 (/data/dalvik-cache/arm/system@app@Email@Email.apk@classes.dex)
W/art     ( 1059): Suspending all threads took: 59.180ms
E/installd( 1142): Running /system/bin/patchoat isa=arm in-fd=6 (/system/app/Calendar/arm/Calendar.odex) out-fd=7 (/data/dalvik-cache/arm/system@app@Calendar@Calendar.apk@classes.dex)
W/ActivityManager(  343): Timeout executing service: ServiceRecord{95bb4fd u0 com.android.phone/.TelephonyDebugService}
W/art     (  343): Suspending all threads took: 18.755ms
E/PhoneInterfaceManager(  803): [PhoneIntfMgr] getIccId: ICC ID is null or empty.
E/SurfaceFlinger(   54): glCheckFramebufferStatusOES error 0
E/SurfaceFlinger(   54): got GL_FRAMEBUFFER_COMPLETE_OES error while taking screenshot
E/memtrack( 1151): Couldn't load memtrack module (No such file or directory)
E/android.os.Debug( 1151): failed to load memtrack module: -2
W/ProcessCpuTracker(  343): Skipping unknown process pid 1160
W/WindowManager(  343): Window freeze timeout expired.
W/WindowManager(  343): Force clearing orientation change: Window{2982744c u0 StatusBar}
E/ActivityManager(  343): ANR in com.android.phone
E/ActivityManager(  343): PID: 803
E/ActivityManager(  343): Reason: Executing service com.android.phone/.TelephonyDebugService
E/ActivityManager(  343): Load: 10.18 / 4.76 / 1.97
E/ActivityManager(  343): CPU usage from 1ms to 17000ms later:
E/ActivityManager(  343):   36% 343/system_server: 20% user + 15% kernel / faults: 6395 minor 12 major
E/ActivityManager(  343):   17% 803/com.android.phone: 10% user + 7.3% kernel / faults: 3716 minor 7 major
E/ActivityManager(  343):   11% 26/mtdblock1: 0% user + 11% kernel
E/ActivityManager(  343):   5.6% 579/com.android.systemui: 3.9% user + 1.6% kernel / faults: 1553 minor
E/ActivityManager(  343):   0.2% 62/debuggerd: 0% user + 0.1% kernel / faults: 2047 minor 6 major
E/ActivityManager(  343):   2.5% 54/surfaceflinger: 2.2% user + 0.2% kernel / faults: 262 minor 1 major
E/ActivityManager(  343):   2.2% 49/logd: 1.4% user + 0.8% kernel / faults: 45 minor
E/ActivityManager(  343):   1.2% 791/com.android.server.telecom: 0.5% user + 0.6% kernel / faults: 1380 minor
E/ActivityManager(  343):   0.4% 968/com.android.launcher: 0.3% user + 0% kernel / faults: 1047 minor 1 major
E/ActivityManager(  343):   1.8% 1110/zygote: 1.3% user + 0.5% kernel / faults: 244 minor
E/ActivityManager(  343):   0.8% 25/mtdblock0: 0% user + 0.8% kernel
E/ActivityManager(  343):   0.8% 1125/com.android.calendar: 0.8% user + 0% kernel / faults: 647 minor
E/ActivityManager(  343):   0.7% 52/servicemanager: 0.3% user + 0.3% kernel
E/ActivityManager(  343):   0.5% 60/adbd: 0.4% user + 0.1% kernel / faults: 61 minor
E/ActivityManager(  343):   0.1% 63/rild: 0% user + 0% kernel / faults: 24 minor
E/ActivityManager(  343):   0% 1//init: 0% user + 0% kernel / faults: 1 minor
E/ActivityManager(  343):   0% 723/com.android.inputmethod.latin: 0% user + 0% kernel / faults: 10 minor
E/ActivityManager(  343):   0.1% 877/android.process.acore: 0.1% user + 0% kernel / faults: 43 minor
E/ActivityManager(  343):   0% 12/kswapd0: 0% user + 0% kernel
E/ActivityManager(  343):   0% 38/flush-31:1: 0% user + 0% kernel
E/ActivityManager(  343):   0% 40/jbd2/mtdblock1-: 0% user + 0% kernel
E/ActivityManager(  343):   0% 48/kworker/0:2: 0% user + 0% kernel
E/ActivityManager(  343):   0% 251/logcat: 0% user + 0% kernel / faults: 9 minor
E/ActivityManager(  343):   0% 861/com.android.printspooler: 0% user + 0% kernel / faults: 7 minor
E/ActivityManager(  343):  +0% 1163/app_process: 0% user + 0% kernel
E/ActivityManager(  343): 100% TOTAL: 56% user + 43% kernel
E/ActivityManager(  343): CPU usage from 14163ms to 15004ms later:
E/ActivityManager(  343):   50% 1151/app_process: 33% user + 16% kernel / faults: 8508 minor 5 major
E/ActivityManager(  343):     48% 1151/app_process: 33% user + 14% kernel
E/ActivityManager(  343):    +0% 1153/Signal Catcher: 0% user + 0% kernel
E/ActivityManager(  343):    +0% 1154/JDWP: 0% user + 0% kernel
E/ActivityManager(  343):    +0% 1155/ReferenceQueueD: 0% user + 0% kernel
E/ActivityManager(  343):    +0% 1156/FinalizerDaemon: 0% user + 0% kernel
E/ActivityManager(  343):    +0% 1157/FinalizerWatchd: 0% user + 0% kernel
E/ActivityManager(  343):    +0% 1158/HeapTrimmerDaem: 0% user + 0% kernel
E/ActivityManager(  343):    +0% 1159/GCDaemon: 0% user + 0% kernel
E/ActivityManager(  343):   18% 343/system_server: 12% user + 6.1% kernel / faults: 18 minor
E/ActivityManager(  343):     8.6% 359/Binder_1: 8.6% user + 0% kernel
E/ActivityManager(  343):     8.6% 364/ActivityManager: 0% user + 8.6% kernel
E/ActivityManager(  343):     1.2% 360/Binder_2: 1.2% user + 0% kernel
E/ActivityManager(  343):     1.2% 452/Binder_4: 1.2% user + 0% kernel
E/ActivityManager(  343):     1.2% 860/Binder_A: 0% user + 1.2% kernel
E/ActivityManager(  343):   14% 54/surfaceflinger: 10% user + 3.6% kernel / faults: 195 minor 1 major
E/ActivityManager(  343):     10% 54/surfaceflinger: 8.4% user + 2.4% kernel
E/ActivityManager(  343):     1.2% 89/Binder_2: 0% user + 1.2% kernel
E/ActivityManager(  343):     1.2% 108/EventThread: 1.2% user + 0% kernel
E/ActivityManager(  343):     1.2% 119/Binder_3: 1.2% user + 0% kernel
E/ActivityManager(  343):     1.2% 334/Binder_5: 0% user + 1.2% kernel
E/ActivityManager(  343):   6.6% 579/com.android.systemui: 6.6% user + 0% kernel / faults: 15 minor
E/ActivityManager(  343):     5.7% 579/ndroid.systemui: 5.7% user + 0% kernel
E/ActivityManager(  343):     0.8% 603/Binder_2: 0.8% user + 0% kernel
E/ActivityManager(  343):   1.7% 968/com.android.launcher: 1.4% user + 0.2% kernel / faults: 341 minor
E/ActivityManager(  343):     1.4% 968/ndroid.launcher: 1.4% user + 0% kernel
E/ActivityManager(  343):   2.8% 803/com.android.phone: 2.1% user + 0.7% kernel / faults: 45 minor
E/ActivityManager(  343):     2.1% 803/m.android.phone: 0.7% user + 1.4% kernel
E/ActivityManager(  343):     1.4% 829/GCDaemon: 1.4% user + 0% kernel
E/ActivityManager(  343):   0.5% 1125/com.android.calendar: 0.5% user + 0% kernel / faults: 171 minor
E/ActivityManager(  343):     0.8% 1125/ndroid.calendar: 0.8% user + 0% kernel
E/ActivityManager(  343):     0.2% 1137/HeapTrimmerDaem: 0% user + 0.2% kernel
E/ActivityManager(  343):   1.2% 1//init: 0% user + 1.2% kernel
E/ActivityManager(  343):   0.3% 723/com.android.inputmethod.latin: 0.3% user + 0% kernel / faults: 2 minor
E/ActivityManager(  343):     0.3% 723/putmethod.latin: 0.3% user + 0% kernel
E/ActivityManager(  343):   0.2% 861/com.android.printspooler: 0% user + 0.2% kernel / faults: 7 minor
E/ActivityManager(  343):     0.2% 874/Binder_1: 0% user + 0.2% kernel
E/ActivityManager(  343): 100% TOTAL: 68% user + 31% kernel
E/libprocessgroup(  343): failed to kill 1 processes for processgroup 803
E/JavaBinder(  343): !!! FAILED BINDER TRANSACTION !!!
W/BroadcastQueue(  343): Failure sending broadcast Intent { act=android.intent.action.ANY_DATA_STATE flg=0x10 (has extras) }
W/BroadcastQueue(  343): android.os.TransactionTooLargeException
W/BroadcastQueue(  343): 	at android.os.BinderProxy.transactNative(Native Method)
W/BroadcastQueue(  343): 	at android.os.BinderProxy.transact(Binder.java:479)
W/BroadcastQueue(  343): 	at android.app.ApplicationThreadProxy.scheduleRegisteredReceiver(ApplicationThreadNative.java:1089)
W/BroadcastQueue(  343): 	at com.android.server.am.BroadcastQueue.performReceiveLocked(BroadcastQueue.java:431)
W/BroadcastQueue(  343): 	at com.android.server.am.BroadcastQueue.deliverToRegisteredReceiverLocked(BroadcastQueue.java:521)
W/BroadcastQueue(  343): 	at com.android.server.am.BroadcastQueue.processNextBroadcast(BroadcastQueue.java:569)
W/BroadcastQueue(  343): 	at com.android.server.am.BroadcastQueue$BroadcastHandler.handleMessage(BroadcastQueue.java:149)
W/BroadcastQueue(  343): 	at android.os.Handler.dispatchMessage(Handler.java:102)
W/BroadcastQueue(  343): 	at android.os.Looper.loop(Looper.java:135)
W/BroadcastQueue(  343): 	at android.os.HandlerThread.run(HandlerThread.java:61)
W/BroadcastQueue(  343): 	at com.android.server.ServiceThread.run(ServiceThread.java:46)
E/JavaBinder(  343): !!! FAILED BINDER TRANSACTION !!!
W/BroadcastQueue(  343): Failure sending broadcast Intent { act=android.intent.action.ANY_DATA_STATE flg=0x10 (has extras) }
W/BroadcastQueue(  343): android.os.TransactionTooLargeException
W/BroadcastQueue(  343): 	at android.os.BinderProxy.transactNative(Native Method)
W/BroadcastQueue(  343): 	at android.os.BinderProxy.transact(Binder.java:479)
W/BroadcastQueue(  343): 	at android.app.ApplicationThreadProxy.scheduleRegisteredReceiver(ApplicationThreadNative.java:1089)
W/BroadcastQueue(  343): 	at com.android.server.am.BroadcastQueue.performReceiveLocked(BroadcastQueue.java:431)
W/BroadcastQueue(  343): 	at com.android.server.am.BroadcastQueue.deliverToRegisteredReceiverLocked(BroadcastQueue.java:521)
W/BroadcastQueue(  343): 	at com.android.server.am.BroadcastQueue.processNextBroadcast(BroadcastQueue.java:569)
W/BroadcastQueue(  343): 	at com.android.server.am.BroadcastQueue$BroadcastHandler.handleMessage(BroadcastQueue.java:149)
W/BroadcastQueue(  343): 	at android.os.Handler.dispatchMessage(Handler.java:102)
