--------- beginning of main
W/auditd  (   48): type=2000 audit(0.0:1): initialized
W/auditd  (   48): type=1404 audit(0.0:3): enforcing=1 old_enforcing=0 auid=4294967295 ses=4294967295
E/cutils  (    0): Failed to read /data/.layout_version: No such file or directory
--------- beginning of system
E/SurfaceFlinger(   53): hwcomposer module not found
W/SurfaceFlinger(   53): no suitable EGLConfig found, trying a simpler query
W/SurfaceFlinger(   53): EGL_SLOW_CONFIG selected!
W/SurfaceFlinger(   53): no suitable EGLConfig found, trying a simpler query
W/SurfaceFlinger(   53): EGL_SLOW_CONFIG selected!
W/SurfaceFlinger(   53): no suitable EGLConfig found, trying a simpler query
W/SurfaceFlinger(   53): EGL_SLOW_CONFIG selected!
E/SurfaceFlinger(   53): ro.sf.lcd_density must be defined as a build property
W/AudioFlinger(   64): Thread AudioOut_2 cannot connect to the power manager service
E/audio_hw_generic(   64): Error opening input stream format 1, channel_mask 0010, sample_rate 16000
W/AudioFlinger(   64): Thread AudioOut_2 cannot connect to the power manager service
W/AudioFlinger(   64): Thread AudioOut_2 cannot connect to the power manager service
E/AudioFlinger(   64): no wake lock to update!
E/AudioFlinger(   64): int android::load_audio_interface(const char*, audio_hw_device_t**) couldn't load audio hw module audio.r_submix (No such file or directory)
W/AudioPolicyManager(   64): could not open HW module r_submix
W/AudioPolicyManager(   64): Input device 80000100 unreachable
E/SoundTriggerHwService(   64): couldn't load sound trigger module sound_trigger.primary (No such file or directory)
E/memtrack(   67): Couldn't load memtrack module (No such file or directory)
E/android.os.Debug(   67): failed to load memtrack module: -2
E/Minikin (   67): addFont failed to create font /system/fonts/NotoSansGujarati-Regular.ttf
E/Minikin (   67): addFont failed to create font /system/fonts/NotoSansGujarati-Bold.ttf
E/Minikin (   67): addFont failed to create font /system/fonts/NotoSansGujaratiUI-Regular.ttf
E/Minikin (   67): addFont failed to create font /system/fonts/NotoSansGujaratiUI-Bold.ttf
E/Minikin (   67): addFont failed to create font /system/fonts/NotoSansGurmukhi-Regular.ttf
E/Minikin (   67): addFont failed to create font /system/fonts/NotoSansGurmukhi-Bold.ttf
E/Minikin (   67): addFont failed to create font /system/fonts/NotoSansGurmukhiUI-Regular.ttf
E/Minikin (   67): addFont failed to create font /system/fonts/NotoSansGurmukhiUI-Bold.ttf
E/Minikin (   67): addFont failed to create font /system/fonts/NotoSansSinhala-Regular.ttf
E/Minikin (   67): addFont failed to create font /system/fonts/NotoSansSinhala-Bold.ttf
E/Minikin (   67): addFont failed to create font /system/fonts/NotoSansCherokee-Regular.ttf
E/Minikin (   67): addFont failed to create font /system/fonts/NotoSansCanadianAboriginal-Regular.ttf
E/Minikin (   67): addFont failed to create font /system/fonts/NotoSansYi-Regular.ttf
E/Minikin (   67): addFont failed to create font /system/fonts/NotoSansHans-Regular.otf
E/Minikin (   67): addFont failed to create font /system/fonts/NotoSansHant-Regular.otf
E/Minikin (   67): addFont failed to create font /system/fonts/NotoSansJP-Regular.otf
E/Minikin (   67): addFont failed to create font /system/fonts/NotoSansKR-Regular.otf
E/EmojiFactory_jni(   67): Failed to load libemoji.so: dlopen failed: library "libemoji.so" not found
E/logwrapper(  329): executing /system/bin/ip failed: No such file or directory
E/Netd    (   60): failed to flush rules
E/CommandListener(   60): failed to initialize RouteController (Remote I/O error)
E/installd(  355): Running /system/bin/patchoat isa=arm in-fd=6 (/system/framework/arm/services.odex) out-fd=7 (/data/dalvik-cache/arm/system@framework@services.jar@classes.dex)
E/installd(  356): Running /system/bin/patchoat isa=arm in-fd=6 (/system/framework/arm/ethernet-service.odex) out-fd=7 (/data/dalvik-cache/arm/system@framework@ethernet-service.jar@classes.dex)
E/installd(  357): Running /system/bin/patchoat isa=arm in-fd=6 (/system/framework/arm/wifi-service.odex) out-fd=7 (/data/dalvik-cache/arm/system@framework@wifi-service.jar@classes.dex)
E/installd(   65): eof
E/installd(   65): failed to read size
E/PowerManagerService-JNI(  342): Couldn't load power module (No such file or directory)
W/libsuspend(  342): Error writing 'on' to /sys/power/state: Invalid argument
E/SurfaceFlinger(   53): ro.sf.lcd_density must be defined as a build property
W/SELinuxMMAC(  342): Error opening /data/system/seapp_hash. Assuming first boot.
W/FileUtils(  342): Failed to chmod(/data/system/packages.list): android.system.ErrnoException: chmod failed: ENOENT (No such file or directory)
W/SystemConfig(  342): No directory /system/etc/sysconfig, skipping
E/installd(  374): Running /system/bin/patchoat isa=arm in-fd=6 (/system/framework/arm/android.test.runner.odex) out-fd=7 (/data/dalvik-cache/arm/system@framework@android.test.runner.jar@classes.dex)
E/installd(  375): Running /system/bin/patchoat isa=arm in-fd=6 (/system/framework/arm/com.android.media.remotedisplay.odex) out-fd=7 (/data/dalvik-cache/arm/system@framework@com.android.media.remotedisplay.jar@classes.dex)
E/installd(  376): Running /system/bin/patchoat isa=arm in-fd=6 (/system/framework/arm/com.android.location.provider.odex) out-fd=7 (/data/dalvik-cache/arm/system@framework@com.android.location.provider.jar@classes.dex)
E/installd(  377): Running /system/bin/patchoat isa=arm in-fd=6 (/system/framework/arm/com.android.mediadrm.signer.odex) out-fd=7 (/data/dalvik-cache/arm/system@framework@com.android.mediadrm.signer.jar@classes.dex)
E/installd(  378): Running /system/bin/patchoat isa=arm in-fd=6 (/system/framework/arm/javax.obex.odex) out-fd=7 (/data/dalvik-cache/arm/system@framework@javax.obex.jar@classes.dex)
E/installd(  379): Running /system/bin/patchoat isa=arm in-fd=6 (/system/framework/arm/am.odex) out-fd=7 (/data/dalvik-cache/arm/system@framework@am.jar@classes.dex)
E/installd(  380): Running /system/bin/patchoat isa=arm in-fd=6 (/system/framework/arm/appops.odex) out-fd=7 (/data/dalvik-cache/arm/system@framework@appops.jar@classes.dex)
E/installd(  381): Running /system/bin/patchoat isa=arm in-fd=6 (/system/framework/arm/appwidget.odex) out-fd=7 (/data/dalvik-cache/arm/system@framework@appwidget.jar@classes.dex)
E/installd(  382): Running /system/bin/patchoat isa=arm in-fd=6 (/system/framework/arm/bmgr.odex) out-fd=7 (/data/dalvik-cache/arm/system@framework@bmgr.jar@classes.dex)
E/installd(  383): Running /system/bin/patchoat isa=arm in-fd=6 (/system/framework/arm/bu.odex) out-fd=7 (/data/dalvik-cache/arm/system@framework@bu.jar@classes.dex)
E/installd(  384): Running /system/bin/patchoat isa=arm in-fd=6 (/system/framework/arm/com.android.future.usb.accessory.odex) out-fd=7 (/data/dalvik-cache/arm/system@framework@com.android.future.usb.accessory.jar@classes.dex)
E/installd(  385): Running /system/bin/patchoat isa=arm in-fd=6 (/system/framework/arm/content.odex) out-fd=7 (/data/dalvik-cache/arm/system@framework@content.jar@classes.dex)
E/installd(  386): Running /system/bin/patchoat isa=arm in-fd=6 (/system/framework/arm/dpm.odex) out-fd=7 (/data/dalvik-cache/arm/system@framework@dpm.jar@classes.dex)
E/installd(  387): Running /system/bin/patchoat isa=arm in-fd=6 (/system/framework/arm/ime.odex) out-fd=7 (/data/dalvik-cache/arm/system@framework@ime.jar@classes.dex)
E/installd(  388): Running /system/bin/patchoat isa=arm in-fd=6 (/system/framework/arm/input.odex) out-fd=7 (/data/dalvik-cache/arm/system@framework@input.jar@classes.dex)
E/installd(  389): Running /system/bin/patchoat isa=arm in-fd=6 (/system/framework/arm/media_cmd.odex) out-fd=7 (/data/dalvik-cache/arm/system@framework@media_cmd.jar@classes.dex)
E/installd(  390): Running /system/bin/patchoat isa=arm in-fd=6 (/system/framework/arm/monkey.odex) out-fd=7 (/data/dalvik-cache/arm/system@framework@monkey.jar@classes.dex)
E/installd(  391): Running /system/bin/patchoat isa=arm in-fd=6 (/system/framework/arm/pm.odex) out-fd=7 (/data/dalvik-cache/arm/system@framework@pm.jar@classes.dex)
E/installd(  392): Running /system/bin/patchoat isa=arm in-fd=6 (/system/framework/arm/requestsync.odex) out-fd=7 (/data/dalvik-cache/arm/system@framework@requestsync.jar@classes.dex)
E/installd(  393): Running /system/bin/patchoat isa=arm in-fd=6 (/system/framework/arm/settings.odex) out-fd=7 (/data/dalvik-cache/arm/system@framework@settings.jar@classes.dex)
E/installd(  394): Running /system/bin/patchoat isa=arm in-fd=6 (/system/framework/arm/svc.odex) out-fd=7 (/data/dalvik-cache/arm/system@framework@svc.jar@classes.dex)
E/installd(  395): Running /system/bin/patchoat isa=arm in-fd=6 (/system/framework/arm/uiautomator.odex) out-fd=7 (/data/dalvik-cache/arm/system@framework@uiautomator.jar@classes.dex)
E/installd(  396): Running /system/bin/patchoat isa=arm in-fd=6 (/system/framework/arm/wm.odex) out-fd=7 (/data/dalvik-cache/arm/system@framework@wm.jar@classes.dex)
W/PackageManager(  342): Failed to parse /system/framework/arm: Missing base APK in /system/framework/arm
W/art     (  342): Suspending all threads took: 12.518ms
W/ResourceType(  342): Failure getting entry for 0x7f0b01e9 (t=10 e=489) (error -75)
W/PackageParser(  342): No actions in intent filter at /system/priv-app/Contacts/Contacts.apk Binary XML file line #355
W/PackageParser(  342): No actions in intent filter at /system/priv-app/Dialer/Dialer.apk Binary XML file line #165
W/art     (  342): Suspending all threads took: 9.397ms
W/ResourceType(  342): Failure getting entry for 0x7f08025b (t=7 e=603) (error -75)
W/PackageParser(  342): No actions in intent filter at /data/app/ApiDemos/ApiDemos.apk Binary XML file line #3027
W/PackageParser(  342): No actions in intent filter at /data/app/ApiDemos/ApiDemos.apk Binary XML file line #3033
W/PackageManager(  342): Package com.example.android.apis desires unavailable shared library com.example.will.never.exist; ignoring!
W/PackageManager(  342): Package com.example.android.apis desires unavailable shared library com.example.will.never.exist; ignoring!
W/PackageManager(  342): Package com.android.camera desires unavailable shared library com.google.android.media.effects; ignoring!
E/installd(  397): Running /system/bin/patchoat isa=arm in-fd=6 (/system/priv-app/SettingsProvider/arm/SettingsProvider.odex) out-fd=7 (/data/dalvik-cache/arm/system@priv-app@SettingsProvider@SettingsProvider.apk@classes.dex)
E/installd(  398): Running /system/bin/patchoat isa=arm in-fd=6 (/system/app/KeyChain/arm/KeyChain.odex) out-fd=7 (/data/dalvik-cache/arm/system@app@KeyChain@KeyChain.apk@classes.dex)
E/installd(  399): Running /system/bin/patchoat isa=arm in-fd=6 (/system/priv-app/Settings/arm/Settings.odex) out-fd=7 (/data/dalvik-cache/arm/system@priv-app@Settings@Settings.apk@classes.dex)
E/installd(  400): Running /system/bin/patchoat isa=arm in-fd=6 (/system/priv-app/InputDevices/arm/InputDevices.odex) out-fd=7 (/data/dalvik-cache/arm/system@priv-app@InputDevices@InputDevices.apk@classes.dex)
E/installd(  401): Running /system/bin/patchoat isa=arm in-fd=6 (/system/priv-app/FusedLocation/arm/FusedLocation.odex) out-fd=7 (/data/dalvik-cache/arm/system@priv-app@FusedLocation@FusedLocation.apk@classes.dex)
W/PackageManager(  342): Unknown permission com.google.android.googleapps.permission.GOOGLE_AUTH.mail in package com.android.calendar
W/PackageManager(  342): Unknown permission com.google.android.googleapps.permission.GOOGLE_AUTH in package com.android.settings
W/PackageManager(  342): Not granting permission android.permission.DELETE_PACKAGES to package com.svox.pico (protectionLevel=18 flags=0x8be45)
W/PackageManager(  342): Not granting permission android.permission.BIND_APPWIDGET to package com.android.widgetpreview (protectionLevel=18 flags=0x8be44)
W/PackageManager(  342): Not granting permission android.permission.DEVICE_POWER to package com.android.deskclock (protectionLevel=2 flags=0x48be45)
W/PackageManager(  342): Not granting permission android.permission.GLOBAL_SEARCH to package com.android.quicksearchbox (protectionLevel=18 flags=0x8be45)
W/PackageManager(  342): Unknown permission com.android.smspush.WAPPUSH_MANAGER_BIND in package com.android.phone
W/PackageManager(  342): Unknown permission com.google.android.googleapps.permission.GOOGLE_AUTH in package com.android.providers.calendar
W/PackageManager(  342): Unknown permission com.google.android.googleapps.permission.GOOGLE_AUTH.cl in package com.android.providers.calendar
W/PackageManager(  342): Unknown permission android.permission.INSTALL_DRM in package com.android.mms
W/PackageManager(  342): Not granting permission android.permission.ACCESS_DOWNLOAD_MANAGER to package com.android.browser (protectionLevel=18 flags=0x9be45)
W/PackageManager(  342): Not granting permission android.permission.SEND_DOWNLOAD_COMPLETED_INTENTS to package com.android.browser (protectionLevel=2 flags=0x9be45)
W/PackageManager(  342): Unknown permission com.google.android.googleapps.permission.ACCESS_GOOGLE_PASSWORD in package com.android.development
W/PackageManager(  342): Unknown permission com.google.android.googleapps.permission.GOOGLE_AUTH in package com.android.development
W/PackageManager(  342): Unknown permission com.google.android.googleapps.permission.GOOGLE_AUTH.ALL_SERVICES in package com.android.development
W/PackageManager(  342): Unknown permission com.google.android.googleapps.permission.GOOGLE_AUTH.YouTubeUser in package com.android.development
W/EntropyMixer(  342): No existing entropy file -- first boot?
W/ActivityManager(  342): Can't addPackageDependency on system process
W/CoreSettingsObserver(  342): Cannot find setting "debug_view_attributes"
W/CoreSettingsObserver(  342): android.provider.Settings$SettingNotFoundException: debug_view_attributes
W/CoreSettingsObserver(  342): 	at android.provider.Settings$Global.getInt(Settings.java:6726)
W/CoreSettingsObserver(  342): 	at com.android.server.am.CoreSettingsObserver.populateSettings(CoreSettingsObserver.java:129)
W/CoreSettingsObserver(  342): 	at com.android.server.am.CoreSettingsObserver.sendCoreSettings(CoreSettingsObserver.java:82)
W/CoreSettingsObserver(  342): 	at com.android.server.am.CoreSettingsObserver.<init>(CoreSettingsObserver.java:65)
W/CoreSettingsObserver(  342): 	at com.android.server.am.ActivityManagerService.installSystemProviders(ActivityManagerService.java:9845)
W/CoreSettingsObserver(  342): 	at com.android.server.SystemServer.startOtherServices(SystemServer.java:452)
W/CoreSettingsObserver(  342): 	at com.android.server.SystemServer.run(SystemServer.java:256)
W/CoreSettingsObserver(  342): 	at com.android.server.SystemServer.main(SystemServer.java:170)
W/CoreSettingsObserver(  342): 	at java.lang.reflect.Method.invoke(Native Method)
W/CoreSettingsObserver(  342): 	at java.lang.reflect.Method.invoke(Method.java:372)
W/CoreSettingsObserver(  342): 	at com.android.internal.os.ZygoteInit$MethodAndArgsCaller.run(ZygoteInit.java:899)
W/CoreSettingsObserver(  342): 	at com.android.internal.os.ZygoteInit.main(ZygoteInit.java:694)
E/ConsumerIrService(  342): Can't open consumer IR HW Module, error: -2
E/EventHub(  342): could not get driver version for /dev/input/mouse0, Not a typewriter
W/EventHub(  342): Unable to disable kernel key repeat for /dev/input/event0: Function not implemented
E/EventHub(  342): could not get driver version for /dev/input/mice, Not a typewriter
W/InputMethodManagerService(  342): No IME selected. Choose the most applicable IME.
W/MountService(  342): getSecureContainerList() called when storage not mounted
W/PackageManager(  342): Unknown permission com.google.android.googleapps.permission.GOOGLE_AUTH.mail in package com.android.calendar
W/PackageManager(  342): Unknown permission com.google.android.googleapps.permission.GOOGLE_AUTH in package com.android.settings
W/PackageManager(  342): Not granting permission android.permission.DELETE_PACKAGES to package com.svox.pico (protectionLevel=18 flags=0x8be45)
W/PackageManager(  342): Not granting permission android.permission.BIND_APPWIDGET to package com.android.widgetpreview (protectionLevel=18 flags=0x8be44)
W/PackageManager(  342): Not granting permission android.permission.DEVICE_POWER to package com.android.deskclock (protectionLevel=2 flags=0x48be45)
W/PackageManager(  342): Not granting permission android.permission.GLOBAL_SEARCH to package com.android.quicksearchbox (protectionLevel=18 flags=0x8be45)
W/PackageManager(  342): Unknown permission com.android.smspush.WAPPUSH_MANAGER_BIND in package com.android.phone
W/PackageManager(  342): Unknown permission com.google.android.googleapps.permission.GOOGLE_AUTH in package com.android.providers.calendar
W/PackageManager(  342): Unknown permission com.google.android.googleapps.permission.GOOGLE_AUTH.cl in package com.android.providers.calendar
W/PackageManager(  342): Unknown permission android.permission.INSTALL_DRM in package com.android.mms
W/PackageManager(  342): Not granting permission android.permission.ACCESS_DOWNLOAD_MANAGER to package com.android.browser (protectionLevel=18 flags=0x9be45)
W/PackageManager(  342): Not granting permission android.permission.SEND_DOWNLOAD_COMPLETED_INTENTS to package com.android.browser (protectionLevel=2 flags=0x9be45)
W/PackageManager(  342): Unknown permission com.google.android.googleapps.permission.ACCESS_GOOGLE_PASSWORD in package com.android.development
W/PackageManager(  342): Unknown permission com.google.android.googleapps.permission.GOOGLE_AUTH in package com.android.development
W/PackageManager(  342): Unknown permission com.google.android.googleapps.permission.GOOGLE_AUTH.ALL_SERVICES in package com.android.development
W/PackageManager(  342): Unknown permission com.google.android.googleapps.permission.GOOGLE_AUTH.YouTubeUser in package com.android.development
W/MountService(  342): getSecureContainerList() called when storage not mounted
W/art     (  342): Verification of void com.android.server.wifi.WifiStateMachine.calculateWifiScore(android.net.wifi.WifiLinkLayerStats) took 115.919ms
W/art     (  342): Suspending all threads took: 36.948ms
E/WifiConfigStore(  342): associatedPartialScanPeriodMilli set to 10000
W/WallpaperManagerService(  342): no current wallpaper -- first boot?
W/TelecomManager(  342): Telecom Service not found.
W/DockObserver(  342): This kernel does not have dock station support
W/WiredAccessoryManager(  342): This kernel does not have wired headset support
W/WiredAccessoryManager(  342): This kernel does not have usb audio support
W/WiredAccessoryManager(  342): This kernel does not have HDMI audio support
W/SoundTriggerHelper(  342): listModules status=0, # of modules=0
E/Fingerprint-JNI(  342): Can't open fingerprint HW Module, error: -2
W/AssetAtlasService(  342): Could not find EGL configuration
E/SQLiteLog(  342): (1) no such table: locksettings
W/InputMethodManagerService(  342): Focus gain on non-focused client android.view.inputmethod.InputMethodManager$1@d77161b (uid=1000 pid=342)
W/art     (  435): Suspending all threads took: 9.474ms
E/installd(  452): Running /system/bin/patchoat isa=arm in-fd=6 (/system/priv-app/CalendarProvider/arm/CalendarProvider.odex) out-fd=7 (/data/dalvik-cache/arm/system@priv-app@CalendarProvider@CalendarProvider.apk@classes.dex)
W/ResourcesManager(  435): Asset path '/system/framework/android.test.runner.jar' does not exist or contains no resources.
E/installd(  471): Running /system/bin/patchoat isa=arm in-fd=6 (/system/priv-app/ContactsProvider/arm/ContactsProvider.odex) out-fd=7 (/data/dalvik-cache/arm/system@priv-app@ContactsProvider@ContactsProvider.apk@classes.dex)
E/memtrack(  482): Couldn't load memtrack module (No such file or directory)
E/android.os.Debug(  482): failed to load memtrack module: -2
E/installd(  512): Running /system/bin/patchoat isa=arm in-fd=6 (/system/priv-app/ManagedProvisioning/arm/ManagedProvisioning.odex) out-fd=7 (/data/dalvik-cache/arm/system@priv-app@ManagedProvisioning@ManagedProvisioning.apk@classes.dex)
E/memtrack(  494): Couldn't load memtrack module (No such file or directory)
E/android.os.Debug(  494): failed to load memtrack module: -2
E/installd(  535): Running /system/bin/patchoat isa=arm in-fd=6 (/system/priv-app/MediaProvider/arm/MediaProvider.odex) out-fd=7 (/data/dalvik-cache/arm/system@priv-app@MediaProvider@MediaProvider.apk@classes.dex)
W/ActivityManager(  342): Spurious death for ProcessRecord{10120de7 435:com.android.providers.calendar/u0a1}, curProc for 435: null
W/ActivityManager(  342): Spurious death for ProcessRecord{3f967d94 455:android.process.acore/u0a2}, curProc for 455: null
W/ActivityManager(  342): Spurious death for ProcessRecord{fc8a032 520:android.process.media/u0a5}, curProc for 520: null
W/ActivityManager(  342): Spurious death for ProcessRecord{31e7a183 541:com.android.settings/1000}, curProc for 541: null
W/ActivityManager(  342): Spurious death for ProcessRecord{21cec03d 496:com.android.managedprovisioning/u0a8}, curProc for 496: null
E/installd(  601): Running /system/bin/patchoat isa=arm in-fd=6 (/system/priv-app/SystemUI/arm/SystemUI.odex) out-fd=7 (/data/dalvik-cache/arm/system@priv-app@SystemUI@SystemUI.apk@classes.dex)
E/memtrack(  556): Couldn't load memtrack module (No such file or directory)
E/android.os.Debug(  556): failed to load memtrack module: -2
E/NetdConnector(  342): NDC Command {2 bandwidth enable} took too long (3486ms)
E/NetdConnector(  342): NDC Command {3 firewall disable} took too long (588ms)
E/NetdConnector(  342): NDC Command {6 firewall disable} took too long (540ms)
E/BluetoothAdapter(  342): Bluetooth binder is null
E/BluetoothAdapter(  342): Bluetooth binder is null
E/InputMethodManagerService(  342): Ignoring setImeWindowStatus due to an invalid token. uid:1000 token:null
W/InputMethodManagerService(  342): Reset the default IME as "Resource" is ready here.
E/WVMExtractor(   64): Failed to open libwvm.so: dlopen failed: library "libwvm.so" not found
W/art     (  342): Suspending all threads took: 6.724ms
W/InputMethodManagerService(  342): Illegal subtype state: old subtype = null, new subtype = android.view.inputmethod.InputMethodSubtype@c9194f98
E/OMXNodeInstance(   64): getParameter(100663311) ERROR: 0x8000101a
E/OMXNodeInstance(   64): getParameter(100663297) ERROR: 0x8000101a
E/OMXNodeInstance(   64): getParameter(100663311) ERROR: 0x8000101a
E/OMXNodeInstance(   64): getParameter(100663297) ERROR: 0x8000101a
E/OMXNodeInstance(   64): getParameter(100663311) ERROR: 0x8000101a
E/OMXNodeInstance(   64): getParameter(100663297) ERROR: 0x8000101a
E/OMXNodeInstance(   64): getParameter(100663311) ERROR: 0x8000101a
E/OMXNodeInstance(   64): getParameter(100663297) ERROR: 0x8000101a
E/OMXNodeInstance(   64): getParameter(100663311) ERROR: 0x8000101a
E/OMXNodeInstance(   64): getParameter(100663297) ERROR: 0x8000101a
E/OMXNodeInstance(   64): getParameter(100663311) ERROR: 0x8000101a
E/OMXNodeInstance(   64): getParameter(100663297) ERROR: 0x8000101a
E/OMXNodeInstance(   64): getParameter(100663311) ERROR: 0x8000101a
E/OMXNodeInstance(   64): getParameter(100663297) ERROR: 0x8000101a
E/OMXNodeInstance(   64): getParameter(100663311) ERROR: 0x8000101a
E/OMXNodeInstance(   64): getParameter(100663297) ERROR: 0x8000101a
E/OMXNodeInstance(   64): getParameter(100663311) ERROR: 0x8000101a
E/OMXNodeInstance(   64): getParameter(100663297) ERROR: 0x8000101a
E/OMXNodeInstance(   64): getParameter(100663311) ERROR: 0x8000101a
E/OMXNodeInstance(   64): getParameter(100663297) ERROR: 0x8000101a
E/OMXNodeInstance(   64): getParameter(100663311) ERROR: 0x8000101a
E/OMXNodeInstance(   64): getParameter(100663297) ERROR: 0x8000101a
E/OMXNodeInstance(   64): getParameter(100663311) ERROR: 0x8000101a
E/OMXNodeInstance(   64): getParameter(100663297) ERROR: 0x8000101a
E/OMXNodeInstance(   64): getParameter(100663311) ERROR: 0x8000101a
E/OMXNodeInstance(   64): getParameter(100663297) ERROR: 0x8000101a
E/OMXNodeInstance(   64): getParameter(100663311) ERROR: 0x8000101a
E/OMXNodeInstance(   64): getParameter(100663297) ERROR: 0x8000101a
E/OMXNodeInstance(   64): getParameter(100663311) ERROR: 0x8000100e
E/OMXNodeInstance(   64): getParameter(100663297) ERROR: 0x8000100e
E/OMXNodeInstance(   64): OMX_GetExtensionIndex OMX.google.android.index.storeMetaDataInBuffers failed
E/OMXNodeInstance(   64): getParameter(100663311) ERROR: 0x8000100e
E/OMXNodeInstance(   64): getParameter(100663297) ERROR: 0x8000100e
E/OMXNodeInstance(   64): OMX_GetExtensionIndex OMX.google.android.index.storeMetaDataInBuffers failed
E/OMXNodeInstance(   64): getParameter(100663311) ERROR: 0x8000100e
E/OMXNodeInstance(   64): getParameter(100663297) ERROR: 0x8000100e
E/OMXNodeInstance(   64): OMX_GetExtensionIndex OMX.google.android.index.storeMetaDataInBuffers failed
E/OMXNodeInstance(   64): getParameter(100663311) ERROR: 0x8000100e
E/OMXNodeInstance(   64): getParameter(100663297) ERROR: 0x8000100e
E/OMXNodeInstance(   64): OMX_GetExtensionIndex OMX.google.android.index.storeMetaDataInBuffers failed
E/OMXNodeInstance(   64): getParameter(100663311) ERROR: 0x8000100e
E/OMXNodeInstance(   64): getParameter(100663297) ERROR: 0x8000100e
E/OMXNodeInstance(   64): OMX_GetExtensionIndex OMX.google.android.index.storeMetaDataInBuffers failed
E/OMXNodeInstance(   64): getParameter(100663311) ERROR: 0x8000100e
E/OMXNodeInstance(   64): getParameter(100663297) ERROR: 0x8000100e
E/OMXNodeInstance(   64): OMX_GetExtensionIndex OMX.google.android.index.storeMetaDataInBuffers failed
E/OMXNodeInstance(   64): getParameter(100663311) ERROR: 0x8000100e
W/ACodec  (   64): do not know color format 0x7f000789 = 2130708361
E/OMXNodeInstance(   64): getParameter(100663297) ERROR: 0x8000100e
E/OMXNodeInstance(   64): getParameter(100663311) ERROR: 0x8000100e
W/ACodec  (   64): do not know color format 0x7f000789 = 2130708361
E/OMXNodeInstance(   64): getParameter(100663297) ERROR: 0x8000100e
E/OMXNodeInstance(   64): getParameter(100663311) ERROR: 0x8000100e
W/ACodec  (   64): do not know color format 0x7f000789 = 2130708361
E/OMXNodeInstance(   64): getParameter(100663297) ERROR: 0x8000100e
E/OMXNodeInstance(   64): getParameter(100663311) ERROR: 0x8000100e
W/ACodec  (   64): do not know color format 0x7f000789 = 2130708361
E/OMXNodeInstance(   64): getParameter(100663297) ERROR: 0x8000100e
W/GpsLocationProvider(  342): Could not open GPS configuration file /etc/gps.conf
E/GpsLocationProvider(  342): no AGPS interface in set_agps_server
E/GpsLocationProvider(  342): no GPS configuration interface in configuraiton_update
W/ServiceWatcher(  342): com.google.android.location not found
W/ServiceWatcher(  342): com.google.android.location not found
W/LocationManagerService(  342): no network location provider found
W/ServiceWatcher(  342): com.google.android.location not found
E/installd(  735): Running /system/bin/patchoat isa=arm in-fd=6 (/system/app/LatinIME/arm/LatinIME.odex) out-fd=7 (/data/dalvik-cache/arm/system@app@LatinIME@LatinIME.apk@classes.dex)
W/ServiceWatcher(  342): com.google.android.location not found
E/LocationManagerService(  342): no geocoder provider found
E/FlpHardwareProvider(  342): Error hw_get_module 'flp': -2
E/LocationManagerService(  342): FLP HAL not supported
W/ServiceWatcher(  342): com.google.android.location not found
E/LocationManagerService(  342): Unable to bind FLP Geofence proxy.
E/ActivityRecognitionHardware(  342): Error hw_get_module: -2
E/LocationManagerService(  342): Hardware Activity-Recognition not supported.
E/GpsLocationProvider(  342): no AGPS interface in set_agps_server
W/ContextImpl(  342): Calling a method in the system process without a qualified user: android.app.ContextImpl.bindService:1750 com.android.server.MmsServiceBroker.tryConnecting:134 com.android.server.MmsServiceBroker.systemRunning:121 com.android.server.SystemServer$2.run:1180 com.android.server.am.ActivityManagerService.systemReady:11322 
W/VoiceInteractionManagerService(  342): no available voice interaction services found for user 0
W/VoiceInteractionManagerService(  342): no available voice recognition services found for user 0
W/art     (  342): Verification of void com.android.location.fused.FusedLocationService.<init>() took 351.251ms
W/ResourcesManager(  342): Asset path '/system/framework/com.android.location.provider.jar' does not exist or contains no resources.
E/installd(  856): Running /system/bin/patchoat isa=arm in-fd=6 (/system/priv-app/DefaultContainerService/arm/DefaultContainerService.odex) out-fd=7 (/data/dalvik-cache/arm/system@priv-app@DefaultContainerService@DefaultContainerService.apk@classes.dex)
W/art     (  573): Suspending all threads took: 9.821ms
W/ActivityManager(  342): No pending application record for pid 797 (IApplicationThread android.app.ApplicationThreadProxy@1c60d4d0); dropping process
E/installd(  863): Running /system/bin/patchoat isa=arm in-fd=6 (/system/priv-app/Telecom/arm/Telecom.odex) out-fd=7 (/data/dalvik-cache/arm/system@priv-app@Telecom@Telecom.apk@classes.dex)
E/installd(  866): Running /system/bin/patchoat isa=arm in-fd=6 (/system/priv-app/TeleService/arm/TeleService.odex) out-fd=7 (/data/dalvik-cache/arm/system@priv-app@TeleService@TeleService.apk@classes.dex)
E/installd(  869): Running /system/bin/patchoat isa=arm in-fd=6 (/system/priv-app/TelephonyProvider/arm/TelephonyProvider.odex) out-fd=7 (/data/dalvik-cache/arm/system@priv-app@TelephonyProvider@TelephonyProvider.apk@classes.dex)
E/installd(  870): Running /system/bin/patchoat isa=arm in-fd=6 (/system/priv-app/MmsService/arm/MmsService.odex) out-fd=7 (/data/dalvik-cache/arm/system@priv-app@MmsService@MmsService.apk@classes.dex)
W/InputAttributes(  658): No editor info for this field. Bug?
W/AppWidgetServiceImpl(  342): Failed to read state: java.io.FileNotFoundException: /data/system/users/0/appwidgets.xml: open failed: ENOENT (No such file or directory)
E/BluetoothAdapter(  804): Bluetooth binder is null
E/installd(  911): Running /system/bin/patchoat isa=arm in-fd=6 (/system/app/PrintSpooler/arm/PrintSpooler.odex) out-fd=7 (/data/dalvik-cache/arm/system@app@PrintSpooler@PrintSpooler.apk@classes.dex)
E/installd(  913): Running /system/bin/patchoat isa=arm in-fd=6 (/system/app/UserDictionaryProvider/arm/UserDictionaryProvider.odex) out-fd=7 (/data/dalvik-cache/arm/system@app@UserDictionaryProvider@UserDictionaryProvider.apk@classes.dex)
W/ActivityManager(  342): Activity pause timeout for ActivityRecord{1e13131e u0 com.android.settings/.CryptKeeper t1 f}
E/MmsService(  812): MmsConfigManager.load -- empty getActiveSubInfoList
E/BluetoothAdapter(  804): Bluetooth binder is null
E/installd(  946): Running /system/bin/patchoat isa=arm in-fd=6 (/system/app/Music/arm/Music.odex) out-fd=7 (/data/dalvik-cache/arm/system@app@Music@Music.apk@classes.dex)
W/art     (  888): Suspending all threads took: 28.095ms
E/installd(  949): Running /system/bin/patchoat isa=arm in-fd=6 (/system/app/SdkSetup/arm/SdkSetup.odex) out-fd=7 (/data/dalvik-cache/arm/system@app@SdkSetup@SdkSetup.apk@classes.dex)
W/Settings(  915): Setting install_non_market_apps has moved from android.provider.Settings.Global to android.provider.Settings.Secure, value is unchanged.
W/ActivityManager(  342): Spurious death for ProcessRecord{1bade54a 915:com.android.sdksetup/u0a42}, curProc for 915: null
E/BluetoothAdapter(  573): Bluetooth binder is null
W/BluetoothController(  573): Default BT adapter not found
E/BluetoothAdapter(  573): Bluetooth binder is null
W/BackupManagerService(  342): dataChanged but no participant pkg='com.android.providers.settings' uid=10012
E/installd(  985): Running /system/bin/patchoat isa=arm in-fd=6 (/system/priv-app/DownloadProvider/arm/DownloadProvider.odex) out-fd=7 (/data/dalvik-cache/arm/system@priv-app@DownloadProvider@DownloadProvider.apk@classes.dex)
W/OpenGLRenderer(  573): can't set property, no Caches instance
W/OpenGLRenderer(  573): can't set property, no Caches instance
E/installd( 1001): Running /system/bin/patchoat isa=arm in-fd=6 (/system/priv-app/Launcher2/arm/Launcher2.odex) out-fd=7 (/data/dalvik-cache/arm/system@priv-app@Launcher2@Launcher2.apk@classes.dex)
W/art     (  986): Suspending all threads took: 10.594ms
W/art     (  986): Suspending all threads took: 9.108ms
W/Resources(  986): Converting to int: TypedValue{t=0x3/d=0x15 "2" a=-1}
W/Resources(  986): Converting to int: TypedValue{t=0x3/d=0x15 "2" a=-1}
W/Launcher.LauncherProvider(  986): Unable to add favorite: com.android.camera2/com.android.camera.CameraLauncher
W/Launcher.LauncherProvider(  986): android.content.pm.PackageManager$NameNotFoundException: ComponentInfo{com.android.camera2/com.android.camera.CameraLauncher}
W/Launcher.LauncherProvider(  986): 	at android.app.ApplicationPackageManager.getActivityInfo(ApplicationPackageManager.java:314)
W/Launcher.LauncherProvider(  986): 	at com.android.launcher2.LauncherProvider$DatabaseHelper.addAppShortcut(LauncherProvider.java:997)
W/Launcher.LauncherProvider(  986): 	at com.android.launcher2.LauncherProvider$DatabaseHelper.loadFavorites(LauncherProvider.java:901)
W/Launcher.LauncherProvider(  986): 	at com.android.launcher2.LauncherProvider$DatabaseHelper.access$000(LauncherProvider.java:254)
W/Launcher.LauncherProvider(  986): 	at com.android.launcher2.LauncherProvider.loadDefaultFavoritesIfNecessary(LauncherProvider.java:238)
W/Launcher.LauncherProvider(  986): 	at com.android.launcher2.LauncherModel$LoaderTask.loadWorkspace(LauncherModel.java:1276)
W/Launcher.LauncherProvider(  986): 	at com.android.launcher2.LauncherModel$LoaderTask.loadAndBindWorkspace(LauncherModel.java:1030)
W/Launcher.LauncherProvider(  986): 	at com.android.launcher2.LauncherModel$LoaderTask.run(LauncherModel.java:1133)
W/Launcher.LauncherProvider(  986): 	at android.os.Handler.handleCallback(Handler.java:739)
W/Launcher.LauncherProvider(  986): 	at android.os.Handler.dispatchMessage(Handler.java:95)
W/Launcher.LauncherProvider(  986): 	at android.os.Looper.loop(Looper.java:135)
W/Launcher.LauncherProvider(  986): 	at android.os.HandlerThread.run(HandlerThread.java:61)
W/Launcher.LauncherProvider(  986): Unable to add favorite: com.android.gallery3d/com.android.gallery3d.app.Gallery
W/Launcher.LauncherProvider(  986): android.content.pm.PackageManager$NameNotFoundException: ComponentInfo{com.android.gallery3d/com.android.gallery3d.app.Gallery}
W/Launcher.LauncherProvider(  986): 	at android.app.ApplicationPackageManager.getActivityInfo(ApplicationPackageManager.java:314)
W/Launcher.LauncherProvider(  986): 	at com.android.launcher2.LauncherProvider$DatabaseHelper.addAppShortcut(LauncherProvider.java:997)
W/Launcher.LauncherProvider(  986): 	at com.android.launcher2.LauncherProvider$DatabaseHelper.loadFavorites(LauncherProvider.java:901)
W/Launcher.LauncherProvider(  986): 	at com.android.launcher2.LauncherProvider$DatabaseHelper.access$000(LauncherProvider.java:254)
W/Launcher.LauncherProvider(  986): 	at com.android.launcher2.LauncherProvider.loadDefaultFavoritesIfNecessary(LauncherProvider.java:238)
W/Launcher.LauncherProvider(  986): 	at com.android.launcher2.LauncherModel$LoaderTask.loadWorkspace(LauncherModel.java:1276)
W/Launcher.LauncherProvider(  986): 	at com.android.launcher2.LauncherModel$LoaderTask.loadAndBindWorkspace(LauncherModel.java:1030)
W/Launcher.LauncherProvider(  986): 	at com.android.launcher2.LauncherModel$LoaderTask.run(LauncherModel.java:1133)
W/Launcher.LauncherProvider(  986): 	at android.os.Handler.handleCallback(Handler.java:739)
W/Launcher.LauncherProvider(  986): 	at android.os.Handler.dispatchMessage(Handler.java:95)
W/Launcher.LauncherProvider(  986): 	at android.os.Looper.loop(Looper.java:135)
W/Launcher.LauncherProvider(  986): 	at android.os.HandlerThread.run(HandlerThread.java:61)
W/InputMethodManagerService(  342): Focus gain on non-focused client com.android.internal.view.IInputMethodClient$Stub$Proxy@27d4de88 (uid=10007 pid=986)
W/KeyguardServiceDelegate(  342): onScreenTurnedOn(): no keyguard service!
W/art     (  342): Suspending all threads took: 6.668ms
E/SQLiteLog(  888): (2067) abort at 13 in [INSERT INTO mimetypes(mimetype) VALUES (?)]: UNIQUE constraint failed: mimetypes.mimetype
W/ResourceType(  986): No package identifier when getting value for resource number 0x00000000
W/ResourceType(  986): No package identifier when getting value for resource number 0x00000000
W/PackageManager(  986): Failure retrieving resources for com.android.speechrecorder: Resource ID #0x0
W/ResourceType(  986): No package identifier when getting value for resource number 0x00000000
W/PackageManager(  986): Failure retrieving resources for com.android.speechrecorder: Resource ID #0x0
W/dex2oat ( 1036): Before Android 4.1, method int android.support.v7.internal.widget.ListViewCompat.lookForSelectablePosition(int, boolean) would have incorrectly overridden the package-private method in android.widget.ListView
W/ActivityManager(  342): Activity destroy timeout for ActivityRecord{1e13131e u0 com.android.settings/.CryptKeeper t1 f}
W/dex2oat ( 1036): Verification of com.google.android.gms.internal.nu com.google.android.gms.internal.nv.db(android.os.Parcel) took 169.891ms
W/dex2oat ( 1036): Compilation of boolean com.google.android.gms.games.internal.IGamesService$Stub.onTransact(int, android.os.Parcel, android.os.Parcel, int) took 119.024ms
W/PackageManager(  342): Unknown permission com.google.android.providers.gsf.permission.READ_GSERVICES in package com.example.chariba
E/installd( 1038): Running /system/bin/patchoat isa=arm in-fd=6 (/system/app/DeskClock/arm/DeskClock.odex) out-fd=7 (/data/dalvik-cache/arm/system@app@DeskClock@DeskClock.apk@classes.dex)
W/Settings(  342): Setting install_non_market_apps has moved from android.provider.Settings.Global to android.provider.Settings.Secure, returning read-only value.
E/installd( 1059): Running /system/bin/patchoat isa=arm in-fd=6 (/system/priv-app/Dialer/arm/Dialer.odex) out-fd=7 (/data/dalvik-cache/arm/system@priv-app@Dialer@Dialer.apk@classes.dex)
E/installd( 1090): Running /system/bin/patchoat isa=arm in-fd=6 (/system/app/Exchange2/arm/Exchange2.odex) out-fd=7 (/data/dalvik-cache/arm/system@app@Exchange2@Exchange2.apk@classes.dex)
W/art     (  812): Suspending all threads took: 1.208s
W/art     ( 1060): Suspending all threads took: 85.529ms
W/BackupManagerService(  342): dataChanged but no participant pkg='com.android.providers.settings' uid=1001
E/BluetoothAdapter(  812): Bluetooth binder is null
W/Zygote  (   67): Slow operation: 1008ms so far, now at Zygote.preFork
W/Zygote  (   67): Slow operation: 1212ms so far, now at Zygote.nativeForkAndSpecialize
W/Zygote  (   67): Slow operation: 1938ms so far, now at Zygote.postForkCommon
W/Zygote  (   67): Slow operation: 2091ms so far, now at zygoteConnection.runOnce: postForkAndSpecialize
W/ActivityManager(  342): Slow operation: 2219ms so far, now at startProcess: returned from zygote!
W/ActivityManager(  342): Slow operation: 2220ms so far, now at startProcess: done updating battery stats
W/ActivityManager(  342): Slow operation: 2411ms so far, now at startProcess: building log message
W/ActivityManager(  342): Slow operation: 2412ms so far, now at startProcess: starting to update pids map
W/ActivityManager(  342): Slow operation: 2412ms so far, now at startProcess: done updating pids map
W/ActivityManager(  342): Slow operation: 2458ms so far, now at startProcess: done starting proc!
W/ActivityManager(  342): Slow operation: 2460ms so far, now at getContentProviderImpl: after start process
W/ActivityManager(  342): Slow operation: 2461ms so far, now at getContentProviderImpl: updating data structures
W/ActivityManager(  342): Slow operation: 2461ms so far, now at getContentProviderImpl: done!
W/Zygote  ( 1111): Slow operation: 1693 ms in ForkAndSpecializeCommon:child process setup
W/Zygote  ( 1111): Slow operation: 1865 ms in ForkAndSpecializeCommon:PostForkChildHooks returns
W/Zygote  ( 1111): Slow operation: 3006ms so far, now at Zygote.nativeForkAndSpecialize
W/Zygote  ( 1111): Slow operation: 3491ms so far, now at Zygote.postForkCommon
W/Zygote  ( 1111): Slow operation: 3644ms so far, now at zygoteConnection.runOnce: postForkAndSpecialize
E/installd( 1128): Running /system/bin/patchoat isa=arm in-fd=6 (/system/app/Email/arm/Email.odex) out-fd=7 (/data/dalvik-cache/arm/system@app@Email@Email.apk@classes.dex)
W/Zygote  (   67): Slow operation: 1014ms so far, now at Zygote.preFork
W/Zygote  (   67): Slow operation: 1254ms so far, now at Zygote.nativeForkAndSpecialize
W/Zygote  (   67): Slow operation: 1367ms so far, now at Zygote.postForkCommon
W/Zygote  (   67): Slow operation: 1423ms so far, now at zygoteConnection.runOnce: postForkAndSpecialize
W/ActivityManager(  342): Slow operation: 1790ms so far, now at startProcess: returned from zygote!
W/ActivityManager(  342): Slow operation: 1791ms so far, now at startProcess: done updating battery stats
W/ActivityManager(  342): Slow operation: 1791ms so far, now at startProcess: building log message
W/ActivityManager(  342): Slow operation: 1791ms so far, now at startProcess: starting to update pids map
W/ActivityManager(  342): Slow operation: 1792ms so far, now at startProcess: done updating pids map
W/ActivityManager(  342): Slow operation: 1836ms so far, now at startProcess: done starting proc!
W/Zygote  ( 1130): Slow operation: 1145 ms in ForkAndSpecializeCommon:child process setup
W/Zygote  ( 1130): Slow operation: 1737 ms in ForkAndSpecializeCommon:PostForkChildHooks returns
W/art     ( 1111): Suspending all threads took: 177.529ms
W/Zygote  ( 1130): Slow operation: 2776ms so far, now at Zygote.nativeForkAndSpecialize
W/Zygote  ( 1130): Slow operation: 3640ms so far, now at Zygote.postForkCommon
W/Zygote  ( 1130): Slow operation: 3696ms so far, now at zygoteConnection.runOnce: postForkAndSpecialize
E/installd( 1147): Running /system/bin/patchoat isa=arm in-fd=6 (/system/app/Calendar/arm/Calendar.odex) out-fd=7 (/data/dalvik-cache/arm/system@app@Calendar@Calendar.apk@classes.dex)
W/ActivityManager(  342): Timeout executing service: ServiceRecord{2e045020 u0 com.android.phone/.TelephonyDebugService}
W/art     (  342): Suspending all threads took: 76.593ms
E/memtrack( 1151): Couldn't load memtrack module (No such file or directory)
E/android.os.Debug( 1151): failed to load memtrack module: -2
E/PhoneInterfaceManager(  812): [PhoneIntfMgr] getIccId: ICC ID is null or empty.
E/ActivityManager(  342): ANR in com.android.phone
E/ActivityManager(  342): PID: 812
E/ActivityManager(  342): Reason: Executing service com.android.phone/.TelephonyDebugService
E/ActivityManager(  342): Load: 9.08 / 4.24 / 1.74
E/ActivityManager(  342): CPU usage from 0ms to 15972ms later:
E/ActivityManager(  342):   40% 342/system_server: 23% user + 16% kernel / faults: 6107 minor 6 major
E/ActivityManager(  342):   14% 812/com.android.phone: 7.8% user + 6.7% kernel / faults: 3839 minor 13 major
E/ActivityManager(  342):   6.9% 573/com.android.systemui: 4.7% user + 2.1% kernel / faults: 1602 minor
E/ActivityManager(  342):   5.4% 26/mtdblock1: 0% user + 5.4% kernel
E/ActivityManager(  342):   0.2% 61/debuggerd: 0% user + 0.1% kernel / faults: 2045 minor 6 major
E/ActivityManager(  342):   0.9% 804/com.android.server.telecom: 0.5% user + 0.3% kernel / faults: 1371 minor
E/ActivityManager(  342):   2% 1111/com.android.email: 2% user + 0% kernel / faults: 377 minor
E/ActivityManager(  342):   1.5% 53/surfaceflinger: 0.8% user + 0.6% kernel / faults: 32 minor
E/ActivityManager(  342):   1.3% 48/logd: 0.8% user + 0.5% kernel / faults: 38 minor
E/ActivityManager(  342):   0.8% 888/android.process.acore: 0.4% user + 0.4% kernel / faults: 33 minor
E/ActivityManager(  342):   0.8% 51/servicemanager: 0% user + 0.8% kernel
E/ActivityManager(  342):   0.1% 986/com.android.launcher: 0.1% user + 0% kernel / faults: 96 minor
E/ActivityManager(  342):   0.5% 25/mtdblock0: 0% user + 0.5% kernel
E/ActivityManager(  342):   0.5% 38/flush-31:1: 0% user + 0.5% kernel
E/ActivityManager(  342):   0.5% 59/adbd: 0% user + 0.4% kernel / faults: 62 minor
E/ActivityManager(  342):   0.2% 62/rild: 0% user + 0.2% kernel / faults: 25 minor
E/ActivityManager(  342):   0.2% 658/com.android.inputmethod.latin: 0.1% user + 0% kernel / faults: 13 minor
E/ActivityManager(  342):   0.1% 1130/<pre-initialized>: 0.1% user + 0% kernel / faults: 319 minor
E/ActivityManager(  342):   0.1% 12/kswapd0: 0% user + 0.1% kernel
E/ActivityManager(  342):   0% 4/kworker/0:0: 0% user + 0% kernel
E/ActivityManager(  342):   0% 30/kworker/u:1: 0% user + 0% kernel
E/ActivityManager(  342):   0% 50/lmkd: 0% user + 0% kernel / faults: 3 minor
E/ActivityManager(  342):   0% 67/zygote: 0% user + 0% kernel
E/ActivityManager(  342):  +0% 1167/app_process: 0% user + 0% kernel
E/ActivityManager(  342): 100% TOTAL: 57% user + 42% kernel + 0% softirq
E/ActivityManager(  342): CPU usage from 14405ms to 15262ms later:
E/ActivityManager(  342):   42% 1167/app_process: 20% user + 22% kernel / faults: 4237 minor
E/ActivityManager(  342):   16% 342/system_server: 9.3% user + 6.6% kernel / faults: 38 minor
E/ActivityManager(  342):     9.3% 363/ActivityManager: 4% user + 5.3% kernel
E/ActivityManager(  342):     4% 862/Binder_9: 4% user + 0% kernel
E/ActivityManager(  342):     1.3% 540/Binder_6: 1.3% user + 0% kernel
E/ActivityManager(  342):     1.3% 861/Binder_8: 0% user + 1.3% kernel
E/ActivityManager(  342):     1.3% 879/Binder_C: 0% user + 1.3% kernel
E/ActivityManager(  342):     1.3% 1150/Binder_E: 1.3% user + 0% kernel
E/ActivityManager(  342):   12% 812/com.android.phone: 11% user + 1.2% kernel / faults: 118 minor
E/ActivityManager(  342):     12% 812/m.android.phone: 9.8% user + 2.4% kernel
E/ActivityManager(  342):   2.1% 804/com.android.server.telecom: 1.4% user + 0.7% kernel / faults: 433 minor
E/ActivityManager(  342):     1% 832/GCDaemon: 0.7% user + 0.3% kernel
E/ActivityManager(  342):     1% 846/Binder_1: 0.7% user + 0.3% kernel
E/ActivityManager(  342):   5.6% 48/logd: 3.4% user + 2.2% kernel / faults: 6 minor
E/ActivityManager(  342):     3.4% 74/logd.writer: 3.4% user + 0% kernel
E/ActivityManager(  342):   2.7% 53/surfaceflinger: 0% user + 2.7% kernel / faults: 4 minor
E/ActivityManager(  342):     4% 53/surfaceflinger: 1.3% user + 2.7% kernel
E/ActivityManager(  342):   0.3% 51/servicemanager: 0% user + 0.3% kernel
E/ActivityManager(  342):   1.2% 573/com.android.systemui: 1.2% user + 0% kernel / faults: 1 minor
E/ActivityManager(  342):     1.2% 573/ndroid.systemui: 1.2% user + 0% kernel
E/ActivityManager(  342):   0.4% 1130/<pre-initialized>: 0% user + 0.4% kernel / faults: 181 minor
E/ActivityManager(  342):     0.4% 1130/re-initialized>: 0% user + 0.4% kernel
E/ActivityManager(  342): 100% TOTAL: 68% user + 31% kernel
E/memtrack( 1167): Couldn't load memtrack module (No such file or directory)
E/android.os.Debug( 1167): failed to load memtrack module: -2
E/libprocessgroup(  342): failed to kill 1 processes for processgroup 812
E/JavaBinder(  342): !!! FAILED BINDER TRANSACTION !!!
W/BroadcastQueue(  342): Failure sending broadcast Intent { act=android.intent.action.ANY_DATA_STATE flg=0x10 (has extras) }
W/BroadcastQueue(  342): android.os.TransactionTooLargeException
W/BroadcastQueue(  342): 	at android.os.BinderProxy.transactNative(Native Method)
W/BroadcastQueue(  342): 	at android.os.BinderProxy.transact(Binder.java:479)
W/BroadcastQueue(  342): 	at android.app.ApplicationThreadProxy.scheduleRegisteredReceiver(ApplicationThreadNative.java:1089)
W/BroadcastQueue(  342): 	at com.android.server.am.BroadcastQueue.performReceiveLocked(BroadcastQueue.java:431)
W/BroadcastQueue(  342): 	at com.android.server.am.BroadcastQueue.deliverToRegisteredReceiverLocked(BroadcastQueue.java:521)
W/BroadcastQueue(  342): 	at com.android.server.am.BroadcastQueue.processNextBroadcast(BroadcastQueue.java:569)
W/BroadcastQueue(  342): 	at com.android.server.am.BroadcastQueue$BroadcastHandler.handleMessage(BroadcastQueue.java:149)
W/BroadcastQueue(  342): 	at android.os.Handler.dispatchMessage(Handler.java:102)
W/BroadcastQueue(  342): 	at android.os.Looper.loop(Looper.java:135)
W/BroadcastQueue(  342): 	at android.os.HandlerThread.run(HandlerThread.java:61)
W/BroadcastQueue(  342): 	at com.android.server.ServiceThread.run(ServiceThread.java:46)
E/JavaBinder(  342): !!! FAILED BINDER TRANSACTION !!!
W/BroadcastQueue(  342): Failure sending broadcast Intent { act=android.intent.action.ANY_DATA_STATE flg=0x10 (has extras) }
W/BroadcastQueue(  342): android.os.TransactionTooLargeException
W/BroadcastQueue(  342): 	at android.os.BinderProxy.transactNative(Native Method)
W/BroadcastQueue(  342): 	at android.os.BinderProxy.transact(Binder.java:479)
W/BroadcastQueue(  342): 	at android.app.ApplicationThreadProxy.scheduleRegisteredReceiver(ApplicationThreadNative.java:1089)
W/BroadcastQueue(  342): 	at com.android.server.am.BroadcastQueue.performReceiveLocked(BroadcastQueue.java:431)
W/BroadcastQueue(  342): 	at com.android.server.am.BroadcastQueue.deliverToRegisteredReceiverLocked(BroadcastQueue.java:521)
W/BroadcastQueue(  342): 	at com.android.server.am.BroadcastQueue.processNextBroadcast(BroadcastQueue.java:569)
W/BroadcastQueue(  342): 	at com.android.server.am.BroadcastQueue$BroadcastHandler.handleMessage(BroadcastQueue.java:149)
W/BroadcastQueue(  342): 	at android.os.Handler.dispatchMessage(Handler.java:102)
W/BroadcastQueue(  342): 	at android.os.Looper.loop(Looper.java:135)
W/BroadcastQueue(  342): 	at android.os.HandlerThread.run(HandlerThread.java:61)
W/BroadcastQueue(  342): 	at com.android.server.ServiceThread.run(ServiceThread.java:46)
E/JavaBinder(  342): !!! FAILED BINDER TRANSACTION !!!
W/BroadcastQueue(  342): Failure sending broadcast Intent { act=android.intent.action.ANY_DATA_STATE flg=0x10 (has extras) }
W/BroadcastQueue(  342): android.os.TransactionTooLargeException
W/BroadcastQueue(  342): 	at android.os.BinderProxy.transactNative(Native Method)
