W/dex2oat ( 1346): Compilation of java_cup.runtime.Symbol com.ximpleware.xpath.CUP$XSLParser$actions.CUP$XSLParser$do_action(int, java_cup.runtime.lr_parser, java.util.Stack, int) took 202.211ms
W/dex2oat ( 1346): Compilation of java_cup.runtime.Symbol com.ximpleware.xpath.CUP$parser$actions.CUP$parser$do_action(int, java_cup.runtime.lr_parser, java.util.Stack, int) took 178.883ms
W/dex2oat ( 1346): Compilation of java_cup.runtime.Symbol java_cup.CUP$parser$actions.CUP$parser$do_action(int, java_cup.runtime.lr_parser, java.util.Stack, int) took 131.560ms
W/dex2oat ( 1346): Compilation of java_cup.runtime.Symbol com.ximpleware.xpath.XSLScanner.next_token() took 172.093ms
W/dex2oat ( 1346): Compilation of void org.apache.tools.ant.DirectoryScanner.clearCaches() took 422.225ms
W/dex2oat ( 1346): Compilation of java.lang.String[] org.apache.tools.ant.DirectoryScanner.getDefaultExcludes() took 190.756ms
W/dex2oat ( 1346): Compilation of boolean org.apache.tools.ant.DirectoryScanner.matchPatternStart(java.lang.String, java.lang.String) took 200.687ms
W/dex2oat ( 1346): Compilation of void org.apache.tools.ant.DirectoryScanner.scandir(java.io.File, org.apache.tools.ant.types.selectors.TokenizedPath, boolean) took 202.961ms
W/dex2oat ( 1346): Compilation of void org.apache.tools.ant.DirectoryScanner.scandir(java.io.File, org.apache.tools.ant.types.selectors.TokenizedPath, boolean, java.lang.String[], java.util.LinkedList) took 200.276ms
W/dex2oat ( 1346): Compilation of void org.apache.tools.ant.DirectoryScanner.clearResults() took 216.220ms
W/dex2oat ( 1346): Compilation of java.lang.String[] org.apache.tools.ant.DirectoryScanner.getExcludedDirectories() took 201.076ms
W/dex2oat ( 1346): Compilation of java.lang.String[] org.apache.tools.ant.DirectoryScanner.getNotFollowedSymlinks() took 191.668ms
W/dex2oat ( 1346): Compilation of void org.apache.tools.ant.DirectoryScanner.scan() took 414.490ms
W/dex2oat ( 1346): Compilation of void org.apache.tools.ant.DirectoryScanner.setIncludes(java.lang.String[]) took 201.561ms
W/dex2oat ( 1346): Compilation of void org.apache.tools.ant.ExitStatusException.<init>(java.lang.String, int) took 190.485ms
W/dex2oat ( 1346): Compilation of void org.apache.tools.ant.IntrospectionHelper$12.<init>(org.apache.tools.ant.IntrospectionHelper, java.lang.reflect.Method, java.lang.Class, java.lang.reflect.Method, java.lang.Class) took 410.586ms
W/dex2oat ( 1346): Compilation of void org.apache.tools.ant.IntrospectionHelper$2.set(org.apache.tools.ant.Project, java.lang.Object, java.lang.String) took 191.646ms
W/art     ( 1286): Suspending all threads took: 12.630ms
E/installd( 1363): Running /system/bin/patchoat isa=arm in-fd=6 (/system/priv-app/Mms/arm/Mms.odex) out-fd=7 (/data/dalvik-cache/arm/system@priv-app@Mms@Mms.apk@classes.dex)
F/BatteryStatsImpl(  342): Data connection inactive timestamp 405420 is before start time 445064
F/BatteryStatsImpl(  342): Data connection inactive timestamp 427651 is before start time 445264
W/Settings(  342): Setting install_non_market_apps has moved from android.provider.Settings.Global to android.provider.Settings.Secure, returning read-only value.
W/VoiceInteractionManagerService(  342): no available voice recognition services found for user 0
E/MetadataRetrieverClient(   64): failed to extract an album art
W/BackupManagerService(  342): dataChanged but no participant pkg='com.android.providers.settings' uid=10005
E/memtrack( 1394): Couldn't load memtrack module (No such file or directory)
E/android.os.Debug( 1394): failed to load memtrack module: -2
E/memtrack( 1405): Couldn't load memtrack module (No such file or directory)
E/android.os.Debug( 1405): failed to load memtrack module: -2
E/memtrack( 1417): Couldn't load memtrack module (No such file or directory)
E/android.os.Debug( 1417): failed to load memtrack module: -2
E/installd( 1450): Running /system/bin/patchoat isa=arm in-fd=6 (/system/app/PicoTts/arm/PicoTts.odex) out-fd=7 (/data/dalvik-cache/arm/system@app@PicoTts@PicoTts.apk@classes.dex)
E/MetadataRetrieverClient(   64): failed to extract an album art
W/BackupManagerService(  342): dataChanged but no participant pkg='com.android.providers.settings' uid=10005
E/MetadataRetrieverClient(   64): failed to extract an album art
E/SQLiteLog( 1286): (284) automatic index on view_events(_id)
W/BackupManagerService(  342): dataChanged but no participant pkg='com.android.providers.settings' uid=1001
W/dex2oat ( 1466): Before Android 4.1, method int android.support.v7.internal.widget.ListViewCompat.lookForSelectablePosition(int, boolean) would have incorrectly overridden the package-private method in android.widget.ListView
W/dex2oat ( 1466): Verification of com.google.android.gms.internal.nu com.google.android.gms.internal.nv.db(android.os.Parcel) took 188.045ms
W/dex2oat ( 1466): Verification of void com.google.android.gms.internal.f$b.b(byte[], byte[]) took 103.291ms
W/dex2oat ( 1466): Verification of void com.google.android.gms.internal.f$c.b(byte[], byte[]) took 111.420ms
W/dex2oat ( 1466): Verification of void com.google.android.gms.internal.f$g.b(byte[], byte[]) took 108.632ms
W/dex2oat ( 1466): Verification of void com.google.android.gms.internal.f$j.b(byte[], byte[]) took 127.517ms
W/dex2oat ( 1466): Verification of void com.google.android.gms.internal.f$k.b(byte[], byte[]) took 100.946ms
W/dex2oat ( 1466): Verification of boolean com.google.android.gms.internal.nz$b$a.isDataValid() took 113.988ms
W/dex2oat ( 1466): Verification of void com.google.android.gms.internal.nz$b$b.<clinit>() took 184.013ms
W/dex2oat ( 1466): Compilation of boolean com.google.android.gms.games.internal.IGamesService$Stub.onTransact(int, android.os.Parcel, android.os.Parcel, int) took 133.039ms
W/dex2oat ( 1466): Compilation of void com.google.android.gms.internal.f$h.b(byte[], byte[]) took 101.286ms
W/PackageManager(  342): Code path for pkg : com.example.chariba changing from /data/app/com.example.chariba-1 to /data/app/com.example.chariba-2
W/PackageManager(  342): Resource path for pkg : com.example.chariba changing from /data/app/com.example.chariba-1 to /data/app/com.example.chariba-2
W/PackageManager(  342): Unknown permission com.google.android.providers.gsf.permission.READ_GSERVICES in package com.example.chariba
W/BackupManagerService(  342): Removing schedule queue dupe of com.example.chariba
W/Settings(  342): Setting install_non_market_apps has moved from android.provider.Settings.Global to android.provider.Settings.Secure, returning read-only value.
W/VoiceInteractionManagerService(  342): no available voice recognition services found for user 0
E/memtrack( 1475): Couldn't load memtrack module (No such file or directory)
E/android.os.Debug( 1475): failed to load memtrack module: -2
W/dex2oat ( 1486): Verification of boolean org.cyberneko.html.HTMLScanner$ContentScanner.scanAttribute(org.apache.xerces.util.XMLAttributesImpl, boolean[], char) took 215.312ms
W/dex2oat ( 1486): Compilation of void com.ximpleware.extended.VTDGenHuge.parse(boolean) took 119.819ms
W/dex2oat ( 1486): Compilation of java_cup.runtime.Symbol com.ximpleware.extended.xpath.CUP$parser$actions.CUP$parser$do_action(int, java_cup.runtime.lr_parser, java.util.Stack, int) took 213.302ms
W/dex2oat ( 1486): Compilation of java_cup.runtime.Symbol com.ximpleware.xpath.CUP$XSLParser$actions.CUP$XSLParser$do_action(int, java_cup.runtime.lr_parser, java.util.Stack, int) took 330.214ms
W/dex2oat ( 1486): Compilation of java_cup.runtime.Symbol com.ximpleware.xpath.CUP$parser$actions.CUP$parser$do_action(int, java_cup.runtime.lr_parser, java.util.Stack, int) took 213.993ms
W/dex2oat ( 1486): Compilation of java_cup.runtime.Symbol java_cup.CUP$parser$actions.CUP$parser$do_action(int, java_cup.runtime.lr_parser, java.util.Stack, int) took 156.264ms
W/ContextImpl( 1075): Calling a method in the system process without a qualified user: android.app.ContextImpl.startService:1686 android.content.ContextWrapper.startService:515 android.content.ContextWrapper.startService:515 com.android.keychain.KeyChainBroadcastReceiver.onReceive:12 android.app.ActivityThread.handleReceiver:2579 
W/dex2oat ( 1486): Compilation of boolean com.ximpleware.VTDNav_L5.toNode(int) took 117.805ms
W/dex2oat ( 1486): Compilation of java_cup.runtime.Symbol com.ximpleware.xpath.XSLScanner.next_token() took 179.016ms
W/dex2oat ( 1486): Compilation of int com.google.common.collect.RegularImmutableSortedSet.headIndex(java.lang.Object, boolean) took 173.148ms
W/PackageManager(  342): Code path for pkg : com.example.chariba.test changing from /data/app/com.example.chariba.test-1 to /data/app/com.example.chariba.test-2
W/PackageManager(  342): Resource path for pkg : com.example.chariba.test changing from /data/app/com.example.chariba.test-1 to /data/app/com.example.chariba.test-2
W/BackupManagerService(  342): Removing schedule queue dupe of com.example.chariba.test
W/ContextImpl( 1075): Calling a method in the system process without a qualified user: android.app.ContextImpl.startService:1686 android.content.ContextWrapper.startService:515 android.content.ContextWrapper.startService:515 com.android.keychain.KeyChainBroadcastReceiver.onReceive:12 android.app.ActivityThread.handleReceiver:2579 
W/Settings(  342): Setting install_non_market_apps has moved from android.provider.Settings.Global to android.provider.Settings.Secure, returning read-only value.
W/VoiceInteractionManagerService(  342): no available voice recognition services found for user 0
E/memtrack( 1495): Couldn't load memtrack module (No such file or directory)
E/android.os.Debug( 1495): failed to load memtrack module: -2
W/art     ( 1506): Before Android 4.1, method int android.support.v7.internal.widget.ListViewCompat.lookForSelectablePosition(int, boolean) would have incorrectly overridden the package-private method in android.widget.ListView
W/MediaScanner(  970): Error opening directory '/oem/media/', skipping: No such file or directory.
E/MetadataRetrieverClient(   64): failed to extract an album art
E/MetadataRetrieverClient(   64): failed to extract an album art
W/MediaProvider(  970): no database for scanned volume external
W/art     ( 1506): Suspending all threads took: 10.123ms
W/ClassPathPackageInfoSource( 1506): Cannot load class. Make sure it is in your apk. Class name: 'org.apache.maven.artifact.ant.shaded.interpolation.EnvarBasedValueSource'. Message: org.apache.maven.artifact.ant.shaded.interpolation.EnvarBasedValueSource
W/ClassPathPackageInfoSource( 1506): java.lang.ClassNotFoundException: org.apache.maven.artifact.ant.shaded.interpolation.EnvarBasedValueSource
W/ClassPathPackageInfoSource( 1506): 	at java.lang.Class.classForName(Native Method)
W/ClassPathPackageInfoSource( 1506): 	at java.lang.Class.forName(Class.java:308)
W/ClassPathPackageInfoSource( 1506): 	at android.test.ClassPathPackageInfoSource.createPackageInfo(ClassPathPackageInfoSource.java:88)
W/ClassPathPackageInfoSource( 1506): 	at android.test.ClassPathPackageInfoSource.access$000(ClassPathPackageInfoSource.java:39)
W/ClassPathPackageInfoSource( 1506): 	at android.test.ClassPathPackageInfoSource$1.load(ClassPathPackageInfoSource.java:50)
W/ClassPathPackageInfoSource( 1506): 	at android.test.ClassPathPackageInfoSource$1.load(ClassPathPackageInfoSource.java:47)
W/ClassPathPackageInfoSource( 1506): 	at android.test.SimpleCache.get(SimpleCache.java:31)
W/ClassPathPackageInfoSource( 1506): 	at android.test.ClassPathPackageInfoSource.getPackageInfo(ClassPathPackageInfoSource.java:72)
W/ClassPathPackageInfoSource( 1506): 	at android.test.ClassPathPackageInfo.getSubpackages(ClassPathPackageInfo.java:48)
W/ClassPathPackageInfoSource( 1506): 	at android.test.ClassPathPackageInfo.addTopLevelClassesTo(ClassPathPackageInfo.java:61)
W/ClassPathPackageInfoSource( 1506): 	at android.test.ClassPathPackageInfo.getTopLevelClassesRecursive(ClassPathPackageInfo.java:55)
W/ClassPathPackageInfoSource( 1506): 	at android.test.suitebuilder.TestGrouping.testCaseClassesInPackage(TestGrouping.java:156)
W/ClassPathPackageInfoSource( 1506): 	at android.test.suitebuilder.TestGrouping.addPackagesRecursive(TestGrouping.java:117)
W/ClassPathPackageInfoSource( 1506): 	at android.test.suitebuilder.TestSuiteBuilder.includePackages(TestSuiteBuilder.java:100)
W/ClassPathPackageInfoSource( 1506): 	at android.test.InstrumentationTestRunner.onCreate(InstrumentationTestRunner.java:367)
W/ClassPathPackageInfoSource( 1506): 	at com.google.android.apps.common.testing.testrunner.GoogleInstrumentationTestRunner.onCreate(GoogleInstrumentationTestRunner.java:114)
W/ClassPathPackageInfoSource( 1506): 	at android.app.ActivityThread.handleBindApplication(ActivityThread.java:4509)
W/ClassPathPackageInfoSource( 1506): 	at android.app.ActivityThread.access$1500(ActivityThread.java:144)
W/ClassPathPackageInfoSource( 1506): 	at android.app.ActivityThread$H.handleMessage(ActivityThread.java:1339)
W/ClassPathPackageInfoSource( 1506): 	at android.os.Handler.dispatchMessage(Handler.java:102)
W/ClassPathPackageInfoSource( 1506): 	at android.os.Looper.loop(Looper.java:135)
W/ClassPathPackageInfoSource( 1506): 	at android.app.ActivityThread.main(ActivityThread.java:5221)
W/ClassPathPackageInfoSource( 1506): 	at java.lang.reflect.Method.invoke(Native Method)
W/ClassPathPackageInfoSource( 1506): 	at java.lang.reflect.Method.invoke(Method.java:372)
W/ClassPathPackageInfoSource( 1506): 	at com.android.internal.os.ZygoteInit$MethodAndArgsCaller.run(ZygoteInit.java:899)
W/ClassPathPackageInfoSource( 1506): 	at com.android.internal.os.ZygoteInit.main(ZygoteInit.java:694)
W/ClassPathPackageInfoSource( 1506): Caused by: java.lang.ClassNotFoundException: Didn't find class "org.apache.maven.artifact.ant.shaded.interpolation.EnvarBasedValueSource" on path: DexPathList[[zip file "/system/framework/android.test.runner.jar", zip file "/data/app/com.example.chariba.test-2/base.apk", zip file "/data/app/com.example.chariba-2/base.apk"],nativeLibraryDirectories=[/vendor/lib, /system/lib]]
W/ClassPathPackageInfoSource( 1506): 	at dalvik.system.BaseDexClassLoader.findClass(BaseDexClassLoader.java:56)
W/ClassPathPackageInfoSource( 1506): 	at java.lang.ClassLoader.loadClass(ClassLoader.java:511)
W/ClassPathPackageInfoSource( 1506): 	at java.lang.ClassLoader.loadClass(ClassLoader.java:469)
W/ClassPathPackageInfoSource( 1506): 	... 26 more
W/ClassPathPackageInfoSource( 1506): 	Suppressed: java.lang.NoClassDefFoundError: org.apache.maven.artifact.ant.shaded.interpolation.EnvarBasedValueSource
W/ClassPathPackageInfoSource( 1506): 		at dalvik.system.DexFile.defineClassNative(Native Method)
W/ClassPathPackageInfoSource( 1506): 		at dalvik.system.DexFile.defineClass(DexFile.java:222)
W/ClassPathPackageInfoSource( 1506): 		at dalvik.system.DexFile.loadClassBinaryName(DexFile.java:215)
W/ClassPathPackageInfoSource( 1506): 		at dalvik.system.DexPathList.findClass(DexPathList.java:321)
W/ClassPathPackageInfoSource( 1506): 		at dalvik.system.BaseDexClassLoader.findClass(BaseDexClassLoader.java:54)
W/ClassPathPackageInfoSource( 1506): 		... 28 more
W/ClassPathPackageInfoSource( 1506): 	Suppressed: java.lang.ClassNotFoundException: org.apache.maven.artifact.ant.shaded.interpolation.EnvarBasedValueSource
W/ClassPathPackageInfoSource( 1506): 		at java.lang.Class.classForName(Native Method)
W/ClassPathPackageInfoSource( 1506): 		at java.lang.BootClassLoader.findClass(ClassLoader.java:781)
W/ClassPathPackageInfoSource( 1506): 		at java.lang.BootClassLoader.loadClass(ClassLoader.java:841)
W/ClassPathPackageInfoSource( 1506): 		at java.lang.ClassLoader.loadClass(ClassLoader.java:504)
W/ClassPathPackageInfoSource( 1506): 		... 27 more
W/ClassPathPackageInfoSource( 1506): 	Caused by: java.lang.NoClassDefFoundError: Class not found using the boot class loader; no stack available
W/ClassPathPackageInfoSource( 1506): Cannot load class. Make sure it is in your apk. Class name: 'org.apache.maven.artifact.ant.shaded.interpolation.Interpolator'. Message: org.apache.maven.artifact.ant.shaded.interpolation.Interpolator
W/ClassPathPackageInfoSource( 1506): java.lang.ClassNotFoundException: org.apache.maven.artifact.ant.shaded.interpolation.Interpolator
W/ClassPathPackageInfoSource( 1506): 	at java.lang.Class.classForName(Native Method)
W/ClassPathPackageInfoSource( 1506): 	at java.lang.Class.forName(Class.java:308)
W/ClassPathPackageInfoSource( 1506): 	at android.test.ClassPathPackageInfoSource.createPackageInfo(ClassPathPackageInfoSource.java:88)
W/ClassPathPackageInfoSource( 1506): 	at android.test.ClassPathPackageInfoSource.access$000(ClassPathPackageInfoSource.java:39)
W/ClassPathPackageInfoSource( 1506): 	at android.test.ClassPathPackageInfoSource$1.load(ClassPathPackageInfoSource.java:50)
W/ClassPathPackageInfoSource( 1506): 	at android.test.ClassPathPackageInfoSource$1.load(ClassPathPackageInfoSource.java:47)
W/ClassPathPackageInfoSource( 1506): 	at android.test.SimpleCache.get(SimpleCache.java:31)
W/ClassPathPackageInfoSource( 1506): 	at android.test.ClassPathPackageInfoSource.getPackageInfo(ClassPathPackageInfoSource.java:72)
W/ClassPathPackageInfoSource( 1506): 	at android.test.ClassPathPackageInfo.getSubpackages(ClassPathPackageInfo.java:48)
W/ClassPathPackageInfoSource( 1506): 	at android.test.ClassPathPackageInfo.addTopLevelClassesTo(ClassPathPackageInfo.java:61)
W/ClassPathPackageInfoSource( 1506): 	at android.test.ClassPathPackageInfo.getTopLevelClassesRecursive(ClassPathPackageInfo.java:55)
W/ClassPathPackageInfoSource( 1506): 	at android.test.suitebuilder.TestGrouping.testCaseClassesInPackage(TestGrouping.java:156)
W/ClassPathPackageInfoSource( 1506): 	at android.test.suitebuilder.TestGrouping.addPackagesRecursive(TestGrouping.java:117)
W/ClassPathPackageInfoSource( 1506): 	at android.test.suitebuilder.TestSuiteBuilder.includePackages(TestSuiteBuilder.java:100)
W/ClassPathPackageInfoSource( 1506): 	at android.test.InstrumentationTestRunner.onCreate(InstrumentationTestRunner.java:367)
W/ClassPathPackageInfoSource( 1506): 	at com.google.android.apps.common.testing.testrunner.GoogleInstrumentationTestRunner.onCreate(GoogleInstrumentationTestRunner.java:114)
W/ClassPathPackageInfoSource( 1506): 	at android.app.ActivityThread.handleBindApplication(ActivityThread.java:4509)
W/ClassPathPackageInfoSource( 1506): 	at android.app.ActivityThread.access$1500(ActivityThread.java:144)
W/ClassPathPackageInfoSource( 1506): 	at android.app.ActivityThread$H.handleMessage(ActivityThread.java:1339)
W/ClassPathPackageInfoSource( 1506): 	at android.os.Handler.dispatchMessage(Handler.java:102)
W/ClassPathPackageInfoSource( 1506): 	at android.os.Looper.loop(Looper.java:135)
W/ClassPathPackageInfoSource( 1506): 	at android.app.ActivityThread.main(ActivityThread.java:5221)
W/ClassPathPackageInfoSource( 1506): 	at java.lang.reflect.Method.invoke(Native Method)
W/ClassPathPackageInfoSource( 1506): 	at java.lang.reflect.Method.invoke(Method.java:372)
W/ClassPathPackageInfoSource( 1506): 	at com.android.internal.os.ZygoteInit$MethodAndArgsCaller.run(ZygoteInit.java:899)
W/ClassPathPackageInfoSource( 1506): 	at com.android.internal.os.ZygoteInit.main(ZygoteInit.java:694)
W/ClassPathPackageInfoSource( 1506): Caused by: java.lang.ClassNotFoundException: Didn't find class "org.apache.maven.artifact.ant.shaded.interpolation.Interpolator" on path: DexPathList[[zip file "/system/framework/android.test.runner.jar", zip file "/data/app/com.example.chariba.test-2/base.apk", zip file "/data/app/com.example.chariba-2/base.apk"],nativeLibraryDirectories=[/vendor/lib, /system/lib]]
W/ClassPathPackageInfoSource( 1506): 	at dalvik.system.BaseDexClassLoader.findClass(BaseDexClassLoader.java:56)
W/ClassPathPackageInfoSource( 1506): 	at java.lang.ClassLoader.loadClass(ClassLoader.java:511)
W/ClassPathPackageInfoSource( 1506): 	at java.lang.ClassLoader.loadClass(ClassLoader.java:469)
W/ClassPathPackageInfoSource( 1506): 	... 26 more
W/ClassPathPackageInfoSource( 1506): 	Suppressed: java.lang.NoClassDefFoundError: org.apache.maven.artifact.ant.shaded.interpolation.Interpolator
W/ClassPathPackageInfoSource( 1506): 		at dalvik.system.DexFile.defineClassNative(Native Method)
W/ClassPathPackageInfoSource( 1506): 		at dalvik.system.DexFile.defineClass(DexFile.java:222)
W/ClassPathPackageInfoSource( 1506): 		at dalvik.system.DexFile.loadClassBinaryName(DexFile.java:215)
W/ClassPathPackageInfoSource( 1506): 		at dalvik.system.DexPathList.findClass(DexPathList.java:321)
W/ClassPathPackageInfoSource( 1506): 		at dalvik.system.BaseDexClassLoader.findClass(BaseDexClassLoader.java:54)
W/ClassPathPackageInfoSource( 1506): 		... 28 more
W/ClassPathPackageInfoSource( 1506): 	Suppressed: java.lang.ClassNotFoundException: org.apache.maven.artifact.ant.shaded.interpolation.Interpolator
W/ClassPathPackageInfoSource( 1506): 		at java.lang.Class.classForName(Native Method)
W/ClassPathPackageInfoSource( 1506): 		at java.lang.BootClassLoader.findClass(ClassLoader.java:781)
W/ClassPathPackageInfoSource( 1506): 		at java.lang.BootClassLoader.loadClass(ClassLoader.java:841)
W/ClassPathPackageInfoSource( 1506): 		at java.lang.ClassLoader.loadClass(ClassLoader.java:504)
W/ClassPathPackageInfoSource( 1506): 		... 27 more
W/ClassPathPackageInfoSource( 1506): 	Caused by: java.lang.NoClassDefFoundError: Class not found using the boot class loader; no stack available
W/ClassPathPackageInfoSource( 1506): Cannot load class. Make sure it is in your apk. Class name: 'org.apache.maven.artifact.ant.shaded.interpolation.InterpolatorFilterReader'. Message: org.apache.maven.artifact.ant.shaded.interpolation.InterpolatorFilterReader
W/ClassPathPackageInfoSource( 1506): java.lang.ClassNotFoundException: org.apache.maven.artifact.ant.shaded.interpolation.InterpolatorFilterReader
W/ClassPathPackageInfoSource( 1506): 	at java.lang.Class.classForName(Native Method)
W/ClassPathPackageInfoSource( 1506): 	at java.lang.Class.forName(Class.java:308)
W/ClassPathPackageInfoSource( 1506): 	at android.test.ClassPathPackageInfoSource.createPackageInfo(ClassPathPackageInfoSource.java:88)
W/ClassPathPackageInfoSource( 1506): 	at android.test.ClassPathPackageInfoSource.access$000(ClassPathPackageInfoSource.java:39)
W/ClassPathPackageInfoSource( 1506): 	at android.test.ClassPathPackageInfoSource$1.load(ClassPathPackageInfoSource.java:50)
W/ClassPathPackageInfoSource( 1506): 	at android.test.ClassPathPackageInfoSource$1.load(ClassPathPackageInfoSource.java:47)
W/ClassPathPackageInfoSource( 1506): 	at android.test.SimpleCache.get(SimpleCache.java:31)
W/ClassPathPackageInfoSource( 1506): 	at android.test.ClassPathPackageInfoSource.getPackageInfo(ClassPathPackageInfoSource.java:72)
W/ClassPathPackageInfoSource( 1506): 	at android.test.ClassPathPackageInfo.getSubpackages(ClassPathPackageInfo.java:48)
W/ClassPathPackageInfoSource( 1506): 	at android.test.ClassPathPackageInfo.addTopLevelClassesTo(ClassPathPackageInfo.java:61)
W/ClassPathPackageInfoSource( 1506): 	at android.test.ClassPathPackageInfo.getTopLevelClassesRecursive(ClassPathPackageInfo.java:55)
W/ClassPathPackageInfoSource( 1506): 	at android.test.suitebuilder.TestGrouping.testCaseClassesInPackage(TestGrouping.java:156)
W/ClassPathPackageInfoSource( 1506): 	at android.test.suitebuilder.TestGrouping.addPackagesRecursive(TestGrouping.java:117)
W/ClassPathPackageInfoSource( 1506): 	at android.test.suitebuilder.TestSuiteBuilder.includePackages(TestSuiteBuilder.java:100)
W/ClassPathPackageInfoSource( 1506): 	at android.test.InstrumentationTestRunner.onCreate(InstrumentationTestRunner.java:367)
W/ClassPathPackageInfoSource( 1506): 	at com.google.android.apps.common.testing.testrunner.GoogleInstrumentationTestRunner.onCreate(GoogleInstrumentationTestRunner.java:114)
W/ClassPathPackageInfoSource( 1506): 	at android.app.ActivityThread.handleBindApplication(ActivityThread.java:4509)
W/ClassPathPackageInfoSource( 1506): 	at android.app.ActivityThread.access$1500(ActivityThread.java:144)
W/ClassPathPackageInfoSource( 1506): 	at android.app.ActivityThread$H.handleMessage(ActivityThread.java:1339)
W/ClassPathPackageInfoSource( 1506): 	at android.os.Handler.dispatchMessage(Handler.java:102)
W/ClassPathPackageInfoSource( 1506): 	at android.os.Looper.loop(Looper.java:135)
W/ClassPathPackageInfoSource( 1506): 	at android.app.ActivityThread.main(ActivityThread.java:5221)
W/ClassPathPackageInfoSource( 1506): 	at java.lang.reflect.Method.invoke(Native Method)
W/ClassPathPackageInfoSource( 1506): 	at java.lang.reflect.Method.invoke(Method.java:372)
W/ClassPathPackageInfoSource( 1506): 	at com.android.internal.os.ZygoteInit$MethodAndArgsCaller.run(ZygoteInit.java:899)
W/ClassPathPackageInfoSource( 1506): 	at com.android.internal.os.ZygoteInit.main(ZygoteInit.java:694)
W/ClassPathPackageInfoSource( 1506): Caused by: java.lang.ClassNotFoundException: Didn't find class "org.apache.maven.artifact.ant.shaded.interpolation.InterpolatorFilterReader" on path: DexPathList[[zip file "/system/framework/android.test.runner.jar", zip file "/data/app/com.example.chariba.test-2/base.apk", zip file "/data/app/com.example.chariba-2/base.apk"],nativeLibraryDirectories=[/vendor/lib, /system/lib]]
W/ClassPathPackageInfoSource( 1506): 	at dalvik.system.BaseDexClassLoader.findClass(BaseDexClassLoader.java:56)
W/ClassPathPackageInfoSource( 1506): 	at java.lang.ClassLoader.loadClass(ClassLoader.java:511)
W/ClassPathPackageInfoSource( 1506): 	at java.lang.ClassLoader.loadClass(ClassLoader.java:469)
W/ClassPathPackageInfoSource( 1506): 	... 26 more
W/ClassPathPackageInfoSource( 1506): 	Suppressed: java.lang.NoClassDefFoundError: org.apache.maven.artifact.ant.shaded.interpolation.InterpolatorFilterReader
W/ClassPathPackageInfoSource( 1506): 		at dalvik.system.DexFile.defineClassNative(Native Method)
W/ClassPathPackageInfoSource( 1506): 		at dalvik.system.DexFile.defineClass(DexFile.java:222)
W/ClassPathPackageInfoSource( 1506): 		at dalvik.system.DexFile.loadClassBinaryName(DexFile.java:215)
W/ClassPathPackageInfoSource( 1506): 		at dalvik.system.DexPathList.findClass(DexPathList.java:321)
W/ClassPathPackageInfoSource( 1506): 		at dalvik.system.BaseDexClassLoader.findClass(BaseDexClassLoader.java:54)
W/ClassPathPackageInfoSource( 1506): 		... 28 more
W/ClassPathPackageInfoSource( 1506): 	Suppressed: java.lang.ClassNotFoundException: org.apache.maven.artifact.ant.shaded.interpolation.InterpolatorFilterReader
W/ClassPathPackageInfoSource( 1506): 		at java.lang.Class.classForName(Native Method)
W/ClassPathPackageInfoSource( 1506): 		at java.lang.BootClassLoader.findClass(ClassLoader.java:781)
W/ClassPathPackageInfoSource( 1506): 		at java.lang.BootClassLoader.loadClass(ClassLoader.java:841)
W/ClassPathPackageInfoSource( 1506): 		at java.lang.ClassLoader.loadClass(ClassLoader.java:504)
W/ClassPathPackageInfoSource( 1506): 		... 27 more
W/ClassPathPackageInfoSource( 1506): 	Caused by: java.lang.NoClassDefFoundError: Class not found using the boot class loader; no stack available
W/ClassPathPackageInfoSource( 1506): Cannot load class. Make sure it is in your apk. Class name: 'org.apache.maven.artifact.ant.shaded.interpolation.MapBasedValueSource'. Message: org.apache.maven.artifact.ant.shaded.interpolation.MapBasedValueSource
W/ClassPathPackageInfoSource( 1506): java.lang.ClassNotFoundException: org.apache.maven.artifact.ant.shaded.interpolation.MapBasedValueSource
W/ClassPathPackageInfoSource( 1506): 	at java.lang.Class.classForName(Native Method)
W/ClassPathPackageInfoSource( 1506): 	at java.lang.Class.forName(Class.java:308)
W/ClassPathPackageInfoSource( 1506): 	at android.test.ClassPathPackageInfoSource.createPackageInfo(ClassPathPackageInfoSource.java:88)
W/ClassPathPackageInfoSource( 1506): 	at android.test.ClassPathPackageInfoSource.access$000(ClassPathPackageInfoSource.java:39)
W/ClassPathPackageInfoSource( 1506): 	at android.test.ClassPathPackageInfoSource$1.load(ClassPathPackageInfoSource.java:50)
W/ClassPathPackageInfoSource( 1506): 	at android.test.ClassPathPackageInfoSource$1.load(ClassPathPackageInfoSource.java:47)
W/ClassPathPackageInfoSource( 1506): 	at android.test.SimpleCache.get(SimpleCache.java:31)
W/ClassPathPackageInfoSource( 1506): 	at android.test.ClassPathPackageInfoSource.getPackageInfo(ClassPathPackageInfoSource.java:72)
W/ClassPathPackageInfoSource( 1506): 	at android.test.ClassPathPackageInfo.getSubpackages(ClassPathPackageInfo.java:48)
W/ClassPathPackageInfoSource( 1506): 	at android.test.ClassPathPackageInfo.addTopLevelClassesTo(ClassPathPackageInfo.java:61)
W/ClassPathPackageInfoSource( 1506): 	at android.test.ClassPathPackageInfo.getTopLevelClassesRecursive(ClassPathPackageInfo.java:55)
W/ClassPathPackageInfoSource( 1506): 	at android.test.suitebuilder.TestGrouping.testCaseClassesInPackage(TestGrouping.java:156)
W/ClassPathPackageInfoSource( 1506): 	at android.test.suitebuilder.TestGrouping.addPackagesRecursive(TestGrouping.java:117)
W/ClassPathPackageInfoSource( 1506): 	at android.test.suitebuilder.TestSuiteBuilder.includePackages(TestSuiteBuilder.java:100)
W/ClassPathPackageInfoSource( 1506): 	at android.test.InstrumentationTestRunner.onCreate(InstrumentationTestRunner.java:367)
W/ClassPathPackageInfoSource( 1506): 	at com.google.android.apps.common.testing.testrunner.GoogleInstrumentationTestRunner.onCreate(GoogleInstrumentationTestRunner.java:114)
W/ClassPathPackageInfoSource( 1506): 	at android.app.ActivityThread.handleBindApplication(ActivityThread.java:4509)
W/ClassPathPackageInfoSource( 1506): 	at android.app.ActivityThread.access$1500(ActivityThread.java:144)
W/ClassPathPackageInfoSource( 1506): 	at android.app.ActivityThread$H.handleMessage(ActivityThread.java:1339)
W/ClassPathPackageInfoSource( 1506): 	at android.os.Handler.dispatchMessage(Handler.java:102)
W/ClassPathPackageInfoSource( 1506): 	at android.os.Looper.loop(Looper.java:135)
W/ClassPathPackageInfoSource( 1506): 	at android.app.ActivityThread.main(ActivityThread.java:5221)
W/ClassPathPackageInfoSource( 1506): 	at java.lang.reflect.Method.invoke(Native Method)
W/ClassPathPackageInfoSource( 1506): 	at java.lang.reflect.Method.invoke(Method.java:372)
W/ClassPathPackageInfoSource( 1506): 	at com.android.internal.os.ZygoteInit$MethodAndArgsCaller.run(ZygoteInit.java:899)
W/ClassPathPackageInfoSource( 1506): 	at com.android.internal.os.ZygoteInit.main(ZygoteInit.java:694)
W/ClassPathPackageInfoSource( 1506): Caused by: java.lang.ClassNotFoundException: Didn't find class "org.apache.maven.artifact.ant.shaded.interpolation.MapBasedValueSource" on path: DexPathList[[zip file "/system/framework/android.test.runner.jar", zip file "/data/app/com.example.chariba.test-2/base.apk", zip file "/data/app/com.example.chariba-2/base.apk"],nativeLibraryDirectories=[/vendor/lib, /system/lib]]
W/ClassPathPackageInfoSource( 1506): 	at dalvik.system.BaseDexClassLoader.findClass(BaseDexClassLoader.java:56)
W/ClassPathPackageInfoSource( 1506): 	at java.lang.ClassLoader.loadClass(ClassLoader.java:511)
W/ClassPathPackageInfoSource( 1506): 	at java.lang.ClassLoader.loadClass(ClassLoader.java:469)
W/ClassPathPackageInfoSource( 1506): 	... 26 more
W/ClassPathPackageInfoSource( 1506): 	Suppressed: java.lang.NoClassDefFoundError: org.apache.maven.artifact.ant.shaded.interpolation.MapBasedValueSource
W/ClassPathPackageInfoSource( 1506): 		at dalvik.system.DexFile.defineClassNative(Native Method)
W/ClassPathPackageInfoSource( 1506): 		at dalvik.system.DexFile.defineClass(DexFile.java:222)
W/ClassPathPackageInfoSource( 1506): 		at dalvik.system.DexFile.loadClassBinaryName(DexFile.java:215)
W/ClassPathPackageInfoSource( 1506): 		at dalvik.system.DexPathList.findClass(DexPathList.java:321)
W/ClassPathPackageInfoSource( 1506): 		at dalvik.system.BaseDexClassLoader.findClass(BaseDexClassLoader.java:54)
W/ClassPathPackageInfoSource( 1506): 		... 28 more
W/ClassPathPackageInfoSource( 1506): 	Suppressed: java.lang.ClassNotFoundException: org.apache.maven.artifact.ant.shaded.interpolation.MapBasedValueSource
W/ClassPathPackageInfoSource( 1506): 		at java.lang.Class.classForName(Native Method)
W/ClassPathPackageInfoSource( 1506): 		at java.lang.BootClassLoader.findClass(ClassLoader.java:781)
W/ClassPathPackageInfoSource( 1506): 		at java.lang.BootClassLoader.loadClass(ClassLoader.java:841)
W/ClassPathPackageInfoSource( 1506): 		at java.lang.ClassLoader.loadClass(ClassLoader.java:504)
W/ClassPathPackageInfoSource( 1506): 		... 27 more
W/ClassPathPackageInfoSource( 1506): 	Caused by: java.lang.NoClassDefFoundError: Class not found using the boot class loader; no stack available
W/ClassPathPackageInfoSource( 1506): Cannot load class. Make sure it is in your apk. Class name: 'org.apache.maven.artifact.ant.shaded.interpolation.ObjectBasedValueSource'. Message: org.apache.maven.artifact.ant.shaded.interpolation.ObjectBasedValueSource
W/ClassPathPackageInfoSource( 1506): java.lang.ClassNotFoundException: org.apache.maven.artifact.ant.shaded.interpolation.ObjectBasedValueSource
W/ClassPathPackageInfoSource( 1506): 	at java.lang.Class.classForName(Native Method)
W/ClassPathPackageInfoSource( 1506): 	at java.lang.Class.forName(Class.java:308)
W/ClassPathPackageInfoSource( 1506): 	at android.test.ClassPathPackageInfoSource.createPackageInfo(ClassPathPackageInfoSource.java:88)
W/ClassPathPackageInfoSource( 1506): 	at android.test.ClassPathPackageInfoSource.access$000(ClassPathPackageInfoSource.java:39)
W/ClassPathPackageInfoSource( 1506): 	at android.test.ClassPathPackageInfoSource$1.load(ClassPathPackageInfoSource.java:50)
W/ClassPathPackageInfoSource( 1506): 	at android.test.ClassPathPackageInfoSource$1.load(ClassPathPackageInfoSource.java:47)
W/ClassPathPackageInfoSource( 1506): 	at android.test.SimpleCache.get(SimpleCache.java:31)
W/ClassPathPackageInfoSource( 1506): 	at android.test.ClassPathPackageInfoSource.getPackageInfo(ClassPathPackageInfoSource.java:72)
W/ClassPathPackageInfoSource( 1506): 	at android.test.ClassPathPackageInfo.getSubpackages(ClassPathPackageInfo.java:48)
W/ClassPathPackageInfoSource( 1506): 	at android.test.ClassPathPackageInfo.addTopLevelClassesTo(ClassPathPackageInfo.java:61)
W/ClassPathPackageInfoSource( 1506): 	at android.test.ClassPathPackageInfo.getTopLevelClassesRecursive(ClassPathPackageInfo.java:55)
W/ClassPathPackageInfoSource( 1506): 	at android.test.suitebuilder.TestGrouping.testCaseClassesInPackage(TestGrouping.java:156)
W/ClassPathPackageInfoSource( 1506): 	at android.test.suitebuilder.TestGrouping.addPackagesRecursive(TestGrouping.java:117)
W/ClassPathPackageInfoSource( 1506): 	at android.test.suitebuilder.TestSuiteBuilder.includePackages(TestSuiteBuilder.java:100)
W/ClassPathPackageInfoSource( 1506): 	at android.test.InstrumentationTestRunner.onCreate(InstrumentationTestRunner.java:367)
W/ClassPathPackageInfoSource( 1506): 	at com.google.android.apps.common.testing.testrunner.GoogleInstrumentationTestRunner.onCreate(GoogleInstrumentationTestRunner.java:114)
W/ClassPathPackageInfoSource( 1506): 	at android.app.ActivityThread.handleBindApplication(ActivityThread.java:4509)
W/ClassPathPackageInfoSource( 1506): 	at android.app.ActivityThread.access$1500(ActivityThread.java:144)
W/ClassPathPackageInfoSource( 1506): 	at android.app.ActivityThread$H.handleMessage(ActivityThread.java:1339)
W/ClassPathPackageInfoSource( 1506): 	at android.os.Handler.dispatchMessage(Handler.java:102)
W/ClassPathPackageInfoSource( 1506): 	at android.os.Looper.loop(Looper.java:135)
W/ClassPathPackageInfoSource( 1506): 	at android.app.ActivityThread.main(ActivityThread.java:5221)
W/ClassPathPackageInfoSource( 1506): 	at java.lang.reflect.Method.invoke(Native Method)
W/ClassPathPackageInfoSource( 1506): 	at java.lang.reflect.Method.invoke(Method.java:372)
W/ClassPathPackageInfoSource( 1506): 	at com.android.internal.os.ZygoteInit$MethodAndArgsCaller.run(ZygoteInit.java:899)
W/ClassPathPackageInfoSource( 1506): 	at com.android.internal.os.ZygoteInit.main(ZygoteInit.java:694)
W/ClassPathPackageInfoSource( 1506): Caused by: java.lang.ClassNotFoundException: Didn't find class "org.apache.maven.artifact.ant.shaded.interpolation.ObjectBasedValueSource" on path: DexPathList[[zip file "/system/framework/android.test.runner.jar", zip file "/data/app/com.example.chariba.test-2/base.apk", zip file "/data/app/com.example.chariba-2/base.apk"],nativeLibraryDirectories=[/vendor/lib, /system/lib]]
W/ClassPathPackageInfoSource( 1506): 	at dalvik.system.BaseDexClassLoader.findClass(BaseDexClassLoader.java:56)
W/ClassPathPackageInfoSource( 1506): 	at java.lang.ClassLoader.loadClass(ClassLoader.java:511)
W/ClassPathPackageInfoSource( 1506): 	at java.lang.ClassLoader.loadClass(ClassLoader.java:469)
W/ClassPathPackageInfoSource( 1506): 	... 26 more
W/ClassPathPackageInfoSource( 1506): 	Suppressed: java.lang.NoClassDefFoundError: org.apache.maven.artifact.ant.shaded.interpolation.ObjectBasedValueSource
W/ClassPathPackageInfoSource( 1506): 		at dalvik.system.DexFile.defineClassNative(Native Method)
W/ClassPathPackageInfoSource( 1506): 		at dalvik.system.DexFile.defineClass(DexFile.java:222)
W/ClassPathPackageInfoSource( 1506): 		at dalvik.system.DexFile.loadClassBinaryName(DexFile.java:215)
W/ClassPathPackageInfoSource( 1506): 		at dalvik.system.DexPathList.findClass(DexPathList.java:321)
W/ClassPathPackageInfoSource( 1506): 		at dalvik.system.BaseDexClassLoader.findClass(BaseDexClassLoader.java:54)
W/ClassPathPackageInfoSource( 1506): 		... 28 more
W/ClassPathPackageInfoSource( 1506): 	Suppressed: java.lang.ClassNotFoundException: org.apache.maven.artifact.ant.shaded.interpolation.ObjectBasedValueSource
W/ClassPathPackageInfoSource( 1506): 		at java.lang.Class.classForName(Native Method)
W/ClassPathPackageInfoSource( 1506): 		at java.lang.BootClassLoader.findClass(ClassLoader.java:781)
W/ClassPathPackageInfoSource( 1506): 		at java.lang.BootClassLoader.loadClass(ClassLoader.java:841)
W/ClassPathPackageInfoSource( 1506): 		at java.lang.ClassLoader.loadClass(ClassLoader.java:504)
W/ClassPathPackageInfoSource( 1506): 		... 27 more
W/ClassPathPackageInfoSource( 1506): 	Caused by: java.lang.NoClassDefFoundError: Class not found using the boot class loader; no stack available
W/ClassPathPackageInfoSource( 1506): Cannot load class. Make sure it is in your apk. Class name: 'org.apache.maven.artifact.ant.shaded.interpolation.PropertiesBasedValueSource'. Message: org.apache.maven.artifact.ant.shaded.interpolation.PropertiesBasedValueSource
W/ClassPathPackageInfoSource( 1506): java.lang.ClassNotFoundException: org.apache.maven.artifact.ant.shaded.interpolation.PropertiesBasedValueSource
W/ClassPathPackageInfoSource( 1506): 	at java.lang.Class.classForName(Native Method)
W/ClassPathPackageInfoSource( 1506): 	at java.lang.Class.forName(Class.java:308)
W/ClassPathPackageInfoSource( 1506): 	at android.test.ClassPathPackageInfoSource.createPackageInfo(ClassPathPackageInfoSource.java:88)
W/ClassPathPackageInfoSource( 1506): 	at android.test.ClassPathPackageInfoSource.access$000(ClassPathPackageInfoSource.java:39)
W/ClassPathPackageInfoSource( 1506): 	at android.test.ClassPathPackageInfoSource$1.load(ClassPathPackageInfoSource.java:50)
W/ClassPathPackageInfoSource( 1506): 	at android.test.ClassPathPackageInfoSource$1.load(ClassPathPackageInfoSource.java:47)
W/ClassPathPackageInfoSource( 1506): 	at android.test.SimpleCache.get(SimpleCache.java:31)
W/ClassPathPackageInfoSource( 1506): 	at android.test.ClassPathPackageInfoSource.getPackageInfo(ClassPathPackageInfoSource.java:72)
W/ClassPathPackageInfoSource( 1506): 	at android.test.ClassPathPackageInfo.getSubpackages(ClassPathPackageInfo.java:48)
W/ClassPathPackageInfoSource( 1506): 	at android.test.ClassPathPackageInfo.addTopLevelClassesTo(ClassPathPackageInfo.java:61)
W/ClassPathPackageInfoSource( 1506): 	at android.test.ClassPathPackageInfo.getTopLevelClassesRecursive(ClassPathPackageInfo.java:55)
W/ClassPathPackageInfoSource( 1506): 	at android.test.suitebuilder.TestGrouping.testCaseClassesInPackage(TestGrouping.java:156)
W/ClassPathPackageInfoSource( 1506): 	at android.test.suitebuilder.TestGrouping.addPackagesRecursive(TestGrouping.java:117)
W/ClassPathPackageInfoSource( 1506): 	at android.test.suitebuilder.TestSuiteBuilder.includePackages(TestSuiteBuilder.java:100)
W/ClassPathPackageInfoSource( 1506): 	at android.test.InstrumentationTestRunner.onCreate(InstrumentationTestRunner.java:367)
W/ClassPathPackageInfoSource( 1506): 	at com.google.android.apps.common.testing.testrunner.GoogleInstrumentationTestRunner.onCreate(GoogleInstrumentationTestRunner.java:114)
W/ClassPathPackageInfoSource( 1506): 	at android.app.ActivityThread.handleBindApplication(ActivityThread.java:4509)
W/ClassPathPackageInfoSource( 1506): 	at android.app.ActivityThread.access$1500(ActivityThread.java:144)
W/ClassPathPackageInfoSource( 1506): 	at android.app.ActivityThread$H.handleMessage(ActivityThread.java:1339)
W/ClassPathPackageInfoSource( 1506): 	at android.os.Handler.dispatchMessage(Handler.java:102)
W/ClassPathPackageInfoSource( 1506): 	at android.os.Looper.loop(Looper.java:135)
W/ClassPathPackageInfoSource( 1506): 	at android.app.ActivityThread.main(ActivityThread.java:5221)
W/ClassPathPackageInfoSource( 1506): 	at java.lang.reflect.Method.invoke(Native Method)
W/ClassPathPackageInfoSource( 1506): 	at java.lang.reflect.Method.invoke(Method.java:372)
W/ClassPathPackageInfoSource( 1506): 	at com.android.internal.os.ZygoteInit$MethodAndArgsCaller.run(ZygoteInit.java:899)
W/ClassPathPackageInfoSource( 1506): 	at com.android.internal.os.ZygoteInit.main(ZygoteInit.java:694)
W/ClassPathPackageInfoSource( 1506): Caused by: java.lang.ClassNotFoundException: Didn't find class "org.apache.maven.artifact.ant.shaded.interpolation.PropertiesBasedValueSource" on path: DexPathList[[zip file "/system/framework/android.test.runner.jar", zip file "/data/app/com.example.chariba.test-2/base.apk", zip file "/data/app/com.example.chariba-2/base.apk"],nativeLibraryDirectories=[/vendor/lib, /system/lib]]
W/ClassPathPackageInfoSource( 1506): 	at dalvik.system.BaseDexClassLoader.findClass(BaseDexClassLoader.java:56)
W/ClassPathPackageInfoSource( 1506): 	at java.lang.ClassLoader.loadClass(ClassLoader.java:511)
W/ClassPathPackageInfoSource( 1506): 	at java.lang.ClassLoader.loadClass(ClassLoader.java:469)
W/ClassPathPackageInfoSource( 1506): 	... 26 more
W/ClassPathPackageInfoSource( 1506): 	Suppressed: java.lang.NoClassDefFoundError: org.apache.maven.artifact.ant.shaded.interpolation.PropertiesBasedValueSource
W/ClassPathPackageInfoSource( 1506): 		at dalvik.system.DexFile.defineClassNative(Native Method)
W/ClassPathPackageInfoSource( 1506): 		at dalvik.system.DexFile.defineClass(DexFile.java:222)
W/ClassPathPackageInfoSource( 1506): 		at dalvik.system.DexFile.loadClassBinaryName(DexFile.java:215)
W/ClassPathPackageInfoSource( 1506): 		at dalvik.system.DexPathList.findClass(DexPathList.java:321)
W/ClassPathPackageInfoSource( 1506): 		at dalvik.system.BaseDexClassLoader.findClass(BaseDexClassLoader.java:54)
W/ClassPathPackageInfoSource( 1506): 		... 28 more
W/ClassPathPackageInfoSource( 1506): 	Suppressed: java.lang.ClassNotFoundException: org.apache.maven.artifact.ant.shaded.interpolation.PropertiesBasedValueSource
W/ClassPathPackageInfoSource( 1506): 		at java.lang.Class.classForName(Native Method)
W/ClassPathPackageInfoSource( 1506): 		at java.lang.BootClassLoader.findClass(ClassLoader.java:781)
W/ClassPathPackageInfoSource( 1506): 		at java.lang.BootClassLoader.loadClass(ClassLoader.java:841)
W/ClassPathPackageInfoSource( 1506): 		at java.lang.ClassLoader.loadClass(ClassLoader.java:504)
W/ClassPathPackageInfoSource( 1506): 		... 27 more
W/ClassPathPackageInfoSource( 1506): 	Caused by: java.lang.NoClassDefFoundError: Class not found using the boot class loader; no stack available
W/ClassPathPackageInfoSource( 1506): Cannot load class. Make sure it is in your apk. Class name: 'org.apache.maven.artifact.ant.shaded.interpolation.RegexBasedInterpolator'. Message: org.apache.maven.artifact.ant.shaded.interpolation.RegexBasedInterpolator
W/ClassPathPackageInfoSource( 1506): java.lang.ClassNotFoundException: org.apache.maven.artifact.ant.shaded.interpolation.RegexBasedInterpolator
W/ClassPathPackageInfoSource( 1506): 	at java.lang.Class.classForName(Native Method)
W/ClassPathPackageInfoSource( 1506): 	at java.lang.Class.forName(Class.java:308)
W/ClassPathPackageInfoSource( 1506): 	at android.test.ClassPathPackageInfoSource.createPackageInfo(ClassPathPackageInfoSource.java:88)
W/ClassPathPackageInfoSource( 1506): 	at android.test.ClassPathPackageInfoSource.access$000(ClassPathPackageInfoSource.java:39)
W/ClassPathPackageInfoSource( 1506): 	at android.test.ClassPathPackageInfoSource$1.load(ClassPathPackageInfoSource.java:50)
W/ClassPathPackageInfoSource( 1506): 	at android.test.ClassPathPackageInfoSource$1.load(ClassPathPackageInfoSource.java:47)
W/ClassPathPackageInfoSource( 1506): 	at android.test.SimpleCache.get(SimpleCache.java:31)
W/ClassPathPackageInfoSource( 1506): 	at android.test.ClassPathPackageInfoSource.getPackageInfo(ClassPathPackageInfoSource.java:72)
W/ClassPathPackageInfoSource( 1506): 	at android.test.ClassPathPackageInfo.getSubpackages(ClassPathPackageInfo.java:48)
W/ClassPathPackageInfoSource( 1506): 	at android.test.ClassPathPackageInfo.addTopLevelClassesTo(ClassPathPackageInfo.java:61)
W/ClassPathPackageInfoSource( 1506): 	at android.test.ClassPathPackageInfo.getTopLevelClassesRecursive(ClassPathPackageInfo.java:55)
W/ClassPathPackageInfoSource( 1506): 	at android.test.suitebuilder.TestGrouping.testCaseClassesInPackage(TestGrouping.java:156)
W/ClassPathPackageInfoSource( 1506): 	at android.test.suitebuilder.TestGrouping.addPackagesRecursive(TestGrouping.java:117)
W/ClassPathPackageInfoSource( 1506): 	at android.test.suitebuilder.TestSuiteBuilder.includePackages(TestSuiteBuilder.java:100)
W/ClassPathPackageInfoSource( 1506): 	at android.test.InstrumentationTestRunner.onCreate(InstrumentationTestRunner.java:367)
W/ClassPathPackageInfoSource( 1506): 	at com.google.android.apps.common.testing.testrunner.GoogleInstrumentationTestRunner.onCreate(GoogleInstrumentationTestRunner.java:114)
W/ClassPathPackageInfoSource( 1506): 	at android.app.ActivityThread.handleBindApplication(ActivityThread.java:4509)
W/ClassPathPackageInfoSource( 1506): 	at android.app.ActivityThread.access$1500(ActivityThread.java:144)
W/ClassPathPackageInfoSource( 1506): 	at android.app.ActivityThread$H.handleMessage(ActivityThread.java:1339)
W/ClassPathPackageInfoSource( 1506): 	at android.os.Handler.dispatchMessage(Handler.java:102)
W/ClassPathPackageInfoSource( 1506): 	at android.os.Looper.loop(Looper.java:135)
W/ClassPathPackageInfoSource( 1506): 	at android.app.ActivityThread.main(ActivityThread.java:5221)
W/ClassPathPackageInfoSource( 1506): 	at java.lang.reflect.Method.invoke(Native Method)
W/ClassPathPackageInfoSource( 1506): 	at java.lang.reflect.Method.invoke(Method.java:372)
W/ClassPathPackageInfoSource( 1506): 	at com.android.internal.os.ZygoteInit$MethodAndArgsCaller.run(ZygoteInit.java:899)
W/ClassPathPackageInfoSource( 1506): 	at com.android.internal.os.ZygoteInit.main(ZygoteInit.java:694)
W/ClassPathPackageInfoSource( 1506): Caused by: java.lang.ClassNotFoundException: Didn't find class "org.apache.maven.artifact.ant.shaded.interpolation.RegexBasedInterpolator" on path: DexPathList[[zip file "/system/framework/android.test.runner.jar", zip file "/data/app/com.example.chariba.test-2/base.apk", zip file "/data/app/com.example.chariba-2/base.apk"],nativeLibraryDirectories=[/vendor/lib, /system/lib]]
W/ClassPathPackageInfoSource( 1506): 	at dalvik.system.BaseDexClassLoader.findClass(BaseDexClassLoader.java:56)
W/ClassPathPackageInfoSource( 1506): 	at java.lang.ClassLoader.loadClass(ClassLoader.java:511)
W/ClassPathPackageInfoSource( 1506): 	at java.lang.ClassLoader.loadClass(ClassLoader.java:469)
W/ClassPathPackageInfoSource( 1506): 	... 26 more
W/ClassPathPackageInfoSource( 1506): 	Suppressed: java.lang.NoClassDefFoundError: org.apache.maven.artifact.ant.shaded.interpolation.RegexBasedInterpolator
W/ClassPathPackageInfoSource( 1506): 		at dalvik.system.DexFile.defineClassNative(Native Method)
W/ClassPathPackageInfoSource( 1506): 		at dalvik.system.DexFile.defineClass(DexFile.java:222)
W/ClassPathPackageInfoSource( 1506): 		at dalvik.system.DexFile.loadClassBinaryName(DexFile.java:215)
W/ClassPathPackageInfoSource( 1506): 		at dalvik.system.DexPathList.findClass(DexPathList.java:321)
W/ClassPathPackageInfoSource( 1506): 		at dalvik.system.BaseDexClassLoader.findClass(BaseDexClassLoader.java:54)
W/ClassPathPackageInfoSource( 1506): 		... 28 more
W/ClassPathPackageInfoSource( 1506): 	Suppressed: java.lang.ClassNotFoundException: org.apache.maven.artifact.ant.shaded.interpolation.RegexBasedInterpolator
W/ClassPathPackageInfoSource( 1506): 		at java.lang.Class.classForName(Native Method)
W/ClassPathPackageInfoSource( 1506): 		at java.lang.BootClassLoader.findClass(ClassLoader.java:781)
W/ClassPathPackageInfoSource( 1506): 		at java.lang.BootClassLoader.loadClass(ClassLoader.java:841)
W/ClassPathPackageInfoSource( 1506): 		at java.lang.ClassLoader.loadClass(ClassLoader.java:504)
W/ClassPathPackageInfoSource( 1506): 		... 27 more
W/ClassPathPackageInfoSource( 1506): 	Caused by: java.lang.NoClassDefFoundError: Class not found using the boot class loader; no stack available
W/ClassPathPackageInfoSource( 1506): Cannot load class. Make sure it is in your apk. Class name: 'org.apache.maven.artifact.ant.shaded.interpolation.ValueSource'. Message: org.apache.maven.artifact.ant.shaded.interpolation.ValueSource
W/ClassPathPackageInfoSource( 1506): java.lang.ClassNotFoundException: org.apache.maven.artifact.ant.shaded.interpolation.ValueSource
W/ClassPathPackageInfoSource( 1506): 	at java.lang.Class.classForName(Native Method)
W/ClassPathPackageInfoSource( 1506): 	at java.lang.Class.forName(Class.java:308)
W/ClassPathPackageInfoSource( 1506): 	at android.test.ClassPathPackageInfoSource.createPackageInfo(ClassPathPackageInfoSource.java:88)
