E/JavaBinder(  342): !!! FAILED BINDER TRANSACTION !!!
W/BroadcastQueue(  342): Failure sending broadcast Intent { act=android.intent.action.ANY_DATA_STATE flg=0x10 (has extras) }
W/BroadcastQueue(  342): android.os.TransactionTooLargeException
W/BroadcastQueue(  342): 	at android.os.BinderProxy.transactNative(Native Method)
W/BroadcastQueue(  342): 	at android.os.BinderProxy.transact(Binder.java:479)
W/BroadcastQueue(  342): 	at android.app.ApplicationThreadProxy.scheduleRegisteredReceiver(ApplicationThreadNative.java:1089)
W/BroadcastQueue(  342): 	at com.android.server.am.BroadcastQueue.performReceiveLocked(BroadcastQueue.java:431)
W/BroadcastQueue(  342): 	at com.android.server.am.BroadcastQueue.deliverToRegisteredReceiverLocked(BroadcastQueue.java:521)
W/BroadcastQueue(  342): 	at com.android.server.am.BroadcastQueue.processNextBroadcast(BroadcastQueue.java:569)
W/BroadcastQueue(  342): 	at com.android.server.am.BroadcastQueue$BroadcastHandler.handleMessage(BroadcastQueue.java:149)
W/BroadcastQueue(  342): 	at android.os.Handler.dispatchMessage(Handler.java:102)
W/BroadcastQueue(  342): 	at android.os.Looper.loop(Looper.java:135)
W/BroadcastQueue(  342): 	at android.os.HandlerThread.run(HandlerThread.java:61)
W/BroadcastQueue(  342): 	at com.android.server.ServiceThread.run(ServiceThread.java:46)
E/JavaBinder(  342): !!! FAILED BINDER TRANSACTION !!!
W/BroadcastQueue(  342): Failure sending broadcast Intent { act=android.intent.action.ANY_DATA_STATE flg=0x10 (has extras) }
W/BroadcastQueue(  342): android.os.TransactionTooLargeException
W/BroadcastQueue(  342): 	at android.os.BinderProxy.transactNative(Native Method)
W/BroadcastQueue(  342): 	at android.os.BinderProxy.transact(Binder.java:479)
W/BroadcastQueue(  342): 	at android.app.ApplicationThreadProxy.scheduleRegisteredReceiver(ApplicationThreadNative.java:1089)
W/BroadcastQueue(  342): 	at com.android.server.am.BroadcastQueue.performReceiveLocked(BroadcastQueue.java:431)
W/BroadcastQueue(  342): 	at com.android.server.am.BroadcastQueue.deliverToRegisteredReceiverLocked(BroadcastQueue.java:521)
W/BroadcastQueue(  342): 	at com.android.server.am.BroadcastQueue.processNextBroadcast(BroadcastQueue.java:569)
W/BroadcastQueue(  342): 	at com.android.server.am.BroadcastQueue$BroadcastHandler.handleMessage(BroadcastQueue.java:149)
W/BroadcastQueue(  342): 	at android.os.Handler.dispatchMessage(Handler.java:102)
W/BroadcastQueue(  342): 	at android.os.Looper.loop(Looper.java:135)
W/BroadcastQueue(  342): 	at android.os.HandlerThread.run(HandlerThread.java:61)
W/BroadcastQueue(  342): 	at com.android.server.ServiceThread.run(ServiceThread.java:46)
E/JavaBinder(  342): !!! FAILED BINDER TRANSACTION !!!
W/BroadcastQueue(  342): Failure sending broadcast Intent { act=android.intent.action.SERVICE_STATE flg=0x10 (has extras) }
W/BroadcastQueue(  342): android.os.TransactionTooLargeException
W/BroadcastQueue(  342): 	at android.os.BinderProxy.transactNative(Native Method)
W/BroadcastQueue(  342): 	at android.os.BinderProxy.transact(Binder.java:479)
W/BroadcastQueue(  342): 	at android.app.ApplicationThreadProxy.scheduleRegisteredReceiver(ApplicationThreadNative.java:1089)
W/BroadcastQueue(  342): 	at com.android.server.am.BroadcastQueue.performReceiveLocked(BroadcastQueue.java:431)
W/BroadcastQueue(  342): 	at com.android.server.am.BroadcastQueue.deliverToRegisteredReceiverLocked(BroadcastQueue.java:521)
W/BroadcastQueue(  342): 	at com.android.server.am.BroadcastQueue.processNextBroadcast(BroadcastQueue.java:569)
W/BroadcastQueue(  342): 	at com.android.server.am.BroadcastQueue$BroadcastHandler.handleMessage(BroadcastQueue.java:149)
W/BroadcastQueue(  342): 	at android.os.Handler.dispatchMessage(Handler.java:102)
W/BroadcastQueue(  342): 	at android.os.Looper.loop(Looper.java:135)
W/BroadcastQueue(  342): 	at android.os.HandlerThread.run(HandlerThread.java:61)
W/BroadcastQueue(  342): 	at com.android.server.ServiceThread.run(ServiceThread.java:46)
E/JavaBinder(  342): !!! FAILED BINDER TRANSACTION !!!
W/BroadcastQueue(  342): Failure sending broadcast Intent { act=android.intent.action.SERVICE_STATE flg=0x10 (has extras) }
W/BroadcastQueue(  342): android.os.TransactionTooLargeException
W/BroadcastQueue(  342): 	at android.os.BinderProxy.transactNative(Native Method)
W/BroadcastQueue(  342): 	at android.os.BinderProxy.transact(Binder.java:479)
W/BroadcastQueue(  342): 	at android.app.ApplicationThreadProxy.scheduleRegisteredReceiver(ApplicationThreadNative.java:1089)
W/BroadcastQueue(  342): 	at com.android.server.am.BroadcastQueue.performReceiveLocked(BroadcastQueue.java:431)
W/BroadcastQueue(  342): 	at com.android.server.am.BroadcastQueue.deliverToRegisteredReceiverLocked(BroadcastQueue.java:521)
W/BroadcastQueue(  342): 	at com.android.server.am.BroadcastQueue.processNextBroadcast(BroadcastQueue.java:569)
W/BroadcastQueue(  342): 	at com.android.server.am.BroadcastQueue$BroadcastHandler.handleMessage(BroadcastQueue.java:149)
W/BroadcastQueue(  342): 	at android.os.Handler.dispatchMessage(Handler.java:102)
W/BroadcastQueue(  342): 	at android.os.Looper.loop(Looper.java:135)
W/BroadcastQueue(  342): 	at android.os.HandlerThread.run(HandlerThread.java:61)
W/BroadcastQueue(  342): 	at com.android.server.ServiceThread.run(ServiceThread.java:46)
E/JavaBinder(  342): !!! FAILED BINDER TRANSACTION !!!
W/BroadcastQueue(  342): Failure sending broadcast Intent { act=android.intent.action.ANY_DATA_STATE flg=0x10 (has extras) }
W/BroadcastQueue(  342): android.os.TransactionTooLargeException
W/BroadcastQueue(  342): 	at android.os.BinderProxy.transactNative(Native Method)
W/BroadcastQueue(  342): 	at android.os.BinderProxy.transact(Binder.java:479)
W/BroadcastQueue(  342): 	at android.app.ApplicationThreadProxy.scheduleRegisteredReceiver(ApplicationThreadNative.java:1089)
W/BroadcastQueue(  342): 	at com.android.server.am.BroadcastQueue.performReceiveLocked(BroadcastQueue.java:431)
W/BroadcastQueue(  342): 	at com.android.server.am.BroadcastQueue.deliverToRegisteredReceiverLocked(BroadcastQueue.java:521)
W/BroadcastQueue(  342): 	at com.android.server.am.BroadcastQueue.processNextBroadcast(BroadcastQueue.java:569)
W/BroadcastQueue(  342): 	at com.android.server.am.BroadcastQueue$BroadcastHandler.handleMessage(BroadcastQueue.java:149)
W/BroadcastQueue(  342): 	at android.os.Handler.dispatchMessage(Handler.java:102)
W/BroadcastQueue(  342): 	at android.os.Looper.loop(Looper.java:135)
W/BroadcastQueue(  342): 	at android.os.HandlerThread.run(HandlerThread.java:61)
W/BroadcastQueue(  342): 	at com.android.server.ServiceThread.run(ServiceThread.java:46)
E/JavaBinder(  342): !!! FAILED BINDER TRANSACTION !!!
W/BroadcastQueue(  342): Failure sending broadcast Intent { act=android.intent.action.ANY_DATA_STATE flg=0x10 (has extras) }
W/BroadcastQueue(  342): android.os.TransactionTooLargeException
W/BroadcastQueue(  342): 	at android.os.BinderProxy.transactNative(Native Method)
W/BroadcastQueue(  342): 	at android.os.BinderProxy.transact(Binder.java:479)
W/BroadcastQueue(  342): 	at android.app.ApplicationThreadProxy.scheduleRegisteredReceiver(ApplicationThreadNative.java:1089)
W/BroadcastQueue(  342): 	at com.android.server.am.BroadcastQueue.performReceiveLocked(BroadcastQueue.java:431)
W/BroadcastQueue(  342): 	at com.android.server.am.BroadcastQueue.deliverToRegisteredReceiverLocked(BroadcastQueue.java:521)
W/BroadcastQueue(  342): 	at com.android.server.am.BroadcastQueue.processNextBroadcast(BroadcastQueue.java:569)
W/BroadcastQueue(  342): 	at com.android.server.am.BroadcastQueue$BroadcastHandler.handleMessage(BroadcastQueue.java:149)
W/BroadcastQueue(  342): 	at android.os.Handler.dispatchMessage(Handler.java:102)
W/BroadcastQueue(  342): 	at android.os.Looper.loop(Looper.java:135)
W/BroadcastQueue(  342): 	at android.os.HandlerThread.run(HandlerThread.java:61)
W/BroadcastQueue(  342): 	at com.android.server.ServiceThread.run(ServiceThread.java:46)
E/JavaBinder(  342): !!! FAILED BINDER TRANSACTION !!!
W/BroadcastQueue(  342): Failure sending broadcast Intent { act=android.intent.action.ANY_DATA_STATE flg=0x10 (has extras) }
W/BroadcastQueue(  342): android.os.TransactionTooLargeException
W/BroadcastQueue(  342): 	at android.os.BinderProxy.transactNative(Native Method)
W/BroadcastQueue(  342): 	at android.os.BinderProxy.transact(Binder.java:479)
W/BroadcastQueue(  342): 	at android.app.ApplicationThreadProxy.scheduleRegisteredReceiver(ApplicationThreadNative.java:1089)
W/BroadcastQueue(  342): 	at com.android.server.am.BroadcastQueue.performReceiveLocked(BroadcastQueue.java:431)
W/BroadcastQueue(  342): 	at com.android.server.am.BroadcastQueue.deliverToRegisteredReceiverLocked(BroadcastQueue.java:521)
W/BroadcastQueue(  342): 	at com.android.server.am.BroadcastQueue.processNextBroadcast(BroadcastQueue.java:569)
W/BroadcastQueue(  342): 	at com.android.server.am.BroadcastQueue$BroadcastHandler.handleMessage(BroadcastQueue.java:149)
W/BroadcastQueue(  342): 	at android.os.Handler.dispatchMessage(Handler.java:102)
W/BroadcastQueue(  342): 	at android.os.Looper.loop(Looper.java:135)
W/BroadcastQueue(  342): 	at android.os.HandlerThread.run(HandlerThread.java:61)
W/BroadcastQueue(  342): 	at com.android.server.ServiceThread.run(ServiceThread.java:46)
E/JavaBinder(  342): !!! FAILED BINDER TRANSACTION !!!
W/BroadcastQueue(  342): Failure sending broadcast Intent { act=android.intent.action.ANY_DATA_STATE flg=0x10 (has extras) }
W/BroadcastQueue(  342): android.os.TransactionTooLargeException
W/BroadcastQueue(  342): 	at android.os.BinderProxy.transactNative(Native Method)
W/BroadcastQueue(  342): 	at android.os.BinderProxy.transact(Binder.java:479)
W/BroadcastQueue(  342): 	at android.app.ApplicationThreadProxy.scheduleRegisteredReceiver(ApplicationThreadNative.java:1089)
W/BroadcastQueue(  342): 	at com.android.server.am.BroadcastQueue.performReceiveLocked(BroadcastQueue.java:431)
W/BroadcastQueue(  342): 	at com.android.server.am.BroadcastQueue.deliverToRegisteredReceiverLocked(BroadcastQueue.java:521)
W/BroadcastQueue(  342): 	at com.android.server.am.BroadcastQueue.processNextBroadcast(BroadcastQueue.java:569)
W/BroadcastQueue(  342): 	at com.android.server.am.BroadcastQueue$BroadcastHandler.handleMessage(BroadcastQueue.java:149)
W/BroadcastQueue(  342): 	at android.os.Handler.dispatchMessage(Handler.java:102)
W/BroadcastQueue(  342): 	at android.os.Looper.loop(Looper.java:135)
W/BroadcastQueue(  342): 	at android.os.HandlerThread.run(HandlerThread.java:61)
W/BroadcastQueue(  342): 	at com.android.server.ServiceThread.run(ServiceThread.java:46)
E/JavaBinder(  342): !!! FAILED BINDER TRANSACTION !!!
W/BroadcastQueue(  342): Failure sending broadcast Intent { act=android.intent.action.ANY_DATA_STATE flg=0x10 (has extras) }
W/BroadcastQueue(  342): android.os.TransactionTooLargeException
W/BroadcastQueue(  342): 	at android.os.BinderProxy.transactNative(Native Method)
W/BroadcastQueue(  342): 	at android.os.BinderProxy.transact(Binder.java:479)
W/BroadcastQueue(  342): 	at android.app.ApplicationThreadProxy.scheduleRegisteredReceiver(ApplicationThreadNative.java:1089)
W/BroadcastQueue(  342): 	at com.android.server.am.BroadcastQueue.performReceiveLocked(BroadcastQueue.java:431)
W/BroadcastQueue(  342): 	at com.android.server.am.BroadcastQueue.deliverToRegisteredReceiverLocked(BroadcastQueue.java:521)
W/BroadcastQueue(  342): 	at com.android.server.am.BroadcastQueue.processNextBroadcast(BroadcastQueue.java:569)
W/BroadcastQueue(  342): 	at com.android.server.am.BroadcastQueue$BroadcastHandler.handleMessage(BroadcastQueue.java:149)
W/BroadcastQueue(  342): 	at android.os.Handler.dispatchMessage(Handler.java:102)
W/BroadcastQueue(  342): 	at android.os.Looper.loop(Looper.java:135)
W/BroadcastQueue(  342): 	at android.os.HandlerThread.run(HandlerThread.java:61)
W/BroadcastQueue(  342): 	at com.android.server.ServiceThread.run(ServiceThread.java:46)
E/JavaBinder(  342): !!! FAILED BINDER TRANSACTION !!!
W/BroadcastQueue(  342): Failure sending broadcast Intent { act=android.intent.action.ANY_DATA_STATE flg=0x10 (has extras) }
W/BroadcastQueue(  342): android.os.TransactionTooLargeException
W/BroadcastQueue(  342): 	at android.os.BinderProxy.transactNative(Native Method)
W/BroadcastQueue(  342): 	at android.os.BinderProxy.transact(Binder.java:479)
W/BroadcastQueue(  342): 	at android.app.ApplicationThreadProxy.scheduleRegisteredReceiver(ApplicationThreadNative.java:1089)
W/BroadcastQueue(  342): 	at com.android.server.am.BroadcastQueue.performReceiveLocked(BroadcastQueue.java:431)
W/BroadcastQueue(  342): 	at com.android.server.am.BroadcastQueue.deliverToRegisteredReceiverLocked(BroadcastQueue.java:521)
W/BroadcastQueue(  342): 	at com.android.server.am.BroadcastQueue.processNextBroadcast(BroadcastQueue.java:569)
W/BroadcastQueue(  342): 	at com.android.server.am.BroadcastQueue$BroadcastHandler.handleMessage(BroadcastQueue.java:149)
W/BroadcastQueue(  342): 	at android.os.Handler.dispatchMessage(Handler.java:102)
W/BroadcastQueue(  342): 	at android.os.Looper.loop(Looper.java:135)
W/BroadcastQueue(  342): 	at android.os.HandlerThread.run(HandlerThread.java:61)
W/BroadcastQueue(  342): 	at com.android.server.ServiceThread.run(ServiceThread.java:46)
E/JavaBinder(  342): !!! FAILED BINDER TRANSACTION !!!
W/BroadcastQueue(  342): Failure sending broadcast Intent { act=android.intent.action.ANY_DATA_STATE flg=0x10 (has extras) }
W/BroadcastQueue(  342): android.os.TransactionTooLargeException
W/BroadcastQueue(  342): 	at android.os.BinderProxy.transactNative(Native Method)
W/BroadcastQueue(  342): 	at android.os.BinderProxy.transact(Binder.java:479)
W/BroadcastQueue(  342): 	at android.app.ApplicationThreadProxy.scheduleRegisteredReceiver(ApplicationThreadNative.java:1089)
W/BroadcastQueue(  342): 	at com.android.server.am.BroadcastQueue.performReceiveLocked(BroadcastQueue.java:431)
W/BroadcastQueue(  342): 	at com.android.server.am.BroadcastQueue.deliverToRegisteredReceiverLocked(BroadcastQueue.java:521)
W/BroadcastQueue(  342): 	at com.android.server.am.BroadcastQueue.processNextBroadcast(BroadcastQueue.java:569)
W/BroadcastQueue(  342): 	at com.android.server.am.BroadcastQueue$BroadcastHandler.handleMessage(BroadcastQueue.java:149)
W/BroadcastQueue(  342): 	at android.os.Handler.dispatchMessage(Handler.java:102)
W/BroadcastQueue(  342): 	at android.os.Looper.loop(Looper.java:135)
W/BroadcastQueue(  342): 	at android.os.HandlerThread.run(HandlerThread.java:61)
W/BroadcastQueue(  342): 	at com.android.server.ServiceThread.run(ServiceThread.java:46)
E/JavaBinder(  342): !!! FAILED BINDER TRANSACTION !!!
W/BroadcastQueue(  342): Failure sending broadcast Intent { act=android.intent.action.ANY_DATA_STATE flg=0x10 (has extras) }
W/BroadcastQueue(  342): android.os.TransactionTooLargeException
W/BroadcastQueue(  342): 	at android.os.BinderProxy.transactNative(Native Method)
W/BroadcastQueue(  342): 	at android.os.BinderProxy.transact(Binder.java:479)
W/BroadcastQueue(  342): 	at android.app.ApplicationThreadProxy.scheduleRegisteredReceiver(ApplicationThreadNative.java:1089)
W/BroadcastQueue(  342): 	at com.android.server.am.BroadcastQueue.performReceiveLocked(BroadcastQueue.java:431)
W/BroadcastQueue(  342): 	at com.android.server.am.BroadcastQueue.deliverToRegisteredReceiverLocked(BroadcastQueue.java:521)
W/BroadcastQueue(  342): 	at com.android.server.am.BroadcastQueue.processNextBroadcast(BroadcastQueue.java:569)
W/BroadcastQueue(  342): 	at com.android.server.am.BroadcastQueue$BroadcastHandler.handleMessage(BroadcastQueue.java:149)
W/BroadcastQueue(  342): 	at android.os.Handler.dispatchMessage(Handler.java:102)
W/BroadcastQueue(  342): 	at android.os.Looper.loop(Looper.java:135)
W/BroadcastQueue(  342): 	at android.os.HandlerThread.run(HandlerThread.java:61)
W/BroadcastQueue(  342): 	at com.android.server.ServiceThread.run(ServiceThread.java:46)
E/JavaBinder(  342): !!! FAILED BINDER TRANSACTION !!!
W/BroadcastQueue(  342): Failure sending broadcast Intent { act=android.intent.action.ANY_DATA_STATE flg=0x10 (has extras) }
W/BroadcastQueue(  342): android.os.TransactionTooLargeException
W/BroadcastQueue(  342): 	at android.os.BinderProxy.transactNative(Native Method)
W/BroadcastQueue(  342): 	at android.os.BinderProxy.transact(Binder.java:479)
W/BroadcastQueue(  342): 	at android.app.ApplicationThreadProxy.scheduleRegisteredReceiver(ApplicationThreadNative.java:1089)
W/BroadcastQueue(  342): 	at com.android.server.am.BroadcastQueue.performReceiveLocked(BroadcastQueue.java:431)
W/BroadcastQueue(  342): 	at com.android.server.am.BroadcastQueue.deliverToRegisteredReceiverLocked(BroadcastQueue.java:521)
W/BroadcastQueue(  342): 	at com.android.server.am.BroadcastQueue.processNextBroadcast(BroadcastQueue.java:569)
W/BroadcastQueue(  342): 	at com.android.server.am.BroadcastQueue$BroadcastHandler.handleMessage(BroadcastQueue.java:149)
W/BroadcastQueue(  342): 	at android.os.Handler.dispatchMessage(Handler.java:102)
W/BroadcastQueue(  342): 	at android.os.Looper.loop(Looper.java:135)
W/BroadcastQueue(  342): 	at android.os.HandlerThread.run(HandlerThread.java:61)
W/BroadcastQueue(  342): 	at com.android.server.ServiceThread.run(ServiceThread.java:46)
E/JavaBinder(  342): !!! FAILED BINDER TRANSACTION !!!
W/BroadcastQueue(  342): Failure sending broadcast Intent { act=android.intent.action.ANY_DATA_STATE flg=0x10 (has extras) }
W/BroadcastQueue(  342): android.os.TransactionTooLargeException
W/BroadcastQueue(  342): 	at android.os.BinderProxy.transactNative(Native Method)
W/BroadcastQueue(  342): 	at android.os.BinderProxy.transact(Binder.java:479)
W/BroadcastQueue(  342): 	at android.app.ApplicationThreadProxy.scheduleRegisteredReceiver(ApplicationThreadNative.java:1089)
W/BroadcastQueue(  342): 	at com.android.server.am.BroadcastQueue.performReceiveLocked(BroadcastQueue.java:431)
W/BroadcastQueue(  342): 	at com.android.server.am.BroadcastQueue.deliverToRegisteredReceiverLocked(BroadcastQueue.java:521)
W/BroadcastQueue(  342): 	at com.android.server.am.BroadcastQueue.processNextBroadcast(BroadcastQueue.java:569)
W/BroadcastQueue(  342): 	at com.android.server.am.BroadcastQueue$BroadcastHandler.handleMessage(BroadcastQueue.java:149)
W/BroadcastQueue(  342): 	at android.os.Handler.dispatchMessage(Handler.java:102)
W/BroadcastQueue(  342): 	at android.os.Looper.loop(Looper.java:135)
W/BroadcastQueue(  342): 	at android.os.HandlerThread.run(HandlerThread.java:61)
W/BroadcastQueue(  342): 	at com.android.server.ServiceThread.run(ServiceThread.java:46)
E/JavaBinder(  342): !!! FAILED BINDER TRANSACTION !!!
W/BroadcastQueue(  342): Failure sending broadcast Intent { act=android.intent.action.ANY_DATA_STATE flg=0x10 (has extras) }
W/BroadcastQueue(  342): android.os.TransactionTooLargeException
W/BroadcastQueue(  342): 	at android.os.BinderProxy.transactNative(Native Method)
W/BroadcastQueue(  342): 	at android.os.BinderProxy.transact(Binder.java:479)
W/BroadcastQueue(  342): 	at android.app.ApplicationThreadProxy.scheduleRegisteredReceiver(ApplicationThreadNative.java:1089)
W/BroadcastQueue(  342): 	at com.android.server.am.BroadcastQueue.performReceiveLocked(BroadcastQueue.java:431)
W/BroadcastQueue(  342): 	at com.android.server.am.BroadcastQueue.deliverToRegisteredReceiverLocked(BroadcastQueue.java:521)
W/BroadcastQueue(  342): 	at com.android.server.am.BroadcastQueue.processNextBroadcast(BroadcastQueue.java:569)
W/BroadcastQueue(  342): 	at com.android.server.am.BroadcastQueue$BroadcastHandler.handleMessage(BroadcastQueue.java:149)
W/BroadcastQueue(  342): 	at android.os.Handler.dispatchMessage(Handler.java:102)
W/BroadcastQueue(  342): 	at android.os.Looper.loop(Looper.java:135)
W/BroadcastQueue(  342): 	at android.os.HandlerThread.run(HandlerThread.java:61)
W/BroadcastQueue(  342): 	at com.android.server.ServiceThread.run(ServiceThread.java:46)
E/JavaBinder(  342): !!! FAILED BINDER TRANSACTION !!!
W/BroadcastQueue(  342): Failure sending broadcast Intent { act=android.intent.action.ANY_DATA_STATE flg=0x10 (has extras) }
W/BroadcastQueue(  342): android.os.TransactionTooLargeException
W/BroadcastQueue(  342): 	at android.os.BinderProxy.transactNative(Native Method)
W/BroadcastQueue(  342): 	at android.os.BinderProxy.transact(Binder.java:479)
W/BroadcastQueue(  342): 	at android.app.ApplicationThreadProxy.scheduleRegisteredReceiver(ApplicationThreadNative.java:1089)
W/BroadcastQueue(  342): 	at com.android.server.am.BroadcastQueue.performReceiveLocked(BroadcastQueue.java:431)
W/BroadcastQueue(  342): 	at com.android.server.am.BroadcastQueue.deliverToRegisteredReceiverLocked(BroadcastQueue.java:521)
W/BroadcastQueue(  342): 	at com.android.server.am.BroadcastQueue.processNextBroadcast(BroadcastQueue.java:569)
W/BroadcastQueue(  342): 	at com.android.server.am.BroadcastQueue$BroadcastHandler.handleMessage(BroadcastQueue.java:149)
W/BroadcastQueue(  342): 	at android.os.Handler.dispatchMessage(Handler.java:102)
W/BroadcastQueue(  342): 	at android.os.Looper.loop(Looper.java:135)
W/BroadcastQueue(  342): 	at android.os.HandlerThread.run(HandlerThread.java:61)
W/BroadcastQueue(  342): 	at com.android.server.ServiceThread.run(ServiceThread.java:46)
E/JavaBinder(  342): !!! FAILED BINDER TRANSACTION !!!
W/BroadcastQueue(  342): Failure sending broadcast Intent { act=android.intent.action.ANY_DATA_STATE flg=0x10 (has extras) }
W/BroadcastQueue(  342): android.os.TransactionTooLargeException
W/BroadcastQueue(  342): 	at android.os.BinderProxy.transactNative(Native Method)
W/BroadcastQueue(  342): 	at android.os.BinderProxy.transact(Binder.java:479)
W/BroadcastQueue(  342): 	at android.app.ApplicationThreadProxy.scheduleRegisteredReceiver(ApplicationThreadNative.java:1089)
W/BroadcastQueue(  342): 	at com.android.server.am.BroadcastQueue.performReceiveLocked(BroadcastQueue.java:431)
W/BroadcastQueue(  342): 	at com.android.server.am.BroadcastQueue.deliverToRegisteredReceiverLocked(BroadcastQueue.java:521)
W/BroadcastQueue(  342): 	at com.android.server.am.BroadcastQueue.processNextBroadcast(BroadcastQueue.java:569)
W/BroadcastQueue(  342): 	at com.android.server.am.BroadcastQueue$BroadcastHandler.handleMessage(BroadcastQueue.java:149)
W/BroadcastQueue(  342): 	at android.os.Handler.dispatchMessage(Handler.java:102)
W/BroadcastQueue(  342): 	at android.os.Looper.loop(Looper.java:135)
W/BroadcastQueue(  342): 	at android.os.HandlerThread.run(HandlerThread.java:61)
W/BroadcastQueue(  342): 	at com.android.server.ServiceThread.run(ServiceThread.java:46)
E/JavaBinder(  342): !!! FAILED BINDER TRANSACTION !!!
W/BroadcastQueue(  342): Failure sending broadcast Intent { act=android.intent.action.ANY_DATA_STATE flg=0x10 (has extras) }
W/BroadcastQueue(  342): android.os.TransactionTooLargeException
W/BroadcastQueue(  342): 	at android.os.BinderProxy.transactNative(Native Method)
W/BroadcastQueue(  342): 	at android.os.BinderProxy.transact(Binder.java:479)
W/BroadcastQueue(  342): 	at android.app.ApplicationThreadProxy.scheduleRegisteredReceiver(ApplicationThreadNative.java:1089)
W/BroadcastQueue(  342): 	at com.android.server.am.BroadcastQueue.performReceiveLocked(BroadcastQueue.java:431)
W/BroadcastQueue(  342): 	at com.android.server.am.BroadcastQueue.deliverToRegisteredReceiverLocked(BroadcastQueue.java:521)
W/BroadcastQueue(  342): 	at com.android.server.am.BroadcastQueue.processNextBroadcast(BroadcastQueue.java:569)
W/BroadcastQueue(  342): 	at com.android.server.am.BroadcastQueue$BroadcastHandler.handleMessage(BroadcastQueue.java:149)
W/BroadcastQueue(  342): 	at android.os.Handler.dispatchMessage(Handler.java:102)
W/BroadcastQueue(  342): 	at android.os.Looper.loop(Looper.java:135)
W/BroadcastQueue(  342): 	at android.os.HandlerThread.run(HandlerThread.java:61)
W/BroadcastQueue(  342): 	at com.android.server.ServiceThread.run(ServiceThread.java:46)
E/JavaBinder(  342): !!! FAILED BINDER TRANSACTION !!!
W/BroadcastQueue(  342): Failure sending broadcast Intent { act=android.intent.action.ANY_DATA_STATE flg=0x10 (has extras) }
W/BroadcastQueue(  342): android.os.TransactionTooLargeException
W/BroadcastQueue(  342): 	at android.os.BinderProxy.transactNative(Native Method)
W/BroadcastQueue(  342): 	at android.os.BinderProxy.transact(Binder.java:479)
W/BroadcastQueue(  342): 	at android.app.ApplicationThreadProxy.scheduleRegisteredReceiver(ApplicationThreadNative.java:1089)
W/BroadcastQueue(  342): 	at com.android.server.am.BroadcastQueue.performReceiveLocked(BroadcastQueue.java:431)
W/BroadcastQueue(  342): 	at com.android.server.am.BroadcastQueue.deliverToRegisteredReceiverLocked(BroadcastQueue.java:521)
W/BroadcastQueue(  342): 	at com.android.server.am.BroadcastQueue.processNextBroadcast(BroadcastQueue.java:569)
W/BroadcastQueue(  342): 	at com.android.server.am.BroadcastQueue$BroadcastHandler.handleMessage(BroadcastQueue.java:149)
W/BroadcastQueue(  342): 	at android.os.Handler.dispatchMessage(Handler.java:102)
W/BroadcastQueue(  342): 	at android.os.Looper.loop(Looper.java:135)
W/BroadcastQueue(  342): 	at android.os.HandlerThread.run(HandlerThread.java:61)
W/BroadcastQueue(  342): 	at com.android.server.ServiceThread.run(ServiceThread.java:46)
E/JavaBinder(  342): !!! FAILED BINDER TRANSACTION !!!
W/BroadcastQueue(  342): Failure sending broadcast Intent { act=android.intent.action.ANY_DATA_STATE flg=0x10 (has extras) }
W/BroadcastQueue(  342): android.os.TransactionTooLargeException
W/BroadcastQueue(  342): 	at android.os.BinderProxy.transactNative(Native Method)
W/BroadcastQueue(  342): 	at android.os.BinderProxy.transact(Binder.java:479)
W/BroadcastQueue(  342): 	at android.app.ApplicationThreadProxy.scheduleRegisteredReceiver(ApplicationThreadNative.java:1089)
W/BroadcastQueue(  342): 	at com.android.server.am.BroadcastQueue.performReceiveLocked(BroadcastQueue.java:431)
W/BroadcastQueue(  342): 	at com.android.server.am.BroadcastQueue.deliverToRegisteredReceiverLocked(BroadcastQueue.java:521)
W/BroadcastQueue(  342): 	at com.android.server.am.BroadcastQueue.processNextBroadcast(BroadcastQueue.java:569)
W/BroadcastQueue(  342): 	at com.android.server.am.BroadcastQueue$BroadcastHandler.handleMessage(BroadcastQueue.java:149)
W/BroadcastQueue(  342): 	at android.os.Handler.dispatchMessage(Handler.java:102)
W/BroadcastQueue(  342): 	at android.os.Looper.loop(Looper.java:135)
W/BroadcastQueue(  342): 	at android.os.HandlerThread.run(HandlerThread.java:61)
W/BroadcastQueue(  342): 	at com.android.server.ServiceThread.run(ServiceThread.java:46)
E/JavaBinder(  342): !!! FAILED BINDER TRANSACTION !!!
W/BroadcastQueue(  342): Failure sending broadcast Intent { act=android.intent.action.ANY_DATA_STATE flg=0x10 (has extras) }
W/BroadcastQueue(  342): android.os.TransactionTooLargeException
W/BroadcastQueue(  342): 	at android.os.BinderProxy.transactNative(Native Method)
W/BroadcastQueue(  342): 	at android.os.BinderProxy.transact(Binder.java:479)
W/BroadcastQueue(  342): 	at android.app.ApplicationThreadProxy.scheduleRegisteredReceiver(ApplicationThreadNative.java:1089)
W/BroadcastQueue(  342): 	at com.android.server.am.BroadcastQueue.performReceiveLocked(BroadcastQueue.java:431)
W/BroadcastQueue(  342): 	at com.android.server.am.BroadcastQueue.deliverToRegisteredReceiverLocked(BroadcastQueue.java:521)
W/BroadcastQueue(  342): 	at com.android.server.am.BroadcastQueue.processNextBroadcast(BroadcastQueue.java:569)
W/BroadcastQueue(  342): 	at com.android.server.am.BroadcastQueue$BroadcastHandler.handleMessage(BroadcastQueue.java:149)
W/BroadcastQueue(  342): 	at android.os.Handler.dispatchMessage(Handler.java:102)
W/BroadcastQueue(  342): 	at android.os.Looper.loop(Looper.java:135)
W/BroadcastQueue(  342): 	at android.os.HandlerThread.run(HandlerThread.java:61)
W/BroadcastQueue(  342): 	at com.android.server.ServiceThread.run(ServiceThread.java:46)
E/JavaBinder(  342): !!! FAILED BINDER TRANSACTION !!!
W/BroadcastQueue(  342): Failure sending broadcast Intent { act=android.intent.action.ANY_DATA_STATE flg=0x10 (has extras) }
W/BroadcastQueue(  342): android.os.TransactionTooLargeException
W/BroadcastQueue(  342): 	at android.os.BinderProxy.transactNative(Native Method)
W/BroadcastQueue(  342): 	at android.os.BinderProxy.transact(Binder.java:479)
W/BroadcastQueue(  342): 	at android.app.ApplicationThreadProxy.scheduleRegisteredReceiver(ApplicationThreadNative.java:1089)
W/BroadcastQueue(  342): 	at com.android.server.am.BroadcastQueue.performReceiveLocked(BroadcastQueue.java:431)
W/BroadcastQueue(  342): 	at com.android.server.am.BroadcastQueue.deliverToRegisteredReceiverLocked(BroadcastQueue.java:521)
W/BroadcastQueue(  342): 	at com.android.server.am.BroadcastQueue.processNextBroadcast(BroadcastQueue.java:569)
W/BroadcastQueue(  342): 	at com.android.server.am.BroadcastQueue$BroadcastHandler.handleMessage(BroadcastQueue.java:149)
W/BroadcastQueue(  342): 	at android.os.Handler.dispatchMessage(Handler.java:102)
W/BroadcastQueue(  342): 	at android.os.Looper.loop(Looper.java:135)
W/BroadcastQueue(  342): 	at android.os.HandlerThread.run(HandlerThread.java:61)
W/BroadcastQueue(  342): 	at com.android.server.ServiceThread.run(ServiceThread.java:46)
E/JavaBinder(  342): !!! FAILED BINDER TRANSACTION !!!
W/BroadcastQueue(  342): Failure sending broadcast Intent { act=android.intent.action.ANY_DATA_STATE flg=0x10 (has extras) }
W/BroadcastQueue(  342): android.os.TransactionTooLargeException
W/BroadcastQueue(  342): 	at android.os.BinderProxy.transactNative(Native Method)
W/BroadcastQueue(  342): 	at android.os.BinderProxy.transact(Binder.java:479)
W/BroadcastQueue(  342): 	at android.app.ApplicationThreadProxy.scheduleRegisteredReceiver(ApplicationThreadNative.java:1089)
W/BroadcastQueue(  342): 	at com.android.server.am.BroadcastQueue.performReceiveLocked(BroadcastQueue.java:431)
W/BroadcastQueue(  342): 	at com.android.server.am.BroadcastQueue.deliverToRegisteredReceiverLocked(BroadcastQueue.java:521)
W/BroadcastQueue(  342): 	at com.android.server.am.BroadcastQueue.processNextBroadcast(BroadcastQueue.java:569)
W/BroadcastQueue(  342): 	at com.android.server.am.BroadcastQueue$BroadcastHandler.handleMessage(BroadcastQueue.java:149)
W/BroadcastQueue(  342): 	at android.os.Handler.dispatchMessage(Handler.java:102)
W/BroadcastQueue(  342): 	at android.os.Looper.loop(Looper.java:135)
W/BroadcastQueue(  342): 	at android.os.HandlerThread.run(HandlerThread.java:61)
W/BroadcastQueue(  342): 	at com.android.server.ServiceThread.run(ServiceThread.java:46)
E/JavaBinder(  342): !!! FAILED BINDER TRANSACTION !!!
W/BroadcastQueue(  342): Failure sending broadcast Intent { act=android.intent.action.ANY_DATA_STATE flg=0x10 (has extras) }
W/BroadcastQueue(  342): android.os.TransactionTooLargeException
W/BroadcastQueue(  342): 	at android.os.BinderProxy.transactNative(Native Method)
W/BroadcastQueue(  342): 	at android.os.BinderProxy.transact(Binder.java:479)
W/BroadcastQueue(  342): 	at android.app.ApplicationThreadProxy.scheduleRegisteredReceiver(ApplicationThreadNative.java:1089)
W/BroadcastQueue(  342): 	at com.android.server.am.BroadcastQueue.performReceiveLocked(BroadcastQueue.java:431)
W/BroadcastQueue(  342): 	at com.android.server.am.BroadcastQueue.deliverToRegisteredReceiverLocked(BroadcastQueue.java:521)
W/BroadcastQueue(  342): 	at com.android.server.am.BroadcastQueue.processNextBroadcast(BroadcastQueue.java:569)
W/BroadcastQueue(  342): 	at com.android.server.am.BroadcastQueue$BroadcastHandler.handleMessage(BroadcastQueue.java:149)
W/BroadcastQueue(  342): 	at android.os.Handler.dispatchMessage(Handler.java:102)
W/BroadcastQueue(  342): 	at android.os.Looper.loop(Looper.java:135)
W/BroadcastQueue(  342): 	at android.os.HandlerThread.run(HandlerThread.java:61)
W/BroadcastQueue(  342): 	at com.android.server.ServiceThread.run(ServiceThread.java:46)
E/JavaBinder(  342): !!! FAILED BINDER TRANSACTION !!!
W/BroadcastQueue(  342): Failure sending broadcast Intent { act=android.intent.action.ANY_DATA_STATE flg=0x10 (has extras) }
W/BroadcastQueue(  342): android.os.TransactionTooLargeException
W/BroadcastQueue(  342): 	at android.os.BinderProxy.transactNative(Native Method)
W/BroadcastQueue(  342): 	at android.os.BinderProxy.transact(Binder.java:479)
W/BroadcastQueue(  342): 	at android.app.ApplicationThreadProxy.scheduleRegisteredReceiver(ApplicationThreadNative.java:1089)
W/BroadcastQueue(  342): 	at com.android.server.am.BroadcastQueue.performReceiveLocked(BroadcastQueue.java:431)
W/BroadcastQueue(  342): 	at com.android.server.am.BroadcastQueue.deliverToRegisteredReceiverLocked(BroadcastQueue.java:521)
W/BroadcastQueue(  342): 	at com.android.server.am.BroadcastQueue.processNextBroadcast(BroadcastQueue.java:569)
W/BroadcastQueue(  342): 	at com.android.server.am.BroadcastQueue$BroadcastHandler.handleMessage(BroadcastQueue.java:149)
W/BroadcastQueue(  342): 	at android.os.Handler.dispatchMessage(Handler.java:102)
W/BroadcastQueue(  342): 	at android.os.Looper.loop(Looper.java:135)
W/BroadcastQueue(  342): 	at android.os.HandlerThread.run(HandlerThread.java:61)
W/BroadcastQueue(  342): 	at com.android.server.ServiceThread.run(ServiceThread.java:46)
E/JavaBinder(  342): !!! FAILED BINDER TRANSACTION !!!
W/BroadcastQueue(  342): Failure sending broadcast Intent { act=android.intent.action.ANY_DATA_STATE flg=0x10 (has extras) }
W/BroadcastQueue(  342): android.os.TransactionTooLargeException
W/BroadcastQueue(  342): 	at android.os.BinderProxy.transactNative(Native Method)
W/BroadcastQueue(  342): 	at android.os.BinderProxy.transact(Binder.java:479)
W/BroadcastQueue(  342): 	at android.app.ApplicationThreadProxy.scheduleRegisteredReceiver(ApplicationThreadNative.java:1089)
W/BroadcastQueue(  342): 	at com.android.server.am.BroadcastQueue.performReceiveLocked(BroadcastQueue.java:431)
W/BroadcastQueue(  342): 	at com.android.server.am.BroadcastQueue.deliverToRegisteredReceiverLocked(BroadcastQueue.java:521)
W/BroadcastQueue(  342): 	at com.android.server.am.BroadcastQueue.processNextBroadcast(BroadcastQueue.java:569)
W/BroadcastQueue(  342): 	at com.android.server.am.BroadcastQueue$BroadcastHandler.handleMessage(BroadcastQueue.java:149)
W/BroadcastQueue(  342): 	at android.os.Handler.dispatchMessage(Handler.java:102)
W/BroadcastQueue(  342): 	at android.os.Looper.loop(Looper.java:135)
W/BroadcastQueue(  342): 	at android.os.HandlerThread.run(HandlerThread.java:61)
W/BroadcastQueue(  342): 	at com.android.server.ServiceThread.run(ServiceThread.java:46)
E/JavaBinder(  342): !!! FAILED BINDER TRANSACTION !!!
W/BroadcastQueue(  342): Failure sending broadcast Intent { act=android.intent.action.ANY_DATA_STATE flg=0x10 (has extras) }
W/BroadcastQueue(  342): android.os.TransactionTooLargeException
W/BroadcastQueue(  342): 	at android.os.BinderProxy.transactNative(Native Method)
W/BroadcastQueue(  342): 	at android.os.BinderProxy.transact(Binder.java:479)
W/BroadcastQueue(  342): 	at android.app.ApplicationThreadProxy.scheduleRegisteredReceiver(ApplicationThreadNative.java:1089)
W/BroadcastQueue(  342): 	at com.android.server.am.BroadcastQueue.performReceiveLocked(BroadcastQueue.java:431)
W/BroadcastQueue(  342): 	at com.android.server.am.BroadcastQueue.deliverToRegisteredReceiverLocked(BroadcastQueue.java:521)
W/BroadcastQueue(  342): 	at com.android.server.am.BroadcastQueue.processNextBroadcast(BroadcastQueue.java:569)
W/BroadcastQueue(  342): 	at com.android.server.am.BroadcastQueue$BroadcastHandler.handleMessage(BroadcastQueue.java:149)
W/BroadcastQueue(  342): 	at android.os.Handler.dispatchMessage(Handler.java:102)
W/BroadcastQueue(  342): 	at android.os.Looper.loop(Looper.java:135)
W/BroadcastQueue(  342): 	at android.os.HandlerThread.run(HandlerThread.java:61)
W/BroadcastQueue(  342): 	at com.android.server.ServiceThread.run(ServiceThread.java:46)
E/JavaBinder(  342): !!! FAILED BINDER TRANSACTION !!!
W/BroadcastQueue(  342): Failure sending broadcast Intent { act=android.intent.action.ANY_DATA_STATE flg=0x10 (has extras) }
W/BroadcastQueue(  342): android.os.TransactionTooLargeException
W/BroadcastQueue(  342): 	at android.os.BinderProxy.transactNative(Native Method)
W/BroadcastQueue(  342): 	at android.os.BinderProxy.transact(Binder.java:479)
W/BroadcastQueue(  342): 	at android.app.ApplicationThreadProxy.scheduleRegisteredReceiver(ApplicationThreadNative.java:1089)
W/BroadcastQueue(  342): 	at com.android.server.am.BroadcastQueue.performReceiveLocked(BroadcastQueue.java:431)
W/BroadcastQueue(  342): 	at com.android.server.am.BroadcastQueue.deliverToRegisteredReceiverLocked(BroadcastQueue.java:521)
W/BroadcastQueue(  342): 	at com.android.server.am.BroadcastQueue.processNextBroadcast(BroadcastQueue.java:569)
W/BroadcastQueue(  342): 	at com.android.server.am.BroadcastQueue$BroadcastHandler.handleMessage(BroadcastQueue.java:149)
W/BroadcastQueue(  342): 	at android.os.Handler.dispatchMessage(Handler.java:102)
W/BroadcastQueue(  342): 	at android.os.Looper.loop(Looper.java:135)
W/BroadcastQueue(  342): 	at android.os.HandlerThread.run(HandlerThread.java:61)
W/BroadcastQueue(  342): 	at com.android.server.ServiceThread.run(ServiceThread.java:46)
E/JavaBinder(  342): !!! FAILED BINDER TRANSACTION !!!
W/BroadcastQueue(  342): Failure sending broadcast Intent { act=android.intent.action.SIM_STATE_CHANGED flg=0x20000010 (has extras) }
W/BroadcastQueue(  342): android.os.TransactionTooLargeException
W/BroadcastQueue(  342): 	at android.os.BinderProxy.transactNative(Native Method)
W/BroadcastQueue(  342): 	at android.os.BinderProxy.transact(Binder.java:479)
W/BroadcastQueue(  342): 	at android.app.ApplicationThreadProxy.scheduleRegisteredReceiver(ApplicationThreadNative.java:1089)
W/BroadcastQueue(  342): 	at com.android.server.am.BroadcastQueue.performReceiveLocked(BroadcastQueue.java:431)
W/BroadcastQueue(  342): 	at com.android.server.am.BroadcastQueue.deliverToRegisteredReceiverLocked(BroadcastQueue.java:521)
W/BroadcastQueue(  342): 	at com.android.server.am.BroadcastQueue.processNextBroadcast(BroadcastQueue.java:569)
W/BroadcastQueue(  342): 	at com.android.server.am.BroadcastQueue$BroadcastHandler.handleMessage(BroadcastQueue.java:149)
W/BroadcastQueue(  342): 	at android.os.Handler.dispatchMessage(Handler.java:102)
W/BroadcastQueue(  342): 	at android.os.Looper.loop(Looper.java:135)
W/BroadcastQueue(  342): 	at android.os.HandlerThread.run(HandlerThread.java:61)
W/BroadcastQueue(  342): 	at com.android.server.ServiceThread.run(ServiceThread.java:46)
E/JavaBinder(  342): !!! FAILED BINDER TRANSACTION !!!
W/BroadcastQueue(  342): Failure sending broadcast Intent { act=android.intent.action.SIM_STATE_CHANGED flg=0x20000010 (has extras) }
W/BroadcastQueue(  342): android.os.TransactionTooLargeException
W/BroadcastQueue(  342): 	at android.os.BinderProxy.transactNative(Native Method)
W/BroadcastQueue(  342): 	at android.os.BinderProxy.transact(Binder.java:479)
W/BroadcastQueue(  342): 	at android.app.ApplicationThreadProxy.scheduleRegisteredReceiver(ApplicationThreadNative.java:1089)
W/BroadcastQueue(  342): 	at com.android.server.am.BroadcastQueue.performReceiveLocked(BroadcastQueue.java:431)
W/BroadcastQueue(  342): 	at com.android.server.am.BroadcastQueue.deliverToRegisteredReceiverLocked(BroadcastQueue.java:521)
W/BroadcastQueue(  342): 	at com.android.server.am.BroadcastQueue.processNextBroadcast(BroadcastQueue.java:569)
W/BroadcastQueue(  342): 	at com.android.server.am.BroadcastQueue$BroadcastHandler.handleMessage(BroadcastQueue.java:149)
W/BroadcastQueue(  342): 	at android.os.Handler.dispatchMessage(Handler.java:102)
W/BroadcastQueue(  342): 	at android.os.Looper.loop(Looper.java:135)
W/BroadcastQueue(  342): 	at android.os.HandlerThread.run(HandlerThread.java:61)
W/BroadcastQueue(  342): 	at com.android.server.ServiceThread.run(ServiceThread.java:46)
W/art     (  888): Suspending all threads took: 727.147ms
W/art     ( 1111): Suspending all threads took: 743.208ms
W/ActivityManager(  342): Scheduling restart of crashed service com.android.phone/.TelephonyDebugService in 0ms
W/ActivityManager(  342): Scheduling restart of crashed service com.android.mms.service/.MmsService in 9999ms
W/ContextImpl(  342): Calling a method in the system process without a qualified user: android.app.ContextImpl.bindService:1750 com.android.server.MmsServiceBroker.tryConnecting:134 com.android.server.MmsServiceBroker.access$000:46 com.android.server.MmsServiceBroker$1.handleMessage:76 android.os.Handler.dispatchMessage:102 
E/memtrack( 1197): Couldn't load memtrack module (No such file or directory)
E/android.os.Debug( 1197): failed to load memtrack module: -2
E/BluetoothAdapter( 1182): Bluetooth binder is null
W/art     ( 1111): Suspending all threads took: 2.040s
E/MmsService( 1182): MmsConfigManager.load -- empty getActiveSubInfoList
E/WifiStateMachine(  342): Ignoring resetting of country code
E/PhoneInterfaceManager( 1182): [PhoneIntfMgr] getIccId: ICC ID is null or empty.
W/art     ( 1182): Suspending all threads took: 10.373ms
E/SurfaceFlinger(   53): glCheckFramebufferStatusOES error 0
E/SurfaceFlinger(   53): got GL_FRAMEBUFFER_COMPLETE_OES error while taking screenshot
W/BackupManagerService(  342): dataChanged but no participant pkg='com.android.providers.settings' uid=1001
W/BackupManagerService(  342): dataChanged but no participant pkg='com.android.providers.settings' uid=1001
W/art     (  342): Suspending all threads took: 70.255ms
W/BackupManagerService(  342): dataChanged but no participant pkg='com.android.providers.settings' uid=1001
W/art     ( 1182): Suspending all threads took: 14.271ms
E/Netd    (   60): netlink response contains error (Operation not supported on transport endpoint)
E/Netd    (   60): failed to add interface eth0 to netId 100
E/ConnectivityService(  342): Exception adding interface: java.lang.IllegalStateException: command '19 network interface add 100 eth0' failed with '400 19 addInterfaceToNetwork() failed (Operation not supported on transport endpoint)'
E/Netd    (   60): interface eth0 not assigned to any netId
E/ConnectivityService(  342): Exception in addRoute for gateway: java.lang.IllegalStateException: command '21 network route add 100 eth0 0.0.0.0/0 10.0.2.2' failed with '400 21 addRoute() failed (No such device)'
W/art     (  888): Suspending all threads took: 10.363s
E/NetdConnector(  342): NDC Command {25 bandwidth setiquota eth0 9223372036854775807} took too long (1234ms)
E/NetdConnector(  342): NDC Command {26 network default set 100} took too long (1191ms)
W/ProcessCpuTracker(  342): Skipping unknown process pid 1278
E/NetdConnector(  342): NDC Command {27 bandwidth removeiquota eth0} took too long (889ms)
W/ResourcesManager( 1286): Asset path '/system/framework/android.test.runner.jar' does not exist or contains no resources.
E/NetdConnector(  342): NDC Command {28 bandwidth setiquota eth0 9223372036854775807} took too long (1519ms)
W/ResourceType(  986): No package identifier when getting value for resource number 0x00000000
W/ResourceType(  986): No package identifier when getting value for resource number 0x00000000
W/PackageManager(  986): Failure retrieving resources for com.android.speechrecorder: Resource ID #0x0
W/ResourceType(  986): No package identifier when getting value for resource number 0x00000000
W/PackageManager(  986): Failure retrieving resources for com.android.speechrecorder: Resource ID #0x0
W/ActivityManager(  342): Unable to start service Intent { cmp=com.android.email/.service.AttachmentService } U=0: not found
W/ContentResolver( 1286): Failed to get type for: content://com.android.calendar (Unknown URL content://com.android.calendar)
W/ContextImpl( 1111): Implicit intents with startService are not safe: Intent { act=com.android.mail.action.BACKUP_DATA_CHANGED } android.content.ContextWrapper.startService:515 com.android.mail.MailIntentService.broadcastBackupDataChanged:123 com.android.mail.preferences.VersionedPrefs.notifyBackupPreferenceChanged:278 
W/ActivityManager(  342): Unable to start service Intent { act=com.android.mail.action.BACKUP_DATA_CHANGED } U=0: not found
W/ContextImpl( 1111): Implicit intents with startService are not safe: Intent { act=com.android.mail.action.BACKUP_DATA_CHANGED } android.content.ContextWrapper.startService:515 com.android.mail.MailIntentService.broadcastBackupDataChanged:123 com.android.mail.preferences.VersionedPrefs.notifyBackupPreferenceChanged:278 
W/ActivityManager(  342): Unable to start service Intent { act=com.android.mail.action.BACKUP_DATA_CHANGED } U=0: not found
W/ContextImpl( 1111): Implicit intents with startService are not safe: Intent { act=com.android.mail.action.BACKUP_DATA_CHANGED } android.content.ContextWrapper.startService:515 com.android.mail.MailIntentService.broadcastBackupDataChanged:123 com.android.mail.preferences.VersionedPrefs.notifyBackupPreferenceChanged:278 
W/ActivityManager(  342): Unable to start service Intent { act=com.android.mail.action.BACKUP_DATA_CHANGED } U=0: not found
W/ContextImpl( 1111): Implicit intents with startService are not safe: Intent { act=com.android.mail.action.BACKUP_DATA_CHANGED } android.content.ContextWrapper.startService:515 com.android.mail.MailIntentService.broadcastBackupDataChanged:123 com.android.mail.preferences.VersionedPrefs.notifyBackupPreferenceChanged:278 
W/ActivityManager(  342): Unable to start service Intent { act=com.android.mail.action.BACKUP_DATA_CHANGED } U=0: not found
W/ContextImpl( 1111): Implicit intents with startService are not safe: Intent { act=com.android.mail.action.BACKUP_DATA_CHANGED } android.content.ContextWrapper.startService:515 com.android.mail.MailIntentService.broadcastBackupDataChanged:123 com.android.mail.preferences.VersionedPrefs.notifyBackupPreferenceChanged:278 
W/ActivityManager(  342): Unable to start service Intent { act=com.android.mail.action.BACKUP_DATA_CHANGED } U=0: not found
W/ActivityManager(  342): Unable to start service Intent { cmp=com.android.email/.service.AttachmentService } U=0: not found
W/ContextImpl( 1111): Implicit intents with startService are not safe: Intent { act=com.android.mail.action.BACKUP_DATA_CHANGED } android.content.ContextWrapper.startService:515 com.android.mail.MailIntentService.broadcastBackupDataChanged:123 com.android.mail.preferences.VersionedPrefs.notifyBackupPreferenceChanged:278 
W/ActivityManager(  342): Unable to start service Intent { act=com.android.mail.action.BACKUP_DATA_CHANGED } U=0: not found
W/ContextImpl( 1111): Implicit intents with startService are not safe: Intent { act=com.android.mail.action.BACKUP_DATA_CHANGED } android.content.ContextWrapper.startService:515 com.android.mail.MailIntentService.broadcastBackupDataChanged:123 com.android.mail.preferences.VersionedPrefs.notifyBackupPreferenceChanged:278 
W/ActivityManager(  342): Unable to start service Intent { act=com.android.mail.action.BACKUP_DATA_CHANGED } U=0: not found
W/art     ( 1111): Suspending all threads took: 50.297ms
W/ActivityManager(  342): Unable to start service Intent { cmp=com.android.email/.service.AttachmentService } U=0: not found
W/ActivityManager(  342): Unable to start service Intent { cmp=com.android.email/.service.AttachmentService } U=0: not found
W/VoiceInteractionManagerService(  342): no available voice recognition services found for user 0
W/GpsLocationProvider(  342): Could not open GPS configuration file /etc/gps.conf
E/GpsLocationProvider(  342): no AGPS interface in set_agps_server
E/GpsLocationProvider(  342): no GPS configuration interface in configuraiton_update
W/GpsLocationProvider(  342): Could not open GPS configuration file /etc/gps.conf
E/GpsLocationProvider(  342): no AGPS interface in set_agps_server
E/GpsLocationProvider(  342): no GPS configuration interface in configuraiton_update
W/GpsLocationProvider(  342): Could not open GPS configuration file /etc/gps.conf
E/GpsLocationProvider(  342): no AGPS interface in set_agps_server
E/GpsLocationProvider(  342): no GPS configuration interface in configuraiton_update
W/GpsLocationProvider(  342): Could not open GPS configuration file /etc/gps.conf
E/GpsLocationProvider(  342): no AGPS interface in set_agps_server
E/GpsLocationProvider(  342): no GPS configuration interface in configuraiton_update
W/GpsLocationProvider(  342): Could not open GPS configuration file /etc/gps.conf
E/GpsLocationProvider(  342): no AGPS interface in set_agps_server
E/GpsLocationProvider(  342): no GPS configuration interface in configuraiton_update
W/GpsLocationProvider(  342): Could not open GPS configuration file /etc/gps.conf
E/GpsLocationProvider(  342): no AGPS interface in set_agps_server
E/GpsLocationProvider(  342): no GPS configuration interface in configuraiton_update
W/GpsLocationProvider(  342): Could not open GPS configuration file /etc/gps.conf
E/GpsLocationProvider(  342): no AGPS interface in set_agps_server
E/GpsLocationProvider(  342): no GPS configuration interface in configuraiton_update
W/GpsLocationProvider(  342): Could not open GPS configuration file /etc/gps.conf
E/GpsLocationProvider(  342): no AGPS interface in set_agps_server
E/GpsLocationProvider(  342): no GPS configuration interface in configuraiton_update
W/GpsLocationProvider(  342): Could not open GPS configuration file /etc/gps.conf
E/GpsLocationProvider(  342): no AGPS interface in set_agps_server
E/GpsLocationProvider(  342): no GPS configuration interface in configuraiton_update
E/SQLiteLog(  970): (1) no such table: files
E/MetadataRetrieverClient(   64): failed to extract an album art
W/BackupManagerService(  342): dataChanged but no participant pkg='com.android.providers.settings' uid=10005
W/dex2oat ( 1346): Verification of java.util.Vector org.apache.tools.ant.util.JavaEnvUtils.getJrePackageTestCases() took 182.849ms
W/dex2oat ( 1346): Compilation of void com.ximpleware.extended.VTDGenHuge.parse(boolean) took 122.377ms
W/dex2oat ( 1346): Compilation of java_cup.runtime.Symbol com.ximpleware.extended.xpath.CUP$parser$actions.CUP$parser$do_action(int, java_cup.runtime.lr_parser, java.util.Stack, int) took 170.853ms
