--------- beginning of /dev/log/main
E/logwrapper(   39): executing /system/bin/e2fsck failed: No such file or directory
E/logwrapper(   45): executing /system/bin/e2fsck failed: No such file or directory
E/cutils  (   59): Failed to read /data/.layout_version: No such file or directory
--------- beginning of /dev/log/system
W/InterfaceController(   52): Warning (dlopen failed: library "/system/lib/libnetcmdiface.so" not found) while opening the net interface command library
E/SurfaceFlinger(   55): hwcomposer module not found
W/SurfaceFlinger(   55): getting VSYNC period from fb HAL: 1536001
W/SurfaceFlinger(   55): no suitable EGLConfig found, trying a simpler query
W/SurfaceFlinger(   55): EGL_SLOW_CONFIG selected!
W/SurfaceFlinger(   55): power module not found
W/SurfaceFlinger(   55): power module not found
E/SurfaceFlinger(   55): ro.sf.lcd_density must be defined as a build property
W/AudioFlinger(   58): Thread AudioOut_2 cannot connect to the power manager service
E/AudioFlinger(   58): int android::load_audio_interface(const char*, audio_hw_device_t**) couldn't load audio hw module audio.r_submix (No such file or directory)
W/AudioPolicyManagerBase(   58): could not open HW module r_submix
W/AudioFlinger(   58): Thread AudioOut_2 cannot connect to the power manager service
W/AudioFlinger(   58): Thread AudioOut_2 cannot connect to the power manager service
E/AudioFlinger(   58): no wake lock to update!
E/memtrack(   56): Couldn't load memtrack module (No such file or directory)
E/android.os.Debug(   56): failed to load memtrack module: -2
W/dalvikvm(   56): Exception Ljava/lang/UnsatisfiedLinkError; thrown while initializing Landroid/media/videoeditor/MediaArtistNativeHelper;
W/Zygote  (   56): Class not found for preloading: android.media.videoeditor.MediaArtistNativeHelper
E/EmojiFactory_jni(   56): Failed to load libemoji.so: dlopen failed: library "libemoji.so" not found
W/Zygote  (   56): Class not found for preloading: java.lang.UnsafeByteSequence
E/logwrapper(  296): executing /system/bin/ip failed: No such file or directory
E/logwrapper(  297): executing /system/bin/ip failed: No such file or directory
E/logwrapper(  298): executing /system/bin/ip failed: No such file or directory
E/logwrapper(  299): executing /system/bin/ip failed: No such file or directory
E/logwrapper(  300): executing /system/bin/ip failed: No such file or directory
E/logwrapper(  301): executing /system/bin/ip failed: No such file or directory
E/logwrapper(  302): executing /system/bin/ip failed: No such file or directory
E/PowerManagerService-JNI(  377): Couldn't load power module (No such file or directory)
E/SurfaceFlinger(   55): ro.sf.lcd_density must be defined as a build property
W/FileUtils(  377): Failed to chmod(/data/system/packages.list): libcore.io.ErrnoException: chmod failed: ENOENT (No such file or directory)
W/PackageManager(  377): Running ENG build: no pre-dexopt!
W/PackageParser(  377): No actions in intent filter at /system/priv-app/Contacts.apk Binary XML file line #375
W/PackageParser(  377): No actions in intent filter at /system/priv-app/Dialer.apk Binary XML file line #162
W/ResourceType(  377): Failure getting entry for 0x7f050000 (t=4 e=0) in package 0 (error -75)
W/PackageParser(  377): No actions in intent filter at /data/app/ApiDemos.apk Binary XML file line #2899
W/PackageParser(  377): No actions in intent filter at /data/app/ApiDemos.apk Binary XML file line #2905
W/PackageManager(  377): Package com.example.android.apis desires unavailable shared library com.example.will.never.exist; ignoring!
W/PackageManager(  377): Package com.example.android.apis desires unavailable shared library com.example.will.never.exist; ignoring!
W/PackageManager(  377): Package com.android.camera desires unavailable shared library com.google.android.media.effects; ignoring!
W/PackageManager(  377): Not granting permission android.permission.GLOBAL_SEARCH to package com.android.quicksearchbox (protectionLevel=18 flags=0x8be45)
W/PackageManager(  377): Unknown permission com.android.smspush.WAPPUSH_MANAGER_BIND in package com.android.phone
W/PackageManager(  377): Unknown permission com.google.android.googleapps.permission.GOOGLE_AUTH in package com.android.providers.calendar
W/PackageManager(  377): Unknown permission com.google.android.googleapps.permission.GOOGLE_AUTH.cl in package com.android.providers.calendar
W/PackageManager(  377): Unknown permission com.google.android.googleapps.permission.GOOGLE_AUTH.mail in package com.android.calendar
W/PackageManager(  377): Not granting permission android.permission.ACCESS_DOWNLOAD_MANAGER to package com.android.browser (protectionLevel=18 flags=0x9be45)
W/PackageManager(  377): Not granting permission android.permission.SEND_DOWNLOAD_COMPLETED_INTENTS to package com.android.browser (protectionLevel=2 flags=0x9be45)
W/PackageManager(  377): Not granting permission android.permission.BIND_APPWIDGET to package com.android.widgetpreview (protectionLevel=18 flags=0x8be44)
W/PackageManager(  377): Unknown permission android.permission.INSTALL_DRM in package com.android.mms
W/PackageManager(  377): Unknown permission com.google.android.googleapps.permission.GOOGLE_AUTH in package com.android.settings
W/PackageManager(  377): Unknown permission com.google.android.googleapps.permission.ACCESS_GOOGLE_PASSWORD in package com.android.development
W/PackageManager(  377): Unknown permission com.google.android.googleapps.permission.GOOGLE_AUTH in package com.android.development
W/PackageManager(  377): Unknown permission com.google.android.googleapps.permission.GOOGLE_AUTH.ALL_SERVICES in package com.android.development
W/PackageManager(  377): Unknown permission com.google.android.googleapps.permission.GOOGLE_AUTH.YouTubeUser in package com.android.development
W/PackageManager(  377): Not granting permission android.permission.DELETE_PACKAGES to package com.svox.pico (protectionLevel=18 flags=0x8be45)
W/PackageManager(  377): Not granting permission android.permission.DEVICE_POWER to package com.android.deskclock (protectionLevel=2 flags=0x48be45)
W/EntropyMixer(  377): No existing entropy file -- first boot?
W/SyncManagerFile(  377): Error reading pending data.
W/SyncManagerFile(  377): java.io.FileNotFoundException: /data/system/sync/pending.xml: open failed: ENOENT (No such file or directory)
W/SyncManagerFile(  377): 	at libcore.io.IoBridge.open(IoBridge.java:409)
W/SyncManagerFile(  377): 	at java.io.FileInputStream.<init>(FileInputStream.java:78)
W/SyncManagerFile(  377): 	at android.util.AtomicFile.openRead(AtomicFile.java:199)
W/SyncManagerFile(  377): 	at com.android.server.content.SyncStorageEngine.readPendingOperationsLocked(SyncStorageEngine.java:2286)
W/SyncManagerFile(  377): 	at com.android.server.content.SyncStorageEngine.<init>(SyncStorageEngine.java:434)
W/SyncManagerFile(  377): 	at com.android.server.content.SyncStorageEngine.init(SyncStorageEngine.java:454)
W/SyncManagerFile(  377): 	at com.android.server.content.SyncManager.<init>(SyncManager.java:383)
W/SyncManagerFile(  377): 	at com.android.server.content.ContentService.getSyncManager(ContentService.java:75)
W/SyncManagerFile(  377): 	at com.android.server.content.ContentService.notifyChange(ContentService.java:283)
W/SyncManagerFile(  377): 	at android.content.ContentResolver.notifyChange(ContentResolver.java:1621)
W/SyncManagerFile(  377): 	at com.android.providers.settings.SettingsProvider.sendNotify(SettingsProvider.java:262)
W/SyncManagerFile(  377): 	at com.android.providers.settings.SettingsProvider.insertForUser(SettingsProvider.java:941)
W/SyncManagerFile(  377): 	at com.android.providers.settings.SettingsProvider.ensureAndroidIdIsSet(SettingsProvider.java:496)
W/SyncManagerFile(  377): 	at com.android.providers.settings.SettingsProvider.establishDbTracking(SettingsProvider.java:409)
W/SyncManagerFile(  377): 	at com.android.providers.settings.SettingsProvider.onCreate(SettingsProvider.java:335)
W/SyncManagerFile(  377): 	at android.content.ContentProvider.attachInfo(ContentProvider.java:1591)
W/SyncManagerFile(  377): 	at android.content.ContentProvider.attachInfo(ContentProvider.java:1562)
W/SyncManagerFile(  377): 	at android.app.ActivityThread.installProvider(ActivityThread.java:4790)
W/SyncManagerFile(  377): 	at android.app.ActivityThread.installContentProviders(ActivityThread.java:4385)
W/SyncManagerFile(  377): 	at android.app.ActivityThread.installSystemProviders(ActivityThread.java:4945)
W/SyncManagerFile(  377): 	at com.android.server.am.ActivityManagerService.installSystemProviders(ActivityManagerService.java:8081)
W/SyncManagerFile(  377): 	at com.android.server.ServerThread.initAndLoop(SystemServer.java:275)
W/SyncManagerFile(  377): 	at com.android.server.SystemServer.main(SystemServer.java:1179)
W/SyncManagerFile(  377): 	at java.lang.reflect.Method.invokeNative(Native Method)
W/SyncManagerFile(  377): 	at java.lang.reflect.Method.invoke(Method.java:515)
W/SyncManagerFile(  377): 	at com.android.internal.os.ZygoteInit$MethodAndArgsCaller.run(ZygoteInit.java:779)
W/SyncManagerFile(  377): 	at com.android.internal.os.ZygoteInit.main(ZygoteInit.java:595)
W/SyncManagerFile(  377): 	at dalvik.system.NativeStart.main(Native Method)
W/SyncManagerFile(  377): Caused by: libcore.io.ErrnoException: open failed: ENOENT (No such file or directory)
W/SyncManagerFile(  377): 	at libcore.io.Posix.open(Native Method)
W/SyncManagerFile(  377): 	at libcore.io.BlockGuardOs.open(BlockGuardOs.java:110)
W/SyncManagerFile(  377): 	at libcore.io.IoBridge.open(IoBridge.java:393)
W/SyncManagerFile(  377): 	... 27 more
E/ConsumerIrService(  377): Can't open consumer IR HW Module, error: -2
W/libsuspend(  377): Error writing 'on' to /sys/power/state: Invalid argument
E/libsuspend(  377): Error opening /sys/power/autosleep: No such file or directory
E/EventHub(  377): could not get driver version for /dev/input/mouse0, Not a typewriter
W/EventHub(  377): Unable to disable kernel key repeat for /dev/input/event0: Function not implemented
E/EventHub(  377): could not get driver version for /dev/input/mice, Not a typewriter
W/InputMethodManagerService(  377): No IME selected. Choose the most applicable IME.
W/MountService(  377): getSecureContainerList() called when storage not mounted
W/PackageManager(  377): Not granting permission android.permission.GLOBAL_SEARCH to package com.android.quicksearchbox (protectionLevel=18 flags=0x8be45)
W/PackageManager(  377): Unknown permission com.android.smspush.WAPPUSH_MANAGER_BIND in package com.android.phone
W/PackageManager(  377): Unknown permission com.google.android.googleapps.permission.GOOGLE_AUTH in package com.android.providers.calendar
W/PackageManager(  377): Unknown permission com.google.android.googleapps.permission.GOOGLE_AUTH.cl in package com.android.providers.calendar
W/PackageManager(  377): Unknown permission com.google.android.googleapps.permission.GOOGLE_AUTH.mail in package com.android.calendar
W/PackageManager(  377): Not granting permission android.permission.ACCESS_DOWNLOAD_MANAGER to package com.android.browser (protectionLevel=18 flags=0x9be45)
W/PackageManager(  377): Not granting permission android.permission.SEND_DOWNLOAD_COMPLETED_INTENTS to package com.android.browser (protectionLevel=2 flags=0x9be45)
W/PackageManager(  377): Not granting permission android.permission.BIND_APPWIDGET to package com.android.widgetpreview (protectionLevel=18 flags=0x8be44)
W/PackageManager(  377): Unknown permission android.permission.INSTALL_DRM in package com.android.mms
W/PackageManager(  377): Unknown permission com.google.android.googleapps.permission.GOOGLE_AUTH in package com.android.settings
W/PackageManager(  377): Unknown permission com.google.android.googleapps.permission.ACCESS_GOOGLE_PASSWORD in package com.android.development
W/PackageManager(  377): Unknown permission com.google.android.googleapps.permission.GOOGLE_AUTH in package com.android.development
W/PackageManager(  377): Unknown permission com.google.android.googleapps.permission.GOOGLE_AUTH.ALL_SERVICES in package com.android.development
W/PackageManager(  377): Unknown permission com.google.android.googleapps.permission.GOOGLE_AUTH.YouTubeUser in package com.android.development
W/PackageManager(  377): Not granting permission android.permission.DELETE_PACKAGES to package com.svox.pico (protectionLevel=18 flags=0x8be45)
W/PackageManager(  377): Not granting permission android.permission.DEVICE_POWER to package com.android.deskclock (protectionLevel=2 flags=0x48be45)
E/MobileDataStateTracker(  377): default: Ignoring feature request because could not acquire PhoneService
E/MobileDataStateTracker(  377): default: Could not enable APN type "default"
W/WallpaperService(  377): no current wallpaper -- first boot?
W/DockObserver(  377): This kernel does not have dock station support
W/WiredAccessoryManager(  377): This kernel does not have wired headset support
W/WiredAccessoryManager(  377): This kernel does not have usb audio support
W/WiredAccessoryManager(  377): This kernel does not have HDMI audio support
E/SQLiteLog(  377): (1) no such table: locksettings
W/AssetAtlasService(  377): Could not find EGL configuration
W/InputMethodManagerService(  377): Focus gain on non-focused client android.view.inputmethod.InputMethodManager$1@b2df2528 (uid=1000 pid=377)
E/SoundPool(  449): error loading /system/media/audio/ui/Lock.ogg
W/KeyguardViewMediator(  449): failed to load lock sound from /system/media/audio/ui/Lock.ogg
E/SoundPool(  449): error loading /system/media/audio/ui/Unlock.ogg
W/KeyguardViewMediator(  449): failed to load unlock sound from /system/media/audio/ui/Unlock.ogg
E/NetdConnector(  377): NDC Command {1 bandwidth enable} took too long (3091ms)
E/BluetoothAdapter(  449): Bluetooth binder is null
E/BluetoothAdapter(  449): Bluetooth binder is null
E/BluetoothAdapter(  449): Bluetooth binder is null
E/BluetoothAdapter(  449): Bluetooth binder is null
W/RecognitionManagerService(  377): no available voice recognition services found for user 0
W/AppWidgetServiceImpl(  377): Failed to read state: java.io.FileNotFoundException: /data/system/users/0/appwidgets.xml: open failed: ENOENT (No such file or directory)
W/InputMethodManagerService(  377): Ignoring setImeWindowStatus of uid 1000 token: null
W/InputMethodUtils(  377): Found no subtypes in a system IME: com.android.inputmethod.pinyin
W/InputMethodManagerService(  377): Reset the default IME as "Resource" is ready here.
W/InputMethodUtils(  377): Found no subtypes in a system IME: com.android.inputmethod.pinyin
W/GpsLocationProvider(  377): Could not open GPS configuration file /etc/gps.conf
W/ServiceWatcher(  377): com.google.android.location not found
W/ServiceWatcher(  377): com.google.android.location not found
W/LocationManagerService(  377): no network location provider found
W/ServiceWatcher(  377): com.google.android.location not found
W/InputMethodManagerService(  377): Illegal subtype state: old subtype = null, new subtype = android.view.inputmethod.InputMethodSubtype@c9194f98
W/ServiceWatcher(  377): com.google.android.location not found
E/LocationManagerService(  377): no geocoder provider found
E/FlpHardwareProvider(  377): Error hw_get_module 'flp': -2
W/ServiceWatcher(  377): com.google.android.location not found
E/LocationManagerService(  377): No FusedProvider found.
E/FlpHardwareProvider(  377): Error hw_get_module 'flp': -2
W/ServiceWatcher(  377): com.google.android.location not found
E/LocationManagerService(  377): no geofence provider found
E/BluetoothAdapter(  449): Bluetooth binder is null
E/RemotePrintSpooler(  377): Error removing obsolete print jobs .
E/RemotePrintSpooler(  377): java.util.concurrent.TimeoutException: Cannot get spooler!
E/RemotePrintSpooler(  377): 	at com.android.server.print.RemotePrintSpooler.bindLocked(RemotePrintSpooler.java:376)
E/RemotePrintSpooler(  377): 	at com.android.server.print.RemotePrintSpooler.getRemoteInstanceLazy(RemotePrintSpooler.java:352)
E/RemotePrintSpooler(  377): 	at com.android.server.print.RemotePrintSpooler.removeObsoletePrintJobs(RemotePrintSpooler.java:287)
E/RemotePrintSpooler(  377): 	at com.android.server.print.UserState.removeObsoletePrintJobs(UserState.java:163)
E/RemotePrintSpooler(  377): 	at com.android.server.print.PrintManagerService$1.run(PrintManagerService.java:94)
E/RemotePrintSpooler(  377): 	at android.os.Handler.handleCallback(Handler.java:733)
E/RemotePrintSpooler(  377): 	at android.os.Handler.dispatchMessage(Handler.java:95)
E/RemotePrintSpooler(  377): 	at android.os.Looper.loop(Looper.java:136)
E/RemotePrintSpooler(  377): 	at android.os.HandlerThread.run(HandlerThread.java:61)
W/InputAttributes(  568): No editor info for this field. Bug?
W/ActivityManager(  377): Timeout executing service: ServiceRecord{b2dea898 u0 com.android.systemui/.ImageWallpaper}
E/BluetoothAdapter(  621): Bluetooth binder is null
W/BackupManagerService(  377): dataChanged but no participant pkg='com.android.providers.settings' uid=1001
W/WindowManager(  377): Window freeze timeout expired.
W/WindowManager(  377): Force clearing orientation change: Window{b32038d0 u0 StatusBar}
E/BluetoothAdapter(  607): Bluetooth binder is null
E/BluetoothAdapter(  607): Bluetooth binder is null
E/BluetoothAdapter(  607): Bluetooth binder is null
W/ProcessCpuTracker(  377): Skipping unknown process pid 670
W/ProcessCpuTracker(  377): Skipping unknown process pid 698
E/ActivityManager(  377): ANR in com.android.systemui
E/ActivityManager(  377): PID: 449
E/ActivityManager(  377): Reason: Executing service com.android.systemui/.ImageWallpaper
E/ActivityManager(  377): Load: 4.27 / 1.5 / 0.55
E/ActivityManager(  377): CPU usage from 73ms to -8628ms ago:
E/ActivityManager(  377):   30% 377/system_server: 21% user + 8.9% kernel / faults: 1803 minor
E/ActivityManager(  377):   9.4% 607/com.android.phone: 7.4% user + 1.9% kernel / faults: 1825 minor 2 major
E/ActivityManager(  377):   0.5% 53/debuggerd: 0.1% user + 0.3% kernel / faults: 1338 minor
E/ActivityManager(  377):   7.1% 55/surfaceflinger: 4.9% user + 2.1% kernel / faults: 183 minor
E/ActivityManager(  377):   6.5% 449/com.android.systemui: 5.2% user + 1.2% kernel / faults: 754 minor
E/ActivityManager(  377):   5.8% 568/com.android.inputmethod.latin: 4.1% user + 1.7% kernel / faults: 825 minor
E/ActivityManager(  377):   1.7% 584/android.process.acore: 0.8% user + 0.9% kernel / faults: 259 minor
E/ActivityManager(  377):   1% 621/com.android.settings: 0.5% user + 0.4% kernel / faults: 640 minor 3 major
E/ActivityManager(  377):   0.9% 95/bootanimation: 0.6% user + 0.2% kernel
E/ActivityManager(  377):   0.6% 26/mtdblock1: 0% user + 0.6% kernel
E/ActivityManager(  377):   0.4% 4/kworker/0:0: 0% user + 0.4% kernel
E/ActivityManager(  377):   0.4% 254/logcat: 0% user + 0.4% kernel
E/ActivityManager(  377):   0.3% 25/mtdblock0: 0% user + 0.3% kernel
E/ActivityManager(  377):   0.1% 56/zygote: 0% user + 0.1% kernel / faults: 157 minor
E/ActivityManager(  377):   0.3% 58/mediaserver: 0.3% user + 0% kernel / faults: 9 minor
E/ActivityManager(  377):   0.2% 40/jbd2/mtdblock1-: 0% user + 0.2% kernel
E/ActivityManager(  377):   0% 49/servicemanager: 0% user + 0% kernel
E/ActivityManager(  377):   0.2% 59/installd: 0% user + 0.2% kernel / faults: 13 minor
E/ActivityManager(  377):  +0% 683/com.android.music: 0% user + 0% kernel
E/ActivityManager(  377):  +0% 707/<pre-initialized>: 0% user + 0% kernel
E/ActivityManager(  377):  +0% 721/dexopt: 0% user + 0% kernel
E/ActivityManager(  377): 100% TOTAL: 67% user + 32% kernel
E/ActivityManager(  377): CPU usage from 7626ms to 8340ms later:
E/ActivityManager(  377):   50% 721/dexopt: 45% user + 4.6% kernel / faults: 507 minor
E/ActivityManager(  377):   27% 377/system_server: 14% user + 13% kernel / faults: 77 minor
E/ActivityManager(  377):     10% 392/ActivityManager: 2.9% user + 7.3% kernel
E/ActivityManager(  377):     10% 393/android.bg: 4.4% user + 5.8% kernel
E/ActivityManager(  377):     2.9% 384/Compiler: 1.4% user + 1.4% kernel
E/ActivityManager(  377):     1.4% 651/Binder_A: 1.4% user + 0% kernel
E/ActivityManager(  377):    +0% 722/Binder_B: 0% user + 0% kernel
E/ActivityManager(  377):    +0% 723/Binder_C: 0% user + 0% kernel
E/ActivityManager(  377):    +0% 724/Binder_D: 0% user + 0% kernel
E/ActivityManager(  377):    +0% 725/Binder_E: 0% user + 0% kernel
E/ActivityManager(  377):   4.8% 584/android.process.acore: 2.4% user + 2.4% kernel / faults: 57 minor
E/ActivityManager(  377):     4% 647/ContactsProvide: 0.8% user + 3.2% kernel
E/ActivityManager(  377):     0.8% 594/Compiler: 0.8% user + 0% kernel
E/ActivityManager(  377):   5.9% 55/surfaceflinger: 4.4% user + 1.4% kernel / faults: 14 minor
E/ActivityManager(  377):     4.4% 55/surfaceflinger: 4.4% user + 0% kernel
E/ActivityManager(  377):     1.4% 480/Binder_4: 0% user + 1.4% kernel
E/ActivityManager(  377):   6% 683/com.android.music: 3% user + 3% kernel / faults: 459 minor 3 major
E/ActivityManager(  377):     6% 683/re-initialized>: 3% user + 3% kernel
E/ActivityManager(  377):   0.4% 95/bootanimation: 0% user + 0.4% kernel
E/ActivityManager(  377):     0.8% 104/BootAnimation: 0% user + 0.8% kernel
E/ActivityManager(  377): 100% TOTAL: 66% user + 33% kernel
W/InputDispatcher(  377): channel 'b32038d0 StatusBar (server)' ~ Consumer closed input channel or an error occurred.  events=0x9
E/InputDispatcher(  377): channel 'b32038d0 StatusBar (server)' ~ Channel is unrecoverably broken and will be disposed!
W/InputDispatcher(  377): Attempted to unregister already unregistered input channel 'b32038d0 StatusBar (server)'
W/ActivityManager(  377): Scheduling restart of crashed service com.android.keyguard/.KeyguardService in 0ms
W/ActivityManager(  377): Scheduling restart of crashed service com.android.systemui/.SystemUIService in 0ms
W/ActivityManager(  377): Scheduling restart of crashed service com.android.systemui/.ImageWallpaper in 0ms
W/WallpaperService(  377): Wallpaper service gone: ComponentInfo{com.android.systemui/com.android.systemui.ImageWallpaper}
W/WallpaperService(  377): Reverting to built-in wallpaper!
W/ProcessCpuTracker(  377): Skipping unknown process pid 758
E/BluetoothAdapter(  621): Bluetooth binder is null
W/ActivityManager(  377): Launch timeout has expired, giving up wake lock!
W/BroadcastQueue(  377): Failure sending broadcast Intent { act=android.intent.action.PACKAGE_CHANGED dat=package:com.android.settings flg=0x4000010 (has extras) }
W/BroadcastQueue(  377): android.os.DeadObjectException
W/BroadcastQueue(  377): 	at android.os.BinderProxy.transact(Native Method)
W/BroadcastQueue(  377): 	at android.content.IIntentReceiver$Stub$Proxy.performReceive(IIntentReceiver.java:124)
W/BroadcastQueue(  377): 	at com.android.server.am.BroadcastQueue.performReceiveLocked(BroadcastQueue.java:424)
W/BroadcastQueue(  377): 	at com.android.server.am.BroadcastQueue.deliverToRegisteredReceiverLocked(BroadcastQueue.java:507)
W/BroadcastQueue(  377): 	at com.android.server.am.BroadcastQueue.processNextBroadcast(BroadcastQueue.java:555)
W/BroadcastQueue(  377): 	at com.android.server.am.BroadcastQueue$1.handleMessage(BroadcastQueue.java:141)
W/BroadcastQueue(  377): 	at android.os.Handler.dispatchMessage(Handler.java:102)
W/BroadcastQueue(  377): 	at android.os.Looper.loop(Looper.java:136)
W/BroadcastQueue(  377): 	at com.android.server.am.ActivityManagerService$AThread.run(ActivityManagerService.java:1870)
W/Resources(  707): Converting to int: TypedValue{t=0x3/d=0x12 "4" a=-1}
W/Resources(  707): Converting to int: TypedValue{t=0x3/d=0xf "1" a=-1}
E/memtrack(  806): Couldn't load memtrack module (No such file or directory)
E/android.os.Debug(  806): failed to load memtrack module: -2
W/Resources(  707): Converting to int: TypedValue{t=0x3/d=0x15 "2" a=-1}
W/Resources(  707): Converting to int: TypedValue{t=0x3/d=0x15 "2" a=-1}
W/Launcher.LauncherProvider(  707): Unable to add favorite: com.android.camera2/com.android.camera.CameraLauncher
W/Launcher.LauncherProvider(  707): android.content.pm.PackageManager$NameNotFoundException: ComponentInfo{com.android.camera2/com.android.camera.CameraLauncher}
W/Launcher.LauncherProvider(  707): 	at android.app.ApplicationPackageManager.getActivityInfo(ApplicationPackageManager.java:242)
W/Launcher.LauncherProvider(  707): 	at com.android.launcher2.LauncherProvider$DatabaseHelper.addAppShortcut(LauncherProvider.java:939)
W/Launcher.LauncherProvider(  707): 	at com.android.launcher2.LauncherProvider$DatabaseHelper.loadFavorites(LauncherProvider.java:843)
W/Launcher.LauncherProvider(  707): 	at com.android.launcher2.LauncherProvider$DatabaseHelper.access$000(LauncherProvider.java:233)
W/Launcher.LauncherProvider(  707): 	at com.android.launcher2.LauncherProvider.loadDefaultFavoritesIfNecessary(LauncherProvider.java:228)
W/Launcher.LauncherProvider(  707): 	at com.android.launcher2.LauncherModel$LoaderTask.loadWorkspace(LauncherModel.java:1263)
W/Launcher.LauncherProvider(  707): 	at com.android.launcher2.LauncherModel$LoaderTask.loadAndBindWorkspace(LauncherModel.java:1005)
W/Launcher.LauncherProvider(  707): 	at com.android.launcher2.LauncherModel$LoaderTask.run(LauncherModel.java:1111)
W/Launcher.LauncherProvider(  707): 	at android.os.Handler.handleCallback(Handler.java:733)
W/Launcher.LauncherProvider(  707): 	at android.os.Handler.dispatchMessage(Handler.java:95)
W/Launcher.LauncherProvider(  707): 	at android.os.Looper.loop(Looper.java:136)
W/Launcher.LauncherProvider(  707): 	at android.os.HandlerThread.run(HandlerThread.java:61)
W/Launcher.LauncherProvider(  707): Unable to add favorite: com.android.gallery3d/com.android.gallery3d.app.Gallery
W/Launcher.LauncherProvider(  707): android.content.pm.PackageManager$NameNotFoundException: ComponentInfo{com.android.gallery3d/com.android.gallery3d.app.Gallery}
W/Launcher.LauncherProvider(  707): 	at android.app.ApplicationPackageManager.getActivityInfo(ApplicationPackageManager.java:242)
W/Launcher.LauncherProvider(  707): 	at com.android.launcher2.LauncherProvider$DatabaseHelper.addAppShortcut(LauncherProvider.java:939)
W/Launcher.LauncherProvider(  707): 	at com.android.launcher2.LauncherProvider$DatabaseHelper.loadFavorites(LauncherProvider.java:843)
W/Launcher.LauncherProvider(  707): 	at com.android.launcher2.LauncherProvider$DatabaseHelper.access$000(LauncherProvider.java:233)
W/Launcher.LauncherProvider(  707): 	at com.android.launcher2.LauncherProvider.loadDefaultFavoritesIfNecessary(LauncherProvider.java:228)
W/Launcher.LauncherProvider(  707): 	at com.android.launcher2.LauncherModel$LoaderTask.loadWorkspace(LauncherModel.java:1263)
W/Launcher.LauncherProvider(  707): 	at com.android.launcher2.LauncherModel$LoaderTask.loadAndBindWorkspace(LauncherModel.java:1005)
W/Launcher.LauncherProvider(  707): 	at com.android.launcher2.LauncherModel$LoaderTask.run(LauncherModel.java:1111)
W/Launcher.LauncherProvider(  707): 	at android.os.Handler.handleCallback(Handler.java:733)
W/Launcher.LauncherProvider(  707): 	at android.os.Handler.dispatchMessage(Handler.java:95)
W/Launcher.LauncherProvider(  707): 	at android.os.Looper.loop(Looper.java:136)
W/Launcher.LauncherProvider(  707): 	at android.os.HandlerThread.run(HandlerThread.java:61)
E/SoundPool(  760): error loading /system/media/audio/ui/Lock.ogg
W/KeyguardViewMediator(  760): failed to load lock sound from /system/media/audio/ui/Lock.ogg
E/SoundPool(  760): error loading /system/media/audio/ui/Unlock.ogg
W/KeyguardViewMediator(  760): failed to load unlock sound from /system/media/audio/ui/Unlock.ogg
W/WindowManager(  377): Window freeze timeout expired.
W/WindowManager(  377): Force clearing orientation change: Window{b31d5b60 u0 com.android.launcher/com.android.launcher2.Launcher}
W/WindowManager(  377): Force clearing orientation change: Window{b31fb728 u0 com.android.systemui.ImageWallpaper}
E/SurfaceFlinger(   55): glCheckFramebufferStatusOES error -1786344723
E/SurfaceFlinger(   55): got GL_FRAMEBUFFER_COMPLETE_OES error while taking screenshot
E/BluetoothAdapter(  760): Bluetooth binder is null
E/BluetoothAdapter(  760): Bluetooth binder is null
E/BluetoothAdapter(  760): Bluetooth binder is null
W/WindowManager(  377): Window freeze timeout expired.
W/WindowManager(  377): Force clearing orientation change: Window{b31fb728 u0 com.android.systemui.ImageWallpaper}
E/BluetoothAdapter(  760): Bluetooth binder is null
E/BluetoothAdapter(  760): Bluetooth binder is null
W/WindowManager(  377): App freeze timeout expired.
W/WindowManager(  377): Force clearing freeze: AppWindowToken{b3700d38 token=Token{b36ffc60 ActivityRecord{b36ffb00 u0 com.android.launcher/com.android.launcher2.Launcher t3}}}
E/NetdConnector(  377): NDC Command {16 bandwidth setiquota eth0 9223372036854775807} took too long (1654ms)
E/NetdConnector(  377): NDC Command {17 bandwidth removeiquota eth0} took too long (592ms)
E/NetdConnector(  377): NDC Command {18 bandwidth setiquota eth0 9223372036854775807} took too long (1011ms)
E/logwrapper(  922): executing /system/bin/ip failed: No such file or directory
E/ConnectivityService(  377): Exception trying to add a route: java.lang.IllegalStateException: command '25 interface fwmark exempt add 10.0.2.2/32' failed with '400 25 Failed to add exemption rule (File exists)'
E/logwrapper(  924): executing /system/bin/ip failed: No such file or directory
E/ConnectivityService(  377): Exception trying to add a route: java.lang.IllegalStateException: command '27 interface fwmark exempt add 10.0.2.3/32' failed with '400 27 Failed to add exemption rule (File exists)'
E/logwrapper(  925): executing /system/bin/ip failed: No such file or directory
E/SecondaryTablController(   52): ip route add failed: /system/bin/ip route add 10.0.2.2/32 via 0.0.0.0 dev eth0 table 60
W/FrameworkListener(   52): Handler 'interface' error (No such device)
E/ConnectivityService(  377): Exception trying to add a route: java.lang.IllegalStateException: command '28 interface route add eth0 secondary 10.0.2.2 32 0.0.0.0' failed with '400 28 ip route modification failed (No such device)'
E/logwrapper(  926): executing /system/bin/ip failed: No such file or directory
E/SecondaryTablController(   52): ip route add failed: /system/bin/ip route add 0.0.0.0/0 via 10.0.2.2 dev eth0 table 60
W/FrameworkListener(   52): Handler 'interface' error (No such device)
E/ConnectivityService(  377): Exception trying to add a route: java.lang.IllegalStateException: command '29 interface route add eth0 secondary 0.0.0.0 0 10.0.2.2' failed with '400 29 ip route modification failed (No such device)'
W/NetworkPolicy(  377): shared quota unsupported; generating rule for each iface
E/NetdConnector(  377): NDC Command {31 bandwidth removeiquota eth0} took too long (742ms)
W/BroadcastQueue(  377): Timeout of broadcast BroadcastRecord{b31f5968 u-1 android.intent.action.TIME_TICK} - receiver=android.os.BinderProxy@b2df8118, started 10007ms ago
W/BroadcastQueue(  377): Receiver during timeout: BroadcastFilter{b2f640c0 u0 ReceiverList{b368b460 760 com.android.systemui/10007/u0 remote:b2df8118}}
W/ActivityManager(  377): Unable to start service Intent { cmp=com.android.email/.service.AttachmentDownloadService } U=0: not found
E/NetdConnector(  377): NDC Command {33 bandwidth setiquota eth0 9223372036854775807} took too long (2266ms)
W/WindowManager(  377): Window freeze timeout expired.
W/WindowManager(  377): Force clearing orientation change: Window{b2f530f8 u0 StatusBar}
W/WindowManager(  377): Force clearing orientation change: Window{b31e28d8 u0 Keyguard}
W/WindowManager(  377): Force clearing orientation change: Window{b36619a0 u0 com.android.launcher/com.android.launcher2.Launcher}
E/NetdConnector(  377): NDC Command {34 bandwidth removeiquota eth0} took too long (705ms)
E/NetdConnector(  377): NDC Command {32 interface route add eth0 default 10.0.2.2 32 0.0.0.0} took too long (4345ms)
E/NetdConnector(  377): NDC Command {35 bandwidth setiquota eth0 9223372036854775807} took too long (1418ms)
E/logwrapper(  982): executing /system/bin/ip failed: No such file or directory
W/ProcessCpuTracker(  377): Skipping unknown process pid 970
E/NetdConnector(  377): NDC Command {36 interface fwmark exempt add 10.0.2.2/32} took too long (718ms)
E/ConnectivityService(  377): Exception trying to add a route: java.lang.IllegalStateException: command '36 interface fwmark exempt add 10.0.2.2/32' failed with '400 36 Failed to add exemption rule (File exists)'
E/NetdConnector(  377): NDC Command {37 bandwidth setglobalalert 2097152} took too long (700ms)
E/ActivityManager(  377): ANR in com.android.systemui
E/ActivityManager(  377): PID: 760
E/ActivityManager(  377): Reason: Broadcast of Intent { act=android.intent.action.TIME_TICK flg=0x50000014 (has extras) }
E/ActivityManager(  377): Load: 9.55 / 3.11 / 1.12
E/ActivityManager(  377): CPU usage from 1886ms to -5526ms ago:
E/ActivityManager(  377):   27% 377/system_server: 20% user + 6.6% kernel / faults: 899 minor
E/ActivityManager(  377):   15% 760/com.android.systemui: 12% user + 3.1% kernel / faults: 1515 minor
E/ActivityManager(  377):   8.3% 52/netd: 0.9% user + 7.4% kernel / faults: 700 minor
E/ActivityManager(  377):   7.7% 55/surfaceflinger: 5.2% user + 2.4% kernel / faults: 753 minor
E/ActivityManager(  377):   4.8% 707/com.android.launcher: 3.2% user + 1.6% kernel / faults: 1304 minor
E/ActivityManager(  377):   0.7% 53/debuggerd: 0.5% user + 0.1% kernel / faults: 830 minor
E/ActivityManager(  377):   3.1% 788/com.android.email: 2.2% user + 0.8% kernel / faults: 389 minor
E/ActivityManager(  377):   2.1% 850/android.process.media: 1.7% user + 0.4% kernel / faults: 818 minor 3 major
E/ActivityManager(  377):   1.7% 607/com.android.phone: 0.6% user + 1% kernel / faults: 63 minor
E/ActivityManager(  377):   0.9% 819/com.android.defcontainer: 0.9% user + 0% kernel / faults: 182 minor
E/ActivityManager(  377):   0.6% 254/logcat: 0.4% user + 0.2% kernel
E/ActivityManager(  377):   0.5% 584/android.process.acore: 0.2% user + 0.2% kernel / faults: 30 minor
E/ActivityManager(  377):   0.2% 40/jbd2/mtdblock1-: 0% user + 0.2% kernel
E/ActivityManager(  377):   0.1% 26/mtdblock1: 0% user + 0.1% kernel
E/ActivityManager(  377):   0% 4/kworker/0:0: 0% user + 0% kernel
E/ActivityManager(  377):   0% 25/mtdblock0: 0% user + 0% kernel
E/ActivityManager(  377):   0.1% 49/servicemanager: 0% user + 0.1% kernel
E/ActivityManager(  377):   0.1% 67/adbd: 0% user + 0.1% kernel
E/ActivityManager(  377): 100% TOTAL: 70% user + 29% kernel
E/ActivityManager(  377): CPU usage from 4275ms to 4999ms later:
E/ActivityManager(  377):   42% 760/com.android.systemui: 32% user + 10% kernel / faults: 415 minor
E/ActivityManager(  377):     32% 760/ndroid.systemui: 27% user + 4.4% kernel
E/ActivityManager(  377):     5.8% 775/Compiler: 1.4% user + 4.4% kernel
E/ActivityManager(  377):     1.4% 785/Binder_2: 1.4% user + 0% kernel
E/ActivityManager(  377):     1.4% 843/Binder_3: 0% user + 1.4% kernel
E/ActivityManager(  377):    +0% 983/KeyguardWidgetP: 0% user + 0% kernel
E/ActivityManager(  377):    +0% 984/AsyncTask #1: 0% user + 0% kernel
E/ActivityManager(  377):   31% 377/system_server: 22% user + 8.5% kernel / faults: 53 minor
E/ActivityManager(  377):     8.5% 392/ActivityManager: 4.2% user + 4.2% kernel
E/ActivityManager(  377):     5.7% 391/WindowManager: 5.7% user + 0% kernel
E/ActivityManager(  377):     2.8% 724/Binder_D: 2.8% user + 0% kernel
E/ActivityManager(  377):     1.4% 384/Compiler: 1.4% user + 0% kernel
E/ActivityManager(  377):     1.4% 425/InputDispatcher: 0% user + 1.4% kernel
E/ActivityManager(  377):     1.4% 432/NetworkPolicy: 1.4% user + 0% kernel
E/ActivityManager(  377):     1.4% 464/AsyncTask #1: 1.4% user + 0% kernel
E/ActivityManager(  377):     1.4% 477/Binder_4: 1.4% user + 0% kernel
E/ActivityManager(  377):     1.4% 642/Binder_7: 1.4% user + 0% kernel
E/ActivityManager(  377):     1.4% 722/Binder_B: 1.4% user + 0% kernel
E/ActivityManager(  377):     1.4% 725/Binder_E: 1.4% user + 0% kernel
E/ActivityManager(  377):   18% 55/surfaceflinger: 11% user + 7.2% kernel / faults: 611 minor
E/ActivityManager(  377):     13% 55/surfaceflinger: 11% user + 1.4% kernel
E/ActivityManager(  377):     2.8% 77/Binder_2: 2.8% user + 0% kernel
E/ActivityManager(  377):     1.4% 74/Binder_1: 0% user + 1.4% kernel
E/ActivityManager(  377):     1.4% 151/Binder_3: 0% user + 1.4% kernel
E/ActivityManager(  377):     1.4% 480/Binder_4: 0% user + 1.4% kernel
E/ActivityManager(  377):   0.7% 67/adbd: 0% user + 0.7% kernel
E/ActivityManager(  377):     0.7% 246/adbd: 0% user + 0.7% kernel
E/ActivityManager(  377):   0.7% 254/logcat: 0.7% user + 0% kernel
E/ActivityManager(  377):   1.4% 707/com.android.launcher: 1.4% user + 0% kernel / faults: 93 minor
E/ActivityManager(  377):     1.4% 782/launcher-loader: 1.4% user + 0% kernel
E/ActivityManager(  377):   1.6% 850/android.process.media: 1.6% user + 0% kernel / faults: 38 minor
E/ActivityManager(  377):     1.6% 850/d.process.media: 1.6% user + 0% kernel
E/ActivityManager(  377): 100% TOTAL: 72% user + 27% kernel
E/NetdConnector(  377): NDC Command {38 interface route add eth0 default 74.125.131.100 32 10.0.2.2} took too long (2679ms)
E/logwrapper(  992): executing /system/bin/ip failed: No such file or directory
E/ConnectivityService(  377): Exception trying to add a route: java.lang.IllegalStateException: command '39 interface fwmark exempt add 74.125.131.100/32' failed with '400 39 Failed to add exemption rule (File exists)'
W/ActivityManager(  377): No content provider found for permission revoke: file:///data/local/tmp/chariba-debug.apk
W/ActivityManager(  377): No content provider found for permission revoke: file:///data/local/tmp/chariba-debug.apk
E/BluetoothAdapter(  621): Bluetooth binder is null
E/logwrapper( 1009): executing /system/bin/ip failed: No such file or directory
E/ConnectivityService(  377): Exception trying to add a route: java.lang.IllegalStateException: command '41 interface fwmark exempt add 10.0.2.2/32' failed with '400 41 Failed to add exemption rule (File exists)'
E/logwrapper( 1011): executing /system/bin/ip failed: No such file or directory
E/ConnectivityService(  377): Exception trying to add a route: java.lang.IllegalStateException: command '43 interface fwmark exempt add 74.125.131.139/32' failed with '400 43 Failed to add exemption rule (File exists)'
W/dalvikvm( 1012): method Landroid/support/v7/internal/widget/ListViewCompat;.lookForSelectablePosition incorrectly overrides package-private method with same name in Landroid/widget/ListView;
E/logwrapper( 1014): executing /system/bin/ip failed: No such file or directory
E/ConnectivityService(  377): Exception trying to add a route: java.lang.IllegalStateException: command '45 interface fwmark exempt add 10.0.2.2/32' failed with '400 45 Failed to add exemption rule (File exists)'
E/logwrapper( 1016): executing /system/bin/ip failed: No such file or directory
E/ConnectivityService(  377): Exception trying to add a route: java.lang.IllegalStateException: command '47 interface fwmark exempt add 74.125.131.139/32' failed with '400 47 Failed to add exemption rule (File exists)'
E/logwrapper( 1018): executing /system/bin/ip failed: No such file or directory
E/ConnectivityService(  377): Exception trying to add a route: java.lang.IllegalStateException: command '49 interface fwmark exempt add 10.0.2.2/32' failed with '400 49 Failed to add exemption rule (File exists)'
E/logwrapper( 1020): executing /system/bin/ip failed: No such file or directory
E/ConnectivityService(  377): Exception trying to add a route: java.lang.IllegalStateException: command '51 interface fwmark exempt add 74.125.131.138/32' failed with '400 51 Failed to add exemption rule (File exists)'
W/PackageManager(  377): Unknown permission com.google.android.providers.gsf.permission.READ_GSERVICES in package com.github.ay65535.chariba
E/logwrapper( 1022): executing /system/bin/ip failed: No such file or directory
E/SecondaryTablController(   52): ip route del failed: /system/bin/ip route del 10.0.2.2/32 via 0.0.0.0 dev eth0 table 60
W/FrameworkListener(   52): Handler 'interface' error (No such device)
E/logwrapper( 1023): executing /system/bin/ip failed: No such file or directory
E/SecondaryTablController(   52): ip route del failed: /system/bin/ip route del 0.0.0.0/0 via 10.0.2.2 dev eth0 table 60
W/FrameworkListener(   52): Handler 'interface' error (No such device)
E/NetdConnector(  377): NDC Command {57 bandwidth removeiquota eth0} took too long (689ms)
E/NetdConnector(  377): NDC Command {58 bandwidth gettetherstats} took too long (772ms)
E/NetdConnector(  377): NDC Command {59 bandwidth setiquota eth0 9223372036854775807} took too long (2436ms)
E/NetdConnector(  377): NDC Command {60 bandwidth gettetherstats} took too long (2330ms)
E/NetdConnector(  377): NDC Command {61 bandwidth removeiquota eth0} took too long (1066ms)
W/ProcessCpuTracker(  377): Skipping unknown process pid 1091
E/NetdConnector(  377): NDC Command {62 bandwidth setiquota eth0 9223372036854775807} took too long (2002ms)
E/memtrack( 1055): Couldn't load memtrack module (No such file or directory)
E/android.os.Debug( 1055): failed to load memtrack module: -2
W/ActivityManager(  377): No content provider found for permission revoke: file:///data/local/tmp/chariba-debug-test-unaligned.apk
E/BluetoothAdapter(  377): Bluetooth binder is null
E/BluetoothAdapter(  377): Bluetooth binder is null
E/SoundPool(  377): error loading /system/media/audio/ui/Effect_Tick.ogg
W/AudioService(  377): Soundpool could not load file: /system/media/audio/ui/Effect_Tick.ogg
E/SoundPool(  377): error loading /system/media/audio/ui/Effect_Tick.ogg
W/AudioService(  377): Soundpool could not load file: /system/media/audio/ui/Effect_Tick.ogg
E/SoundPool(  377): error loading /system/media/audio/ui/Effect_Tick.ogg
W/AudioService(  377): Soundpool could not load file: /system/media/audio/ui/Effect_Tick.ogg
E/SoundPool(  377): error loading /system/media/audio/ui/Effect_Tick.ogg
W/AudioService(  377): Soundpool could not load file: /system/media/audio/ui/Effect_Tick.ogg
E/SoundPool(  377): error loading /system/media/audio/ui/Effect_Tick.ogg
W/AudioService(  377): Soundpool could not load file: /system/media/audio/ui/Effect_Tick.ogg
E/SoundPool(  377): error loading /system/media/audio/ui/KeypressStandard.ogg
W/AudioService(  377): Soundpool could not load file: /system/media/audio/ui/KeypressStandard.ogg
E/SoundPool(  377): error loading /system/media/audio/ui/KeypressSpacebar.ogg
W/AudioService(  377): Soundpool could not load file: /system/media/audio/ui/KeypressSpacebar.ogg
E/SoundPool(  377): error loading /system/media/audio/ui/KeypressDelete.ogg
W/AudioService(  377): Soundpool could not load file: /system/media/audio/ui/KeypressDelete.ogg
E/SoundPool(  377): error loading /system/media/audio/ui/KeypressReturn.ogg
W/AudioService(  377): Soundpool could not load file: /system/media/audio/ui/KeypressReturn.ogg
E/SoundPool(  377): error loading /system/media/audio/ui/KeypressInvalid.ogg
W/AudioService(  377): Soundpool could not load file: /system/media/audio/ui/KeypressInvalid.ogg
W/AudioService(  377): onLoadSoundEffects(), Error -1 while loading samples
W/ActivityManager(  377): No content provider found for permission revoke: file:///data/local/tmp/chariba-debug-test-unaligned.apk
W/RecognitionManagerService(  377): no available voice recognition services found for user 0
W/ContentResolver( 1115): Failed to get type for: content://com.android.calendar (Unknown URL content://com.android.calendar)
E/SQLiteLog(  850): (1) no such table: files
E/WVMExtractor(   58): Failed to open libwvm.so
W/MediaProvider(  850): no database for scanned volume external
E/MetadataRetrieverClient(   58): failed to extract an album art
W/RecognitionManagerService(  377): no available voice recognition services found for user 0
E/SQLiteLog(  850): (1) no such table: album_info
W/MediaScanner(  850): Error opening directory '/storage/sdcard/', skipping: Permission denied.
E/memtrack( 1196): Couldn't load memtrack module (No such file or directory)
E/android.os.Debug( 1196): failed to load memtrack module: -2
W/ActivityManager(  377): No content provider found for permission revoke: file:///data/local/tmp/chariba-debug.apk
W/ActivityManager(  377): No content provider found for permission revoke: file:///data/local/tmp/chariba-debug.apk
W/dalvikvm( 1216): method Landroid/support/v7/internal/widget/ListViewCompat;.lookForSelectablePosition incorrectly overrides package-private meth