--------- beginning of /dev/log/main
E/logwrapper(   39): executing /system/bin/e2fsck failed: No such file or directory
E/logwrapper(   45): executing /system/bin/e2fsck failed: No such file or directory
E/cutils  (   59): Failed to read /data/.layout_version: No such file or directory
--------- beginning of /dev/log/system
W/InterfaceController(   52): Warning (dlopen failed: library "/system/lib/libnetcmdiface.so" not found) while opening the net interface command library
E/SurfaceFlinger(   55): hwcomposer module not found
W/SurfaceFlinger(   55): getting VSYNC period from fb HAL: 1536001
W/SurfaceFlinger(   55): no suitable EGLConfig found, trying a simpler query
W/SurfaceFlinger(   55): EGL_SLOW_CONFIG selected!
W/SurfaceFlinger(   55): power module not found
W/SurfaceFlinger(   55): power module not found
E/SurfaceFlinger(   55): ro.sf.lcd_density must be defined as a build property
W/AudioFlinger(   58): Thread AudioOut_2 cannot connect to the power manager service
E/AudioFlinger(   58): int android::load_audio_interface(const char*, audio_hw_device_t**) couldn't load audio hw module audio.r_submix (No such file or directory)
W/AudioPolicyManagerBase(   58): could not open HW module r_submix
E/memtrack(   56): Couldn't load memtrack module (No such file or directory)
E/android.os.Debug(   56): failed to load memtrack module: -2
W/dalvikvm(   56): Exception Ljava/lang/UnsatisfiedLinkError; thrown while initializing Landroid/media/videoeditor/MediaArtistNativeHelper;
W/Zygote  (   56): Class not found for preloading: android.media.videoeditor.MediaArtistNativeHelper
E/EmojiFactory_jni(   56): Failed to load libemoji.so: dlopen failed: library "libemoji.so" not found
W/Zygote  (   56): Class not found for preloading: java.lang.UnsafeByteSequence
E/logwrapper(  299): executing /system/bin/ip failed: No such file or directory
E/logwrapper(  300): executing /system/bin/ip failed: No such file or directory
E/logwrapper(  301): executing /system/bin/ip failed: No such file or directory
E/logwrapper(  302): executing /system/bin/ip failed: No such file or directory
E/logwrapper(  303): executing /system/bin/ip failed: No such file or directory
E/logwrapper(  304): executing /system/bin/ip failed: No such file or directory
E/logwrapper(  305): executing /system/bin/ip failed: No such file or directory
E/PowerManagerService-JNI(  380): Couldn't load power module (No such file or directory)
E/SurfaceFlinger(   55): ro.sf.lcd_density must be defined as a build property
W/FileUtils(  380): Failed to chmod(/data/system/packages.list): libcore.io.ErrnoException: chmod failed: ENOENT (No such file or directory)
W/PackageManager(  380): Running ENG build: no pre-dexopt!
W/PackageParser(  380): No actions in intent filter at /system/priv-app/Contacts.apk Binary XML file line #375
W/PackageParser(  380): No actions in intent filter at /system/priv-app/Dialer.apk Binary XML file line #162
W/ResourceType(  380): Failure getting entry for 0x7f050000 (t=4 e=0) in package 0 (error -75)
E/memtrack(  433): Couldn't load memtrack module (No such file or directory)
E/android.os.Debug(  433): failed to load memtrack module: -2
W/PackageParser(  380): No actions in intent filter at /data/app/ApiDemos.apk Binary XML file line #2899
W/PackageParser(  380): No actions in intent filter at /data/app/ApiDemos.apk Binary XML file line #2905
E/memtrack(  449): Couldn't load memtrack module (No such file or directory)
E/android.os.Debug(  449): failed to load memtrack module: -2
W/PackageManager(  380): Package com.example.android.apis desires unavailable shared library com.example.will.never.exist; ignoring!
W/PackageManager(  380): Package com.example.android.apis desires unavailable shared library com.example.will.never.exist; ignoring!
W/PackageManager(  380): Package com.android.camera desires unavailable shared library com.google.android.media.effects; ignoring!
W/PackageManager(  380): Not granting permission android.permission.GLOBAL_SEARCH to package com.android.quicksearchbox (protectionLevel=18 flags=0x8be45)
W/PackageManager(  380): Unknown permission com.android.smspush.WAPPUSH_MANAGER_BIND in package com.android.phone
W/PackageManager(  380): Unknown permission com.google.android.googleapps.permission.GOOGLE_AUTH in package com.android.providers.calendar
W/PackageManager(  380): Unknown permission com.google.android.googleapps.permission.GOOGLE_AUTH.cl in package com.android.providers.calendar
W/PackageManager(  380): Unknown permission com.google.android.googleapps.permission.GOOGLE_AUTH.mail in package com.android.calendar
W/PackageManager(  380): Not granting permission android.permission.ACCESS_DOWNLOAD_MANAGER to package com.android.browser (protectionLevel=18 flags=0x9be45)
W/PackageManager(  380): Not granting permission android.permission.SEND_DOWNLOAD_COMPLETED_INTENTS to package com.android.browser (protectionLevel=2 flags=0x9be45)
W/PackageManager(  380): Not granting permission android.permission.BIND_APPWIDGET to package com.android.widgetpreview (protectionLevel=18 flags=0x8be44)
W/PackageManager(  380): Unknown permission android.permission.INSTALL_DRM in package com.android.mms
W/PackageManager(  380): Unknown permission com.google.android.googleapps.permission.GOOGLE_AUTH in package com.android.settings
W/PackageManager(  380): Unknown permission com.google.android.googleapps.permission.ACCESS_GOOGLE_PASSWORD in package com.android.development
W/PackageManager(  380): Unknown permission com.google.android.googleapps.permission.GOOGLE_AUTH in package com.android.development
W/PackageManager(  380): Unknown permission com.google.android.googleapps.permission.GOOGLE_AUTH.ALL_SERVICES in package com.android.development
W/PackageManager(  380): Unknown permission com.google.android.googleapps.permission.GOOGLE_AUTH.YouTubeUser in package com.android.development
W/PackageManager(  380): Not granting permission android.permission.DELETE_PACKAGES to package com.svox.pico (protectionLevel=18 flags=0x8be45)
W/PackageManager(  380): Not granting permission android.permission.DEVICE_POWER to package com.android.deskclock (protectionLevel=2 flags=0x48be45)
W/EntropyMixer(  380): No existing entropy file -- first boot?
W/SyncManagerFile(  380): Error reading pending data.
W/SyncManagerFile(  380): java.io.FileNotFoundException: /data/system/sync/pending.xml: open failed: ENOENT (No such file or directory)
W/SyncManagerFile(  380): 	at libcore.io.IoBridge.open(IoBridge.java:409)
W/SyncManagerFile(  380): 	at java.io.FileInputStream.<init>(FileInputStream.java:78)
W/SyncManagerFile(  380): 	at android.util.AtomicFile.openRead(AtomicFile.java:199)
W/SyncManagerFile(  380): 	at com.android.server.content.SyncStorageEngine.readPendingOperationsLocked(SyncStorageEngine.java:2286)
W/SyncManagerFile(  380): 	at com.android.server.content.SyncStorageEngine.<init>(SyncStorageEngine.java:434)
W/SyncManagerFile(  380): 	at com.android.server.content.SyncStorageEngine.init(SyncStorageEngine.java:454)
W/SyncManagerFile(  380): 	at com.android.server.content.SyncManager.<init>(SyncManager.java:383)
W/SyncManagerFile(  380): 	at com.android.server.content.ContentService.getSyncManager(ContentService.java:75)
W/SyncManagerFile(  380): 	at com.android.server.content.ContentService.notifyChange(ContentService.java:283)
W/SyncManagerFile(  380): 	at android.content.ContentResolver.notifyChange(ContentResolver.java:1621)
W/SyncManagerFile(  380): 	at com.android.providers.settings.SettingsProvider.sendNotify(SettingsProvider.java:262)
W/SyncManagerFile(  380): 	at com.android.providers.settings.SettingsProvider.insertForUser(SettingsProvider.java:941)
W/SyncManagerFile(  380): 	at com.android.providers.settings.SettingsProvider.ensureAndroidIdIsSet(SettingsProvider.java:496)
W/SyncManagerFile(  380): 	at com.android.providers.settings.SettingsProvider.establishDbTracking(SettingsProvider.java:409)
W/SyncManagerFile(  380): 	at com.android.providers.settings.SettingsProvider.onCreate(SettingsProvider.java:335)
W/SyncManagerFile(  380): 	at android.content.ContentProvider.attachInfo(ContentProvider.java:1591)
W/SyncManagerFile(  380): 	at android.content.ContentProvider.attachInfo(ContentProvider.java:1562)
W/SyncManagerFile(  380): 	at android.app.ActivityThread.installProvider(ActivityThread.java:4790)
W/SyncManagerFile(  380): 	at android.app.ActivityThread.installContentProviders(ActivityThread.java:4385)
W/SyncManagerFile(  380): 	at android.app.ActivityThread.installSystemProviders(ActivityThread.java:4945)
W/SyncManagerFile(  380): 	at com.android.server.am.ActivityManagerService.installSystemProviders(ActivityManagerService.java:8081)
W/SyncManagerFile(  380): 	at com.android.server.ServerThread.initAndLoop(SystemServer.java:275)
W/SyncManagerFile(  380): 	at com.android.server.SystemServer.main(SystemServer.java:1179)
W/SyncManagerFile(  380): 	at java.lang.reflect.Method.invokeNative(Native Method)
W/SyncManagerFile(  380): 	at java.lang.reflect.Method.invoke(Method.java:515)
W/SyncManagerFile(  380): 	at com.android.internal.os.ZygoteInit$MethodAndArgsCaller.run(ZygoteInit.java:779)
W/SyncManagerFile(  380): 	at com.android.internal.os.ZygoteInit.main(ZygoteInit.java:595)
W/SyncManagerFile(  380): 	at dalvik.system.NativeStart.main(Native Method)
W/SyncManagerFile(  380): Caused by: libcore.io.ErrnoException: open failed: ENOENT (No such file or directory)
W/SyncManagerFile(  380): 	at libcore.io.Posix.open(Native Method)
W/SyncManagerFile(  380): 	at libcore.io.BlockGuardOs.open(BlockGuardOs.java:110)
W/SyncManagerFile(  380): 	at libcore.io.IoBridge.open(IoBridge.java:393)
W/SyncManagerFile(  380): 	... 27 more
E/ConsumerIrService(  380): Can't open consumer IR HW Module, error: -2
W/libsuspend(  380): Error writing 'on' to /sys/power/state: Invalid argument
E/libsuspend(  380): Error opening /sys/power/autosleep: No such file or directory
E/EventHub(  380): could not get driver version for /dev/input/mouse0, Not a typewriter
W/EventHub(  380): Unable to disable kernel key repeat for /dev/input/event0: Function not implemented
E/EventHub(  380): could not get driver version for /dev/input/mice, Not a typewriter
W/InputMethodManagerService(  380): No IME selected. Choose the most applicable IME.
W/MountService(  380): getSecureContainerList() called when storage not mounted
W/PackageManager(  380): Not granting permission android.permission.GLOBAL_SEARCH to package com.android.quicksearchbox (protectionLevel=18 flags=0x8be45)
W/PackageManager(  380): Unknown permission com.android.smspush.WAPPUSH_MANAGER_BIND in package com.android.phone
W/PackageManager(  380): Unknown permission com.google.android.googleapps.permission.GOOGLE_AUTH in package com.android.providers.calendar
W/PackageManager(  380): Unknown permission com.google.android.googleapps.permission.GOOGLE_AUTH.cl in package com.android.providers.calendar
W/PackageManager(  380): Unknown permission com.google.android.googleapps.permission.GOOGLE_AUTH.mail in package com.android.calendar
W/PackageManager(  380): Not granting permission android.permission.ACCESS_DOWNLOAD_MANAGER to package com.android.browser (protectionLevel=18 flags=0x9be45)
W/PackageManager(  380): Not granting permission android.permission.SEND_DOWNLOAD_COMPLETED_INTENTS to package com.android.browser (protectionLevel=2 flags=0x9be45)
W/PackageManager(  380): Not granting permission android.permission.BIND_APPWIDGET to package com.android.widgetpreview (protectionLevel=18 flags=0x8be44)
W/PackageManager(  380): Unknown permission android.permission.INSTALL_DRM in package com.android.mms
W/PackageManager(  380): Unknown permission com.google.android.googleapps.permission.GOOGLE_AUTH in package com.android.settings
W/PackageManager(  380): Unknown permission com.google.android.googleapps.permission.ACCESS_GOOGLE_PASSWORD in package com.android.development
W/PackageManager(  380): Unknown permission com.google.android.googleapps.permission.GOOGLE_AUTH in package com.android.development
W/PackageManager(  380): Unknown permission com.google.android.googleapps.permission.GOOGLE_AUTH.ALL_SERVICES in package com.android.development
W/PackageManager(  380): Unknown permission com.google.android.googleapps.permission.GOOGLE_AUTH.YouTubeUser in package com.android.development
W/PackageManager(  380): Not granting permission android.permission.DELETE_PACKAGES to package com.svox.pico (protectionLevel=18 flags=0x8be45)
W/PackageManager(  380): Not granting permission android.permission.DEVICE_POWER to package com.android.deskclock (protectionLevel=2 flags=0x48be45)
E/MobileDataStateTracker(  380): default: Ignoring feature request because could not acquire PhoneService
E/MobileDataStateTracker(  380): default: Could not enable APN type "default"
W/WallpaperService(  380): no current wallpaper -- first boot?
W/DockObserver(  380): This kernel does not have dock station support
W/WiredAccessoryManager(  380): This kernel does not have wired headset support
W/WiredAccessoryManager(  380): This kernel does not have usb audio support
W/WiredAccessoryManager(  380): This kernel does not have HDMI audio support
E/SQLiteLog(  380): (1) no such table: locksettings
E/memtrack(  487): Couldn't load memtrack module (No such file or directory)
E/android.os.Debug(  487): failed to load memtrack module: -2
W/AssetAtlasService(  380): Could not find EGL configuration
W/InputMethodManagerService(  380): Focus gain on non-focused client android.view.inputmethod.InputMethodManager$1@b3579538 (uid=1000 pid=380)
E/SoundPool(  510): error loading /system/media/audio/ui/Lock.ogg
W/KeyguardViewMediator(  510): failed to load lock sound from /system/media/audio/ui/Lock.ogg
E/SoundPool(  510): error loading /system/media/audio/ui/Unlock.ogg
W/KeyguardViewMediator(  510): failed to load unlock sound from /system/media/audio/ui/Unlock.ogg
E/BluetoothAdapter(  510): Bluetooth binder is null
E/BluetoothAdapter(  510): Bluetooth binder is null
E/BluetoothAdapter(  510): Bluetooth binder is null
E/NetdConnector(  380): NDC Command {1 bandwidth enable} took too long (1799ms)
E/BluetoothAdapter(  510): Bluetooth binder is null
E/BluetoothAdapter(  510): Bluetooth binder is null
W/RecognitionManagerService(  380): no available voice recognition services found for user 0
W/AppWidgetServiceImpl(  380): Failed to read state: java.io.FileNotFoundException: /data/system/users/0/appwidgets.xml: open failed: ENOENT (No such file or directory)
W/InputMethodManagerService(  380): Ignoring setImeWindowStatus of uid 1000 token: null
W/InputMethodUtils(  380): Found no subtypes in a system IME: com.android.inputmethod.pinyin
W/InputMethodManagerService(  380): Reset the default IME as "Resource" is ready here.
W/InputMethodUtils(  380): Found no subtypes in a system IME: com.android.inputmethod.pinyin
W/InputMethodManagerService(  380): Illegal subtype state: old subtype = null, new subtype = android.view.inputmethod.InputMethodSubtype@c9194f98
W/GpsLocationProvider(  380): Could not open GPS configuration file /etc/gps.conf
W/ServiceWatcher(  380): com.google.android.location not found
W/ServiceWatcher(  380): com.google.android.location not found
W/ServiceWatcher(  380): com.google.android.location not found
W/LocationManagerService(  380): no network location provider found
W/ServiceWatcher(  380): com.google.android.location not found
E/LocationManagerService(  380): no geocoder provider found
E/FlpHardwareProvider(  380): Error hw_get_module 'flp': -2
W/ServiceWatcher(  380): com.google.android.location not found
E/FlpHardwareProvider(  380): Error hw_get_module 'flp': -2
W/ServiceWatcher(  380): com.google.android.location not found
E/LocationManagerService(  380): No FusedProvider found.
E/LocationManagerService(  380): no geofence provider found
W/InputAttributes(  644): No editor info for this field. Bug?
W/ActivityManager(  380): Activity pause timeout for ActivityRecord{b30ad988 u0 com.android.settings/.CryptKeeper t1 f}
E/BluetoothAdapter(  674): Bluetooth binder is null
W/BackupManagerService(  380): dataChanged but no participant pkg='com.android.providers.settings' uid=1001
W/dalvikvm(  510): threadid=1: spin on suspend #1 threadid=15 (pcf=0)
W/dalvikvm(  510): threadid=1: spin on suspend resolved in 1030 msec
W/ActivityManager(  380): Launch timeout has expired, giving up wake lock!
E/BluetoothAdapter(  661): Bluetooth binder is null
E/BluetoothAdapter(  661): Bluetooth binder is null
E/BluetoothAdapter(  661): Bluetooth binder is null
E/BluetoothAdapter(  674): Bluetooth binder is null
W/dalvikvm(  811): threadid=5: spin on suspend #1 threadid=1 (pcf=0)
W/dalvikvm(  811): threadid=5: spin on suspend #2 threadid=1 (pcf=0)
E/SurfaceFlinger(   55): glCheckFramebufferStatusOES error -2069600336
E/SurfaceFlinger(   55): got GL_FRAMEBUFFER_COMPLETE_OES error while taking screenshot
W/dalvikvm(  811): threadid=5: spin on suspend #3 threadid=1 (pcf=0)
W/dalvikvm(  811): threadid=5: spin on suspend resolved in 2719 msec
E/NetdConnector(  380): NDC Command {12 bandwidth setiquota eth0 9223372036854775807} took too long (1192ms)
W/WindowManager(  380): App freeze timeout expired.
W/WindowManager(  380): Force clearing freeze: AppWindowToken{b367f5d0 token=Token{b311ba58 ActivityRecord{b3124ad8 u0 com.android.launcher/com.android.launcher2.Launcher t3}}}
E/NetdConnector(  380): NDC Command {13 bandwidth removeiquota eth0} took too long (549ms)
W/Resources(  811): Converting to int: TypedValue{t=0x3/d=0x12 "4" a=-1}
W/Resources(  811): Converting to int: TypedValue{t=0x3/d=0xf "1" a=-1}
E/NetdConnector(  380): NDC Command {14 bandwidth setiquota eth0 9223372036854775807} took too long (980ms)
W/Resources(  811): Converting to int: TypedValue{t=0x3/d=0x15 "2" a=-1}
W/Resources(  811): Converting to int: TypedValue{t=0x3/d=0x15 "2" a=-1}
W/Launcher.LauncherProvider(  811): Unable to add favorite: com.android.camera2/com.android.camera.CameraLauncher
W/Launcher.LauncherProvider(  811): android.content.pm.PackageManager$NameNotFoundException: ComponentInfo{com.android.camera2/com.android.camera.CameraLauncher}
W/Launcher.LauncherProvider(  811): 	at android.app.ApplicationPackageManager.getActivityInfo(ApplicationPackageManager.java:242)
W/Launcher.LauncherProvider(  811): 	at com.android.launcher2.LauncherProvider$DatabaseHelper.addAppShortcut(LauncherProvider.java:939)
W/Launcher.LauncherProvider(  811): 	at com.android.launcher2.LauncherProvider$DatabaseHelper.loadFavorites(LauncherProvider.java:843)
W/Launcher.LauncherProvider(  811): 	at com.android.launcher2.LauncherProvider$DatabaseHelper.access$000(LauncherProvider.java:233)
W/Launcher.LauncherProvider(  811): 	at com.android.launcher2.LauncherProvider.loadDefaultFavoritesIfNecessary(LauncherProvider.java:228)
W/Launcher.LauncherProvider(  811): 	at com.android.launcher2.LauncherModel$LoaderTask.loadWorkspace(LauncherModel.java:1263)
W/Launcher.LauncherProvider(  811): 	at com.android.launcher2.LauncherModel$LoaderTask.loadAndBindWorkspace(LauncherModel.java:1005)
W/Launcher.LauncherProvider(  811): 	at com.android.launcher2.LauncherModel$LoaderTask.run(LauncherModel.java:1111)
W/Launcher.LauncherProvider(  811): 	at android.os.Handler.handleCallback(Handler.java:733)
W/Launcher.LauncherProvider(  811): 	at android.os.Handler.dispatchMessage(Handler.java:95)
W/Launcher.LauncherProvider(  811): 	at android.os.Looper.loop(Looper.java:136)
W/Launcher.LauncherProvider(  811): 	at android.os.HandlerThread.run(HandlerThread.java:61)
W/Launcher.LauncherProvider(  811): Unable to add favorite: com.android.gallery3d/com.android.gallery3d.app.Gallery
W/Launcher.LauncherProvider(  811): android.content.pm.PackageManager$NameNotFoundException: ComponentInfo{com.android.gallery3d/com.android.gallery3d.app.Gallery}
W/Launcher.LauncherProvider(  811): 	at android.app.ApplicationPackageManager.getActivityInfo(ApplicationPackageManager.java:242)
W/Launcher.LauncherProvider(  811): 	at com.android.launcher2.LauncherProvider$DatabaseHelper.addAppShortcut(LauncherProvider.java:939)
W/Launcher.LauncherProvider(  811): 	at com.android.launcher2.LauncherProvider$DatabaseHelper.loadFavorites(LauncherProvider.java:843)
W/Launcher.LauncherProvider(  811): 	at com.android.launcher2.LauncherProvider$DatabaseHelper.access$000(LauncherProvider.java:233)
W/Launcher.LauncherProvider(  811): 	at com.android.launcher2.LauncherProvider.loadDefaultFavoritesIfNecessary(LauncherProvider.java:228)
W/Launcher.LauncherProvider(  811): 	at com.android.launcher2.LauncherModel$LoaderTask.loadWorkspace(LauncherModel.java:1263)
W/Launcher.LauncherProvider(  811): 	at com.android.launcher2.LauncherModel$LoaderTask.loadAndBindWorkspace(LauncherModel.java:1005)
W/Launcher.LauncherProvider(  811): 	at com.android.launcher2.LauncherModel$LoaderTask.run(LauncherModel.java:1111)
W/Launcher.LauncherProvider(  811): 	at android.os.Handler.handleCallback(Handler.java:733)
W/Launcher.LauncherProvider(  811): 	at android.os.Handler.dispatchMessage(Handler.java:95)
W/Launcher.LauncherProvider(  811): 	at android.os.Looper.loop(Looper.java:136)
W/Launcher.LauncherProvider(  811): 	at android.os.HandlerThread.run(HandlerThread.java:61)
W/Launcher.Model(  811): Desktop items loading interrupted:
W/Launcher.Model(  811): java.lang.NullPointerException
W/Launcher.Model(  811): 	at com.android.launcher2.LauncherModel$LoaderTask.checkItemPlacement(LauncherModel.java:1211)
W/Launcher.Model(  811): 	at com.android.launcher2.LauncherModel$LoaderTask.loadWorkspace(LauncherModel.java:1368)
W/Launcher.Model(  811): 	at com.android.launcher2.LauncherModel$LoaderTask.loadAndBindWorkspace(LauncherModel.java:1005)
W/Launcher.Model(  811): 	at com.android.launcher2.LauncherModel$LoaderTask.run(LauncherModel.java:1111)
W/Launcher.Model(  811): 	at android.os.Handler.handleCallback(Handler.java:733)
W/Launcher.Model(  811): 	at android.os.Handler.dispatchMessage(Handler.java:95)
W/Launcher.Model(  811): 	at android.os.Looper.loop(Looper.java:136)
W/Launcher.Model(  811): 	at android.os.HandlerThread.run(HandlerThread.java:61)
E/ConnectivityService(  380): startUsingNetworkFeature took too long: 1504ms
E/logwrapper(  929): executing /system/bin/ip failed: No such file or directory
E/ConnectivityService(  380): Exception trying to add a route: java.lang.IllegalStateException: command '21 interface fwmark exempt add 10.0.2.2/32' failed with '400 21 Failed to add exemption rule (File exists)'
E/logwrapper(  931): executing /system/bin/ip failed: No such file or directory
E/ConnectivityService(  380): Exception trying to add a route: java.lang.IllegalStateException: command '23 interface fwmark exempt add 10.0.2.3/32' failed with '400 23 Failed to add exemption rule (File exists)'
E/logwrapper(  932): executing /system/bin/ip failed: No such file or directory
E/SecondaryTablController(   52): ip route add failed: /system/bin/ip route add 10.0.2.2/32 via 0.0.0.0 dev eth0 table 60
W/FrameworkListener(   52): Handler 'interface' error (No such device)
E/ConnectivityService(  380): Exception trying to add a route: java.lang.IllegalStateException: command '24 interface route add eth0 secondary 10.0.2.2 32 0.0.0.0' failed with '400 24 ip route modification failed (No such device)'
E/logwrapper(  933): executing /system/bin/ip failed: No such file or directory
E/SecondaryTablController(   52): ip route add failed: /system/bin/ip route add 0.0.0.0/0 via 10.0.2.2 dev eth0 table 60
W/FrameworkListener(   52): Handler 'interface' error (No such device)
E/ConnectivityService(  380): Exception trying to add a route: java.lang.IllegalStateException: command '25 interface route add eth0 secondary 0.0.0.0 0 10.0.2.2' failed with '400 25 ip route modification failed (No such device)'
W/NetworkPolicy(  380): shared quota unsupported; generating rule for each iface
E/NetdConnector(  380): NDC Command {27 bandwidth removeiquota eth0} took too long (647ms)
E/NetdConnector(  380): NDC Command {28 bandwidth setiquota eth0 9223372036854775807} took too long (1045ms)
E/NetdConnector(  380): NDC Command {30 bandwidth removeiquota eth0} took too long (638ms)
E/NetdConnector(  380): NDC Command {29 interface route add eth0 default 10.0.2.2 32 0.0.0.0} took too long (1909ms)
E/NetdConnector(  380): NDC Command {31 bandwidth setiquota eth0 9223372036854775807} took too long (1111ms)
E/logwrapper(  989): executing /system/bin/ip failed: No such file or directory
E/ConnectivityService(  380): Exception trying to add a route: java.lang.IllegalStateException: command '32 interface fwmark exempt add 10.0.2.2/32' failed with '400 32 Failed to add exemption rule (File exists)'
E/logwrapper(  992): executing /system/bin/ip failed: No such file or directory
E/ConnectivityService(  380): Exception trying to add a route: java.lang.IllegalStateException: command '35 interface fwmark exempt add 74.125.228.97/32' failed with '400 35 Failed to add exemption rule (File exists)'
W/ActivityManager(  380): No content provider found for permission revoke: file:///data/local/tmp/chariba-debug.apk
E/logwrapper( 1013): executing /system/bin/ip failed: No such file or directory
E/ConnectivityService(  380): Exception trying to add a route: java.lang.IllegalStateException: command '37 interface fwmark exempt add 10.0.2.2/32' failed with '400 37 Failed to add exemption rule (File exists)'
E/logwrapper( 1015): executing /system/bin/ip failed: No such file or directory
E/ConnectivityService(  380): Exception trying to add a route: java.lang.IllegalStateException: command '39 interface fwmark exempt add 74.125.228.110/32' failed with '400 39 Failed to add exemption rule (File exists)'
W/ActivityManager(  380): No content provider found for permission revoke: file:///data/local/tmp/chariba-debug.apk
W/ActivityManager(  380): Unable to start service Intent { cmp=com.android.email/.service.AttachmentDownloadService } U=0: not found
W/ActivityManager(  380): Unable to start service Intent { cmp=com.android.email/.service.AttachmentDownloadService } U=0: not found
W/ActivityManager(  380): Unable to start service Intent { cmp=com.android.email/.service.AttachmentDownloadService } U=0: not found
E/logwrapper( 1049): executing /system/bin/ip failed: No such file or directory
E/ConnectivityService(  380): Exception trying to add a route: java.lang.IllegalStateException: command '41 interface fwmark exempt add 10.0.2.2/32' failed with '400 41 Failed to add exemption rule (File exists)'
E/logwrapper( 1051): executing /system/bin/ip failed: No such file or directory
E/ConnectivityService(  380): Exception trying to add a route: java.lang.IllegalStateException: command '43 interface fwmark exempt add 74.125.228.103/32' failed with '400 43 Failed to add exemption rule (File exists)'
W/dalvikvm( 1052): method Landroid/support/v7/internal/widget/ListViewCompat;.lookForSelectablePosition incorrectly overrides package-private method with same name in Landroid/widget/ListView;
E/logwrapper( 1054): executing /system/bin/ip failed: No such file or directory
E/ConnectivityService(  380): Exception trying to add a route: java.lang.IllegalStateException: command '45 interface fwmark exempt add 10.0.2.2/32' failed with '400 45 Failed to add exemption rule (File exists)'
E/logwrapper( 1056): executing /system/bin/ip failed: No such file or directory
E/ConnectivityService(  380): Exception trying to add a route: java.lang.IllegalStateException: command '47 interface fwmark exempt add 74.125.228.100/32' failed with '400 47 Failed to add exemption rule (File exists)'
W/PackageManager(  380): Unknown permission com.google.android.providers.gsf.permission.READ_GSERVICES in package com.github.ay65535.chariba
E/logwrapper( 1058): executing /system/bin/ip failed: No such file or directory
E/SecondaryTablController(   52): ip route del failed: /system/bin/ip route del 10.0.2.2/32 via 0.0.0.0 dev eth0 table 60
W/FrameworkListener(   52): Handler 'interface' error (No such device)
E/logwrapper( 1059): executing /system/bin/ip failed: No such file or directory
E/SecondaryTablController(   52): ip route del failed: /system/bin/ip route del 0.0.0.0/0 via 10.0.2.2 dev eth0 table 60
W/FrameworkListener(   52): Handler 'interface' error (No such device)
E/NetdConnector(  380): NDC Command {53 bandwidth removeiquota eth0} took too long (981ms)
E/NetdConnector(  380): NDC Command {56 bandwidth setiquota eth0 9223372036854775807} took too long (1475ms)
W/ContentResolver( 1027): Failed to get type for: content://com.android.calendar (Unknown URL content://com.android.calendar)
W/BackupManagerService(  380): dataChanged but no participant pkg='com.android.providers.settings' uid=10020
E/NetdConnector(  380): NDC Command {57 bandwidth removeiquota eth0} took too long (1099ms)
W/ProcessCpuTracker(  380): Skipping unknown process pid 1133
E/NetdConnector(  380): NDC Command {58 bandwidth setiquota eth0 9223372036854775807} took too long (2022ms)
E/memtrack( 1103): Couldn't load memtrack module (No such file or directory)
E/android.os.Debug( 1103): failed to load memtrack module: -2
W/ActivityManager(  380): No content provider found for permission revoke: file:///data/local/tmp/chariba-debug-test-unaligned.apk
W/ActivityManager(  380): No content provider found for permission revoke: file:///data/local/tmp/chariba-debug-test-unaligned.apk
E/BluetoothAdapter(  674): Bluetooth binder is null
W/RecognitionManagerService(  380): no available voice recognition services found for user 0
E/BluetoothAdapter(  380): Bluetooth binder is null
E/BluetoothAdapter(  380): Bluetooth binder is null
E/SoundPool(  380): error loading /system/media/audio/ui/Effect_Tick.ogg
W/AudioService(  380): Soundpool could not load file: /system/media/audio/ui/Effect_Tick.ogg
E/SoundPool(  380): error loading /system/media/audio/ui/Effect_Tick.ogg
W/AudioService(  380): Soundpool could not load file: /system/media/audio/ui/Effect_Tick.ogg
E/SoundPool(  380): error loading /system/media/audio/ui/Effect_Tick.ogg
W/AudioService(  380): Soundpool could not load file: /system/media/audio/ui/Effect_Tick.ogg
E/SoundPool(  380): error loading /system/media/audio/ui/Effect_Tick.ogg
W/AudioService(  380): Soundpool could not load file: /system/media/audio/ui/Effect_Tick.ogg
E/SoundPool(  380): error loading /system/media/audio/ui/Effect_Tick.ogg
W/AudioService(  380): Soundpool could not load file: /system/media/audio/ui/Effect_Tick.ogg
E/SoundPool(  380): error loading /system/media/audio/ui/KeypressStandard.ogg
W/AudioService(  380): Soundpool could not load file: /system/media/audio/ui/KeypressStandard.ogg
E/SoundPool(  380): error loading /system/media/audio/ui/KeypressSpacebar.ogg
W/AudioService(  380): Soundpool could not load file: /system/media/audio/ui/KeypressSpacebar.ogg
E/SoundPool(  380): error loading /system/media/audio/ui/KeypressDelete.ogg
W/AudioService(  380): Soundpool could not load file: /system/media/audio/ui/KeypressDelete.ogg
E/SoundPool(  380): error loading /system/media/audio/ui/KeypressReturn.ogg
W/AudioService(  380): Soundpool could not load file: /system/media/audio/ui/KeypressReturn.ogg
E/SoundPool(  380): error loading /system/media/audio/ui/KeypressInvalid.ogg
W/AudioService(  380): Soundpool could not load file: /system/media/audio/ui/KeypressInvalid.ogg
W/AudioService(  380): onLoadSoundEffects(), Error -1 while loading samples
W/RecognitionManagerService(  380): no available voice recognition services found for user 0
E/memtrack( 1182): Couldn't load memtrack module (No such file or directory)
E/android.os.Debug( 1182): failed to load memtrack module: -2
E/SQLiteLog(  845): (1) no such table: files
E/WVMExtractor(   58): Failed to open libwvm.so
E/MetadataRetrieverClient(   58): failed to extract an album art
W/MediaProvider(  845): no database for scanned volume external
E/SQLiteLog(  845): (1) no such table: album_info
W/MediaScanner(  845): Error opening directory '/storage/sdcard/', skipping: Permission denied.
E/memtrack( 1222): Couldn't load memtrack module (No such file or directory)
E/android.os.Debug( 1222): failed to load memtrack module: -2
E/StrictMode( 1112): A resource was acquired at attached stack trace but never released. See java.io.Closeable for information on avoiding resource leaks.
E/StrictMode( 1112): java.lang.Throwable: Explicit termination method 'release' not called
E/StrictMode( 1112): 	at dalvik.system.CloseGuard.open(CloseGuard.java:184)
E/StrictMode( 1112): 	at android.drm