--------- beginning of /dev/log/main
--------- beginning of /dev/log/system
W/Resources(  758): Converting to int: TypedValue{t=0x3/d=0x12 "4" a=-1}
W/Resources(  758): Converting to int: TypedValue{t=0x3/d=0xf "1" a=-1}
W/Resources(  758): Converting to int: TypedValue{t=0x3/d=0x15 "2" a=-1}
W/Resources(  758): Converting to int: TypedValue{t=0x3/d=0x15 "2" a=-1}
W/Launcher.LauncherProvider(  758): Unable to add favorite: com.android.camera2/com.android.camera.CameraLauncher
W/Launcher.LauncherProvider(  758): android.content.pm.PackageManager$NameNotFoundException: ComponentInfo{com.android.camera2/com.android.camera.CameraLauncher}
W/Launcher.LauncherProvider(  758): 	at android.app.ApplicationPackageManager.getActivityInfo(ApplicationPackageManager.java:242)
W/Launcher.LauncherProvider(  758): 	at com.android.launcher2.LauncherProvider$DatabaseHelper.addAppShortcut(LauncherProvider.java:959)
W/Launcher.LauncherProvider(  758): 	at com.android.launcher2.LauncherProvider$DatabaseHelper.loadFavorites(LauncherProvider.java:863)
W/Launcher.LauncherProvider(  758): 	at com.android.launcher2.LauncherProvider$DatabaseHelper.access$000(LauncherProvider.java:253)
W/Launcher.LauncherProvider(  758): 	at com.android.launcher2.LauncherProvider.loadDefaultFavoritesIfNecessary(LauncherProvider.java:237)
W/Launcher.LauncherProvider(  758): 	at com.android.launcher2.LauncherModel$LoaderTask.loadWorkspace(LauncherModel.java:1278)
W/Launcher.LauncherProvider(  758): 	at com.android.launcher2.LauncherModel$LoaderTask.loadAndBindWorkspace(LauncherModel.java:1020)
W/Launcher.LauncherProvider(  758): 	at com.android.launcher2.LauncherModel$LoaderTask.run(LauncherModel.java:1126)
W/Launcher.LauncherProvider(  758): 	at android.os.Handler.handleCallback(Handler.java:733)
W/Launcher.LauncherProvider(  758): 	at android.os.Handler.dispatchMessage(Handler.java:95)
W/Launcher.LauncherProvider(  758): 	at android.os.Looper.loop(Looper.java:136)
W/Launcher.LauncherProvider(  758): 	at android.os.HandlerThread.run(HandlerThread.java:61)
W/Launcher.LauncherProvider(  758): Unable to add favorite: com.android.gallery3d/com.android.gallery3d.app.Gallery
W/Launcher.LauncherProvider(  758): android.content.pm.PackageManager$NameNotFoundException: ComponentInfo{com.android.gallery3d/com.android.gallery3d.app.Gallery}
W/Launcher.LauncherProvider(  758): 	at android.app.ApplicationPackageManager.getActivityInfo(ApplicationPackageManager.java:242)
W/Launcher.LauncherProvider(  758): 	at com.android.launcher2.LauncherProvider$DatabaseHelper.addAppShortcut(LauncherProvider.java:959)
W/Launcher.LauncherProvider(  758): 	at com.android.launcher2.LauncherProvider$DatabaseHelper.loadFavorites(LauncherProvider.java:863)
W/Launcher.LauncherProvider(  758): 	at com.android.launcher2.LauncherProvider$DatabaseHelper.access$000(LauncherProvider.java:253)
W/Launcher.LauncherProvider(  758): 	at com.android.launcher2.LauncherProvider.loadDefaultFavoritesIfNecessary(LauncherProvider.java:237)
W/Launcher.LauncherProvider(  758): 	at com.android.launcher2.LauncherModel$LoaderTask.loadWorkspace(LauncherModel.java:1278)
W/Launcher.LauncherProvider(  758): 	at com.android.launcher2.LauncherModel$LoaderTask.loadAndBindWorkspace(LauncherModel.java:1020)
W/Launcher.LauncherProvider(  758): 	at com.android.launcher2.LauncherModel$LoaderTask.run(LauncherModel.java:1126)
W/Launcher.LauncherProvider(  758): 	at android.os.Handler.handleCallback(Handler.java:733)
W/Launcher.LauncherProvider(  758): 	at android.os.Handler.dispatchMessage(Handler.java:95)
W/Launcher.LauncherProvider(  758): 	at android.os.Looper.loop(Looper.java:136)
W/Launcher.LauncherProvider(  758): 	at android.os.HandlerThread.run(HandlerThread.java:61)
E/memtrack(  836): Couldn't load memtrack module (No such file or directory)
E/android.os.Debug(  836): failed to load memtrack module: -2
W/ActivityManager(  363): Activity destroy timeout for ActivityRecord{b3193e40 u0 com.android.settings/.CryptKeeper t1 f}
W/ViewRootImpl(  758): Dropping event due to no window focus: KeyEvent { action=ACTION_DOWN, keyCode=KEYCODE_MENU, scanCode=0, metaState=0, flags=0x0, repeatCount=0, eventTime=132889, downTime=132889, deviceId=-1, source=0x101 }
E/SurfaceFlinger(   55): glCheckFramebufferStatusOES error 722273994
E/SurfaceFlinger(   55): got GL_FRAMEBUFFER_COMPLETE_OES error while taking screenshot
E/NetdConnector(  363): NDC Command {12 bandwidth setiquota eth0 9223372036854775807} took too long (1549ms)
E/NetdConnector(  363): NDC Command {13 bandwidth removeiquota eth0} took too long (715ms)
E/NetdConnector(  363): NDC Command {14 bandwidth setiquota eth0 9223372036854775807} took too long (1188ms)
W/ProcessCpuTracker(  363): Skipping unknown process pid 907
E/ConnectivityService(  363): startUsingNetworkFeature took too long: 3319ms
E/logwrapper(  908): executing /system/bin/ip failed: No such file or directory
E/ConnectivityService(  363): Exception trying to add a route: java.lang.IllegalStateException: command '21 interface fwmark exempt add 10.0.2.2/32' failed with '400 21 Failed to add exemption rule (File exists)'
E/logwrapper(  909): executing /system/bin/ip failed: No such file or directory
E/ConnectivityService(  363): Exception trying to add a route: java.lang.IllegalStateException: command '23 interface fwmark exempt add 10.0.2.3/32' failed with '400 23 Failed to add exemption rule (File exists)'
E/logwrapper(  910): executing /system/bin/ip failed: No such file or directory
E/SecondaryTablController(   52): ip route add failed: /system/bin/ip route add 10.0.2.2/32 via 0.0.0.0 dev eth0 table 60
W/FrameworkListener(   52): Handler 'interface' error (No such device)
E/ConnectivityService(  363): Exception trying to add a route: java.lang.IllegalStateException: command '24 interface route add eth0 secondary 10.0.2.2 32 0.0.0.0' failed with '400 24 ip route modification failed (No such device)'
E/logwrapper(  911): executing /system/bin/ip failed: No such file or directory
E/SecondaryTablController(   52): ip route add failed: /system/bin/ip route add 0.0.0.0/0 via 10.0.2.2 dev eth0 table 60
W/FrameworkListener(   52): Handler 'interface' error (No such device)
E/ConnectivityService(  363): Exception trying to add a route: java.lang.IllegalStateException: command '25 interface route add eth0 secondary 0.0.0.0 0 10.0.2.2' failed with '400 25 ip route modification failed (No such device)'
W/NetworkPolicy(  363): shared quota unsupported; generating rule for each iface
E/NetdConnector(  363): NDC Command {27 bandwidth removeiquota eth0} took too long (918ms)
E/logwrapper(  938): executing /system/bin/ip failed: No such file or directory
E/NetdConnector(  363): NDC Command {29 bandwidth setiquota eth0 9223372036854775807} took too long (2458ms)
E/NetdConnector(  363): NDC Command {30 interface fwmark exempt add 10.0.2.2/32} took too long (2497ms)
E/ConnectivityService(  363): Exception trying to add a route: java.lang.IllegalStateException: command '30 interface fwmark exempt add 10.0.2.2/32' failed with '400 30 Failed to add exemption rule (File exists)'
W/ProcessCpuTracker(  363): Skipping unknown process pid 941
E/NetdConnector(  363): NDC Command {31 bandwidth removeiquota eth0} took too long (4519ms)
E/NetdConnector(  363): NDC Command {32 interface route add eth0 default 74.125.141.113 32 10.0.2.2} took too long (4651ms)
W/ProcessCpuTracker(  363): Skipping unknown process pid 968
E/logwrapper(  977): executing /system/bin/ip failed: No such file or directory
E/NetdConnector(  363): NDC Command {33 bandwidth setiquota eth0 9223372036854775807} took too long (7907ms)
E/NetdConnector(  363): NDC Command {34 interface fwmark exempt add 74.125.141.113/32} took too long (6678ms)
E/ConnectivityService(  363): Exception trying to add a route: java.lang.IllegalStateException: command '34 interface fwmark exempt add 74.125.141.113/32' failed with '400 34 Failed to add exemption rule (File exists)'
E/logwrapper(  983): executing /system/bin/ip failed: No such file or directory
E/ConnectivityService(  363): Exception trying to add a route: java.lang.IllegalStateException: command '37 interface fwmark exempt add 10.0.2.2/32' failed with '400 37 Failed to add exemption rule (File exists)'
E/logwrapper(  984): executing /system/bin/ip failed: No such file or directory
E/ConnectivityService(  363): Exception trying to add a route: java.lang.IllegalStateException: command '39 interface fwmark exempt add 74.125.141.102/32' failed with '400 39 Failed to add exemption rule (File exists)'
W/ActivityManager(  363): Unable to start service Intent { cmp=com.android.email/.service.AttachmentDownloadService } U=0: not found
W/ActivityManager(  363): Unable to start service Intent { cmp=com.android.email/.service.AttachmentDownloadService } U=0: not found
W/ActivityManager(  363): Unable to start service Intent { cmp=com.android.email/.service.AttachmentDownloadService } U=0: not found
E/BluetoothAdapter(  681): Bluetooth binder is null
E/NetdConnector(  363): NDC Command {40 interface route add eth0 default 10.0.2.2 32 0.0.0.0} took too long (593ms)
E/logwrapper( 1030): executing /system/bin/ip failed: No such file or directory
E/ConnectivityService(  363): Exception trying to add a route: java.lang.IllegalStateException: command '41 interface fwmark exempt add 10.0.2.2/32' failed with '400 41 Failed to add exemption rule (File exists)'
E/logwrapper( 1031): executing /system/bin/ip failed: No such file or directory
E/ConnectivityService(  363): Exception trying to add a route: java.lang.IllegalStateException: command '43 interface fwmark exempt add 74.125.141.113/32' failed with '400 43 Failed to add exemption rule (File exists)'
E/BluetoothAdapter(  363): Bluetooth binder is null
E/BluetoothAdapter(  363): Bluetooth binder is null
E/SoundPool(  363): error loading /system/media/audio/ui/Effect_Tick.ogg
W/AudioService(  363): Soundpool could not load file: /system/media/audio/ui/Effect_Tick.ogg
E/SoundPool(  363): error loading /system/media/audio/ui/Effect_Tick.ogg
W/AudioService(  363): Soundpool could not load file: /system/media/audio/ui/Effect_Tick.ogg
E/SoundPool(  363): error loading /system/media/audio/ui/Effect_Tick.ogg
W/AudioService(  363): Soundpool could not load file: /system/media/audio/ui/Effect_Tick.ogg
E/SoundPool(  363): error loading /system/media/audio/ui/Effect_Tick.ogg
W/AudioService(  363): Soundpool could not load file: /system/media/audio/ui/Effect_Tick.ogg
E/SoundPool(  363): error loading /system/media/audio/ui/Effect_Tick.ogg
W/AudioService(  363): Soundpool could not load file: /system/media/audio/ui/Effect_Tick.ogg
E/SoundPool(  363): error loading /system/media/audio/ui/KeypressStandard.ogg
W/AudioService(  363): Soundpool could not load file: /system/media/audio/ui/KeypressStandard.ogg
E/SoundPool(  363): error loading /system/media/audio/ui/KeypressSpacebar.ogg
W/AudioService(  363): Soundpool could not load file: /system/media/audio/ui/KeypressSpacebar.ogg
E/SoundPool(  363): error loading /system/media/audio/ui/KeypressDelete.ogg
W/AudioService(  363): Soundpool could not load file: /system/media/audio/ui/KeypressDelete.ogg
E/SoundPool(  363): error loading /system/media/audio/ui/KeypressReturn.ogg
W/AudioService(  363): Soundpool could not load file: /system/media/audio/ui/KeypressReturn.ogg
E/SoundPool(  363): error loading /system/media/audio/ui/KeypressInvalid.ogg
W/AudioService(  363): Soundpool could not load file: /system/media/audio/ui/KeypressInvalid.ogg
W/AudioService(  363): onLoadSoundEffects(), Error -1 while loading samples
E/logwrapper( 1072): executing /system/bin/ip failed: No such file or directory
E/ConnectivityService(  363): Exception trying to add a route: java.lang.IllegalStateException: command '45 interface fwmark exempt add 10.0.2.2/32' failed with '400 45 Failed to add exemption rule (File exists)'
E/logwrapper( 1073): executing /system/bin/ip failed: No such file or directory
E/ConnectivityService(  363): Exception trying to add a route: java.lang.IllegalStateException: command '47 interface fwmark exempt add 74.125.141.138/32' failed with '400 47 Failed to add exemption rule (File exists)'
W/ContentResolver( 1056): Failed to get type for: content://com.android.calendar (Unknown URL content://com.android.calendar)
E/SQLiteLog(  952): (1) no such table: files
E/WVMExtractor(   58): Failed to open libwvm.so
E/MetadataRetrieverClient(   58): failed to extract an album art
W/MediaProvider(  952): no database for scanned volume external
E/logwrapper( 1078): executing /system/bin/ip failed: No such file or directory
E/SecondaryTablController(   52): ip route del failed: /system/bin/ip route del 10.0.2.2/32 via 0.0.0.0 dev eth0 table 60
W/FrameworkListener(   52): Handler 'interface' error (No such device)
E/logwrapper( 1079): executing /system/bin/ip failed: No such file or directory
E/SecondaryTablController(   52): ip route del failed: /system/bin/ip route del 0.0.0.0/0 via 10.0.2.2 dev eth0 table 60
W/FrameworkListener(   52): Handler 'interface' error (No such device)
E/NetdConnector(  363): NDC Command {54 bandwidth removeiquota eth0} took too long (1708ms)
E/NetdConnector(  363): NDC Command {55 bandwidth gettetherstats} took too long (1603ms)
E/NetdConnector(  363): NDC Command {56 bandwidth setiquota eth0 9223372036854775807} took too long (2506ms)
W/ProcessCpuTracker(  363): Skipping unknown process pid 1109
E/NetdConnector(  363): NDC Command {57 bandwidth removeiquota eth0} took too long (987ms)
E/NetdConnector(  363): NDC Command {58 bandwidth setiquota eth0 9223372036854775807} took too long (1773ms)
E/SQLiteLog(  952): (1) no such table: album_info
W/MediaScanner(  952): Error opening directory '/storage/sdcard/', skipping: Permission denied.
W/BackupManagerService(  363): dataChanged but no participant pkg='com.android.providers.settings' uid=10020
E/BluetoothAdapter(  681): Bluetooth binder is null
W/BroadcastQueue(  363): Permission Denial: broadcasting Intent { act=android.appwidget.action.APPWIDGET_UPDATE_OPTIONS flg=0x10 cmp=com.android.settings/.widget.SettingsAppWidgetProvider (has extras) } from android (pid=758, uid=10008) is not exported from uid 1000 due to receiver com.android.settings/.widget.SettingsAppWidgetProvider
E/BluetoothAdapter(  681): Bluetooth binder is null
E/memtrack( 1220): Couldn't load memtrack module (No such file or directory)
E/android.os.Debug( 1220): failed to load memtrack module: -2
W/ActivityManager(  363): No content provider found for permission revoke: file:///data/local/tmp/chariba-debug.apk
W/ActivityManager(  363): No content provider found for permission revoke: file:///data/local/tmp/chariba-debug.apk
W/dalvikvm( 1244): method Landroid/support/v7/internal/widget/ListViewCompat;.lookForSelectablePosition incorrectly overrides package-private method with same name in Landroid/widget/ListView;
W/PackageManager(  363): Unknown permission com.google.android.providers.gsf.permission.READ_GSERVICES in package com.github.ay65535.chariba
W/RecognitionManagerService(  363): no available voice recognition services found for user 0
E/memtrack( 1266): Couldn't load memtrack module (No such file or directory)
E/android.os.Debug( 1266): failed to load memtrack module: -2
W/ActivityManager(  363): No content provider found for permission revoke: file:///data/local/tmp/chariba-debug-test-unaligned.apk
W/ActivityManager(  363): No content provider found for permission revoke: file:///data/local/tmp/chariba-debug-test-unaligned.apk
W/RecognitionManagerService(  363): no available voice recognition services found for user 0
E/memtrack( 1293): Couldn't load memtrack module (No such file or directory)
E/android.os.Debug( 1293): failed to load memtrack module: -2
W/ActivityManager(  363): No content provider found for permission revoke: file:///data/local/tmp/chariba-debug.apk
W/ActivityManager(  363): No content provider found for permission revoke: file:///data/local/tmp/chariba-debug.apk
W/dalvikvm( 1304): method Landroid/support/v7/internal/widget/ListViewCompat;.lookForSelectablePosition incorrectly overrides package-private method with same name in Landroid/widget/ListView;
W/PackageManager(  363): Code path for pkg : com.github.ay65535.ch