W/dalvikvm(  431): PR_CAPBSET_DROP 28 failed: Invalid argument. Please make sure your kernel is compiled with file capabilities support enabled.
W/dalvikvm(  431): PR_CAPBSET_DROP 29 failed: Invalid argument. Please make sure your kernel is compiled with file capabilities support enabled.
W/dalvikvm(  431): PR_CAPBSET_DROP 30 failed: Invalid argument. Please make sure your kernel is compiled with file capabilities support enabled.
W/dalvikvm(  431): PR_CAPBSET_DROP 31 failed: Invalid argument. Please make sure your kernel is compiled with file capabilities support enabled.
W/dalvikvm(  431): PR_CAPBSET_DROP 32 failed: Invalid argument. Please make sure your kernel is compiled with file capabilities support enabled.
W/dalvikvm(  431): PR_CAPBSET_DROP 33 failed: Invalid argument. Please make sure your kernel is compiled with file capabilities support enabled.
W/dalvikvm(  276): threadid=2: spin on suspend #1 threadid=54 (pcf=0)
W/dalvikvm(  276): threadid=2: spin on suspend resolved in 1156 msec
W/TelephonyProvider(  425): onCreate: confFile=/system/etc/apns-conf.xml oldCheckSum=-1
W/ActivityManager(  276): Activity idle timeout for ActivityRecord{42103790 u0 com.android.settings/.CryptKeeper}
W/ActivityManager(  276): Activity pause timeout for ActivityRecord{42103790 u0 com.android.settings/.CryptKeeper}
W/dalvikvm(  461): PR_CAPBSET_DROP 0 failed: Invalid argument. Please make sure your kernel is compiled with file capabilities support enabled.
W/dalvikvm(  461): PR_CAPBSET_DROP 1 failed: Invalid argument. Please make sure your kernel is compiled with file capabilities support enabled.
W/dalvikvm(  461): PR_CAPBSET_DROP 2 failed: Invalid argument. Please make sure your kernel is compiled with file capabilities support enabled.
W/dalvikvm(  461): PR_CAPBSET_DROP 3 failed: Invalid argument. Please make sure your kernel is compiled with file capabilities support enabled.
W/dalvikvm(  461): PR_CAPBSET_DROP 4 failed: Invalid argument. Please make sure your kernel is compiled with file capabilities support enabled.
W/dalvikvm(  461): PR_CAPBSET_DROP 5 failed: Invalid argument. Please make sure your kernel is compiled with file capabilities support enabled.
W/dalvikvm(  461): PR_CAPBSET_DROP 6 failed: Invalid argument. Please make sure your kernel is compiled with file capabilities support enabled.
W/dalvikvm(  461): PR_CAPBSET_DROP 7 failed: Invalid argument. Please make sure your kernel is compiled with file capabilities support enabled.
W/dalvikvm(  461): PR_CAPBSET_DROP 8 failed: Invalid argument. Please make sure your kernel is compiled with file capabilities support enabled.
W/dalvikvm(  461): PR_CAPBSET_DROP 9 failed: Invalid argument. Please make sure your kernel is compiled with file capabilities support enabled.
W/dalvikvm(  461): PR_CAPBSET_DROP 10 failed: Invalid argument. Please make sure your kernel is compiled with file capabilities support enabled.
W/dalvikvm(  461): PR_CAPBSET_DROP 11 failed: Invalid argument. Please make sure your kernel is compiled with file capabilities support enabled.
W/dalvikvm(  461): PR_CAPBSET_DROP 12 failed: Invalid argument. Please make sure your kernel is compiled with file capabilities support enabled.
W/dalvikvm(  461): PR_CAPBSET_DROP 13 failed: Invalid argument. Please make sure your kernel is compiled with file capabilities support enabled.
W/dalvikvm(  461): PR_CAPBSET_DROP 14 failed: Invalid argument. Please make sure your kernel is compiled with file capabilities support enabled.
W/dalvikvm(  461): PR_CAPBSET_DROP 15 failed: Invalid argument. Please make sure your kernel is compiled with file capabilities support enabled.
W/dalvikvm(  461): PR_CAPBSET_DROP 16 failed: Invalid argument. Please make sure your kernel is compiled with file capabilities support enabled.
W/dalvikvm(  461): PR_CAPBSET_DROP 17 failed: Invalid argument. Please make sure your kernel is compiled with file capabilities support enabled.
W/dalvikvm(  461): PR_CAPBSET_DROP 18 failed: Invalid argument. Please make sure your kernel is compiled with file capabilities support enabled.
W/dalvikvm(  461): PR_CAPBSET_DROP 19 failed: Invalid argument. Please make sure your kernel is compiled with file capabilities support enabled.
W/dalvikvm(  461): PR_CAPBSET_DROP 20 failed: Invalid argument. Please make sure your kernel is compiled with file capabilities support enabled.
W/dalvikvm(  461): PR_CAPBSET_DROP 21 failed: Invalid argument. Please make sure your kernel is compiled with file capabilities support enabled.
W/dalvikvm(  461): PR_CAPBSET_DROP 22 failed: Invalid argument. Please make sure your kernel is compiled with file capabilities support enabled.
W/dalvikvm(  461): PR_CAPBSET_DROP 23 failed: Invalid argument. Please make sure your kernel is compiled with file capabilities support enabled.
W/dalvikvm(  461): PR_CAPBSET_DROP 24 failed: Invalid argument. Please make sure your kernel is compiled with file capabilities support enabled.
W/dalvikvm(  461): PR_CAPBSET_DROP 25 failed: Invalid argument. Please make sure your kernel is compiled with file capabilities support enabled.
W/dalvikvm(  461): PR_CAPBSET_DROP 26 failed: Invalid argument. Please make sure your kernel is compiled with file capabilities support enabled.
W/dalvikvm(  461): PR_CAPBSET_DROP 27 failed: Invalid argument. Please make sure your kernel is compiled with file capabilities support enabled.
W/dalvikvm(  461): PR_CAPBSET_DROP 28 failed: Invalid argument. Please make sure your kernel is compiled with file capabilities support enabled.
W/dalvikvm(  461): PR_CAPBSET_DROP 29 failed: Invalid argument. Please make sure your kernel is compiled with file capabilities support enabled.
W/dalvikvm(  461): PR_CAPBSET_DROP 30 failed: Invalid argument. Please make sure your kernel is compiled with file capabilities support enabled.
W/dalvikvm(  461): PR_CAPBSET_DROP 31 failed: Invalid argument. Please make sure your kernel is compiled with file capabilities support enabled.
W/dalvikvm(  461): PR_CAPBSET_DROP 32 failed: Invalid argument. Please make sure your kernel is compiled with file capabilities support enabled.
W/dalvikvm(  461): PR_CAPBSET_DROP 33 failed: Invalid argument. Please make sure your kernel is compiled with file capabilities support enabled.
E/BluetoothAdapter(  384): Bluetooth binder is null
E/BluetoothAdapter(  384): Bluetooth binder is null
E/BluetoothAdapter(  384): Bluetooth binder is null
E/BluetoothAdapter(  431): Bluetooth binder is null
W/ActivityManager(  276): Timeout executing service: ServiceRecord{41fa6600 u0 com.android.systemui/.ImageWallpaper}
W/ActivityManager(  276): Unable to start service Intent { act=com.android.internal.telephony.IWapPushManager } U=0: not found
W/InputAttributes(  410): No editor info for this field. Bug?
E/BluetoothAdapter(  384): Bluetooth binder is null
W/dalvikvm(  484): PR_CAPBSET_DROP 0 failed: Invalid argument. Please make sure your kernel is compiled with file capabilities support enabled.
W/dalvikvm(  484): PR_CAPBSET_DROP 1 failed: Invalid argument. Please make sure your kernel is compiled with file capabilities support enabled.
W/dalvikvm(  484): PR_CAPBSET_DROP 2 failed: Invalid argument. Please make sure your kernel is compiled with file capabilities support enabled.
W/dalvikvm(  484): PR_CAPBSET_DROP 3 failed: Invalid argument. Please make sure your kernel is compiled with file capabilities support enabled.
W/dalvikvm(  484): PR_CAPBSET_DROP 4 failed: Invalid argument. Please make sure your kernel is compiled with file capabilities support enabled.
W/dalvikvm(  484): PR_CAPBSET_DROP 5 failed: Invalid argument. Please make sure your kernel is compiled with file capabilities support enabled.
W/dalvikvm(  484): PR_CAPBSET_DROP 6 failed: Invalid argument. Please make sure your kernel is compiled with file capabilities support enabled.
W/dalvikvm(  484): PR_CAPBSET_DROP 7 failed: Invalid argument. Please make sure your kernel is compiled with file capabilities support enabled.
W/dalvikvm(  484): PR_CAPBSET_DROP 8 failed: Invalid argument. Please make sure your kernel is compiled with file capabilities support enabled.
W/dalvikvm(  484): PR_CAPBSET_DROP 9 failed: Invalid argument. Please make sure your kernel is compiled with file capabilities support enabled.
W/dalvikvm(  484): PR_CAPBSET_DROP 10 failed: Invalid argument. Please make sure your kernel is compiled with file capabilities support enabled.
W/dalvikvm(  484): PR_CAPBSET_DROP 11 failed: Invalid argument. Please make sure your kernel is compiled with file capabilities support enabled.
W/dalvikvm(  484): PR_CAPBSET_DROP 12 failed: Invalid argument. Please make sure your kernel is compiled with file capabilities support enabled.
W/dalvikvm(  484): PR_CAPBSET_DROP 13 failed: Invalid argument. Please make sure your kernel is compiled with file capabilities support enabled.
W/dalvikvm(  484): PR_CAPBSET_DROP 14 failed: Invalid argument. Please make sure your kernel is compiled with file capabilities support enabled.
W/dalvikvm(  484): PR_CAPBSET_DROP 15 failed: Invalid argument. Please make sure your kernel is compiled with file capabilities support enabled.
W/dalvikvm(  484): PR_CAPBSET_DROP 16 failed: Invalid argument. Please make sure your kernel is compiled with file capabilities support enabled.
W/dalvikvm(  484): PR_CAPBSET_DROP 17 failed: Invalid argument. Please make sure your kernel is compiled with file capabilities support enabled.
W/dalvikvm(  484): PR_CAPBSET_DROP 18 failed: Invalid argument. Please make sure your kernel is compiled with file capabilities support enabled.
W/dalvikvm(  484): PR_CAPBSET_DROP 19 failed: Invalid argument. Please make sure your kernel is compiled with file capabilities support enabled.
W/dalvikvm(  484): PR_CAPBSET_DROP 20 failed: Invalid argument. Please make sure your kernel is compiled with file capabilities support enabled.
W/dalvikvm(  484): PR_CAPBSET_DROP 21 failed: Invalid argument. Please make sure your kernel is compiled with file capabilities support enabled.
W/dalvikvm(  484): PR_CAPBSET_DROP 22 failed: Invalid argument. Please make sure your kernel is compiled with file capabilities support enabled.
W/dalvikvm(  484): PR_CAPBSET_DROP 23 failed: Invalid argument. Please make sure your kernel is compiled with file capabilities support enabled.
W/dalvikvm(  484): PR_CAPBSET_DROP 24 failed: Invalid argument. Please make sure your kernel is compiled with file capabilities support enabled.
W/dalvikvm(  484): PR_CAPBSET_DROP 25 failed: Invalid argument. Please make sure your kernel is compiled with file capabilities support enabled.
W/dalvikvm(  484): PR_CAPBSET_DROP 26 failed: Invalid argument. Please make sure your kernel is compiled with file capabilities support enabled.
W/dalvikvm(  484): PR_CAPBSET_DROP 27 failed: Invalid argument. Please make sure your kernel is compiled with file capabilities support enabled.
W/dalvikvm(  484): PR_CAPBSET_DROP 28 failed: Invalid argument. Please make sure your kernel is compiled with file capabilities support enabled.
W/dalvikvm(  484): PR_CAPBSET_DROP 29 failed: Invalid argument. Please make sure your kernel is compiled with file capabilities support enabled.
W/dalvikvm(  484): PR_CAPBSET_DROP 30 failed: Invalid argument. Please make sure your kernel is compiled with file capabilities support enabled.
W/dalvikvm(  484): PR_CAPBSET_DROP 31 failed: Invalid argument. Please make sure your kernel is compiled with file capabilities support enabled.
W/dalvikvm(  484): PR_CAPBSET_DROP 32 failed: Invalid argument. Please make sure your kernel is compiled with file capabilities support enabled.
W/dalvikvm(  484): PR_CAPBSET_DROP 33 failed: Invalid argument. Please make sure your kernel is compiled with file capabilities support enabled.
E/BluetoothAdapter(  276): Bluetooth binder is null
E/SoundPool(  276): error loading /system/media/audio/ui/Effect_Tick.ogg
W/AudioService(  276): Soundpool could not load file: /system/media/audio/ui/Effect_Tick.ogg
E/SoundPool(  276): error loading /system/media/audio/ui/Effect_Tick.ogg
W/AudioService(  276): Soundpool could not load file: /system/media/audio/ui/Effect_Tick.ogg
E/SoundPool(  276): error loading /system/media/audio/ui/Effect_Tick.ogg
W/AudioService(  276): Soundpool could not load file: /system/media/audio/ui/Effect_Tick.ogg
E/SoundPool(  276): error loading /system/media/audio/ui/Effect_Tick.ogg
W/AudioService(  276): Soundpool could not load file: /system/media/audio/ui/Effect_Tick.ogg
E/SoundPool(  276): error loading /system/media/audio/ui/Effect_Tick.ogg
W/AudioService(  276): Soundpool could not load file: /system/media/audio/ui/Effect_Tick.ogg
E/SoundPool(  276): error loading /system/media/audio/ui/KeypressStandard.ogg
W/AudioService(  276): Soundpool could not load file: /system/media/audio/ui/KeypressStandard.ogg
E/SoundPool(  276): error loading /system/media/audio/ui/KeypressSpacebar.ogg
W/AudioService(  276): Soundpool could not load file: /system/media/audio/ui/KeypressSpacebar.ogg
E/SoundPool(  276): error loading /system/media/audio/ui/KeypressDelete.ogg
W/AudioService(  276): Soundpool could not load file: /system/media/audio/ui/KeypressDelete.ogg
E/SoundPool(  276): error loading /system/media/audio/ui/KeypressReturn.ogg
W/AudioService(  276): Soundpool could not load file: /system/media/audio/ui/KeypressReturn.ogg
W/AudioService(  276): onLoadSoundEffects(), Error -1 while loading samples
E/BluetoothAdapter(  276): Bluetooth binder is null
E/BluetoothAdapter(  425): Bluetooth binder is null
W/dalvikvm(  507): PR_CAPBSET_DROP 0 failed: Invalid argument. Please make sure your kernel is compiled with file capabilities support enabled.
W/dalvikvm(  507): PR_CAPBSET_DROP 1 failed: Invalid argument. Please make sure your kernel is compiled with file capabilities support enabled.
W/dalvikvm(  507): PR_CAPBSET_DROP 2 failed: Invalid argument. Please make sure your kernel is compiled with file capabilities support enabled.
W/dalvikvm(  507): PR_CAPBSET_DROP 3 failed: Invalid argument. Please make sure your kernel is compiled with file capabilities support enabled.
W/dalvikvm(  507): PR_CAPBSET_DROP 4 failed: Invalid argument. Please make sure your kernel is compiled with file capabilities support enabled.
W/dalvikvm(  507): PR_CAPBSET_DROP 5 failed: Invalid argument. Please make sure your kernel is compiled with file capabilities support enabled.
W/dalvikvm(  507): PR_CAPBSET_DROP 6 failed: Invalid argument. Please make sure your kernel is compiled with file capabilities support enabled.
W/dalvikvm(  507): PR_CAPBSET_DROP 7 failed: Invalid argument. Please make sure your kernel is compiled with file capabilities support enabled.
W/dalvikvm(  507): PR_CAPBSET_DROP 8 failed: Invalid argument. Please make sure your kernel is compiled with file capabilities support enabled.
W/dalvikvm(  507): PR_CAPBSET_DROP 9 failed: Invalid argument. Please make sure your kernel is compiled with file capabilities support enabled.
W/dalvikvm(  507): PR_CAPBSET_DROP 10 failed: Invalid argument. Please make sure your kernel is compiled with file capabilities support enabled.
W/dalvikvm(  507): PR_CAPBSET_DROP 11 failed: Invalid argument. Please make sure your kernel is compiled with file capabilities support enabled.
W/dalvikvm(  507): PR_CAPBSET_DROP 12 failed: Invalid argument. Please make sure your kernel is compiled with file capabilities support enabled.
W/dalvikvm(  507): PR_CAPBSET_DROP 13 failed: Invalid argument. Please make sure your kernel is compiled with file capabilities support enabled.
W/dalvikvm(  507): PR_CAPBSET_DROP 14 failed: Invalid argument. Please make sure your kernel is compiled with file capabilities support enabled.
W/dalvikvm(  507): PR_CAPBSET_DROP 15 failed: Invalid argument. Please make sure your kernel is compiled with file capabilities support enabled.
W/dalvikvm(  507): PR_CAPBSET_DROP 16 failed: Invalid argument. Please make sure your kernel is compiled with file capabilities support enabled.
W/dalvikvm(  507): PR_CAPBSET_DROP 17 failed: Invalid argument. Please make sure your kernel is compiled with file capabilities support enabled.
W/dalvikvm(  507): PR_CAPBSET_DROP 18 failed: Invalid argument. Please make sure your kernel is compiled with file capabilities support enabled.
W/dalvikvm(  507): PR_CAPBSET_DROP 19 failed: Invalid argument. Please make sure your kernel is compiled with file capabilities support enabled.
W/dalvikvm(  507): PR_CAPBSET_DROP 20 failed: Invalid argument. Please make sure your kernel is compiled with file capabilities support enabled.
W/dalvikvm(  507): PR_CAPBSET_DROP 21 failed: Invalid argument. Please make sure your kernel is compiled with file capabilities support enabled.
W/dalvikvm(  507): PR_CAPBSET_DROP 22 failed: Invalid argument. Please make sure your kernel is compiled with file capabilities support enabled.
W/dalvikvm(  507): PR_CAPBSET_DROP 23 failed: Invalid argument. Please make sure your kernel is compiled with file capabilities support enabled.
W/dalvikvm(  507): PR_CAPBSET_DROP 24 failed: Invalid argument. Please make sure your kernel is compiled with file capabilities support enabled.
W/dalvikvm(  507): PR_CAPBSET_DROP 25 failed: Invalid argument. Please make sure your kernel is compiled with file capabilities support enabled.
W/dalvikvm(  507): PR_CAPBSET_DROP 26 failed: Invalid argument. Please make sure your kernel is compiled with file capabilities support enabled.
W/dalvikvm(  507): PR_CAPBSET_DROP 27 failed: Invalid argument. Please make sure your kernel is compiled with file capabilities support enabled.
W/dalvikvm(  507): PR_CAPBSET_DROP 28 failed: Invalid argument. Please make sure your kernel is compiled with file capabilities support enabled.
W/dalvikvm(  507): PR_CAPBSET_DROP 29 failed: Invalid argument. Please make sure your kernel is compiled with file capabilities support enabled.
W/dalvikvm(  507): PR_CAPBSET_DROP 30 failed: Invalid argument. Please make sure your kernel is compiled with file capabilities support enabled.
W/dalvikvm(  507): PR_CAPBSET_DROP 31 failed: Invalid argument. Please make sure your kernel is compiled with file capabilities support enabled.
W/dalvikvm(  507): PR_CAPBSET_DROP 32 failed: Invalid argument. Please make sure your kernel is compiled with file capabilities support enabled.
W/dalvikvm(  507): PR_CAPBSET_DROP 33 failed: Invalid argument. Please make sure your kernel is compiled with file capabilities support enabled.
W/dalvikvm(  512): PR_CAPBSET_DROP 0 failed: Invalid argument. Please make sure your kernel is compiled with file capabilities support enabled.
W/dalvikvm(  512): PR_CAPBSET_DROP 1 failed: Invalid argument. Please make sure your kernel is compiled with file capabilities support enabled.
W/dalvikvm(  512): PR_CAPBSET_DROP 2 failed: Invalid argument. Please make sure your kernel is compiled with file capabilities support enabled.
W/dalvikvm(  512): PR_CAPBSET_DROP 3 failed: Invalid argument. Please make sure your kernel is compiled with file capabilities support enabled.
W/dalvikvm(  512): PR_CAPBSET_DROP 4 failed: Invalid argument. Please make sure your kernel is compiled with file capabilities support enabled.
W/dalvikvm(  512): PR_CAPBSET_DROP 5 failed: Invalid argument. Please make sure your kernel is compiled with file capabilities support enabled.
W/dalvikvm(  512): PR_CAPBSET_DROP 6 failed: Invalid argument. Please make sure your kernel is compiled with file capabilities support enabled.
W/dalvikvm(  512): PR_CAPBSET_DROP 7 failed: Invalid argument. Please make sure your kernel is compiled with file capabilities support enabled.
W/dalvikvm(  512): PR_CAPBSET_DROP 8 failed: Invalid argument. Please make sure your kernel is compiled with file capabilities support enabled.
W/dalvikvm(  512): PR_CAPBSET_DROP 9 failed: Invalid argument. Please make sure your kernel is compiled with file capabilities support enabled.
W/dalvikvm(  512): PR_CAPBSET_DROP 10 failed: Invalid argument. Please make sure your kernel is compiled with file capabilities support enabled.
W/dalvikvm(  512): PR_CAPBSET_DROP 11 failed: Invalid argument. Please make sure your kernel is compiled with file capabilities support enabled.
W/dalvikvm(  512): PR_CAPBSET_DROP 12 failed: Invalid argument. Please make sure your kernel is compiled with file capabilities support enabled.
W/dalvikvm(  512): PR_CAPBSET_DROP 13 failed: Invalid argument. Please make sure your kernel is compiled with file capabilities support enabled.
W/dalvikvm(  512): PR_CAPBSET_DROP 14 failed: Invalid argument. Please make sure your kernel is compiled with file capabilities support enabled.
W/dalvikvm(  512): PR_CAPBSET_DROP 15 failed: Invalid argument. Please make sure your kernel is compiled with file capabilities support enabled.
W/dalvikvm(  512): PR_CAPBSET_DROP 16 failed: Invalid argument. Please make sure your kernel is compiled with file capabilities support enabled.
W/dalvikvm(  512): PR_CAPBSET_DROP 17 failed: Invalid argument. Please make sure your kernel is compiled with file capabilities support enabled.
W/dalvikvm(  512): PR_CAPBSET_DROP 18 failed: Invalid argument. Please make sure your kernel is compiled with file capabilities support enabled.
W/dalvikvm(  512): PR_CAPBSET_DROP 19 failed: Invalid argument. Please make sure your kernel is compiled with file capabilities support enabled.
W/dalvikvm(  512): PR_CAPBSET_DROP 20 failed: Invalid argument. Please make sure your kernel is compiled with file capabilities support enabled.
W/dalvikvm(  512): PR_CAPBSET_DROP 21 failed: Invalid argument. Please make sure your kernel is compiled with file capabilities support enabled.
W/dalvikvm(  512): PR_CAPBSET_DROP 22 failed: Invalid argument. Please make sure your kernel is compiled with file capabilities support enabled.
W/dalvikvm(  512): PR_CAPBSET_DROP 23 failed: Invalid argument. Please make sure your kernel is compiled with file capabilities support enabled.
W/dalvikvm(  512): PR_CAPBSET_DROP 24 failed: Invalid argument. Please make sure your kernel is compiled with file capabilities support enabled.
W/dalvikvm(  512): PR_CAPBSET_DROP 25 failed: Invalid argument. Please make sure your kernel is compiled with file capabilities support enabled.
W/dalvikvm(  512): PR_CAPBSET_DROP 26 failed: Invalid argument. Please make sure your kernel is compiled with file capabilities support enabled.
W/dalvikvm(  512): PR_CAPBSET_DROP 27 failed: Invalid argument. Please make sure your kernel is compiled with file capabilities support enabled.
W/dalvikvm(  512): PR_CAPBSET_DROP 28 failed: Invalid argument. Please make sure your kernel is compiled with file capabilities support enabled.
W/dalvikvm(  512): PR_CAPBSET_DROP 29 failed: Invalid argument. Please make sure your kernel is compiled with file capabilities support enabled.
W/dalvikvm(  512): PR_CAPBSET_DROP 30 failed: Invalid argument. Please make sure your kernel is compiled with file capabilities support enabled.
W/dalvikvm(  512): PR_CAPBSET_DROP 31 failed: Invalid argument. Please make sure your kernel is compiled with file capabilities support enabled.
W/dalvikvm(  512): PR_CAPBSET_DROP 32 failed: Invalid argument. Please make sure your kernel is compiled with file capabilities support enabled.
W/dalvikvm(  512): PR_CAPBSET_DROP 33 failed: Invalid argument. Please make sure your kernel is compiled with file capabilities support enabled.
E/BluetoothAdapter(  425): Bluetooth binder is null
W/ProcessStats(  276): Skipping unknown process pid 528
W/ProcessStats(  276): Skipping unknown process pid 461
E/BluetoothAdapter(  431): Bluetooth binder is null
E/BluetoothAdapter(  384): Bluetooth binder is null
W/dalvikvm(  551): PR_CAPBSET_DROP 0 failed: Invalid argument. Please make sure your kernel is compiled with file capabilities support enabled.
W/dalvikvm(  551): PR_CAPBSET_DROP 1 failed: Invalid argument. Please make sure your kernel is compiled with file capabilities support enabled.
W/dalvikvm(  551): PR_CAPBSET_DROP 2 failed: Invalid argument. Please make sure your kernel is compiled with file capabilities support enabled.
W/dalvikvm(  551): PR_CAPBSET_DROP 3 failed: Invalid argument. Please make sure your kernel is compiled with file capabilities support enabled.
W/dalvikvm(  551): PR_CAPBSET_DROP 4 failed: Invalid argument. Please make sure your kernel is compiled with file capabilities support enabled.
W/dalvikvm(  551): PR_CAPBSET_DROP 5 failed: Invalid argument. Please make sure your kernel is compiled with file capabilities support enabled.
W/dalvikvm(  551): PR_CAPBSET_DROP 6 failed: Invalid argument. Please make sure your kernel is compiled with file capabilities support enabled.
W/dalvikvm(  551): PR_CAPBSET_DROP 7 failed: Invalid argument. Please make sure your kernel is compiled with file capabilities support enabled.
W/dalvikvm(  551): PR_CAPBSET_DROP 8 failed: Invalid argument. Please make sure your kernel is compiled with file capabilities support enabled.
W/dalvikvm(  551): PR_CAPBSET_DROP 9 failed: Invalid argument. Please make sure your kernel is compiled with file capabilities support enabled.
W/dalvikvm(  551): PR_CAPBSET_DROP 10 failed: Invalid argument. Please make sure your kernel is compiled with file capabilities support enabled.
W/dalvikvm(  551): PR_CAPBSET_DROP 11 failed: Invalid argument. Please make sure your kernel is compiled with file capabilities support enabled.
W/dalvikvm(  551): PR_CAPBSET_DROP 12 failed: Invalid argument. Please make sure your kernel is compiled with file capabilities support enabled.
W/dalvikvm(  551): PR_CAPBSET_DROP 13 failed: Invalid argument. Please make sure your kernel is compiled with file capabilities support enabled.
W/dalvikvm(  551): PR_CAPBSET_DROP 14 failed: Invalid argument. Please make sure your kernel is compiled with file capabilities support enabled.
W/dalvikvm(  551): PR_CAPBSET_DROP 15 failed: Invalid argument. Please make sure your kernel is compiled with file capabilities support enabled.
W/dalvikvm(  551): PR_CAPBSET_DROP 16 failed: Invalid argument. Please make sure your kernel is compiled with file capabilities support enabled.
W/dalvikvm(  551): PR_CAPBSET_DROP 17 failed: Invalid argument. Please make sure your kernel is compiled with file capabilities support enabled.
W/dalvikvm(  551): PR_CAPBSET_DROP 18 failed: Invalid argument. Please make sure your kernel is compiled with file capabilities support enabled.
W/dalvikvm(  551): PR_CAPBSET_DROP 19 failed: Invalid argument. Please make sure your kernel is compiled with file capabilities support enabled.
W/dalvikvm(  551): PR_CAPBSET_DROP 20 failed: Invalid argument. Please make sure your kernel is compiled with file capabilities support enabled.
W/dalvikvm(  551): PR_CAPBSET_DROP 21 failed: Invalid argument. Please make sure your kernel is compiled with file capabilities support enabled.
W/dalvikvm(  551): PR_CAPBSET_DROP 22 failed: Invalid argument. Please make sure your kernel is compiled with file capabilities support enabled.
W/dalvikvm(  551): PR_CAPBSET_DROP 23 failed: Invalid argument. Please make sure your kernel is compiled with file capabilities support enabled.
W/dalvikvm(  551): PR_CAPBSET_DROP 24 failed: Invalid argument. Please make sure your kernel is compiled with file capabilities support enabled.
W/dalvikvm(  551): PR_CAPBSET_DROP 25 failed: Invalid argument. Please make sure your kernel is compiled with file capabilities support enabled.
W/dalvikvm(  551): PR_CAPBSET_DROP 26 failed: Invalid argument. Please make sure your kernel is compiled with file capabilities support enabled.
W/dalvikvm(  551): PR_CAPBSET_DROP 27 failed: Invalid argument. Please make sure your kernel is compiled with file capabilities support enabled.
W/dalvikvm(  551): PR_CAPBSET_DROP 28 failed: Invalid argument. Please make sure your kernel is compiled with file capabilities support enabled.
W/dalvikvm(  551): PR_CAPBSET_DROP 29 failed: Invalid argument. Please make sure your kernel is compiled with file capabilities support enabled.
W/dalvikvm(  551): PR_CAPBSET_DROP 30 failed: Invalid argument. Please make sure your kernel is compiled with file capabilities support enabled.
W/dalvikvm(  551): PR_CAPBSET_DROP 31 failed: Invalid argument. Please make sure your kernel is compiled with file capabilities support enabled.
W/dalvikvm(  551): PR_CAPBSET_DROP 32 failed: Invalid argument. Please make sure your kernel is compiled with file capabilities support enabled.
W/dalvikvm(  551): PR_CAPBSET_DROP 33 failed: Invalid argument. Please make sure your kernel is compiled with file capabilities support enabled.
E/ActivityManager(  276): ANR in com.android.systemui
E/ActivityManager(  276): Reason: Executing service com.android.systemui/.ImageWallpaper
E/ActivityManager(  276): Load: 3.15 / 0.91 / 0.31
E/ActivityManager(  276): CPU usage from 0ms to 6056ms later:
E/ActivityManager(  276):   39% 276/system_server: 29% user + 10% kernel / faults: 1966 minor 1 major
E/ActivityManager(  276):   8.8% 425/com.android.phone: 6.1% user + 2.6% kernel / faults: 1724 minor 5 major
E/ActivityManager(  276):   7.6% 36/surfaceflinger: 6.1% user + 1.4% kernel / faults: 136 minor
E/ActivityManager(  276):   4.9% 384/com.android.systemui: 3.1% user + 1.7% kernel / faults: 632 minor 1 major
E/ActivityManager(  276):   3% 37/zygote: 2.4% user + 0.6% kernel / faults: 284 minor
E/ActivityManager(  276):   2.8% 410/com.android.inputmethod.latin: 2% user + 0.7% kernel / faults: 861 minor 7 major
E/ActivityManager(  276):   1.5% 298/logcat: 0.4% user + 1.1% kernel
E/ActivityManager(  276):   1.2% 72/bootanimation: 1.1% user + 0.1% kernel
E/ActivityManager(  276):   0.8% 46/adbd: 0.1% user + 0.6% kernel
E/ActivityManager(  276):   0.1% 30/servicemanager: 0% user + 0.1% kernel
E/ActivityManager(  276):   0% 35/rild: 0% user + 0% kernel / faults: 8 minor
E/ActivityManager(  276):   0.1% 39/mediaserver: 0% user + 0.1% kernel / faults: 8 minor
E/ActivityManager(  276):  +0% 484/com.android.launcher: 0% user + 0% kernel
E/ActivityManager(  276):  +0% 507/com.android.music: 0% user + 0% kernel
E/ActivityManager(  276):  +0% 512/android.process.acore: 0% user + 0% kernel
E/ActivityManager(  276):  +0% 551/android.process.media: 0% user + 0% kernel
E/ActivityManager(  276): 98% TOTAL: 65% user + 32% kernel + 0.3% softirq
E/ActivityManager(  276): CPU usage from 3650ms to 5050ms later:
E/ActivityManager(  276):   37% 276/system_server: 26% user + 11% kernel / faults: 176 minor
E/ActivityManager(  276):     14% 290/er.ServerThread: 13% user + 0.9% kernel
E/ActivityManager(  276):     12% 282/Compiler: 11% user + 0.9% kernel
E/ActivityManager(  276):     12% 481/Binder_6: 9.4% user + 2.8% kernel
E/ActivityManager(  276):     7.5% 293/ActivityManager: 3.7% user + 3.7% kernel
E/ActivityManager(  276):     5.6% 480/Binder_5: 5.6% user + 0% kernel
E/ActivityManager(  276):     4.7% 540/Binder_8: 1.8% user + 2.8% kernel
E/ActivityManager(  276):     0.9% 276/system_server: 0% user + 0.9% kernel
E/ActivityManager(  276):     0.9% 288/Binder_2: 0% user + 0.9% kernel
E/ActivityManager(  276):    +0% 542/Binder_9: 0% user + 0% kernel
E/ActivityManager(  276):   9.7% 425/com.android.phone: 6.8% user + 2.8% kernel / faults: 109 minor
E/ActivityManager(  276):     3.4% 425/m.android.phone: 3.4% user + 0% kernel
E/ActivityManager(  276):     2.8% 450/Binder_1: 1.1% user + 1.7% kernel
E/ActivityManager(  276):     1.7% 436/Compiler: 1.1% user + 0.5% kernel
E/ActivityManager(  276):     1.1% 468/RILReceiver: 0% user + 1.1% kernel
E/ActivityManager(  276):     0.5% 451/Binder_2: 0% user + 0.5% kernel
E/ActivityManager(  276):     0.5% 467/RILSender: 0.5% user + 0% kernel
E/ActivityManager(  276):     0.5% 482/Binder_3: 0.5% user + 0% kernel
E/ActivityManager(  276):     0.5% 483/Binder_4: 0.5% user + 0% kernel
E/ActivityManager(  276):   7.9% 512/android.process.acore: 5.1% user + 2.8% kernel / faults: 252 minor
E/ActivityManager(  276):     6.8% 512/d.process.acore: 3.9% user + 2.8% kernel
E/ActivityManager(  276):     1.1% 526/Compiler: 1.1% user + 0% kernel
E/ActivityManager(  276):    +0% 546/ApplicationsPro: 0% user + 0% kernel
E/ActivityManager(  276):    +0% 548/PackageMonitor: 0% user + 0% kernel
E/ActivityManager(  276):   8.6% 36/surfaceflinger: 6.5% user + 2.1% kernel / faults: 32 minor
E/ActivityManager(  276):     7.9% 63/SurfaceFlinger: 5.7% user + 2.1% kernel
E/ActivityManager(  276):     1.4% 67/VSyncThread: 1.4% user + 0% kernel
E/ActivityManager(  276):     0.7% 70/EventThread: 0% user + 0.7% kernel
E/ActivityManager(  276):   2.4% 384/com.android.systemui: 0.6% user + 1.8% kernel / faults: 25 minor
E/ActivityManager(  276):     2.4% 384/ndroid.systemui: 1.2% user + 1.2% kernel
E/ActivityManager(  276):     1.8% 393/Compiler: 1.2% user + 0.6% kernel
E/ActivityManager(  276):     0.6% 389/GC: 0.6% user + 0% kernel
E/ActivityManager(  276):    +0% 545/SystemUI Storag: 0% user + 0% kernel
E/ActivityManager(  276):   1.1% 507/com.android.music: 0.5% user + 0.5% kernel / faults: 127 minor
E/ActivityManager(  276):     0.5% 507/m.android.music: 0% user + 0.5% kernel
E/ActivityManager(  276):   0.2% 30/servicemanager: 0% user + 0.2% kernel
E/ActivityManager(  276):   0.9% 72/bootanimation: 0% user + 0.9% kernel
E/ActivityManager(  276):     3.6% 85/BootAnimation: 1.8% user + 1.8% kernel
E/ActivityManager(  276): 100% TOTAL: 73% user + 26% kernel
W/ActivityManager(  276): Killing ProcessRecord{41b12210 384:com.android.systemui/u0a10016}: background ANR
E/JavaBinder(  276): !!! FAILED BINDER TRANSACTION !!!
W/ActivityManager(  276): Launch timeout has expired, giving up wake lock!
W/ActivityManager(  276): Timeout executing service: ServiceRecord{42077640 u0 com.android.inputmethod.latin/.LatinIME}
E/ActivityManager(  276): ANR in com.android.inputmethod.latin
E/ActivityManager(  276): Reason: Executing service com.android.inputmethod.latin/.LatinIME
E/ActivityManager(  276): Load: 4.02 / 1.13 / 0.39
E/ActivityManager(  276): CPU usage from 6896ms to 840ms ago:
E/ActivityManager(  276):   39% 276/system_server: 29% user + 10% kernel / faults: 1966 minor 1 major
E/ActivityManager(  276):   8.8% 425/com.android.phone: 6.1% user + 2.6% kernel / faults: 1724 minor 5 major
E/ActivityManager(  276):   7.6% 36/surfaceflinger: 6.1% user + 1.4% kernel / faults: 136 minor
E/ActivityManager(  276):   4.9% 384/com.android.systemui: 3.1% user + 1.7% kernel / faults: 632 minor 1 major
E/ActivityManager(  276):   3% 37/zygote: 2.4% user + 0.6% kernel / faults: 284 minor
E/ActivityManager(  276):   2.8% 410/com.android.inputmethod.latin: 2% user + 0.7% kernel / faults: 861 minor 7 major
E/ActivityManager(  276):   1.5% 298/logcat: 0.4% user + 1.1% kernel
E/ActivityManager(  276):   1.2% 72/bootanimation: 1.1% user + 0.1% kernel
E/ActivityManager(  276):   0.8% 46/adbd: 0.1% user + 0.6% kernel
E/ActivityManager(  276):   0.1% 30/servicemanager: 0% user + 0.1% kernel
E/ActivityManager(  276):   0% 35/rild: 0% user + 0% kernel / faults: 8 minor
E/ActivityManager(  276):   0.1% 39/mediaserver: 0% user + 0.1% kernel / faults: 8 minor
E/ActivityManager(  276):  +0% 484/com.android.launcher: 0% user + 0% kernel
E/ActivityManager(  276):  +0% 507/com.android.music: 0% user + 0% kernel
E/ActivityManager(  276):  +0% 512/android.process.acore: 0% user + 0% kernel
E/ActivityManager(  276):  +0% 551/android.process.media: 0% user + 0% kernel
E/ActivityManager(  276): 98% TOTAL: 65% user + 32% kernel + 0.3% softirq
E/ActivityManager(  276): CPU usage from 1992ms to 2557ms later:
E/ActivityManager(  276):   32% 484/com.android.launcher: 32% user + 0% kernel / faults: 176 minor 1 major
E/ActivityManager(  276):     26% 484/ndroid.launcher: 26% user + 0% kernel
E/ActivityManager(  276):     3% 495/Compiler: 1.5% user + 1.5% kernel
E/ActivityManager(  276):   18% 425/com.android.phone: 9.9% user + 8.9% kernel / faults: 69 minor
E/ActivityManager(  276):     7.9% 425/m.android.phone: 4.9% user + 2.9% kernel
E/ActivityManager(  276):     3.9% 468/RILReceiver: 1.9% user + 1.9% kernel
E/ActivityManager(  276):     2.9% 436/Compiler: 0% user + 2.9% kernel
E/ActivityManager(  276):     1.9% 467/RILSender: 0% user + 1.9% kernel
E/ActivityManager(  276):     0.9% 430/GC: 0.9% user + 0% kernel
E/ActivityManager(  276):   23% 276/system_server: 12% user + 10% kernel / faults: 84 minor
E/ActivityManager(  276):     5.3% 293/ActivityManager: 1.7% user + 3.5% kernel
E/ActivityManager(  276):     5.3% 454/Binder_3: 5.3% user + 0% kernel
E/ActivityManager(  276):     3.5% 282/Compiler: 1.7% user + 1.7% kernel
E/ActivityManager(  276):     1.7% 287/Binder_1: 0% user + 1.7% kernel
E/ActivityManager(  276):     1.7% 306/PowerManagerSer: 0% user + 1.7% kernel
E/ActivityManager(  276):     1.7% 455/Binder_4: 0% user + 1.7% kernel
E/ActivityManager(  276):     1.7% 480/Binder_5: 1.7% user + 0% kernel
E/ActivityManager(  276):     1.7% 539/Binder_7: 1.7% user + 0% kernel
E/ActivityManager(  276):     1.7% 540/Binder_8: 1.7% user + 0% kernel
E/ActivityManager(  276):     1.7% 542/Binder_9: 0% user + 1.7% kernel
E/ActivityManager(  276):     1.7% 547/Binder_A: 1.7% user + 0% kernel
E/ActivityManager(  276):     1.7% 549/Binder_B: 1.7% user + 0% kernel
E/ActivityManager(  276):     1.7% 550/Binder_C: 1.7% user + 0% kernel
E/ActivityManager(  276):    +0% 580/Error dump: sys: 0% user + 0% kernel
E/ActivityManager(  276):   7.1% 36/surfaceflinger: 7.1% user + 0% kernel / faults: 12 minor
E/ActivityManager(  276):     7.1% 63/SurfaceFlinger: 7.1% user + 0% kernel
E/ActivityManager(  276):     1.7% 70/EventThread: 1.7% user + 0% kernel
E/ActivityManager(  276):     1.7% 71/Binder_1: 0% user + 1.7% kernel
E/ActivityManager(  276):   1.8% 35/rild: 1.8% user + 0% kernel
E/ActivityManager(  276):     1.8% 75/rild: 1.8% user + 0% kernel
E/ActivityManager(  276):   1.7% 72/bootanimation: 1.7% user + 0% kernel
E/ActivityManager(  276):     1.7% 85/BootAnimation: 1.7% user + 0% kernel
E/ActivityManager(  276): 100% TOTAL: 75% user + 25% kernel
W/Resources(  484): Converting to int: TypedValue{t=0x3/d=0x12 "4" a=-1}
W/Resources(  484): Converting to int: TypedValue{t=0x3/d=0xf "1" a=-1}
E/JavaBinder(  276): !!! FAILED BINDER TRANSACTION !!!
W/ActivityManager(  276): Killing ProcessRecord{4204f690 410:com.android.inputmethod.latin/u0a10020}: background ANR
W/BroadcastQueue(  276): Failure sending broadcast Intent { act=android.media.RINGER_MODE_CHANGED flg=0x28000010 (has extras) }
W/BroadcastQueue(  276): android.os.DeadObjectException
W/BroadcastQueue(  276): 	at android.os.BinderProxy.transact(Native Method)
W/BroadcastQueue(  276): 	at android.app.ApplicationThreadProxy.scheduleRegisteredReceiver(ApplicationThreadNative.java:1026)
W/BroadcastQueue(  276): 	at com.android.server.am.BroadcastQueue.performReceiveLocked(BroadcastQueue.java:373)
W/BroadcastQueue(  276): 	at com.android.server.am.BroadcastQueue.deliverToRegisteredReceiverLocked(BroadcastQueue.java:449)
W/BroadcastQueue(  276): 	at com.android.server.am.BroadcastQueue.processNextBroadcast(BroadcastQueue.java:497)
W/BroadcastQueue(  276): 	at com.android.server.am.BroadcastQueue$1.handleMessage(BroadcastQueue.java:140)
W/BroadcastQueue(  276): 	at android.os.Handler.dispatchMessage(Handler.java:99)
W/BroadcastQueue(  276): 	at android.os.Looper.loop(Looper.java:137)
W/BroadcastQueue(  276): 	at com.android.server.am.ActivityManagerService$AThread.run(ActivityManagerService.java:1542)
E/JavaBinder(  276): !!! FAILED BINDER TRANSACTION !!!
W/BroadcastQueue(  276): Failure sending broadcast Intent { act=android.intent.action.SIM_STATE_CHANGED flg=0x20000010 (has extras) }
W/BroadcastQueue(  276): android.os.TransactionTooLargeException
W/BroadcastQueue(  276): 	at android.os.BinderProxy.transact(Native Method)
W/BroadcastQueue(  276): 	at android.app.ApplicationThreadProxy.scheduleRegisteredReceiver(ApplicationThreadNative.java:1026)
W/BroadcastQueue(  276): 	at com.android.server.am.BroadcastQueue.performReceiveLocked(BroadcastQueue.java:373)
W/BroadcastQueue(  276): 	at com.android.server.am.BroadcastQueue.deliverToRegisteredReceiverLocked(BroadcastQueue.java:449)
W/BroadcastQueue(  276): 	at com.android.server.am.BroadcastQueue.processNextBroadcast(BroadcastQueue.java:497)
W/BroadcastQueue(  276): 	at com.android.server.am.BroadcastQueue$1.handleMessage(BroadcastQueue.java:140)
W/BroadcastQueue(  276): 	at android.os.Handler.dispatchMessage(Handler.java:99)
W/BroadcastQueue(  276): 	at android.os.Looper.loop(Looper.java:137)
W/BroadcastQueue(  276): 	at com.android.server.am.ActivityManagerService$AThread.run(ActivityManagerService.java:1542)
E/JavaBinder(  276): !!! FAILED BINDER TRANSACTION !!!
W/BroadcastQueue(  276): Failure sending broadcast Intent { act=android.intent.action.SIM_STATE_CHANGED flg=0x20000010 (has extras) }
W/BroadcastQueue(  276): android.os.TransactionTooLargeException
W/BroadcastQueue(  276): 	at android.os.BinderProxy.transact(Native Method)
W/BroadcastQueue(  276): 	at android.app.ApplicationThreadProxy.scheduleRegisteredReceiver(ApplicationThreadNative.java:1026)
W/BroadcastQueue(  276): 	at com.android.server.am.BroadcastQueue.performReceiveLocked(BroadcastQueue.java:373)
W/BroadcastQueue(  276): 	at com.android.server.am.BroadcastQueue.deliverToRegisteredReceiverLocked(BroadcastQueue.java:449)
W/BroadcastQueue(  276): 	at com.android.server.am.BroadcastQueue.processNextBroadcast(BroadcastQueue.java:497)
W/BroadcastQueue(  276): 	at com.android.server.am.BroadcastQueue$1.handleMessage(BroadcastQueue.java:140)
W/BroadcastQueue(  276): 	at android.os.Handler.dispatchMessage(Handler.java:99)
W/BroadcastQueue(  276): 	at android.os.Looper.loop(Looper.java:137)
W/BroadcastQueue(  276): 	at com.android.server.am.ActivityManagerService$AThread.run(ActivityManagerService.java:1542)
W/ActivityManager(  276): Scheduling restart of crashed service com.android.inputmethod.latin/.LatinIME in 5000ms
E/JavaBinder(  276): !!! FAILED BINDER TRANSACTION !!!
E/JavaBinder(  276): !!! FAILED BINDER TRANSACTION !!!
W/BroadcastQueue(  276): Failure sending broadcast Intent { act=android.intent.action.CONFIGURATION_CHANGED flg=0x70000010 }
W/BroadcastQueue(  276): android.os.TransactionTooLargeException
W/BroadcastQueue(  276): 	at android.os.BinderProxy.transact(Native Method)
W/BroadcastQueue(  276): 	at android.app.ApplicationThreadProxy.scheduleRegisteredReceiver(ApplicationThreadNative.java:1026)
W/BroadcastQueue(  276): 	at com.android.server.am.BroadcastQueue.performReceiveLocked(BroadcastQueue.java:373)
W/BroadcastQueue(  276): 	at com.android.server.am.BroadcastQueue.deliverToRegisteredReceiverLocked(BroadcastQueue.java:449)
W/BroadcastQueue(  276): 	at com.android.server.am.BroadcastQueue.processNextBroadcast(BroadcastQueue.java:497)
W/BroadcastQueue(  276): 	at com.android.server.am.BroadcastQueue$1.handleMessage(BroadcastQueue.java:140)
W/BroadcastQueue(  276): 	at android.os.Handler.dispatchMessage(Handler.java:99)
W/BroadcastQueue(  276): 	at android.os.Looper.loop(Looper.java:137)
W/BroadcastQueue(  276): 	at com.android.server.am.ActivityManagerService$AThread.run(ActivityManagerService.java:1542)
E/JavaBinder(  276): !!! FAILED BINDER TRANSACTION !!!
W/BroadcastQueue(  276): Failure sending broadcast Intent { act=android.intent.action.CONFIGURATION_CHANGED flg=0x70000010 }
W/BroadcastQueue(  276): android.os.TransactionTooLargeException
W/BroadcastQueue(  276): 	at android.os.BinderProxy.transact(Native Method)
W/BroadcastQueue(  276): 	at android.app.ApplicationThreadProxy.scheduleRegisteredReceiver(ApplicationThreadNative.java:1026)
W/BroadcastQueue(  276): 	at com.android.server.am.BroadcastQueue.performReceiveLocked(BroadcastQueue.java:373)
W/BroadcastQueue(  276): 	at com.android.server.am.BroadcastQueue.deliverToRegisteredReceiverLocked(BroadcastQueue.java:449)
W/BroadcastQueue(  276): 	at com.android.server.am.BroadcastQueue.processNextBroadcast(BroadcastQueue.java:497)
W/BroadcastQueue(  276): 	at com.android.server.am.BroadcastQueue$1.handleMessage(BroadcastQueue.java:140)
W/BroadcastQueue(  276): 	at android.os.Handler.dispatchMessage(Handler.java:99)
W/BroadcastQueue(  276): 	at android.os.Looper.loop(Looper.java:137)
W/BroadcastQueue(  276): 	at com.android.server.am.ActivityManagerService$AThread.run(ActivityManagerService.java:1542)
E/JavaBinder(  276): !!! FAILED BINDER TRANSACTION !!!
W/BroadcastQueue(  276): Failure sending broadcast Intent { act=android.intent.action.CONFIGURATION_CHANGED flg=0x70000010 }
W/BroadcastQueue(  276): android.os.TransactionTooLargeException
W/BroadcastQueue(  276): 	at android.os.BinderProxy.transact(Native Method)
W/BroadcastQueue(  276): 	at android.app.ApplicationThreadProxy.scheduleRegisteredReceiver(ApplicationThreadNative.java:1026)
W/BroadcastQueue(  276): 	at com.android.server.am.BroadcastQueue.performReceiveLocked(BroadcastQueue.java:373)
W/BroadcastQueue(  276): 	at com.android.server.am.BroadcastQueue.deliverToRegisteredReceiverLocked(BroadcastQueue.java:449)
W/BroadcastQueue(  276): 	at com.android.server.am.BroadcastQueue.processNextBroadcast(BroadcastQueue.java:497)
W/BroadcastQueue(  276): 	at com.android.server.am.BroadcastQueue$1.handleMessage(BroadcastQueue.java:140)
W/BroadcastQueue(  276): 	at android.os.Handler.dispatchMessage(Handler.java:99)
W/BroadcastQueue(  276): 	at android.os.Looper.loop(Looper.java:137)
W/BroadcastQueue(  276): 	at com.android.server.am.ActivityManagerService$AThread.run(ActivityManagerService.java:1542)
W/ActivityManager(  276): Activity idle timeout for ActivityRecord{420d0fd0 u0 com.android.launcher/com.android.launcher2.Launcher}
E/JavaBinder(  276): !!! FAILED BINDER TRANSACTION !!!
W/BroadcastQueue(  276): Failure sending broadcast Intent { act=android.intent.action.SIM_STATE_CHANGED flg=0x20000010 (has extras) }
W/BroadcastQueue(  276): android.os.TransactionTooLargeException
W/BroadcastQueue(  276): 	at android.os.BinderProxy.transact(Native Method)
W/BroadcastQueue(  276): 	at android.app.ApplicationThreadProxy.scheduleRegisteredReceiver(ApplicationThreadNative.java:1026)
W/BroadcastQueue(  276): 	at com.android.server.am.BroadcastQueue.performReceiveLocked(BroadcastQueue.java:373)
W/BroadcastQueue(  276): 	at com.android.server.am.BroadcastQueue.deliverToRegisteredReceiverLocked(BroadcastQueue.java:449)
W/BroadcastQueue(  276): 	at com.android.server.am.BroadcastQueue.processNextBroadcast(BroadcastQueue.java:497)
W/BroadcastQueue(  276): 	at com.android.server.am.BroadcastQueue$1.handleMessage(BroadcastQueue.java:140)
W/BroadcastQueue(  276): 	at android.os.Handler.dispatchMessage(Handler.java:99)
W/BroadcastQueue(  276): 	at android.os.Looper.loop(Looper.java:137)
W/BroadcastQueue(  276): 	at com.android.server.am.ActivityManagerService$AThread.run(ActivityManagerService.java:1542)
E/JavaBinder(  276): !!! FAILED BINDER TRANSACTION !!!
W/BroadcastQueue(  276): Failure sending broadcast Intent { act=android.intent.action.SIM_STATE_CHANGED flg=0x20000010 (has extras) }
W/BroadcastQueue(  276): android.os.TransactionTooLargeException
W/BroadcastQueue(  276): 	at android.os.BinderProxy.transact(Native Method)
W/BroadcastQueue(  276): 	at android.app.ApplicationThreadProxy.scheduleRegisteredReceiver(ApplicationThreadNative.java:1026)
W/BroadcastQueue(  276): 	at com.android.server.am.BroadcastQueue.performReceiveLocked(BroadcastQueue.java:373)
W/BroadcastQueue(  276): 	at com.android.server.am.BroadcastQueue.deliverToRegisteredReceiverLocked(BroadcastQueue.java:449)
W/BroadcastQueue(  276): 	at com.android.server.am.BroadcastQueue.processNextBroadcast(BroadcastQueue.java:497)
W/BroadcastQueue(  276): 	at com.android.server.am.BroadcastQueue$1.handleMessage(BroadcastQueue.java:140)
W/BroadcastQueue(  276): 	at android.os.Handler.dispatchMessage(Handler.java:99)
W/BroadcastQueue(  276): 	at android.os.Looper.loop(Looper.java:137)
W/BroadcastQueue(  276): 	at com.android.server.am.ActivityManagerService$AThread.run(ActivityManagerService.java:1542)
E/JavaBinder(  276): !!! FAILED BINDER TRANSACTION !!!
W/BroadcastQueue(  276): Failure sending broadcast Intent { act=android.provider.Telephony.SPN_STRINGS_UPDATED flg=0x20000010 (has extras) }
W/BroadcastQueue(  276): android.os.TransactionTooLargeException
W/BroadcastQueue(  276): 	at android.os.BinderProxy.transact(Native Method)
W/BroadcastQueue(  276): 	at android.app.ApplicationThreadProxy.scheduleRegisteredReceiver(ApplicationThreadNative.java:1026)
W/BroadcastQueue(  276): 	at com.android.server.am.BroadcastQueue.performReceiveLocked(BroadcastQueue.java:373)
W/BroadcastQueue(  276): 	at com.android.server.am.BroadcastQueue.deliverToRegisteredReceiverLocked(BroadcastQueue.java:449)
W/BroadcastQueue(  276): 	at com.android.server.am.BroadcastQueue.processNextBroadcast(BroadcastQueue.java:497)
W/BroadcastQueue(  276): 	at com.android.server.am.BroadcastQueue$1.handleMessage(BroadcastQueue.java:140)
W/BroadcastQueue(  276): 	at android.os.Handler.dispatchMessage(Handler.java:99)
W/BroadcastQueue(  276): 	at android.os.Looper.loop(Looper.java:137)
W/BroadcastQueue(  276): 	at com.android.server.am.ActivityManagerService$AThread.run(ActivityManagerService.java:1542)
E/JavaBinder(  276): !!! FAILED BINDER TRANSACTION !!!
E/JavaBinder(  276): !!! FAILED BINDER TRANSACTION !!!
W/BroadcastQueue(  276): Failure sending broadcast Intent { act=android.intent.action.CONFIGURATION_CHANGED flg=0x70000010 }
W/BroadcastQueue(  276): android.os.TransactionTooLargeException
W/BroadcastQueue(  276): 	at android.os.BinderProxy.transact(Native Method)
W/BroadcastQueue(  276): 	at android.app.ApplicationThreadProxy.scheduleRegisteredReceiver(ApplicationThreadNative.java:1026)
W/BroadcastQueue(  276): 	at com.android.server.am.BroadcastQueue.performReceiveLocked(BroadcastQueue.java:373)
W/BroadcastQueue(  276): 	at com.android.server.am.BroadcastQueue.deliverToRegisteredReceiverLocked(BroadcastQueue.java:449)
W/BroadcastQueue(  276): 	at com.android.server.am.BroadcastQueue.processNextBroadcast(BroadcastQueue.java:497)
