--------- beginning of main
W/auditd  (   49): type=2000 audit(0.0:1): initialized
W/auditd  (   49): type=1404 audit(0.0:3): enforcing=1 old_enforcing=0 auid=4294967295 ses=4294967295
E/cutils  (   66): Failed to read /data/.layout_version: No such file or directory
--------- beginning of system
E/SurfaceFlinger(   54): hwcomposer module not found
W/SurfaceFlinger(   54): no suitable EGLConfig found, trying a simpler query
W/SurfaceFlinger(   54): EGL_SLOW_CONFIG selected!
W/SurfaceFlinger(   54): no suitable EGLConfig found, trying a simpler query
W/SurfaceFlinger(   54): EGL_SLOW_CONFIG selected!
W/SurfaceFlinger(   54): no suitable EGLConfig found, trying a simpler query
W/SurfaceFlinger(   54): EGL_SLOW_CONFIG selected!
E/SurfaceFlinger(   54): ro.sf.lcd_density must be defined as a build property
W/AudioFlinger(   65): Thread AudioOut_2 cannot connect to the power manager service
W/AudioFlinger(   65): Thread AudioOut_2 cannot connect to the power manager service
W/AudioFlinger(   65): Thread AudioOut_2 cannot connect to the power manager service
E/AudioFlinger(   65): no wake lock to update!
E/audio_hw_generic(   65): Error opening input stream format 1, channel_mask 0010, sample_rate 16000
W/AudioFlinger(   65): Thread AudioIn_3 cannot connect to the power manager service
W/AudioFlinger(   65): Thread AudioIn_3 cannot connect to the power manager service
E/AudioFlinger(   65): int android::load_audio_interface(const char*, audio_hw_device_t**) couldn't load audio hw module audio.r_submix (No such file or directory)
W/AudioPolicyManager(   65): could not open HW module r_submix
W/AudioPolicyManager(   65): Input device 80000100 unreachable
E/SoundTriggerHwService(   65): couldn't load sound trigger module sound_trigger.primary (No such file or directory)
E/memtrack(   68): Couldn't load memtrack module (No such file or directory)
E/android.os.Debug(   68): failed to load memtrack module: -2
E/Minikin (   68): addFont failed to create font /system/fonts/NotoSansGujarati-Regular.ttf
E/Minikin (   68): addFont failed to create font /system/fonts/NotoSansGujarati-Bold.ttf
E/Minikin (   68): addFont failed to create font /system/fonts/NotoSansGujaratiUI-Regular.ttf
E/Minikin (   68): addFont failed to create font /system/fonts/NotoSansGujaratiUI-Bold.ttf
E/Minikin (   68): addFont failed to create font /system/fonts/NotoSansGurmukhi-Regular.ttf
E/Minikin (   68): addFont failed to create font /system/fonts/NotoSansGurmukhi-Bold.ttf
E/Minikin (   68): addFont failed to create font /system/fonts/NotoSansGurmukhiUI-Regular.ttf
E/Minikin (   68): addFont failed to create font /system/fonts/NotoSansGurmukhiUI-Bold.ttf
E/Minikin (   68): addFont failed to create font /system/fonts/NotoSansSinhala-Regular.ttf
E/Minikin (   68): addFont failed to create font /system/fonts/NotoSansSinhala-Bold.ttf
E/Minikin (   68): addFont failed to create font /system/fonts/NotoSansCherokee-Regular.ttf
E/Minikin (   68): addFont failed to create font /system/fonts/NotoSansCanadianAboriginal-Regular.ttf
E/Minikin (   68): addFont failed to create font /system/fonts/NotoSansYi-Regular.ttf
E/Minikin (   68): addFont failed to create font /system/fonts/NotoSansHans-Regular.otf
E/Minikin (   68): addFont failed to create font /system/fonts/NotoSansHant-Regular.otf
E/Minikin (   68): addFont failed to create font /system/fonts/NotoSansJP-Regular.otf
E/Minikin (   68): addFont failed to create font /system/fonts/NotoSansKR-Regular.otf
E/EmojiFactory_jni(   68): Failed to load libemoji.so: dlopen failed: library "libemoji.so" not found
W/art     (   68): Suspending all threads took: 5.022ms
W/art     (   68): Suspending all threads took: 12.456ms
E/logwrapper(  333): executing /system/bin/ip failed: No such file or directory
E/Netd    (   61): failed to flush rules
E/CommandListener(   61): failed to initialize RouteController (Remote I/O error)
E/installd(  356): Running /system/bin/patchoat isa=arm in-fd=6 (/system/framework/arm/services.odex) out-fd=7 (/data/dalvik-cache/arm/system@framework@services.jar@classes.dex)
E/installd(  357): Running /system/bin/patchoat isa=arm in-fd=6 (/system/framework/arm/ethernet-service.odex) out-fd=7 (/data/dalvik-cache/arm/system@framework@ethernet-service.jar@classes.dex)
E/installd(  358): Running /system/bin/patchoat isa=arm in-fd=6 (/system/framework/arm/wifi-service.odex) out-fd=7 (/data/dalvik-cache/arm/system@framework@wifi-service.jar@classes.dex)
E/installd(   66): eof
E/installd(   66): failed to read size
E/PowerManagerService-JNI(  343): Couldn't load power module (No such file or directory)
W/libsuspend(  343): Error writing 'on' to /sys/power/state: Invalid argument
E/SurfaceFlinger(   54): ro.sf.lcd_density must be defined as a build property
W/SELinuxMMAC(  343): Error opening /data/system/seapp_hash. Assuming first boot.
W/FileUtils(  343): Failed to chmod(/data/system/packages.list): android.system.ErrnoException: chmod failed: ENOENT (No such file or directory)
W/SystemConfig(  343): No directory /system/etc/sysconfig, skipping
E/installd(  375): Running /system/bin/patchoat isa=arm in-fd=6 (/system/framework/arm/android.test.runner.odex) out-fd=7 (/data/dalvik-cache/arm/system@framework@android.test.runner.jar@classes.dex)
E/installd(  376): Running /system/bin/patchoat isa=arm in-fd=6 (/system/framework/arm/com.android.media.remotedisplay.odex) out-fd=7 (/data/dalvik-cache/arm/system@framework@com.android.media.remotedisplay.jar@classes.dex)
E/installd(  377): Running /system/bin/patchoat isa=arm in-fd=6 (/system/framework/arm/com.android.location.provider.odex) out-fd=7 (/data/dalvik-cache/arm/system@framework@com.android.location.provider.jar@classes.dex)
E/installd(  378): Running /system/bin/patchoat isa=arm in-fd=6 (/system/framework/arm/com.android.mediadrm.signer.odex) out-fd=7 (/data/dalvik-cache/arm/system@framework@com.android.mediadrm.signer.jar@classes.dex)
E/installd(  379): Running /system/bin/patchoat isa=arm in-fd=6 (/system/framework/arm/javax.obex.odex) out-fd=7 (/data/dalvik-cache/arm/system@framework@javax.obex.jar@classes.dex)
E/installd(  380): Running /system/bin/patchoat isa=arm in-fd=6 (/system/framework/arm/am.odex) out-fd=7 (/data/dalvik-cache/arm/system@framework@am.jar@classes.dex)
E/installd(  381): Running /system/bin/patchoat isa=arm in-fd=6 (/system/framework/arm/appops.odex) out-fd=7 (/data/dalvik-cache/arm/system@framework@appops.jar@classes.dex)
E/installd(  382): Running /system/bin/patchoat isa=arm in-fd=6 (/system/framework/arm/appwidget.odex) out-fd=7 (/data/dalvik-cache/arm/system@framework@appwidget.jar@classes.dex)
E/installd(  383): Running /system/bin/patchoat isa=arm in-fd=6 (/system/framework/arm/bmgr.odex) out-fd=7 (/data/dalvik-cache/arm/system@framework@bmgr.jar@classes.dex)
E/installd(  384): Running /system/bin/patchoat isa=arm in-fd=6 (/system/framework/arm/bu.odex) out-fd=7 (/data/dalvik-cache/arm/system@framework@bu.jar@classes.dex)
E/installd(  385): Running /system/bin/patchoat isa=arm in-fd=6 (/system/framework/arm/com.android.future.usb.accessory.odex) out-fd=7 (/data/dalvik-cache/arm/system@framework@com.android.future.usb.accessory.jar@classes.dex)
E/installd(  386): Running /system/bin/patchoat isa=arm in-fd=6 (/system/framework/arm/content.odex) out-fd=7 (/data/dalvik-cache/arm/system@framework@content.jar@classes.dex)
E/installd(  387): Running /system/bin/patchoat isa=arm in-fd=6 (/system/framework/arm/dpm.odex) out-fd=7 (/data/dalvik-cache/arm/system@framework@dpm.jar@classes.dex)
E/installd(  388): Running /system/bin/patchoat isa=arm in-fd=6 (/system/framework/arm/ime.odex) out-fd=7 (/data/dalvik-cache/arm/system@framework@ime.jar@classes.dex)
E/installd(  389): Running /system/bin/patchoat isa=arm in-fd=6 (/system/framework/arm/input.odex) out-fd=7 (/data/dalvik-cache/arm/system@framework@input.jar@classes.dex)
E/installd(  390): Running /system/bin/patchoat isa=arm in-fd=6 (/system/framework/arm/media_cmd.odex) out-fd=7 (/data/dalvik-cache/arm/system@framework@media_cmd.jar@classes.dex)
E/installd(  391): Running /system/bin/patchoat isa=arm in-fd=6 (/system/framework/arm/monkey.odex) out-fd=7 (/data/dalvik-cache/arm/system@framework@monkey.jar@classes.dex)
E/installd(  392): Running /system/bin/patchoat isa=arm in-fd=6 (/system/framework/arm/pm.odex) out-fd=7 (/data/dalvik-cache/arm/system@framework@pm.jar@classes.dex)
E/installd(  393): Running /system/bin/patchoat isa=arm in-fd=6 (/system/framework/arm/requestsync.odex) out-fd=7 (/data/dalvik-cache/arm/system@framework@requestsync.jar@classes.dex)
E/installd(  394): Running /system/bin/patchoat isa=arm in-fd=6 (/system/framework/arm/settings.odex) out-fd=7 (/data/dalvik-cache/arm/system@framework@settings.jar@classes.dex)
E/installd(  395): Running /system/bin/patchoat isa=arm in-fd=6 (/system/framework/arm/svc.odex) out-fd=7 (/data/dalvik-cache/arm/system@framework@svc.jar@classes.dex)
E/installd(  396): Running /system/bin/patchoat isa=arm in-fd=6 (/system/framework/arm/uiautomator.odex) out-fd=7 (/data/dalvik-cache/arm/system@framework@uiautomator.jar@classes.dex)
E/installd(  397): Running /system/bin/patchoat isa=arm in-fd=6 (/system/framework/arm/wm.odex) out-fd=7 (/data/dalvik-cache/arm/system@framework@wm.jar@classes.dex)
W/PackageManager(  343): Failed to parse /system/framework/arm: Missing base APK in /system/framework/arm
W/art     (  343): Suspending all threads took: 36.632ms
W/art     (  343): Suspending all threads took: 102.152ms
W/art     (  343): Suspending all threads took: 5.923ms
W/ResourceType(  343): Failure getting entry for 0x7f0b01e9 (t=10 e=489) (error -75)
W/PackageParser(  343): No actions in intent filter at /system/priv-app/Contacts/Contacts.apk Binary XML file line #355
W/PackageParser(  343): No actions in intent filter at /system/priv-app/Dialer/Dialer.apk Binary XML file line #165
W/ResourceType(  343): Failure getting entry for 0x7f08025b (t=7 e=603) (error -75)
W/PackageParser(  343): No actions in intent filter at /data/app/ApiDemos/ApiDemos.apk Binary XML file line #3027
W/PackageParser(  343): No actions in intent filter at /data/app/ApiDemos/ApiDemos.apk Binary XML file line #3033
W/PackageManager(  343): Package com.example.android.apis desires unavailable shared library com.example.will.never.exist; ignoring!
W/PackageManager(  343): Package com.example.android.apis desires unavailable shared library com.example.will.never.exist; ignoring!
W/PackageManager(  343): Package com.android.camera desires unavailable shared library com.google.android.media.effects; ignoring!
E/installd(  398): Running /system/bin/patchoat isa=arm in-fd=6 (/system/priv-app/SettingsProvider/arm/SettingsProvider.odex) out-fd=7 (/data/dalvik-cache/arm/system@priv-app@SettingsProvider@SettingsProvider.apk@classes.dex)
E/installd(  399): Running /system/bin/patchoat isa=arm in-fd=6 (/system/priv-app/InputDevices/arm/InputDevices.odex) out-fd=7 (/data/dalvik-cache/arm/system@priv-app@InputDevices@InputDevices.apk@classes.dex)
E/installd(  400): Running /system/bin/patchoat isa=arm in-fd=6 (/system/app/KeyChain/arm/KeyChain.odex) out-fd=7 (/data/dalvik-cache/arm/system@app@KeyChain@KeyChain.apk@classes.dex)
E/installd(  401): Running /system/bin/patchoat isa=arm in-fd=6 (/system/priv-app/Settings/arm/Settings.odex) out-fd=7 (/data/dalvik-cache/arm/system@priv-app@Settings@Settings.apk@classes.dex)
E/installd(  402): Running /system/bin/patchoat isa=arm in-fd=6 (/system/priv-app/FusedLocation/arm/FusedLocation.odex) out-fd=7 (/data/dalvik-cache/arm/system@priv-app@FusedLocation@FusedLocation.apk@classes.dex)
W/PackageManager(  343): Unknown permission com.google.android.googleapps.permission.GOOGLE_AUTH.mail in package com.android.calendar
W/PackageManager(  343): Unknown permission com.google.android.googleapps.permission.GOOGLE_AUTH in package com.android.settings
W/PackageManager(  343): Not granting permission android.permission.DELETE_PACKAGES to package com.svox.pico (protectionLevel=18 flags=0x8be45)
W/PackageManager(  343): Not granting permission android.permission.BIND_APPWIDGET to package com.android.widgetpreview (protectionLevel=18 flags=0x8be44)
W/PackageManager(  343): Not granting permission android.permission.DEVICE_POWER to package com.android.deskclock (protectionLevel=2 flags=0x48be45)
W/PackageManager(  343): Not granting permission android.permission.GLOBAL_SEARCH to package com.android.quicksearchbox (protectionLevel=18 flags=0x8be45)
W/PackageManager(  343): Unknown permission com.android.smspush.WAPPUSH_MANAGER_BIND in package com.android.phone
W/PackageManager(  343): Unknown permission com.google.android.googleapps.permission.GOOGLE_AUTH in package com.android.providers.calendar
W/PackageManager(  343): Unknown permission com.google.android.googleapps.permission.GOOGLE_AUTH.cl in package com.android.providers.calendar
W/PackageManager(  343): Unknown permission android.permission.INSTALL_DRM in package com.android.mms
W/PackageManager(  343): Not granting permission android.permission.ACCESS_DOWNLOAD_MANAGER to package com.android.browser (protectionLevel=18 flags=0x9be45)
W/PackageManager(  343): Not granting permission android.permission.SEND_DOWNLOAD_COMPLETED_INTENTS to package com.android.browser (protectionLevel=2 flags=0x9be45)
W/PackageManager(  343): Unknown permission com.google.android.googleapps.permission.ACCESS_GOOGLE_PASSWORD in package com.android.development
W/PackageManager(  343): Unknown permission com.google.android.googleapps.permission.GOOGLE_AUTH in package com.android.development
W/PackageManager(  343): Unknown permission com.google.android.googleapps.permission.GOOGLE_AUTH.ALL_SERVICES in package com.android.development
W/PackageManager(  343): Unknown permission com.google.android.googleapps.permission.GOOGLE_AUTH.YouTubeUser in package com.android.development
W/EntropyMixer(  343): No existing entropy file -- first boot?
W/ActivityManager(  343): Can't addPackageDependency on system process
W/CoreSettingsObserver(  343): Cannot find setting "debug_view_attributes"
W/CoreSettingsObserver(  343): android.provider.Settings$SettingNotFoundException: debug_view_attributes
W/CoreSettingsObserver(  343): 	at android.provider.Settings$Global.getInt(Settings.java:6726)
W/CoreSettingsObserver(  343): 	at com.android.server.am.CoreSettingsObserver.populateSettings(CoreSettingsObserver.java:129)
W/CoreSettingsObserver(  343): 	at com.android.server.am.CoreSettingsObserver.sendCoreSettings(CoreSettingsObserver.java:82)
W/CoreSettingsObserver(  343): 	at com.android.server.am.CoreSettingsObserver.<init>(CoreSettingsObserver.java:65)
W/CoreSettingsObserver(  343): 	at com.android.server.am.ActivityManagerService.installSystemProviders(ActivityManagerService.java:9845)
W/CoreSettingsObserver(  343): 	at com.android.server.SystemServer.startOtherServices(SystemServer.java:452)
W/CoreSettingsObserver(  343): 	at com.android.server.SystemServer.run(SystemServer.java:256)
W/CoreSettingsObserver(  343): 	at com.android.server.SystemServer.main(SystemServer.java:170)
W/CoreSettingsObserver(  343): 	at java.lang.reflect.Method.invoke(Native Method)
W/CoreSettingsObserver(  343): 	at java.lang.reflect.Method.invoke(Method.java:372)
W/CoreSettingsObserver(  343): 	at com.android.internal.os.ZygoteInit$MethodAndArgsCaller.run(ZygoteInit.java:899)
W/CoreSettingsObserver(  343): 	at com.android.internal.os.ZygoteInit.main(ZygoteInit.java:694)
E/ConsumerIrService(  343): Can't open consumer IR HW Module, error: -2
E/EventHub(  343): could not get driver version for /dev/input/mouse0, Not a typewriter
W/EventHub(  343): Unable to disable kernel key repeat for /dev/input/event0: Function not implemented
E/EventHub(  343): could not get driver version for /dev/input/mice, Not a typewriter
W/InputMethodManagerService(  343): No IME selected. Choose the most applicable IME.
W/MountService(  343): getSecureContainerList() called when storage not mounted
W/PackageManager(  343): Unknown permission com.google.android.googleapps.permission.GOOGLE_AUTH.mail in package com.android.calendar
W/PackageManager(  343): Unknown permission com.google.android.googleapps.permission.GOOGLE_AUTH in package com.android.settings
W/PackageManager(  343): Not granting permission android.permission.DELETE_PACKAGES to package com.svox.pico (protectionLevel=18 flags=0x8be45)
W/PackageManager(  343): Not granting permission android.permission.BIND_APPWIDGET to package com.android.widgetpreview (protectionLevel=18 flags=0x8be44)
W/PackageManager(  343): Not granting permission android.permission.DEVICE_POWER to package com.android.deskclock (protectionLevel=2 flags=0x48be45)
W/PackageManager(  343): Not granting permission android.permission.GLOBAL_SEARCH to package com.android.quicksearchbox (protectionLevel=18 flags=0x8be45)
W/PackageManager(  343): Unknown permission com.android.smspush.WAPPUSH_MANAGER_BIND in package com.android.phone
W/PackageManager(  343): Unknown permission com.google.android.googleapps.permission.GOOGLE_AUTH in package com.android.providers.calendar
W/PackageManager(  343): Unknown permission com.google.android.googleapps.permission.GOOGLE_AUTH.cl in package com.android.providers.calendar
W/PackageManager(  343): Unknown permission android.permission.INSTALL_DRM in package com.android.mms
W/PackageManager(  343): Not granting permission android.permission.ACCESS_DOWNLOAD_MANAGER to package com.android.browser (protectionLevel=18 flags=0x9be45)
W/PackageManager(  343): Not granting permission android.permission.SEND_DOWNLOAD_COMPLETED_INTENTS to package com.android.browser (protectionLevel=2 flags=0x9be45)
W/PackageManager(  343): Unknown permission com.google.android.googleapps.permission.ACCESS_GOOGLE_PASSWORD in package com.android.development
W/PackageManager(  343): Unknown permission com.google.android.googleapps.permission.GOOGLE_AUTH in package com.android.development
W/PackageManager(  343): Unknown permission com.google.android.googleapps.permission.GOOGLE_AUTH.ALL_SERVICES in package com.android.development
W/PackageManager(  343): Unknown permission com.google.android.googleapps.permission.GOOGLE_AUTH.YouTubeUser in package com.android.development
W/MountService(  343): getSecureContainerList() called when storage not mounted
W/art     (  343): Verification of void com.android.server.wifi.WifiStateMachine.<init>(android.content.Context, java.lang.String, com.android.server.wifi.WifiTrafficPoller) took 109.022ms
W/art     (  343): Suspending all threads took: 6.760ms
W/art     (  343): Verification of void com.android.server.wifi.WifiStateMachine.calculateWifiScore(android.net.wifi.WifiLinkLayerStats) took 120.283ms
E/WifiConfigStore(  343): associatedPartialScanPeriodMilli set to 10000
W/WallpaperManagerService(  343): no current wallpaper -- first boot?
W/TelecomManager(  343): Telecom Service not found.
W/DockObserver(  343): This kernel does not have dock station support
W/WiredAccessoryManager(  343): This kernel does not have wired headset support
W/WiredAccessoryManager(  343): This kernel does not have usb audio support
W/WiredAccessoryManager(  343): This kernel does not have HDMI audio support
W/SoundTriggerHelper(  343): listModules status=0, # of modules=0
E/Fingerprint-JNI(  343): Can't open fingerprint HW Module, error: -2
W/AssetAtlasService(  343): Could not find EGL configuration
E/SQLiteLog(  343): (1) no such table: locksettings
E/memtrack(  434): Couldn't load memtrack module (No such file or directory)
E/android.os.Debug(  434): failed to load memtrack module: -2
W/InputMethodManagerService(  343): Focus gain on non-focused client android.view.inputmethod.InputMethodManager$1@f35991c (uid=1000 pid=343)
E/installd(  469): Running /system/bin/patchoat isa=arm in-fd=6 (/system/priv-app/CalendarProvider/arm/CalendarProvider.odex) out-fd=7 (/data/dalvik-cache/arm/system@priv-app@CalendarProvider@CalendarProvider.apk@classes.dex)
W/ResourcesManager(  451): Asset path '/system/framework/android.test.runner.jar' does not exist or contains no resources.
E/installd(  490): Running /system/bin/patchoat isa=arm in-fd=6 (/system/priv-app/ContactsProvider/arm/ContactsProvider.odex) out-fd=7 (/data/dalvik-cache/arm/system@priv-app@ContactsProvider@ContactsProvider.apk@classes.dex)
E/memtrack(  470): Couldn't load memtrack module (No such file or directory)
E/android.os.Debug(  470): failed to load memtrack module: -2
W/art     (  470): No such thread id for suspend: 1
E/memtrack(  504): Couldn't load memtrack module (No such file or directory)
E/android.os.Debug(  504): failed to load memtrack module: -2
E/installd(  532): Running /system/bin/patchoat isa=arm in-fd=6 (/system/priv-app/ManagedProvisioning/arm/ManagedProvisioning.odex) out-fd=7 (/data/dalvik-cache/arm/system@priv-app@ManagedProvisioning@ManagedProvisioning.apk@classes.dex)
E/installd(  548): Running /system/bin/patchoat isa=arm in-fd=6 (/system/priv-app/MediaProvider/arm/MediaProvider.odex) out-fd=7 (/data/dalvik-cache/arm/system@priv-app@MediaProvider@MediaProvider.apk@classes.dex)
W/ActivityManager(  343): Spurious death for ProcessRecord{7696638 451:com.android.providers.calendar/u0a1}, curProc for 451: null
W/ActivityManager(  343): Spurious death for ProcessRecord{c55c611 474:android.process.acore/u0a2}, curProc for 474: null
W/ActivityManager(  343): Spurious death for ProcessRecord{17622649 516:com.android.managedprovisioning/u0a8}, curProc for 516: null
W/ActivityManager(  343): Spurious death for ProcessRecord{1eabb4e 533:android.process.media/u0a5}, curProc for 533: null
W/ActivityManager(  343): Spurious death for ProcessRecord{257b46f 550:com.android.settings/1000}, curProc for 550: null
E/installd(  606): Running /system/bin/patchoat isa=arm in-fd=6 (/system/priv-app/SystemUI/arm/SystemUI.odex) out-fd=7 (/data/dalvik-cache/arm/system@priv-app@SystemUI@SystemUI.apk@classes.dex)
E/NetdConnector(  343): NDC Command {2 bandwidth enable} took too long (2572ms)
E/NetdConnector(  343): NDC Command {3 firewall disable} took too long (586ms)
E/WVMExtractor(   65): Failed to open libwvm.so: dlopen failed: library "libwvm.so" not found
E/NetdConnector(  343): NDC Command {6 firewall disable} took too long (570ms)
E/OMXNodeInstance(   65): getParameter(100663311) ERROR: 0x8000101a
E/OMXNodeInstance(   65): getParameter(100663297) ERROR: 0x8000101a
E/OMXNodeInstance(   65): getParameter(100663311) ERROR: 0x8000101a
E/OMXNodeInstance(   65): getParameter(100663297) ERROR: 0x8000101a
E/OMXNodeInstance(   65): getParameter(100663311) ERROR: 0x8000101a
E/OMXNodeInstance(   65): getParameter(100663297) ERROR: 0x8000101a
E/OMXNodeInstance(   65): getParameter(100663311) ERROR: 0x8000101a
E/OMXNodeInstance(   65): getParameter(100663297) ERROR: 0x8000101a
E/OMXNodeInstance(   65): getParameter(100663311) ERROR: 0x8000101a
E/OMXNodeInstance(   65): getParameter(100663297) ERROR: 0x8000101a
E/OMXNodeInstance(   65): getParameter(100663311) ERROR: 0x8000101a
E/OMXNodeInstance(   65): getParameter(100663297) ERROR: 0x8000101a
E/OMXNodeInstance(   65): getParameter(100663311) ERROR: 0x8000101a
E/OMXNodeInstance(   65): getParameter(100663297) ERROR: 0x8000101a
E/OMXNodeInstance(   65): getParameter(100663311) ERROR: 0x8000101a
E/OMXNodeInstance(   65): getParameter(100663297) ERROR: 0x8000101a
E/OMXNodeInstance(   65): getParameter(100663311) ERROR: 0x8000101a
E/OMXNodeInstance(   65): getParameter(100663297) ERROR: 0x8000101a
E/OMXNodeInstance(   65): getParameter(100663311) ERROR: 0x8000101a
E/OMXNodeInstance(   65): getParameter(100663297) ERROR: 0x8000101a
E/OMXNodeInstance(   65): getParameter(100663311) ERROR: 0x8000101a
E/OMXNodeInstance(   65): getParameter(100663297) ERROR: 0x8000101a
E/OMXNodeInstance(   65): getParameter(100663311) ERROR: 0x8000101a
E/OMXNodeInstance(   65): getParameter(100663297) ERROR: 0x8000101a
E/OMXNodeInstance(   65): getParameter(100663311) ERROR: 0x8000101a
E/OMXNodeInstance(   65): getParameter(100663297) ERROR: 0x8000101a
E/OMXNodeInstance(   65): getParameter(100663311) ERROR: 0x8000101a
E/OMXNodeInstance(   65): getParameter(100663297) ERROR: 0x8000101a
E/OMXNodeInstance(   65): getParameter(100663311) ERROR: 0x8000100e
E/OMXNodeInstance(   65): getParameter(100663297) ERROR: 0x8000100e
E/OMXNodeInstance(   65): OMX_GetExtensionIndex OMX.google.android.index.storeMetaDataInBuffers failed
E/OMXNodeInstance(   65): getParameter(100663311) ERROR: 0x8000100e
E/OMXNodeInstance(   65): getParameter(100663297) ERROR: 0x8000100e
E/OMXNodeInstance(   65): OMX_GetExtensionIndex OMX.google.android.index.storeMetaDataInBuffers failed
E/OMXNodeInstance(   65): getParameter(100663311) ERROR: 0x8000100e
E/OMXNodeInstance(   65): getParameter(100663297) ERROR: 0x8000100e
E/OMXNodeInstance(   65): OMX_GetExtensionIndex OMX.google.android.index.storeMetaDataInBuffers failed
E/OMXNodeInstance(   65): getParameter(100663311) ERROR: 0x8000100e
E/OMXNodeInstance(   65): getParameter(100663297) ERROR: 0x8000100e
E/OMXNodeInstance(   65): OMX_GetExtensionIndex OMX.google.android.index.storeMetaDataInBuffers failed
E/OMXNodeInstance(   65): getParameter(100663311) ERROR: 0x8000100e
E/OMXNodeInstance(   65): getParameter(100663297) ERROR: 0x8000100e
E/OMXNodeInstance(   65): OMX_GetExtensionIndex OMX.google.android.index.storeMetaDataInBuffers failed
E/OMXNodeInstance(   65): getParameter(100663311) ERROR: 0x8000100e
E/OMXNodeInstance(   65): getParameter(100663297) ERROR: 0x8000100e
E/OMXNodeInstance(   65): OMX_GetExtensionIndex OMX.google.android.index.storeMetaDataInBuffers failed
E/OMXNodeInstance(   65): getParameter(100663311) ERROR: 0x8000100e
W/ACodec  (   65): do not know color format 0x7f000789 = 2130708361
E/OMXNodeInstance(   65): getParameter(100663297) ERROR: 0x8000100e
E/OMXNodeInstance(   65): getParameter(100663311) ERROR: 0x8000100e
W/ACodec  (   65): do not know color format 0x7f000789 = 2130708361
E/OMXNodeInstance(   65): getParameter(100663297) ERROR: 0x8000100e
E/BluetoothAdapter(  343): Bluetooth binder is null
E/BluetoothAdapter(  343): Bluetooth binder is null
E/OMXNodeInstance(   65): getParameter(100663311) ERROR: 0x8000100e
W/ACodec  (   65): do not know color format 0x7f000789 = 2130708361
E/OMXNodeInstance(   65): getParameter(100663297) ERROR: 0x8000100e
E/OMXNodeInstance(   65): getParameter(100663311) ERROR: 0x8000100e
W/ACodec  (   65): do not know color format 0x7f000789 = 2130708361
E/OMXNodeInstance(   65): getParameter(100663297) ERROR: 0x8000100e
E/InputMethodManagerService(  343): Ignoring setImeWindowStatus due to an invalid token. uid:1000 token:null
W/InputMethodManagerService(  343): Reset the default IME as "Resource" is ready here.
W/InputMethodManagerService(  343): Illegal subtype state: old subtype = null, new subtype = android.view.inputmethod.InputMethodSubtype@c9194f98
W/GpsLocationProvider(  343): Could not open GPS configuration file /etc/gps.conf
E/GpsLocationProvider(  343): no AGPS interface in set_agps_server
E/GpsLocationProvider(  343): no GPS configuration interface in configuraiton_update
W/ServiceWatcher(  343): com.google.android.location not found
W/ServiceWatcher(  343): com.google.android.location not found
W/LocationManagerService(  343): no network location provider found
W/ServiceWatcher(  343): com.google.android.location not found
W/ServiceWatcher(  343): com.google.android.location not found
E/LocationManagerService(  343): no geocoder provider found
E/FlpHardwareProvider(  343): Error hw_get_module 'flp': -2
E/LocationManagerService(  343): FLP HAL not supported
W/ServiceWatcher(  343): com.google.android.location not found
E/LocationManagerService(  343): Unable to bind FLP Geofence proxy.
E/ActivityRecognitionHardware(  343): Error hw_get_module: -2
E/LocationManagerService(  343): Hardware Activity-Recognition not supported.
W/ResourcesManager(  343): Asset path '/system/framework/com.android.location.provider.jar' does not exist or contains no resources.
E/installd(  741): Running /system/bin/patchoat isa=arm in-fd=6 (/system/app/LatinIME/arm/LatinIME.odex) out-fd=7 (/data/dalvik-cache/arm/system@app@LatinIME@LatinIME.apk@classes.dex)
E/GpsLocationProvider(  343): no AGPS interface in set_agps_server
W/ContextImpl(  343): Calling a method in the system process without a qualified user: android.app.ContextImpl.bindService:1750 com.android.server.MmsServiceBroker.tryConnecting:134 com.android.server.MmsServiceBroker.systemRunning:121 com.android.server.SystemServer$2.run:1180 com.android.server.am.ActivityManagerService.systemReady:11322 
W/VoiceInteractionManagerService(  343): no available voice interaction services found for user 0
W/VoiceInteractionManagerService(  343): no available voice recognition services found for user 0
E/installd(  838): Running /system/bin/patchoat isa=arm in-fd=6 (/system/priv-app/Telecom/arm/Telecom.odex) out-fd=7 (/data/dalvik-cache/arm/system@priv-app@Telecom@Telecom.apk@classes.dex)
W/art     (  580): Suspending all threads took: 8.975ms
W/AppWidgetServiceImpl(  343): Failed to read state: java.io.FileNotFoundException: /data/system/users/0/appwidgets.xml: open failed: ENOENT (No such file or directory)
W/ActivityManager(  343): No pending application record for pid 782 (IApplicationThread android.app.ApplicationThreadProxy@3883f0e4); dropping process
E/installd(  846): Running /system/bin/patchoat isa=arm in-fd=6 (/system/priv-app/TeleService/arm/TeleService.odex) out-fd=7 (/data/dalvik-cache/arm/system@priv-app@TeleService@TeleService.apk@classes.dex)
W/InputAttributes(  717): No editor info for this field. Bug?
E/installd(  856): Running /system/bin/patchoat isa=arm in-fd=6 (/system/priv-app/TelephonyProvider/arm/TelephonyProvider.odex) out-fd=7 (/data/dalvik-cache/arm/system@priv-app@TelephonyProvider@TelephonyProvider.apk@classes.dex)
E/installd(  857): Running /system/bin/patchoat isa=arm in-fd=6 (/system/priv-app/MmsService/arm/MmsService.odex) out-fd=7 (/data/dalvik-cache/arm/system@priv-app@MmsService@MmsService.apk@classes.dex)
E/BluetoothAdapter(  790): Bluetooth binder is null
W/art     (  717): Suspending all threads took: 32.995ms
E/installd(  898): Running /system/bin/patchoat isa=arm in-fd=6 (/system/app/PrintSpooler/arm/PrintSpooler.odex) out-fd=7 (/data/dalvik-cache/arm/system@app@PrintSpooler@PrintSpooler.apk@classes.dex)
E/installd(  910): Running /system/bin/patchoat isa=arm in-fd=6 (/system/app/UserDictionaryProvider/arm/UserDictionaryProvider.odex) out-fd=7 (/data/dalvik-cache/arm/system@app@UserDictionaryProvider@UserDictionaryProvider.apk@classes.dex)
W/ActivityManager(  343): Activity pause timeout for ActivityRecord{2d517e08 u0 com.android.settings/.CryptKeeper t1 f}
E/installd(  919): Running /system/bin/patchoat isa=arm in-fd=6 (/system/app/Music/arm/Music.odex) out-fd=7 (/data/dalvik-cache/arm/system@app@Music@Music.apk@classes.dex)
E/BluetoothAdapter(  790): Bluetooth binder is null
E/installd(  928): Running /system/bin/patchoat isa=arm in-fd=6 (/system/app/SdkSetup/arm/SdkSetup.odex) out-fd=7 (/data/dalvik-cache/arm/system@app@SdkSetup@SdkSetup.apk@classes.dex)
E/MmsService(  799): MmsConfigManager.load -- empty getActiveSubInfoList
W/Settings(  912): Setting install_non_market_apps has moved from android.provider.Settings.Global to android.provider.Settings.Secure, value is unchanged.
W/ActivityManager(  343): Spurious death for ProcessRecord{235760d3 912:com.android.sdksetup/u0a42}, curProc for 912: null
E/BluetoothAdapter(  580): Bluetooth binder is null
W/BluetoothController(  580): Default BT adapter not found
W/KeyguardServiceDelegate(  343): onScreenTurnedOn(): no keyguard service!
E/BluetoothAdapter(  580): Bluetooth binder is null
E/installd(  960): Running /system/bin/patchoat isa=arm in-fd=6 (/system/priv-app/Launcher2/arm/Launcher2.odex) out-fd=7 (/data/dalvik-cache/arm/system@priv-app@Launcher2@Launcher2.apk@classes.dex)
W/BackupManagerService(  343): dataChanged but no participant pkg='com.android.providers.settings' uid=10012
W/art     (  580): Suspending all threads took: 324.698ms
W/art     (  945): Suspending all threads took: 81.462ms
E/installd(  984): Running /system/bin/patchoat isa=arm in-fd=6 (/system/priv-app/DefaultContainerService/arm/DefaultContainerService.odex) out-fd=7 (/data/dalvik-cache/arm/system@priv-app@DefaultContainerService@DefaultContainerService.apk@classes.dex)
W/Resources(  945): Converting to int: TypedValue{t=0x3/d=0x15 "2" a=-1}
W/Resources(  945): Converting to int: TypedValue{t=0x3/d=0x15 "2" a=-1}
W/Launcher.LauncherProvider(  945): Unable to add favorite: com.android.camera2/com.android.camera.CameraLauncher
W/Launcher.LauncherProvider(  945): android.content.pm.PackageManager$NameNotFoundException: ComponentInfo{com.android.camera2/com.android.camera.CameraLauncher}
W/Launcher.LauncherProvider(  945): 	at android.app.ApplicationPackageManager.getActivityInfo(ApplicationPackageManager.java:314)
W/Launcher.LauncherProvider(  945): 	at com.android.launcher2.LauncherProvider$DatabaseHelper.addAppShortcut(LauncherProvider.java:997)
W/Launcher.LauncherProvider(  945): 	at com.android.launcher2.LauncherProvider$DatabaseHelper.loadFavorites(LauncherProvider.java:901)
W/Launcher.LauncherProvider(  945): 	at com.android.launcher2.LauncherProvider$DatabaseHelper.access$000(LauncherProvider.java:254)
W/Launcher.LauncherProvider(  945): 	at com.android.launcher2.LauncherProvider.loadDefaultFavoritesIfNecessary(LauncherProvider.java:238)
W/Launcher.LauncherProvider(  945): 	at com.android.launcher2.LauncherModel$LoaderTask.loadWorkspace(LauncherModel.java:1276)
W/Launcher.LauncherProvider(  945): 	at com.android.launcher2.LauncherModel$LoaderTask.loadAndBindWorkspace(LauncherModel.java:1030)
W/Launcher.LauncherProvider(  945): 	at com.android.launcher2.LauncherModel$LoaderTask.run(LauncherModel.java:1133)
W/Launcher.LauncherProvider(  945): 	at android.os.Handler.handleCallback(Handler.java:739)
W/Launcher.LauncherProvider(  945): 	at android.os.Handler.dispatchMessage(Handler.java:95)
W/Launcher.LauncherProvider(  945): 	at android.os.Looper.loop(Looper.java:135)
W/Launcher.LauncherProvider(  945): 	at android.os.HandlerThread.run(HandlerThread.java:61)
W/Launcher.LauncherProvider(  945): Unable to add favorite: com.android.gallery3d/com.android.gallery3d.app.Gallery
W/Launcher.LauncherProvider(  945): android.content.pm.PackageManager$NameNotFoundException: ComponentInfo{com.android.gallery3d/com.android.gallery3d.app.Gallery}
W/Launcher.LauncherProvider(  945): 	at android.app.ApplicationPackageManager.getActivityInfo(ApplicationPackageManager.java:314)
W/Launcher.LauncherProvider(  945): 	at com.android.launcher2.LauncherProvider$DatabaseHelper.addAppShortcut(LauncherProvider.java:997)
W/Launcher.LauncherProvider(  945): 	at com.android.launcher2.LauncherProvider$DatabaseHelper.loadFavorites(LauncherProvider.java:901)
W/Launcher.LauncherProvider(  945): 	at com.android.launcher2.LauncherProvider$DatabaseHelper.access$000(LauncherProvider.java:254)
W/Launcher.LauncherProvider(  945): 	at com.android.launcher2.LauncherProvider.loadDefaultFavoritesIfNecessary(LauncherProvider.java:238)
W/Launcher.LauncherProvider(  945): 	at com.android.launcher2.LauncherModel$LoaderTask.loadWorkspace(LauncherModel.java:1276)
W/Launcher.LauncherProvider(  945): 	at com.android.launcher2.LauncherModel$LoaderTask.loadAndBindWorkspace(LauncherModel.java:1030)
W/Launcher.LauncherProvider(  945): 	at com.android.launcher2.LauncherModel$LoaderTask.run(LauncherModel.java:1133)
W/Launcher.LauncherProvider(  945): 	at android.os.Handler.handleCallback(Handler.java:739)
W/Launcher.LauncherProvider(  945): 	at android.os.Handler.dispatchMessage(Handler.java:95)
W/Launcher.LauncherProvider(  945): 	at android.os.Looper.loop(Looper.java:135)
W/Launcher.LauncherProvider(  945): 	at android.os.HandlerThread.run(HandlerThread.java:61)
E/installd( 1001): Running /system/bin/patchoat isa=arm in-fd=6 (/system/priv-app/DownloadProvider/arm/DownloadProvider.odex) out-fd=7 (/data/dalvik-cache/arm/system@priv-app@DownloadProvider@DownloadProvider.apk@classes.dex)
W/OpenGLRenderer(  580): can't set property, no Caches instance
W/OpenGLRenderer(  580): can't set property, no Caches instance
W/ResourceType(  945): No package identifier when getting value for resource number 0x00000000
W/ResourceType(  945): No package identifier when getting value for resource number 0x00000000
W/PackageManager(  945): Failure retrieving resources for com.android.speechrecorder: Resource ID #0x0
W/ResourceType(  945): No package identifier when getting value for resource number 0x00000000
W/PackageManager(  945): Failure retrieving resources for com.android.speechrecorder: Resource ID #0x0
W/dex2oat ( 1024): Before Android 4.1, method int android.support.v7.internal.widget.ListViewCompat.lookForSelectablePosition(int, boolean) would have incorrectly overridden the package-private method in android.widget.ListView
W/dex2oat ( 1024): Verification of com.google.android.gms.internal.nu com.google.android.gms.internal.nv.db(android.os.Parcel) took 160.020ms
W/dex2oat ( 1024): Verification of void com.google.android.gms.internal.f$b.b(byte[], byte[]) took 152.078ms
W/dex2oat ( 1024): Verification of void com.google.android.gms.internal.f$c.b(byte[], byte[]) took 139.407ms
W/dex2oat ( 1024): Verification of void com.google.android.gms.internal.f$d.b(byte[], byte[]) took 139.738ms
W/dex2oat ( 1024): Verification of void com.google.android.gms.internal.f$f.b(byte[], byte[]) took 141.158ms
W/dex2oat ( 1024): Verification of void com.google.android.gms.internal.f$g.b(byte[], byte[]) took 140.439ms
W/dex2oat ( 1024): Verification of void com.google.android.gms.internal.f$h.b(byte[], byte[]) took 142.706ms
W/dex2oat ( 1024): Verification of void com.google.android.gms.internal.f$i.b(byte[], byte[]) took 139.500ms
W/dex2oat ( 1024): Verification of void com.google.android.gms.internal.f$j.b(byte[], byte[]) took 147.879ms
W/dex2oat ( 1024): Verification of void com.google.android.gms.internal.f$k.b(byte[], byte[]) took 139.784ms
W/dex2oat ( 1024): Verification of void com.google.android.gms.internal.f$l.b(byte[], byte[]) took 146.036ms
W/dex2oat ( 1024): Verification of void com.google.android.gms.internal.f$m.b(byte[], byte[]) took 145.936ms
W/dex2oat ( 1024): Compilation of boolean com.google.android.gms.games.internal.IGamesService$Stub.onTransact(int, android.os.Parcel, android.os.Parcel, int) took 117.895ms
W/PackageManager(  343): Unknown permission com.google.android.providers.gsf.permission.READ_GSERVICES in package com.example.chariba
W/art     (  343): Suspending all threads took: 14.234ms
E/installd( 1043): Running /system/bin/patchoat isa=arm in-fd=6 (/system/priv-app/Dialer/arm/Dialer.odex) out-fd=7 (/data/dalvik-cache/arm/system@priv-app@Dialer@Dialer.apk@classes.dex)
W/Settings(  343): Setting install_non_market_apps has moved from android.provider.Settings.Global to android.provider.Settings.Secure, returning read-only value.
E/installd( 1076): Running /system/bin/patchoat isa=arm in-fd=6 (/system/app/Exchange2/arm/Exchange2.odex) out-fd=7 (/data/dalvik-cache/arm/system@app@Exchange2@Exchange2.apk@classes.dex)
E/installd( 1092): Running /system/bin/patchoat isa=arm in-fd=6 (/system/app/Email/arm/Email.odex) out-fd=7 (/data/dalvik-cache/arm/system@app@Email@Email.apk@classes.dex)
W/art     (  504): No such thread id for suspend: 1
W/art     (  985): Suspending all threads took: 188.826ms
W/art     (  859): Suspending all threads took: 570.009ms
W/art     (  859): Suspending all threads took: 107.953ms
W/ContextImpl( 1077): Implicit intents with startService are not safe: Intent { act=com.android.mail.action.BACKUP_DATA_CHANGED } android.content.ContextWrapper.startService:515 com.android.mail.MailIntentService.broadcastBackupDataChanged:123 com.android.mail.preferences.VersionedPrefs.notifyBackupPreferenceChanged:278 
W/ActivityManager(  343): Unable to start service Intent { act=com.android.mail.action.BACKUP_DATA_CHANGED } U=0: not found
W/ContextImpl( 1077): Implicit intents with startService are not safe: Intent { act=com.android.mail.action.BACKUP_DATA_CHANGED } android.content.ContextWrapper.startService:515 com.android.mail.MailIntentService.broadcastBackupDataChanged:123 com.android.mail.preferences.VersionedPrefs.notifyBackupPreferenceChanged:278 
W/ActivityManager(  343): Unable to start service Intent { act=com.android.mail.action.BACKUP_DATA_CHANGED } U=0: not found
W/ActivityManager(  343): Unable to start service Intent { cmp=com.android.email/.service.AttachmentService } U=0: not found
W/ContextImpl( 1077): Implicit intents with startService are not safe: Intent { act=com.android.mail.action.BACKUP_DATA_CHANGED } android.content.ContextWrapper.startService:515 com.android.mail.MailIntentService.broadcastBackupDataChanged:123 com.android.mail.preferences.VersionedPrefs.notifyBackupPreferenceChanged:278 
W/ActivityManager(  343): Unable to start service Intent { act=com.android.mail.action.BACKUP_DATA_CHANGED } U=0: not found
W/ContextImpl( 1077): Implicit intents with startService are not safe: Intent { act=com.android.mail.action.BACKUP_DATA_CHANGED } android.content.ContextWrapper.startService:515 com.android.mail.MailIntentService.broadcastBackupDataChanged:123 com.android.mail.preferences.VersionedPrefs.notifyBackupPreferenceChanged:278 
W/ActivityManager(  343): Unable to start service Intent { act=com.android.mail.action.BACKUP_DATA_CHANGED } U=0: not found
W/ContextImpl( 1077): Implicit intents with startService are not safe: Intent { act=com.android.mail.action.BACKUP_DATA_CHANGED } android.content.ContextWrapper.startService:515 com.android.mail.MailIntentService.broadcastBackupDataChanged:123 com.android.mail.preferences.VersionedPrefs.notifyBackupPreferenceChanged:278 
W/ActivityManager(  343): Unable to start service Intent { act=com.android.mail.action.BACKUP_DATA_CHANGED } U=0: not found
W/ContextImpl( 1077): Implicit intents with startService are not safe: Intent { act=com.android.mail.action.BACKUP_DATA_CHANGED } android.content.ContextWrapper.startService:515 com.android.mail.MailIntentService.broadcastBackupDataChanged:123 com.android.mail.preferences.VersionedPrefs.notifyBackupPreferenceChanged:278 
W/ActivityManager(  343): Unable to start service Intent { act=com.android.mail.action.BACKUP_DATA_CHANGED } U=0: not found
W/ContextImpl( 1077): Implicit intents with startService are not safe: Intent { act=com.android.mail.action.BACKUP_DATA_CHANGED } android.content.ContextWrapper.startService:515 com.android.mail.MailIntentService.broadcastBackupDataChanged:123 com.android.mail.preferences.VersionedPrefs.notifyBackupPreferenceChanged:278 
W/ActivityManager(  343): Unable to start service Intent { act=com.android.mail.action.BACKUP_DATA_CHANGED } U=0: not found
W/ActivityManager(  343): Unable to start service Intent { cmp=com.android.email/.service.AttachmentService } U=0: not found
W/ActivityManager(  343): Unable to start service Intent { cmp=com.android.email/.service.AttachmentService } U=0: not found
W/VoiceInteractionManagerService(  343): no available voice recognition services found for user 0
W/art     (  799): Suspending all threads took: 263.050ms
W/art     ( 1028): Suspending all threads took: 1.898s
W/art     (  799): Suspending all threads took: 6.452ms
W/art     ( 1045): Suspending all threads took: 468.585ms
W/BackupManagerService(  343): dataChanged but no participant pkg='com.android.providers.settings' uid=1001
E/BluetoothAdapter(  799): Bluetooth binder is null
E/installd( 1137): Running /system/bin/patchoat isa=arm in-fd=6 (/system/app/Calendar/arm/Calendar.odex) out-fd=7 (/data/dalvik-cache/arm/system@app@Calendar@Calendar.apk@classes.dex)
E/PhoneInterfaceManager(  799): [PhoneIntfMgr] getIccId: ICC ID is null or empty.
E/SurfaceFlinger(   54): glCheckFramebufferStatusOES error 0
E/SurfaceFlinger(   54): got GL_FRAMEBUFFER_COMPLETE_OES error while taking screenshot
E/memtrack( 1145): Couldn't load memtrack module (No such file or directory)
E/android.os.Debug( 1145): failed to load memtrack module: -2
W/BackupManagerService(  343): dataChanged but no participant pkg='com.android.providers.settings' uid=1001
W/BackupManagerService(  343): dataChanged but no participant pkg='com.android.providers.settings' uid=1001
W/BackupManagerService(  343): dataChanged but no participant pkg='com.android.providers.settings' uid=1001
W/WindowManager(  343): App freeze timeout expired.
W/WindowManager(  343): Force clearing freeze: AppWindowToken{64d8ac2 token=Token{9a17b0d ActivityRecord{78721a4 u0 com.android.launcher/com.android.launcher2.Launcher t3}}}
E/memtrack( 1162): Couldn't load memtrack module (No such file or directory)
E/android.os.Debug( 1162): failed to load memtrack module: -2
W/art     ( 1121): Suspending all threads took: 7.678s
E/memtrack( 1185): Couldn't load memtrack module (No such file or directory)
E/android.os.Debug( 1185): failed to load memtrack module: -2
E/Netd    (   61): netlink response contains error (Operation not supported on transport endpoint)
E/Netd    (   61): failed to add interface eth0 to netId 100
E/ConnectivityService(  343): Exception adding interface: java.lang.IllegalStateException: command '19 network interface add 100 eth0' failed with '400 19 addInterfaceToNetwork() failed (Operation not supported on transport endpoint)'
E/Netd    (   61): interface eth0 not assigned to any netId
E/ConnectivityService(  343): Exception in addRoute for gateway: java.lang.IllegalStateException: command '21 network route add 100 eth0 0.0.0.0/0 10.0.2.2' failed with '400 21 addRoute() failed (No such device)'
E/NetdConnector(  343): NDC Command {26 bandwidth setiquota eth0 9223372036854775807} took too long (1481ms)
E/NetdConnector(  343): NDC Command {27 bandwidth removeiquota eth0} took too long (609ms)
E/NetdConnector(  343): NDC Command {28 bandwidth setiquota eth0 9223372036854775807} took too long (1178ms)
W/GpsLocationProvider(  343): Could not open GPS configuration file /etc/gps.conf
E/GpsLocationProvider(  343): no AGPS interface in set_agps_server
E/GpsLocationProvider(  343): no GPS configuration interface in configuraiton_update
W/GpsLocationProvider(  343): Could not open GPS configuration file /etc/gps.conf
E/GpsLocationProvider(  343): no AGPS interface in set_agps_server
E/GpsLocationProvider(  343): no GPS configuration interface in configuraiton_update
W/GpsLocationProvider(  343): Could not open GPS configuration file /etc/gps.conf
E/GpsLocationProvider(  343): no AGPS interface in set_agps_server
E/GpsLocationProvider(  343): no GPS configuration interface in configuraiton_update
W/GpsLocationProvider(  343): Could not open GPS configuration file /etc/gps.conf
E/GpsLocationProvider(  343): no AGPS interface in set_agps_server
E/GpsLocationProvider(  343): no GPS configuration interface in configuraiton_update
W/GpsLocationProvider(  343): Could not open GPS configuration file /etc/gps.conf
E/GpsLocationProvider(  343): no AGPS interface in set_agps_server
E/GpsLocationProvider(  343): no GPS configuration interface in configuraiton_update
W/GpsLocationProvider(  343): Could not open GPS configuration file /etc/gps.conf
E/GpsLocationProvider(  343): no AGPS interface in set_agps_server
E/GpsLocationProvider(  343): no GPS configuration interface in configuraiton_update
W/GpsLocationProvider(  343): Could not open GPS configuration file /etc/gps.conf
E/GpsLocationProvider(  343): no AGPS interface in set_agps_server
E/GpsLocationProvider(  343): no GPS configuration interface in configuraiton_update
W/ResourceType(  945): No package identifier when getting value for resource number 0x00000000
W/ResourceType(  945): No package identifier when getting value for resource number 0x00000000
W/PackageManager(  945): Failure retrieving resources for com.android.speechrecorder: Resource ID #0x0
W/ResourceType(  945): No package identifier when getting value for resource number 0x00000000
W/PackageManager(  945): Failure retrieving resources for com.android.speechrecorder: Resource ID #0x0
W/ResourcesManager( 1179): Asset path '/system/framework/android.test.runner.jar' does not exist or contains no resources.
W/ContentResolver( 1179): Failed to get type for: content://com.android.calendar (Unknown URL content://com.android.calendar)
E/SQLiteLog(  985): (1) no such table: files
W/dex2oat ( 1262): Verification of boolean org.apache.maven.profiles.DefaultProfileManager.isActive(org.apache.maven.model.Profile) took 137.796ms
E/MetadataRetrieverClient(   65): failed to extract an album art
W/dex2oat ( 1262): Compilation of void com.ximpleware.extended.VTDGenHuge.parse(boolean) took 103.652ms
W/dex2oat ( 1262): Compilation of java_cup.runtime.Symbol com.ximpleware.extended.xpath.CUP$parser$actions.CUP$parser$do_action(int, java_cup.runtime.lr_parser, java.util.Stack, int) took 165.706ms
W/dex2oat ( 1262): Compilation of java_cup.runtime.Symbol com.ximpleware.xpath.CUP$XSLParser$actions.CUP$XSLParser$do_action(int, java_cup.runtime.lr_parser, java.util.Stack, int) took 188.669ms
W/dex2oat ( 1262): Compilation of java_cup.runtime.Symbol com.ximpleware.xpath.CUP$parser$actions.CUP$parser$do_action(int, java_cup.runtime.lr_parser, java.util.Stack, int) took 160.174ms
W/dex2oat ( 1262): Compilation of java_cup.runtime.Symbol java_cup.CUP$parser$actions.CUP$parser$do_action(int, java_cup.runtime.lr_parser, java.util.Stack, int) took 123.661ms
W/dex2oat ( 1262): Compilation of java_cup.runtime.Symbol com.ximpleware.xpath.XSLScanner.next_token() took 171.421ms
W/dex2oat ( 1262): Compilation of com.google.common.collect.TreeMultiset$AvlNode com.google.common.collect.TreeMultiset$AvlNode.rebalance() took 225.828ms
W/dex2oat ( 1262): Compilation of com.google.common.collect.TreeMultiset$AvlNode com.google.common.collect.TreeMultiset$AvlNode.remove(java.util.Comparator, java.lang.Object, int, int[]) took 204.398ms
