W/dex2oat ( 1262): Compilation of com.google.common.collect.TreeMultiset$AvlNode com.google.common.collect.TreeMultiset$AvlNode.setCount(java.util.Comparator, java.lang.Object, int, int[]) took 193.861ms
W/dex2oat ( 1262): Compilation of void com.google.common.collect.TreeRangeMap$SubRangeMap$SubRangeMapAsMap$2.<init>(com.google.common.collect.TreeRangeMap$SubRangeMap$SubRangeMapAsMap) took 202.534ms
W/dex2oat ( 1262): Compilation of int com.google.common.collect.TreeRangeSet$AsRanges.hashCode() took 200.619ms
W/dex2oat ( 1262): Compilation of java.lang.Object com.google.common.collect.TreeRangeSet$ComplementRangesByLowerBound$2.computeNext() took 191.501ms
W/dex2oat ( 1262): Compilation of java.lang.Object com.google.common.collect.TreeRangeSet$SubRangeSetRangesByLowerBound$1.computeNext() took 200.476ms
W/dex2oat ( 1262): Compilation of com.google.common.collect.Range com.google.common.collect.TreeRangeSet.rangeEnclosing(com.google.common.collect.Range) took 201.175ms
W/dex2oat ( 1262): Compilation of boolean com.google.common.collect.TreeRangeSet.isEmpty() took 200.503ms
W/dex2oat ( 1262): Compilation of java.lang.Object com.google.common.collect.TreeTraverser$PostOrderIterator.computeNext() took 191.591ms
W/dex2oat ( 1262): Compilation of java.lang.String com.google.common.escape.ArrayBasedCharEscaper.escape(java.lang.String) took 202.459ms
W/dex2oat ( 1262): Compilation of java.lang.String com.google.common.escape.CharEscaperBuilder$CharArrayDecorator.escape(java.lang.String) took 201.116ms
W/dex2oat ( 1262): Compilation of com.google.common.hash.PrimitiveSink com.google.common.hash.AbstractCompositeHashFunction$1.putBoolean(boolean) took 190.470ms
W/dex2oat ( 1262): Compilation of com.google.common.hash.Hasher com.google.common.hash.AbstractCompositeHashFunction$1.putInt(int) took 200.860ms
W/dex2oat ( 1262): Compilation of void com.google.common.hash.AbstractCompositeHashFunction.<init>(com.google.common.hash.HashFunction[]) took 201.028ms
W/dex2oat ( 1262): Compilation of boolean com.google.common.hash.BloomFilterStrategies$1.mightContain(java.lang.Object, com.google.common.hash.Funnel, int, com.google.common.hash.BloomFilterStrategies$BitArray) took 192.736ms
W/dex2oat ( 1262): Compilation of boolean com.google.common.hash.BloomFilterStrategies$2.put(java.lang.Object, com.google.common.hash.Funnel, int, com.google.common.hash.BloomFilterStrategies$BitArray) took 101.559ms
E/installd( 1302): Running /system/bin/patchoat isa=arm in-fd=6 (/system/priv-app/Mms/arm/Mms.odex) out-fd=7 (/data/dalvik-cache/arm/system@priv-app@Mms@Mms.apk@classes.dex)
F/BatteryStatsImpl(  343): Data connection inactive timestamp 370810 is before start time 418665
F/BatteryStatsImpl(  343): Data connection inactive timestamp 381620 is before start time 418746
F/BatteryStatsImpl(  343): Data connection inactive timestamp 398460 is before start time 418850
F/BatteryStatsImpl(  343): Data connection inactive timestamp 410450 is before start time 418854
W/BackupManagerService(  343): dataChanged but no participant pkg='com.android.providers.settings' uid=10005
W/Settings(  343): Setting install_non_market_apps has moved from android.provider.Settings.Global to android.provider.Settings.Secure, returning read-only value.
W/art     (  343): Suspending all threads took: 7.363ms
W/VoiceInteractionManagerService(  343): no available voice recognition services found for user 0
E/memtrack( 1332): Couldn't load memtrack module (No such file or directory)
E/android.os.Debug( 1332): failed to load memtrack module: -2
E/memtrack( 1343): Couldn't load memtrack module (No such file or directory)
E/android.os.Debug( 1343): failed to load memtrack module: -2
E/installd( 1379): Running /system/bin/patchoat isa=arm in-fd=6 (/system/app/DeskClock/arm/DeskClock.odex) out-fd=7 (/data/dalvik-cache/arm/system@app@DeskClock@DeskClock.apk@classes.dex)
E/memtrack( 1355): Couldn't load memtrack module (No such file or directory)
E/android.os.Debug( 1355): failed to load memtrack module: -2
W/dex2oat ( 1383): Before Android 4.1, method int android.support.v7.internal.widget.ListViewCompat.lookForSelectablePosition(int, boolean) would have incorrectly overridden the package-private method in android.widget.ListView
W/dex2oat ( 1383): Verification of com.google.android.gms.internal.nu com.google.android.gms.internal.nv.db(android.os.Parcel) took 214.829ms
W/dex2oat ( 1383): Verification of void com.google.android.gms.internal.f$b.b(byte[], byte[]) took 114.130ms
W/dex2oat ( 1383): Verification of void com.google.android.gms.internal.f$c.b(byte[], byte[]) took 109.711ms
W/dex2oat ( 1383): Verification of void com.google.android.gms.internal.f$f.b(byte[], byte[]) took 105.094ms
W/dex2oat ( 1383): Verification of void com.google.android.gms.internal.f$i.b(byte[], byte[]) took 140.775ms
W/dex2oat ( 1383): Verification of void com.google.android.gms.internal.f$j.b(byte[], byte[]) took 112.480ms
W/dex2oat ( 1383): Verification of void com.google.android.gms.internal.f$k.b(byte[], byte[]) took 106.869ms
W/dex2oat ( 1383): Verification of void com.google.android.gms.internal.f$l.b(byte[], byte[]) took 106.121ms
E/MetadataRetrieverClient(   65): failed to extract an album art
W/BackupManagerService(  343): dataChanged but no participant pkg='com.android.providers.settings' uid=10005
W/dex2oat ( 1383): Verification of void android.support.v4.view.ViewPropertyAnimatorCompat$ICSViewPropertyAnimatorCompatImpl.scaleXBy(android.support.v4.view.ViewPropertyAnimatorCompat, android.view.View, float) took 120.281ms
W/dex2oat ( 1383): Compilation of void com.google.android.gms.internal.gk.<init>() took 272.014ms
W/dex2oat ( 1383): Compilation of boolean com.google.android.gms.games.internal.IGamesService$Stub.onTransact(int, android.os.Parcel, android.os.Parcel, int) took 146.821ms
W/art     ( 1357): Suspending all threads took: 19.663ms
W/PackageManager(  343): Code path for pkg : com.example.chariba changing from /data/app/com.example.chariba-1 to /data/app/com.example.chariba-2
W/PackageManager(  343): Resource path for pkg : com.example.chariba changing from /data/app/com.example.chariba-1 to /data/app/com.example.chariba-2
W/art     (  343): Suspending all threads took: 39.228ms
W/PackageManager(  343): Unknown permission com.google.android.providers.gsf.permission.READ_GSERVICES in package com.example.chariba
W/BackupManagerService(  343): Removing schedule queue dupe of com.example.chariba
W/Settings(  343): Setting install_non_market_apps has moved from android.provider.Settings.Global to android.provider.Settings.Secure, returning read-only value.
E/installd( 1408): Running /system/bin/patchoat isa=arm in-fd=6 (/system/app/PicoTts/arm/PicoTts.odex) out-fd=7 (/data/dalvik-cache/arm/system@app@PicoTts@PicoTts.apk@classes.dex)
W/VoiceInteractionManagerService(  343): no available voice recognition services found for user 0
E/SQLiteLog( 1179): (284) automatic index on view_events(_id)
E/memtrack( 1426): Couldn't load memtrack module (No such file or directory)
E/android.os.Debug( 1426): failed to load memtrack module: -2
W/BackupManagerService(  343): dataChanged but no participant pkg='com.android.providers.settings' uid=1001
W/ContextImpl( 1045): Calling a method in the system process without a qualified user: android.app.ContextImpl.startService:1686 android.content.ContextWrapper.startService:515 android.content.ContextWrapper.startService:515 com.android.keychain.KeyChainBroadcastReceiver.onReceive:12 android.app.ActivityThread.handleReceiver:2579 
E/MetadataRetrieverClient(   65): failed to extract an album art
W/BackupManagerService(  343): dataChanged but no participant pkg='com.android.providers.settings' uid=10005
E/MetadataRetrieverClient(   65): failed to extract an album art
W/dex2oat ( 1444): Verification of com.google.common.collect.ImmutableSet com.google.common.collect.ImmutableSetMultimap.emptySet(java.util.Comparator) took 239.360ms
W/dex2oat ( 1444): Compilation of void com.ximpleware.extended.VTDGenHuge.parse(boolean) took 114.747ms
W/dex2oat ( 1444): Compilation of java_cup.runtime.Symbol com.ximpleware.extended.xpath.CUP$parser$actions.CUP$parser$do_action(int, java_cup.runtime.lr_parser, java.util.Stack, int) took 214.958ms
W/dex2oat ( 1444): Compilation of java_cup.runtime.Symbol com.ximpleware.xpath.CUP$XSLParser$actions.CUP$XSLParser$do_action(int, java_cup.runtime.lr_parser, java.util.Stack, int) took 234.415ms
W/dex2oat ( 1444): Compilation of java_cup.runtime.Symbol com.ximpleware.xpath.CUP$parser$actions.CUP$parser$do_action(int, java_cup.runtime.lr_parser, java.util.Stack, int) took 171.801ms
W/dex2oat ( 1444): Compilation of java_cup.runtime.Symbol java_cup.CUP$parser$actions.CUP$parser$do_action(int, java_cup.runtime.lr_parser, java.util.Stack, int) took 134.868ms
W/dex2oat ( 1444): Compilation of java_cup.runtime.Symbol com.ximpleware.xpath.XSLScanner.next_token() took 171.458ms
W/PackageManager(  343): Code path for pkg : com.example.chariba.test changing from /data/app/com.example.chariba.test-1 to /data/app/com.example.chariba.test-2
W/PackageManager(  343): Resource path for pkg : com.example.chariba.test changing from /data/app/com.example.chariba.test-1 to /data/app/com.example.chariba.test-2
W/BackupManagerService(  343): Removing schedule queue dupe of com.example.chariba.test
W/ContextImpl( 1045): Calling a method in the system process without a qualified user: android.app.ContextImpl.startService:1686 android.content.ContextWrapper.startService:515 android.content.ContextWrapper.startService:515 com.android.keychain.KeyChainBroadcastReceiver.onReceive:12 android.app.ActivityThread.handleReceiver:2579 
W/Settings(  343): Setting install_non_market_apps has moved from android.provider.Settings.Global to android.provider.Settings.Secure, returning read-only value.
W/VoiceInteractionManagerService(  343): no available voice recognition services found for user 0
E/memtrack( 1450): Couldn't load memtrack module (No such file or directory)
E/android.os.Debug( 1450): failed to load memtrack module: -2
W/art     ( 1461): Suspending all threads took: 6.534ms
W/art     ( 1461): Before Android 4.1, method int android.support.v7.internal.widget.ListViewCompat.lookForSelectablePosition(int, boolean) would have incorrectly overridden the package-private method in android.widget.ListView
W/art     ( 1461): Suspending all threads took: 8.728ms
W/art     ( 1461): Suspending all threads took: 5.486ms
W/ClassPathPackageInfoSource( 1461): Cannot load class. Make sure it is in your apk. Class name: 'org.apache.maven.artifact.ant.shaded.interpolation.EnvarBasedValueSource'. Message: org.apache.maven.artifact.ant.shaded.interpolation.EnvarBasedValueSource
W/ClassPathPackageInfoSource( 1461): java.lang.ClassNotFoundException: org.apache.maven.artifact.ant.shaded.interpolation.EnvarBasedValueSource
W/ClassPathPackageInfoSource( 1461): 	at java.lang.Class.classForName(Native Method)
W/ClassPathPackageInfoSource( 1461): 	at java.lang.Class.forName(Class.java:308)
W/ClassPathPackageInfoSource( 1461): 	at android.test.ClassPathPackageInfoSource.createPackageInfo(ClassPathPackageInfoSource.java:88)
W/ClassPathPackageInfoSource( 1461): 	at android.test.ClassPathPackageInfoSource.access$000(ClassPathPackageInfoSource.java:39)
W/ClassPathPackageInfoSource( 1461): 	at android.test.ClassPathPackageInfoSource$1.load(ClassPathPackageInfoSource.java:50)
W/ClassPathPackageInfoSource( 1461): 	at android.test.ClassPathPackageInfoSource$1.load(ClassPathPackageInfoSource.java:47)
W/ClassPathPackageInfoSource( 1461): 	at android.test.SimpleCache.get(SimpleCache.java:31)
W/ClassPathPackageInfoSource( 1461): 	at android.test.ClassPathPackageInfoSource.getPackageInfo(ClassPathPackageInfoSource.java:72)
W/ClassPathPackageInfoSource( 1461): 	at android.test.ClassPathPackageInfo.getSubpackages(ClassPathPackageInfo.java:48)
W/ClassPathPackageInfoSource( 1461): 	at android.test.ClassPathPackageInfo.addTopLevelClassesTo(ClassPathPackageInfo.java:61)
W/ClassPathPackageInfoSource( 1461): 	at android.test.ClassPathPackageInfo.getTopLevelClassesRecursive(ClassPathPackageInfo.java:55)
W/ClassPathPackageInfoSource( 1461): 	at android.test.suitebuilder.TestGrouping.testCaseClassesInPackage(TestGrouping.java:156)
W/ClassPathPackageInfoSource( 1461): 	at android.test.suitebuilder.TestGrouping.addPackagesRecursive(TestGrouping.java:117)
W/ClassPathPackageInfoSource( 1461): 	at android.test.suitebuilder.TestSuiteBuilder.includePackages(TestSuiteBuilder.java:100)
W/ClassPathPackageInfoSource( 1461): 	at android.test.InstrumentationTestRunner.onCreate(InstrumentationTestRunner.java:367)
W/ClassPathPackageInfoSource( 1461): 	at com.google.android.apps.common.testing.testrunner.GoogleInstrumentationTestRunner.onCreate(GoogleInstrumentationTestRunner.java:114)
W/ClassPathPackageInfoSource( 1461): 	at android.app.ActivityThread.handleBindApplication(ActivityThread.java:4509)
W/ClassPathPackageInfoSource( 1461): 	at android.app.ActivityThread.access$1500(ActivityThread.java:144)
W/ClassPathPackageInfoSource( 1461): 	at android.app.ActivityThread$H.handleMessage(ActivityThread.java:1339)
W/ClassPathPackageInfoSource( 1461): 	at android.os.Handler.dispatchMessage(Handler.java:102)
W/ClassPathPackageInfoSource( 1461): 	at android.os.Looper.loop(Looper.java:135)
W/ClassPathPackageInfoSource( 1461): 	at android.app.ActivityThread.main(ActivityThread.java:5221)
W/ClassPathPackageInfoSource( 1461): 	at java.lang.reflect.Method.invoke(Native Method)
W/ClassPathPackageInfoSource( 1461): 	at java.lang.reflect.Method.invoke(Method.java:372)
W/ClassPathPackageInfoSource( 1461): 	at com.android.internal.os.ZygoteInit$MethodAndArgsCaller.run(ZygoteInit.java:899)
W/ClassPathPackageInfoSource( 1461): 	at com.android.internal.os.ZygoteInit.main(ZygoteInit.java:694)
W/ClassPathPackageInfoSource( 1461): Caused by: java.lang.ClassNotFoundException: Didn't find class "org.apache.maven.artifact.ant.shaded.interpolation.EnvarBasedValueSource" on path: DexPathList[[zip file "/system/framework/android.test.runner.jar", zip file "/data/app/com.example.chariba.test-2/base.apk", zip file "/data/app/com.example.chariba-2/base.apk"],nativeLibraryDirectories=[/vendor/lib, /system/lib]]
W/ClassPathPackageInfoSource( 1461): 	at dalvik.system.BaseDexClassLoader.findClass(BaseDexClassLoader.java:56)
W/ClassPathPackageInfoSource( 1461): 	at java.lang.ClassLoader.loadClass(ClassLoader.java:511)
W/ClassPathPackageInfoSource( 1461): 	at java.lang.ClassLoader.loadClass(ClassLoader.java:469)
W/ClassPathPackageInfoSource( 1461): 	... 26 more
W/ClassPathPackageInfoSource( 1461): 	Suppressed: java.lang.NoClassDefFoundError: org.apache.maven.artifact.ant.shaded.interpolation.EnvarBasedValueSource
W/ClassPathPackageInfoSource( 1461): 		at dalvik.system.DexFile.defineClassNative(Native Method)
W/ClassPathPackageInfoSource( 1461): 		at dalvik.system.DexFile.defineClass(DexFile.java:222)
W/ClassPathPackageInfoSource( 1461): 		at dalvik.system.DexFile.loadClassBinaryName(DexFile.java:215)
W/ClassPathPackageInfoSource( 1461): 		at dalvik.system.DexPathList.findClass(DexPathList.java:321)
W/ClassPathPackageInfoSource( 1461): 		at dalvik.system.BaseDexClassLoader.findClass(BaseDexClassLoader.java:54)
W/ClassPathPackageInfoSource( 1461): 		... 28 more
W/ClassPathPackageInfoSource( 1461): 	Suppressed: java.lang.ClassNotFoundException: org.apache.maven.artifact.ant.shaded.interpolation.EnvarBasedValueSource
W/ClassPathPackageInfoSource( 1461): 		at java.lang.Class.classForName(Native Method)
W/ClassPathPackageInfoSource( 1461): 		at java.lang.BootClassLoader.findClass(ClassLoader.java:781)
W/ClassPathPackageInfoSource( 1461): 		at java.lang.BootClassLoader.loadClass(ClassLoader.java:841)
W/ClassPathPackageInfoSource( 1461): 		at java.lang.ClassLoader.loadClass(ClassLoader.java:504)
W/ClassPathPackageInfoSource( 1461): 		... 27 more
W/ClassPathPackageInfoSource( 1461): 	Caused by: java.lang.NoClassDefFoundError: Class not found using the boot class loader; no stack available
W/ClassPathPackageInfoSource( 1461): Cannot load class. Make sure it is in your apk. Class name: 'org.apache.maven.artifact.ant.shaded.interpolation.Interpolator'. Message: org.apache.maven.artifact.ant.shaded.interpolation.Interpolator
W/ClassPathPackageInfoSource( 1461): java.lang.ClassNotFoundException: org.apache.maven.artifact.ant.shaded.interpolation.Interpolator
W/ClassPathPackageInfoSource( 1461): 	at java.lang.Class.classForName(Native Method)
W/ClassPathPackageInfoSource( 1461): 	at java.lang.Class.forName(Class.java:308)
W/ClassPathPackageInfoSource( 1461): 	at android.test.ClassPathPackageInfoSource.createPackageInfo(ClassPathPackageInfoSource.java:88)
W/ClassPathPackageInfoSource( 1461): 	at android.test.ClassPathPackageInfoSource.access$000(ClassPathPackageInfoSource.java:39)
W/ClassPathPackageInfoSource( 1461): 	at android.test.ClassPathPackageInfoSource$1.load(ClassPathPackageInfoSource.java:50)
W/ClassPathPackageInfoSource( 1461): 	at android.test.ClassPathPackageInfoSource$1.load(ClassPathPackageInfoSource.java:47)
W/ClassPathPackageInfoSource( 1461): 	at android.test.SimpleCache.get(SimpleCache.java:31)
W/ClassPathPackageInfoSource( 1461): 	at android.test.ClassPathPackageInfoSource.getPackageInfo(ClassPathPackageInfoSource.java:72)
W/ClassPathPackageInfoSource( 1461): 	at android.test.ClassPathPackageInfo.getSubpackages(ClassPathPackageInfo.java:48)
W/ClassPathPackageInfoSource( 1461): 	at android.test.ClassPathPackageInfo.addTopLevelClassesTo(ClassPathPackageInfo.java:61)
W/ClassPathPackageInfoSource( 1461): 	at android.test.ClassPathPackageInfo.getTopLevelClassesRecursive(ClassPathPackageInfo.java:55)
W/ClassPathPackageInfoSource( 1461): 	at android.test.suitebuilder.TestGrouping.testCaseClassesInPackage(TestGrouping.java:156)
W/ClassPathPackageInfoSource( 1461): 	at android.test.suitebuilder.TestGrouping.addPackagesRecursive(TestGrouping.java:117)
W/ClassPathPackageInfoSource( 1461): 	at android.test.suitebuilder.TestSuiteBuilder.includePackages(TestSuiteBuilder.java:100)
W/ClassPathPackageInfoSource( 1461): 	at android.test.InstrumentationTestRunner.onCreate(InstrumentationTestRunner.java:367)
W/ClassPathPackageInfoSource( 1461): 	at com.google.android.apps.common.testing.testrunner.GoogleInstrumentationTestRunner.onCreate(GoogleInstrumentationTestRunner.java:114)
W/ClassPathPackageInfoSource( 1461): 	at android.app.ActivityThread.handleBindApplication(ActivityThread.java:4509)
W/ClassPathPackageInfoSource( 1461): 	at android.app.ActivityThread.access$1500(ActivityThread.java:144)
W/ClassPathPackageInfoSource( 1461): 	at android.app.ActivityThread$H.handleMessage(ActivityThread.java:1339)
W/ClassPathPackageInfoSource( 1461): 	at android.os.Handler.dispatchMessage(Handler.java:102)
W/ClassPathPackageInfoSource( 1461): 	at android.os.Looper.loop(Looper.java:135)
W/ClassPathPackageInfoSource( 1461): 	at android.app.ActivityThread.main(ActivityThread.java:5221)
W/ClassPathPackageInfoSource( 1461): 	at java.lang.reflect.Method.invoke(Native Method)
W/ClassPathPackageInfoSource( 1461): 	at java.lang.reflect.Method.invoke(Method.java:372)
W/ClassPathPackageInfoSource( 1461): 	at com.android.internal.os.ZygoteInit$MethodAndArgsCaller.run(ZygoteInit.java:899)
W/ClassPathPackageInfoSource( 1461): 	at com.android.internal.os.ZygoteInit.main(ZygoteInit.java:694)
W/ClassPathPackageInfoSource( 1461): Caused by: java.lang.ClassNotFoundException: Didn't find class "org.apache.maven.artifact.ant.shaded.interpolation.Interpolator" on path: DexPathList[[zip file "/system/framework/android.test.runner.jar", zip file "/data/app/com.example.chariba.test-2/base.apk", zip file "/data/app/com.example.chariba-2/base.apk"],nativeLibraryDirectories=[/vendor/lib, /system/lib]]
W/ClassPathPackageInfoSource( 1461): 	at dalvik.system.BaseDexClassLoader.findClass(BaseDexClassLoader.java:56)
W/ClassPathPackageInfoSource( 1461): 	at java.lang.ClassLoader.loadClass(ClassLoader.java:511)
W/ClassPathPackageInfoSource( 1461): 	at java.lang.ClassLoader.loadClass(ClassLoader.java:469)
W/ClassPathPackageInfoSource( 1461): 	... 26 more
W/ClassPathPackageInfoSource( 1461): 	Suppressed: java.lang.NoClassDefFoundError: org.apache.maven.artifact.ant.shaded.interpolation.Interpolator
W/ClassPathPackageInfoSource( 1461): 		at dalvik.system.DexFile.defineClassNative(Native Method)
W/ClassPathPackageInfoSource( 1461): 		at dalvik.system.DexFile.defineClass(DexFile.java:222)
W/ClassPathPackageInfoSource( 1461): 		at dalvik.system.DexFile.loadClassBinaryName(DexFile.java:215)
W/ClassPathPackageInfoSource( 1461): 		at dalvik.system.DexPathList.findClass(DexPathList.java:321)
W/ClassPathPackageInfoSource( 1461): 		at dalvik.system.BaseDexClassLoader.findClass(BaseDexClassLoader.java:54)
W/ClassPathPackageInfoSource( 1461): 		... 28 more
W/ClassPathPackageInfoSource( 1461): 	Suppressed: java.lang.ClassNotFoundException: org.apache.maven.artifact.ant.shaded.interpolation.Interpolator
W/ClassPathPackageInfoSource( 1461): 		at java.lang.Class.classForName(Native Method)
W/ClassPathPackageInfoSource( 1461): 		at java.lang.BootClassLoader.findClass(ClassLoader.java:781)
W/ClassPathPackageInfoSource( 1461): 		at java.lang.BootClassLoader.loadClass(ClassLoader.java:841)
W/ClassPathPackageInfoSource( 1461): 		at java.lang.ClassLoader.loadClass(ClassLoader.java:504)
W/ClassPathPackageInfoSource( 1461): 		... 27 more
W/ClassPathPackageInfoSource( 1461): 	Caused by: java.lang.NoClassDefFoundError: Class not found using the boot class loader; no stack available
W/ClassPathPackageInfoSource( 1461): Cannot load class. Make sure it is in your apk. Class name: 'org.apache.maven.artifact.ant.shaded.interpolation.InterpolatorFilterReader'. Message: org.apache.maven.artifact.ant.shaded.interpolation.InterpolatorFilterReader
W/ClassPathPackageInfoSource( 1461): java.lang.ClassNotFoundException: org.apache.maven.artifact.ant.shaded.interpolation.InterpolatorFilterReader
W/ClassPathPackageInfoSource( 1461): 	at java.lang.Class.classForName(Native Method)
W/ClassPathPackageInfoSource( 1461): 	at java.lang.Class.forName(Class.java:308)
W/ClassPathPackageInfoSource( 1461): 	at android.test.ClassPathPackageInfoSource.createPackageInfo(ClassPathPackageInfoSource.java:88)
W/ClassPathPackageInfoSource( 1461): 	at android.test.ClassPathPackageInfoSource.access$000(ClassPathPackageInfoSource.java:39)
W/ClassPathPackageInfoSource( 1461): 	at android.test.ClassPathPackageInfoSource$1.load(ClassPathPackageInfoSource.java:50)
W/ClassPathPackageInfoSource( 1461): 	at android.test.ClassPathPackageInfoSource$1.load(ClassPathPackageInfoSource.java:47)
W/ClassPathPackageInfoSource( 1461): 	at android.test.SimpleCache.get(SimpleCache.java:31)
W/ClassPathPackageInfoSource( 1461): 	at android.test.ClassPathPackageInfoSource.getPackageInfo(ClassPathPackageInfoSource.java:72)
W/ClassPathPackageInfoSource( 1461): 	at android.test.ClassPathPackageInfo.getSubpackages(ClassPathPackageInfo.java:48)
W/ClassPathPackageInfoSource( 1461): 	at android.test.ClassPathPackageInfo.addTopLevelClassesTo(ClassPathPackageInfo.java:61)
W/ClassPathPackageInfoSource( 1461): 	at android.test.ClassPathPackageInfo.getTopLevelClassesRecursive(ClassPathPackageInfo.java:55)
W/ClassPathPackageInfoSource( 1461): 	at android.test.suitebuilder.TestGrouping.testCaseClassesInPackage(TestGrouping.java:156)
W/ClassPathPackageInfoSource( 1461): 	at android.test.suitebuilder.TestGrouping.addPackagesRecursive(TestGrouping.java:117)
W/ClassPathPackageInfoSource( 1461): 	at android.test.suitebuilder.TestSuiteBuilder.includePackages(TestSuiteBuilder.java:100)
W/ClassPathPackageInfoSource( 1461): 	at android.test.InstrumentationTestRunner.onCreate(InstrumentationTestRunner.java:367)
W/ClassPathPackageInfoSource( 1461): 	at com.google.android.apps.common.testing.testrunner.GoogleInstrumentationTestRunner.onCreate(GoogleInstrumentationTestRunner.java:114)
W/ClassPathPackageInfoSource( 1461): 	at android.app.ActivityThread.handleBindApplication(ActivityThread.java:4509)
W/ClassPathPackageInfoSource( 1461): 	at android.app.ActivityThread.access$1500(ActivityThread.java:144)
W/ClassPathPackageInfoSource( 1461): 	at android.app.ActivityThread$H.handleMessage(ActivityThread.java:1339)
W/ClassPathPackageInfoSource( 1461): 	at android.os.Handler.dispatchMessage(Handler.java:102)
W/ClassPathPackageInfoSource( 1461): 	at android.os.Looper.loop(Looper.java:135)
W/ClassPathPackageInfoSource( 1461): 	at android.app.ActivityThread.main(ActivityThread.java:5221)
W/ClassPathPackageInfoSource( 1461): 	at java.lang.reflect.Method.invoke(Native Method)
W/ClassPathPackageInfoSource( 1461): 	at java.lang.reflect.Method.invoke(Method.java:372)
W/ClassPathPackageInfoSource( 1461): 	at com.android.internal.os.ZygoteInit$MethodAndArgsCaller.run(ZygoteInit.java:899)
W/ClassPathPackageInfoSource( 1461): 	at com.android.internal.os.ZygoteInit.main(ZygoteInit.java:694)
W/ClassPathPackageInfoSource( 1461): Caused by: java.lang.ClassNotFoundException: Didn't find class "org.apache.maven.artifact.ant.shaded.interpolation.InterpolatorFilterReader" on path: DexPathList[[zip file "/system/framework/android.test.runner.jar", zip file "/data/app/com.example.chariba.test-2/base.apk", zip file "/data/app/com.example.chariba-2/base.apk"],nativeLibraryDirectories=[/vendor/lib, /system/lib]]
W/ClassPathPackageInfoSource( 1461): 	at dalvik.system.BaseDexClassLoader.findClass(BaseDexClassLoader.java:56)
W/ClassPathPackageInfoSource( 1461): 	at java.lang.ClassLoader.loadClass(ClassLoader.java:511)
W/ClassPathPackageInfoSource( 1461): 	at java.lang.ClassLoader.loadClass(ClassLoader.java:469)
W/ClassPathPackageInfoSource( 1461): 	... 26 more
W/ClassPathPackageInfoSource( 1461): 	Suppressed: java.lang.NoClassDefFoundError: org.apache.maven.artifact.ant.shaded.interpolation.InterpolatorFilterReader
W/ClassPathPackageInfoSource( 1461): 		at dalvik.system.DexFile.defineClassNative(Native Method)
W/ClassPathPackageInfoSource( 1461): 		at dalvik.system.DexFile.defineClass(DexFile.java:222)
W/ClassPathPackageInfoSource( 1461): 		at dalvik.system.DexFile.loadClassBinaryName(DexFile.java:215)
W/ClassPathPackageInfoSource( 1461): 		at dalvik.system.DexPathList.findClass(DexPathList.java:321)
W/ClassPathPackageInfoSource( 1461): 		at dalvik.system.BaseDexClassLoader.findClass(BaseDexClassLoader.java:54)
W/ClassPathPackageInfoSource( 1461): 		... 28 more
W/ClassPathPackageInfoSource( 1461): 	Suppressed: java.lang.ClassNotFoundException: org.apache.maven.artifact.ant.shaded.interpolation.InterpolatorFilterReader
W/ClassPathPackageInfoSource( 1461): 		at java.lang.Class.classForName(Native Method)
W/ClassPathPackageInfoSource( 1461): 		at java.lang.BootClassLoader.findClass(ClassLoader.java:781)
W/ClassPathPackageInfoSource( 1461): 		at java.lang.BootClassLoader.loadClass(ClassLoader.java:841)
W/ClassPathPackageInfoSource( 1461): 		at java.lang.ClassLoader.loadClass(ClassLoader.java:504)
W/ClassPathPackageInfoSource( 1461): 		... 27 more
W/ClassPathPackageInfoSource( 1461): 	Caused by: java.lang.NoClassDefFoundError: Class not found using the boot class loader; no stack available
W/ClassPathPackageInfoSource( 1461): Cannot load class. Make sure it is in your apk. Class name: 'org.apache.maven.artifact.ant.shaded.interpolation.MapBasedValueSource'. Message: org.apache.maven.artifact.ant.shaded.interpolation.MapBasedValueSource
W/ClassPathPackageInfoSource( 1461): java.lang.ClassNotFoundException: org.apache.maven.artifact.ant.shaded.interpolation.MapBasedValueSource
W/ClassPathPackageInfoSource( 1461): 	at java.lang.Class.classForName(Native Method)
W/ClassPathPackageInfoSource( 1461): 	at java.lang.Class.forName(Class.java:308)
W/ClassPathPackageInfoSource( 1461): 	at android.test.ClassPathPackageInfoSource.createPackageInfo(ClassPathPackageInfoSource.java:88)
W/ClassPathPackageInfoSource( 1461): 	at android.test.ClassPathPackageInfoSource.access$000(ClassPathPackageInfoSource.java:39)
W/ClassPathPackageInfoSource( 1461): 	at android.test.ClassPathPackageInfoSource$1.load(ClassPathPackageInfoSource.java:50)
W/ClassPathPackageInfoSource( 1461): 	at android.test.ClassPathPackageInfoSource$1.load(ClassPathPackageInfoSource.java:47)
W/ClassPathPackageInfoSource( 1461): 	at android.test.SimpleCache.get(SimpleCache.java:31)
W/ClassPathPackageInfoSource( 1461): 	at android.test.ClassPathPackageInfoSource.getPackageInfo(ClassPathPackageInfoSource.java:72)
W/ClassPathPackageInfoSource( 1461): 	at android.test.ClassPathPackageInfo.getSubpackages(ClassPathPackageInfo.java:48)
W/ClassPathPackageInfoSource( 1461): 	at android.test.ClassPathPackageInfo.addTopLevelClassesTo(ClassPathPackageInfo.java:61)
W/ClassPathPackageInfoSource( 1461): 	at android.test.ClassPathPackageInfo.getTopLevelClassesRecursive(ClassPathPackageInfo.java:55)
W/ClassPathPackageInfoSource( 1461): 	at android.test.suitebuilder.TestGrouping.testCaseClassesInPackage(TestGrouping.java:156)
W/ClassPathPackageInfoSource( 1461): 	at android.test.suitebuilder.TestGrouping.addPackagesRecursive(TestGrouping.java:117)
W/ClassPathPackageInfoSource( 1461): 	at android.test.suitebuilder.TestSuiteBuilder.includePackages(TestSuiteBuilder.java:100)
W/ClassPathPackageInfoSource( 1461): 	at android.test.InstrumentationTestRunner.onCreate(InstrumentationTestRunner.java:367)
W/ClassPathPackageInfoSource( 1461): 	at com.google.android.apps.common.testing.testrunner.GoogleInstrumentationTestRunner.onCreate(GoogleInstrumentationTestRunner.java:114)
W/ClassPathPackageInfoSource( 1461): 	at android.app.ActivityThread.handleBindApplication(ActivityThread.java:4509)
W/ClassPathPackageInfoSource( 1461): 	at android.app.ActivityThread.access$1500(ActivityThread.java:144)
W/ClassPathPackageInfoSource( 1461): 	at android.app.ActivityThread$H.handleMessage(ActivityThread.java:1339)
W/ClassPathPackageInfoSource( 1461): 	at android.os.Handler.dispatchMessage(Handler.java:102)
W/ClassPathPackageInfoSource( 1461): 	at android.os.Looper.loop(Looper.java:135)
W/ClassPathPackageInfoSource( 1461): 	at android.app.ActivityThread.main(ActivityThread.java:5221)
W/ClassPathPackageInfoSource( 1461): 	at java.lang.reflect.Method.invoke(Native Method)
W/ClassPathPackageInfoSource( 1461): 	at java.lang.reflect.Method.invoke(Method.java:372)
W/ClassPathPackageInfoSource( 1461): 	at com.android.internal.os.ZygoteInit$MethodAndArgsCaller.run(ZygoteInit.java:899)
W/ClassPathPackageInfoSource( 1461): 	at com.android.internal.os.ZygoteInit.main(ZygoteInit.java:694)
W/ClassPathPackageInfoSource( 1461): Caused by: java.lang.ClassNotFoundException: Didn't find class "org.apache.maven.artifact.ant.shaded.interpolation.MapBasedValueSource" on path: DexPathList[[zip file "/system/framework/android.test.runner.jar", zip file "/data/app/com.example.chariba.test-2/base.apk", zip file "/data/app/com.example.chariba-2/base.apk"],nativeLibraryDirectories=[/vendor/lib, /system/lib]]
W/ClassPathPackageInfoSource( 1461): 	at dalvik.system.BaseDexClassLoader.findClass(BaseDexClassLoader.java:56)
W/ClassPathPackageInfoSource( 1461): 	at java.lang.ClassLoader.loadClass(ClassLoader.java:511)
W/ClassPathPackageInfoSource( 1461): 	at java.lang.ClassLoader.loadClass(ClassLoader.java:469)
W/ClassPathPackageInfoSource( 1461): 	... 26 more
W/ClassPathPackageInfoSource( 1461): 	Suppressed: java.lang.NoClassDefFoundError: org.apache.maven.artifact.ant.shaded.interpolation.MapBasedValueSource
W/ClassPathPackageInfoSource( 1461): 		at dalvik.system.DexFile.defineClassNative(Native Method)
W/ClassPathPackageInfoSource( 1461): 		at dalvik.system.DexFile.defineClass(DexFile.java:222)
W/ClassPathPackageInfoSource( 1461): 		at dalvik.system.DexFile.loadClassBinaryName(DexFile.java:215)
W/ClassPathPackageInfoSource( 1461): 		at dalvik.system.DexPathList.findClass(DexPathList.java:321)
W/ClassPathPackageInfoSource( 1461): 		at dalvik.system.BaseDexClassLoader.findClass(BaseDexClassLoader.java:54)
W/ClassPathPackageInfoSource( 1461): 		... 28 more
W/ClassPathPackageInfoSource( 1461): 	Suppressed: java.lang.ClassNotFoundException: org.apache.maven.artifact.ant.shaded.interpolation.MapBasedValueSource
W/ClassPathPackageInfoSource( 1461): 		at java.lang.Class.classForName(Native Method)
W/ClassPathPackageInfoSource( 1461): 		at java.lang.BootClassLoader.findClass(ClassLoader.java:781)
W/ClassPathPackageInfoSource( 1461): 		at java.lang.BootClassLoader.loadClass(ClassLoader.java:841)
W/ClassPathPackageInfoSource( 1461): 		at java.lang.ClassLoader.loadClass(ClassLoader.java:504)
W/ClassPathPackageInfoSource( 1461): 		... 27 more
W/ClassPathPackageInfoSource( 1461): 	Caused by: java.lang.NoClassDefFoundError: Class not found using the boot class loader; no stack available
W/ClassPathPackageInfoSource( 1461): Cannot load class. Make sure it is in your apk. Class name: 'org.apache.maven.artifact.ant.shaded.interpolation.ObjectBasedValueSource'. Message: org.apache.maven.artifact.ant.shaded.interpolation.ObjectBasedValueSource
W/ClassPathPackageInfoSource( 1461): java.lang.ClassNotFoundException: org.apache.maven.artifact.ant.shaded.interpolation.ObjectBasedValueSource
W/ClassPathPackageInfoSource( 1461): 	at java.lang.Class.classForName(Native Method)
W/ClassPathPackageInfoSource( 1461): 	at java.lang.Class.forName(Class.java:308)
W/ClassPathPackageInfoSource( 1461): 	at android.test.ClassPathPackageInfoSource.createPackageInfo(ClassPathPackageInfoSource.java:88)
W/ClassPathPackageInfoSource( 1461): 	at android.test.ClassPathPackageInfoSource.access$000(ClassPathPackageInfoSource.java:39)
W/ClassPathPackageInfoSource( 1461): 	at android.test.ClassPathPackageInfoSource$1.load(ClassPathPackageInfoSource.java:50)
W/ClassPathPackageInfoSource( 1461): 	at android.test.ClassPathPackageInfoSource$1.load(ClassPathPackageInfoSource.java:47)
W/ClassPathPackageInfoSource( 1461): 	at android.test.SimpleCache.get(SimpleCache.java:31)
W/ClassPathPackageInfoSource( 1461): 	at android.test.ClassPathPackageInfoSource.getPackageInfo(ClassPathPackageInfoSource.java:72)
W/ClassPathPackageInfoSource( 1461): 	at android.test.ClassPathPackageInfo.getSubpackages(ClassPathPackageInfo.java:48)
W/ClassPathPackageInfoSource( 1461): 	at android.test.ClassPathPackageInfo.addTopLevelClassesTo(ClassPathPackageInfo.java:61)
W/ClassPathPackageInfoSource( 1461): 	at android.test.ClassPathPackageInfo.getTopLevelClassesRecursive(ClassPathPackageInfo.java:55)
W/ClassPathPackageInfoSource( 1461): 	at android.test.suitebuilder.TestGrouping.testCaseClassesInPackage(TestGrouping.java:156)
W/ClassPathPackageInfoSource( 1461): 	at android.test.suitebuilder.TestGrouping.addPackagesRecursive(TestGrouping.java:117)
W/ClassPathPackageInfoSource( 1461): 	at android.test.suitebuilder.TestSuiteBuilder.includePackages(TestSuiteBuilder.java:100)
W/ClassPathPackageInfoSource( 1461): 	at android.test.InstrumentationTestRunner.onCreate(InstrumentationTestRunner.java:367)
W/ClassPathPackageInfoSource( 1461): 	at com.google.android.apps.common.testing.testrunner.GoogleInstrumentationTestRunner.onCreate(GoogleInstrumentationTestRunner.java:114)
W/ClassPathPackageInfoSource( 1461): 	at android.app.ActivityThread.handleBindApplication(ActivityThread.java:4509)
W/ClassPathPackageInfoSource( 1461): 	at android.app.ActivityThread.access$1500(ActivityThread.java:144)
W/ClassPathPackageInfoSource( 1461): 	at android.app.ActivityThread$H.handleMessage(ActivityThread.java:1339)
W/ClassPathPackageInfoSource( 1461): 	at android.os.Handler.dispatchMessage(Handler.java:102)
W/ClassPathPackageInfoSource( 1461): 	at android.os.Looper.loop(Looper.java:135)
W/ClassPathPackageInfoSource( 1461): 	at android.app.ActivityThread.main(ActivityThread.java:5221)
W/ClassPathPackageInfoSource( 1461): 	at java.lang.reflect.Method.invoke(Native Method)
W/ClassPathPackageInfoSource( 1461): 	at java.lang.reflect.Method.invoke(Method.java:372)
W/ClassPathPackageInfoSource( 1461): 	at com.android.internal.os.ZygoteInit$MethodAndArgsCaller.run(ZygoteInit.java:899)
W/ClassPathPackageInfoSource( 1461): 	at com.android.internal.os.ZygoteInit.main(ZygoteInit.java:694)
W/ClassPathPackageInfoSource( 1461): Caused by: java.lang.ClassNotFoundException: Didn't find class "org.apache.maven.artifact.ant.shaded.interpolation.ObjectBasedValueSource" on path: DexPathList[[zip file "/system/framework/android.test.runner.jar", zip file "/data/app/com.example.chariba.test-2/base.apk", zip file "/data/app/com.example.chariba-2/base.apk"],nativeLibraryDirectories=[/vendor/lib, /system/lib]]
W/ClassPathPackageInfoSource( 1461): 	at dalvik.system.BaseDexClassLoader.findClass(BaseDexClassLoader.java:56)
W/ClassPathPackageInfoSource( 1461): 	at java.lang.ClassLoader.loadClass(ClassLoader.java:511)
W/ClassPathPackageInfoSource( 1461): 	at java.lang.ClassLoader.loadClass(ClassLoader.java:469)
W/ClassPathPackageInfoSource( 1461): 	... 26 more
W/ClassPathPackageInfoSource( 1461): 	Suppressed: java.lang.NoClassDefFoundError: org.apache.maven.artifact.ant.shaded.interpolation.ObjectBasedValueSource
W/ClassPathPackageInfoSource( 1461): 		at dalvik.system.DexFile.defineClassNative(Native Method)
W/ClassPathPackageInfoSource( 1461): 		at dalvik.system.DexFile.defineClass(DexFile.java:222)
W/ClassPathPackageInfoSource( 1461): 		at dalvik.system.DexFile.loadClassBinaryName(DexFile.java:215)
W/ClassPathPackageInfoSource( 1461): 		at dalvik.system.DexPathList.findClass(DexPathList.java:321)
W/ClassPathPackageInfoSource( 1461): 		at dalvik.system.BaseDexClassLoader.findClass(BaseDexClassLoader.java:54)
W/ClassPathPackageInfoSource( 1461): 		... 28 more
W/ClassPathPackageInfoSource( 1461): 	Suppressed: java.lang.ClassNotFoundException: org.apache.maven.artifact.ant.shaded.interpolation.ObjectBasedValueSource
W/ClassPathPackageInfoSource( 1461): 		at java.lang.Class.classForName(Native Method)
W/ClassPathPackageInfoSource( 1461): 		at java.lang.BootClassLoader.findClass(ClassLoader.java:781)
W/ClassPathPackageInfoSource( 1461): 		at java.lang.BootClassLoader.loadClass(ClassLoader.java:841)
W/ClassPathPackageInfoSource( 1461): 		at java.lang.ClassLoader.loadClass(ClassLoader.java:504)
W/ClassPathPackageInfoSource( 1461): 		... 27 more
W/ClassPathPackageInfoSource( 1461): 	Caused by: java.lang.NoClassDefFoundError: Class not found using the boot class loader; no stack available
W/ClassPathPackageInfoSource( 1461): Cannot load class. Make sure it is in your apk. Class name: 'org.apache.maven.artifact.ant.shaded.interpolation.PropertiesBasedValueSource'. Message: org.apache.maven.artifact.ant.shaded.interpolation.PropertiesBasedValueSource
W/ClassPathPackageInfoSource( 1461): java.lang.ClassNotFoundException: org.apache.maven.artifact.ant.shaded.interpolation.PropertiesBasedValueSource
W/ClassPathPackageInfoSource( 1461): 	at java.lang.Class.classForName(Native Method)
W/ClassPathPackageInfoSource( 1461): 	at java.lang.Class.forName(Class.java:308)
W/ClassPathPackageInfoSource( 1461): 	at android.test.ClassPathPackageInfoSource.createPackageInfo(ClassPathPackageInfoSource.java:88)
W/ClassPathPackageInfoSource( 1461): 	at android.test.ClassPathPackageInfoSource.access$000(ClassPathPackageInfoSource.java:39)
W/ClassPathPackageInfoSource( 1461): 	at android.test.ClassPathPackageInfoSource$1.load(ClassPathPackageInfoSource.java:50)
W/ClassPathPackageInfoSource( 1461): 	at android.test.ClassPathPackageInfoSource$1.load(ClassPathPackageInfoSource.java:47)
W/ClassPathPackageInfoSource( 1461): 	at android.test.SimpleCache.get(SimpleCache.java:31)
W/ClassPathPackageInfoSource( 1461): 	at android.test.ClassPathPackageInfoSource.getPackageInfo(ClassPathPackageInfoSource.java:72)
W/ClassPathPackageInfoSource( 1461): 	at android.test.ClassPathPackageInfo.getSubpackages(ClassPathPackageInfo.java:48)
W/ClassPathPackageInfoSource( 1461): 	at android.test.ClassPathPackageInfo.addTopLevelClassesTo(ClassPathPackageInfo.java:61)
W/ClassPathPackageInfoSource( 1461): 	at android.test.ClassPathPackageInfo.getTopLevelClassesRecursive(ClassPathPackageInfo.java:55)
W/ClassPathPackageInfoSource( 1461): 	at android.test.suitebuilder.TestGrouping.testCaseClassesInPackage(TestGrouping.java:156)
W/ClassPathPackageInfoSource( 1461): 	at android.test.suitebuilder.TestGrouping.addPackagesRecursive(TestGrouping.java:117)
W/ClassPathPackageInfoSource( 1461): 	at android.test.suitebuilder.TestSuiteBuilder.includePackages(TestSuiteBuilder.java:100)
W/ClassPathPackageInfoSource( 1461): 	at android.test.InstrumentationTestRunner.onCreate(InstrumentationTestRunner.java:367)
W/ClassPathPackageInfoSource( 1461): 	at com.google.android.apps.common.testing.testrunner.GoogleInstrumentationTestRunner.onCreate(GoogleInstrumentationTestRunner.java:114)
W/ClassPathPackageInfoSource( 1461): 	at android.app.ActivityThread.handleBindApplication(ActivityThread.java:4509)
W/ClassPathPackageInfoSource( 1461): 	at android.app.ActivityThread.access$1500(ActivityThread.java:144)
W/ClassPathPackageInfoSource( 1461): 	at android.app.ActivityThread$H.handleMessage(ActivityThread.java:1339)
W/ClassPathPackageInfoSource( 1461): 	at android.os.Handler.dispatchMessage(Handler.java:102)
W/ClassPathPackageInfoSource( 1461): 	at android.os.Looper.loop(Looper.java:135)
W/ClassPathPackageInfoSource( 1461): 	at android.app.ActivityThread.main(ActivityThread.java:5221)
W/ClassPathPackageInfoSource( 1461): 	at java.lang.reflect.Method.invoke(Native Method)
W/ClassPathPackageInfoSource( 1461): 	at java.lang.reflect.Method.invoke(Method.java:372)
W/ClassPathPackageInfoSource( 1461): 	at com.android.internal.os.ZygoteInit$MethodAndArgsCaller.run(ZygoteInit.java:899)
W/ClassPathPackageInfoSource( 1461): 	at com.android.internal.os.ZygoteInit.main(ZygoteInit.java:694)
W/ClassPathPackageInfoSource( 1461): Caused by: java.lang.ClassNotFoundException: Didn't find class "org.apache.maven.artifact.ant.shaded.interpolation.PropertiesBasedValueSource" on path: DexPathList[[zip file "/system/framework/android.test.runner.jar", zip file "/data/app/com.example.chariba.test-2/base.apk", zip file "/data/app/com.example.chariba-2/base.apk"],nativeLibraryDirectories=[/vendor/lib, /system/lib]]
W/ClassPathPackageInfoSource( 1461): 	at dalvik.system.BaseDexClassLoader.findClass(BaseDexClassLoader.java:56)
W/ClassPathPackageInfoSource( 1461): 	at java.lang.ClassLoader.loadClass(ClassLoader.java:511)
W/ClassPathPackageInfoSource( 1461): 	at java.lang.ClassLoader.loadClass(ClassLoader.java:469)
W/ClassPathPackageInfoSource( 1461): 	... 26 more
W/ClassPathPackageInfoSource( 1461): 	Suppressed: java.lang.NoClassDefFoundError: org.apache.maven.artifact.ant.shaded.interpolation.PropertiesBasedValueSource
W/ClassPathPackageInfoSource( 1461): 		at dalvik.system.DexFile.defineClassNative(Native Method)
W/ClassPathPackageInfoSource( 1461): 		at dalvik.system.DexFile.defineClass(DexFile.java:222)
W/ClassPathPackageInfoSource( 1461): 		at dalvik.system.DexFile.loadClassBinaryName(DexFile.java:215)
W/ClassPathPackageInfoSource( 1461): 		at dalvik.system.DexPathList.findClass(DexPathList.java:321)
W/ClassPathPackageInfoSource( 1461): 		at dalvik.system.BaseDexClassLoader.findClass(BaseDexClassLoader.java:54)
W/ClassPathPackageInfoSource( 1461): 		... 28 more
W/ClassPathPackageInfoSource( 1461): 	Suppressed: java.lang.ClassNotFoundException: org.apache.maven.artifact.ant.shaded.interpolation.PropertiesBasedValueSource
W/ClassPathPackageInfoSource( 1461): 		at java.lang.Class.classForName(Native Method)
W/ClassPathPackageInfoSource( 1461): 		at java.lang.BootClassLoader.findClass(ClassLoader.java:781)
W/ClassPathPackageInfoSource( 1461): 		at java.lang.BootClassLoader.loadClass(ClassLoader.java:841)
W/ClassPathPackageInfoSource( 1461): 		at java.lang.ClassLoader.loadClass(ClassLoader.java:504)
W/ClassPathPackageInfoSource( 1461): 		... 27 more
W/ClassPathPackageInfoSource( 1461): 	Caused by: java.lang.NoClassDefFoundError: Class not found using the boot class loader; no stack available
W/ClassPathPackageInfoSource( 1461): Cannot load class. Make sure it is in your apk. Class name: 'org.apache.maven.artifact.ant.shaded.interpolation.RegexBasedInterpolator'. Message: org.apache.maven.artifact.ant.shaded.interpolation.RegexBasedInterpolator
W/ClassPathPackageInfoSource( 1461): java.lang.ClassNotFoundException: org.apache.maven.artifact.ant.shaded.interpolation.RegexBasedInterpolator
W/ClassPathPackageInfoSource( 1461): 	at java.lang.Class.classForName(Native Method)
W/ClassPathPackageInfoSource( 1461): 	at java.lang.Class.forName(Class.java:308)
W/ClassPathPackageInfoSource( 1461): 	at android.test.ClassPathPackageInfoSource.createPackageInfo(ClassPathPackageInfoSource.java:88)
W/ClassPathPackageInfoSource( 1461): 	at android.test.ClassPathPackageInfoSource.access$000(ClassPathPackageInfoSource.java:39)
W/ClassPathPackageInfoSource( 1461): 	at android.test.ClassPathPackageInfoSource$1.load(ClassPathPackageInfoSource.java:50)
W/ClassPathPackageInfoSource( 1461): 	at android.test.ClassPathPackageInfoSource$1.load(ClassPathPackageInfoSource.java:47)
W/ClassPathPackageInfoSource( 1461): 	at android.test.SimpleCache.get(SimpleCache.java:31)
W/ClassPathPackageInfoSource( 1461): 	at android.test.ClassPathPackageInfoSource.getPackageInfo(ClassPathPackageInfoSource.java:72)
W/ClassPathPackageInfoSource( 1461): 	at android.test.ClassPathPackageInfo.getSubpackages(ClassPathPackageInfo.java:48)
W/ClassPathPackageInfoSource( 1461): 	at android.test.ClassPathPackageInfo.addTopLevelClassesTo(ClassPathPackageInfo.java:61)
W/ClassPathPackageInfoSource( 1461): 	at android.test.ClassPathPackageInfo.getTopLevelClassesRecursive(ClassPathPackageInfo.java:55)
W/ClassPathPackageInfoSource( 1461): 	at android.test.suitebuilder.TestGrouping.testCaseClassesInPackage(TestGrouping.java:156)
W/ClassPathPackageInfoSource( 1461): 	at android.test.suitebuilder.TestGrouping.addPackagesRecursive(TestGrouping.java:117)
W/ClassPathPackageInfoSource( 1461): 	at android.test.suitebuilder.TestSuiteBuilder.includePackages(TestSuiteBuilder.java:100)
W/ClassPathPackageInfoSource( 1461): 	at android.test.InstrumentationTestRunner.onCreate(InstrumentationTestRunner.java:367)
W/ClassPathPackageInfoSource( 1461): 	at com.google.android.apps.common.testing.testrunner.GoogleInstrumentationTestRunner.onCreate(GoogleInstrumentationTestRunner.java:114)
W/ClassPathPackageInfoSource( 1461): 	at android.app.ActivityThread.handleBindApplication(ActivityThread.java:4509)
W/ClassPathPackageInfoSource( 1461): 	at android.app.ActivityThread.access$1500(ActivityThread.java:144)
W/ClassPathPackageInfoSource( 1461): 	at android.app.ActivityThread$H.handleMessage(ActivityThread.java:1339)
W/ClassPathPackageInfoSource( 1461): 	at android.os.Handler.dispatchMessage(Handler.java:102)
W/ClassPathPackageInfoSource( 1461): 	at android.os.Looper.loop(Looper.java:135)
W/ClassPathPackageInfoSource( 1461): 	at android.app.ActivityThread.main(ActivityThread.java:5221)
W/ClassPathPackageInfoSource( 1461): 	at java.lang.reflect.Method.invoke(Native Method)
W/ClassPathPackageInfoSource( 1461): 	at java.lang.reflect.Method.invoke(Method.java:372)
W/ClassPathPackageInfoSource( 1461): 	at com.android.internal.os.ZygoteInit$MethodAndArgsCaller.run(ZygoteInit.java:899)
W/ClassPathPackageInfoSource( 1461): 	at com.android.internal.os.ZygoteInit.main(ZygoteInit.java:694)
W/ClassPathPackageInfoSource( 1461): Caused by: java.lang.ClassNotFoundException: Didn't find class "org.apache.maven.artifact.ant.shaded.interpolation.RegexBasedInterpolator" on path: DexPathList[[zip file "/system/framework/android.test.runner.jar", zip file "/data/app/com.example.chariba.test-2/base.apk", zip file "/data/app/com.example.chariba-2/base.apk"],nativeLibraryDirectories=[/vendor/lib, /system/lib]]
W/ClassPathPackageInfoSource( 1461): 	at dalvik.system.BaseDexClassLoader.findClass(BaseDexClassLoader.java:56)
W/ClassPathPackageInfoSource( 1461): 	at java.lang.ClassLoader.loadClass(ClassLoader.java:511)
W/ClassPathPackageInfoSource( 1461): 	at java.lang.ClassLoader.loadClass(ClassLoader.java:469)
W/ClassPathPackageInfoSource( 1461): 	... 26 more
W/ClassPathPackageInfoSource( 1461): 	Suppressed: java.lang.NoClassDefFoundError: org.apache.maven.artifact.ant.shaded.interpolation.RegexBasedInterpolator
W/ClassPathPackageInfoSource( 1461): 		at dalvik.system.DexFile.defineClassNative(Native Method)
W/ClassPathPackageInfoSource( 1461): 		at dalvik.system.DexFile.defineClass(DexFile.java:222)
W/ClassPathPackageInfoSource( 1461): 		at dalvik.system.DexFile.loadClassBinaryName(DexFile.java:215)
W/ClassPathPackageInfoSource( 1461): 		at dalvik.system.DexPathList.findClass(DexPathList.java:321)
W/ClassPathPackageInfoSource( 1461): 		at dalvik.system.BaseDexClassLoader.findClass(BaseDexClassLoader.java:54)
W/ClassPathPackageInfoSource( 1461): 		... 28 more
W/ClassPathPackageInfoSource( 1461): 	Suppressed: java.lang.ClassNotFoundException: org.apache.maven.artifact.ant.shaded.interpolation.RegexBasedInterpolator
W/ClassPathPackageInfoSource( 1461): 		at java.lang.Class.classForName(Native Method)
W/ClassPathPackageInfoSource( 1461): 		at java.lang.BootClassLoader.findClass(ClassLoader.java:781)
W/ClassPathPackageInfoSource( 1461): 		at java.lang.BootClassLoader.loadClass(ClassLoader.java:841)
W/ClassPathPackageInfoSource( 1461): 		at java.lang.ClassLoader.loadClass(ClassLoader.java:504)
W/ClassPathPackageInfoSource( 1461): 		... 27 more
W/ClassPathPackageInfoSource( 1461): 	Caused by: java.lang.NoClassDefFoundError: Class not found using the boot class loader; no stack available
W/ClassPathPackageInfoSource( 1461): Cannot load class. Make sure it is in your apk. Class name: 'org.apache.maven.artifact.ant.shaded.interpolation.ValueSource'. Message: org.apache.maven.artifact.ant.shaded.interpolation.ValueSource
W/ClassPathPackageInfoSource( 1461): java.lang.ClassNotFoundException: org.apache.maven.artifact.ant.shaded.interpolation.ValueSource
W/ClassPathPackageInfoSource( 1461): 	at java.lang.Class.classForName(Native Method)
