--------- beginning of /dev/log/main
E/logwrapper(   39): executing /system/bin/e2fsck failed: No such file or directory
E/logwrapper(   45): executing /system/bin/e2fsck failed: No such file or directory
W/InterfaceController(   52): Warning (dlopen failed: library "/system/lib/libnetcmdiface.so" not found) while opening the net interface command library
--------- beginning of /dev/log/system
E/cutils  (   59): Failed to read /data/.layout_version: No such file or directory
E/SurfaceFlinger(   55): hwcomposer module not found
W/SurfaceFlinger(   55): getting VSYNC period from fb HAL: 1536001
W/SurfaceFlinger(   55): no suitable EGLConfig found, trying a simpler query
W/SurfaceFlinger(   55): EGL_SLOW_CONFIG selected!
W/SurfaceFlinger(   55): power module not found
W/SurfaceFlinger(   55): power module not found
E/SurfaceFlinger(   55): ro.sf.lcd_density must be defined as a build property
W/AudioFlinger(   58): Thread AudioOut_2 cannot connect to the power manager service
W/AudioFlinger(   58): Thread AudioOut_2 cannot connect to the power manager service
W/AudioFlinger(   58): Thread AudioOut_2 cannot connect to the power manager service
E/AudioFlinger(   58): no wake lock to update!
E/AudioFlinger(   58): int android::load_audio_interface(const char*, audio_hw_device_t**) couldn't load audio hw module audio.r_submix (No such file or directory)
W/AudioPolicyManagerBase(   58): could not open HW module r_submix
E/memtrack(   56): Couldn't load memtrack module (No such file or directory)
E/android.os.Debug(   56): failed to load memtrack module: -2
W/dalvikvm(   56): Exception Ljava/lang/UnsatisfiedLinkError; thrown while initializing Landroid/media/videoeditor/MediaArtistNativeHelper;
W/Zygote  (   56): Class not found for preloading: android.media.videoeditor.MediaArtistNativeHelper
E/EmojiFactory_jni(   56): Failed to load libemoji.so: dlopen failed: library "libemoji.so" not found
W/Zygote  (   56): Class not found for preloading: java.lang.UnsafeByteSequence
E/logwrapper(  297): executing /system/bin/ip failed: No such file or directory
E/logwrapper(  298): executing /system/bin/ip failed: No such file or directory
E/logwrapper(  299): executing /system/bin/ip failed: No such file or directory
E/logwrapper(  300): executing /system/bin/ip failed: No such file or directory
E/logwrapper(  301): executing /system/bin/ip failed: No such file or directory
E/logwrapper(  302): executing /system/bin/ip failed: No such file or directory
E/logwrapper(  303): executing /system/bin/ip failed: No such file or directory
E/PowerManagerService-JNI(  380): Couldn't load power module (No such file or directory)
E/SurfaceFlinger(   55): ro.sf.lcd_density must be defined as a build property
W/FileUtils(  380): Failed to chmod(/data/system/packages.list): libcore.io.ErrnoException: chmod failed: ENOENT (No such file or directory)
W/PackageManager(  380): Running ENG build: no pre-dexopt!
W/PackageParser(  380): No actions in intent filter at /system/priv-app/Contacts.apk Binary XML file line #375
W/PackageParser(  380): No actions in intent filter at /system/priv-app/Dialer.apk Binary XML file line #162
W/ResourceType(  380): Failure getting entry for 0x7f050000 (t=4 e=0) in package 0 (error -75)
W/PackageParser(  380): No actions in intent filter at /data/app/ApiDemos.apk Binary XML file line #2899
W/PackageParser(  380): No actions in intent filter at /data/app/ApiDemos.apk Binary XML file line #2905
W/PackageManager(  380): Package com.example.android.apis desires unavailable shared library com.example.will.never.exist; ignoring!
W/PackageManager(  380): Package com.example.android.apis desires unavailable shared library com.example.will.never.exist; ignoring!
W/PackageManager(  380): Package com.android.camera desires unavailable shared library com.google.android.media.effects; ignoring!
W/PackageManager(  380): Not granting permission android.permission.GLOBAL_SEARCH to package com.android.quicksearchbox (protectionLevel=18 flags=0x8be45)
E/memtrack(  433): Couldn't load memtrack module (No such file or directory)
E/android.os.Debug(  433): failed to load memtrack module: -2
W/PackageManager(  380): Unknown permission com.android.smspush.WAPPUSH_MANAGER_BIND in package com.android.phone
W/PackageManager(  380): Unknown permission com.google.android.googleapps.permission.GOOGLE_AUTH in package com.android.providers.calendar
W/PackageManager(  380): Unknown permission com.google.android.googleapps.permission.GOOGLE_AUTH.cl in package com.android.providers.calendar
W/PackageManager(  380): Unknown permission com.google.android.googleapps.permission.GOOGLE_AUTH.mail in package com.android.calendar
W/PackageManager(  380): Not granting permission android.permission.ACCESS_DOWNLOAD_MANAGER to package com.android.browser (protectionLevel=18 flags=0x9be45)
W/PackageManager(  380): Not granting permission android.permission.SEND_DOWNLOAD_COMPLETED_INTENTS to package com.android.browser (protectionLevel=2 flags=0x9be45)
W/PackageManager(  380): Not granting permission android.permission.BIND_APPWIDGET to package com.android.widgetpreview (protectionLevel=18 flags=0x8be44)
W/PackageManager(  380): Unknown permission android.permission.INSTALL_DRM in package com.android.mms
W/PackageManager(  380): Unknown permission com.google.android.googleapps.permission.GOOGLE_AUTH in package com.android.settings
W/PackageManager(  380): Unknown permission com.google.android.googleapps.permission.ACCESS_GOOGLE_PASSWORD in package com.android.development
W/PackageManager(  380): Unknown permission com.google.android.googleapps.permission.GOOGLE_AUTH in package com.android.development
W/PackageManager(  380): Unknown permission com.google.android.googleapps.permission.GOOGLE_AUTH.ALL_SERVICES in package com.android.development
W/PackageManager(  380): Unknown permission com.google.android.googleapps.permission.GOOGLE_AUTH.YouTubeUser in package com.android.development
W/PackageManager(  380): Not granting permission android.permission.DELETE_PACKAGES to package com.svox.pico (protectionLevel=18 flags=0x8be45)
W/PackageManager(  380): Not granting permission android.permission.DEVICE_POWER to package com.android.deskclock (protectionLevel=2 flags=0x48be45)
W/EntropyMixer(  380): No existing entropy file -- first boot?
W/SyncManagerFile(  380): Error reading pending data.
W/SyncManagerFile(  380): java.io.FileNotFoundException: /data/system/sync/pending.xml: open failed: ENOENT (No such file or directory)
W/SyncManagerFile(  380): 	at libcore.io.IoBridge.open(IoBridge.java:409)
W/SyncManagerFile(  380): 	at java.io.FileInputStream.<init>(FileInputStream.java:78)
W/SyncManagerFile(  380): 	at android.util.AtomicFile.openRead(AtomicFile.java:199)
W/SyncManagerFile(  380): 	at com.android.server.content.SyncStorageEngine.readPendingOperationsLocked(SyncStorageEngine.java:2286)
W/SyncManagerFile(  380): 	at com.android.server.content.SyncStorageEngine.<init>(SyncStorageEngine.java:434)
W/SyncManagerFile(  380): 	at com.android.server.content.SyncStorageEngine.init(SyncStorageEngine.java:454)
W/SyncManagerFile(  380): 	at com.android.server.content.SyncManager.<init>(SyncManager.java:383)
W/SyncManagerFile(  380): 	at com.android.server.content.ContentService.getSyncManager(ContentService.java:75)
W/SyncManagerFile(  380): 	at com.android.server.content.ContentService.notifyChange(ContentService.java:283)
W/SyncManagerFile(  380): 	at android.content.ContentResolver.notifyChange(ContentResolver.java:1621)
W/SyncManagerFile(  380): 	at com.android.providers.settings.SettingsProvider.sendNotify(SettingsProvider.java:262)
W/SyncManagerFile(  380): 	at com.android.providers.settings.SettingsProvider.insertForUser(SettingsProvider.java:941)
W/SyncManagerFile(  380): 	at com.android.providers.settings.SettingsProvider.ensureAndroidIdIsSet(SettingsProvider.java:496)
W/SyncManagerFile(  380): 	at com.android.providers.settings.SettingsProvider.establishDbTracking(SettingsProvider.java:409)
W/SyncManagerFile(  380): 	at com.android.providers.settings.SettingsProvider.onCreate(SettingsProvider.java:335)
W/SyncManagerFile(  380): 	at android.content.ContentProvider.attachInfo(ContentProvider.java:1591)
W/SyncManagerFile(  380): 	at android.content.ContentProvider.attachInfo(ContentProvider.java:1562)
W/SyncManagerFile(  380): 	at android.app.ActivityThread.installProvider(ActivityThread.java:4790)
W/SyncManagerFile(  380): 	at android.app.ActivityThread.installContentProviders(ActivityThread.java:4385)
W/SyncManagerFile(  380): 	at android.app.ActivityThread.installSystemProviders(ActivityThread.java:4945)
W/SyncManagerFile(  380): 	at com.android.server.am.ActivityManagerService.installSystemProviders(ActivityManagerService.java:8081)
W/SyncManagerFile(  380): 	at com.android.server.ServerThread.initAndLoop(SystemServer.java:275)
W/SyncManagerFile(  380): 	at com.android.server.SystemServer.main(SystemServer.java:1179)
W/SyncManagerFile(  380): 	at java.lang.reflect.Method.invokeNative(Native Method)
W/SyncManagerFile(  380): 	at java.lang.reflect.Method.invoke(Method.java:515)
W/SyncManagerFile(  380): 	at com.android.internal.os.ZygoteInit$MethodAndArgsCaller.run(ZygoteInit.java:779)
W/SyncManagerFile(  380): 	at com.android.internal.os.ZygoteInit.main(ZygoteInit.java:595)
W/SyncManagerFile(  380): 	at dalvik.system.NativeStart.main(Native Method)
W/SyncManagerFile(  380): Caused by: libcore.io.ErrnoException: open failed: ENOENT (No such file or directory)
W/SyncManagerFile(  380): 	at libcore.io.Posix.open(Native Method)
W/SyncManagerFile(  380): 	at libcore.io.BlockGuardOs.open(BlockGuardOs.java:110)
W/SyncManagerFile(  380): 	at libcore.io.IoBridge.open(IoBridge.java:393)
W/SyncManagerFile(  380): 	... 27 more
E/ConsumerIrService(  380): Can't open consumer IR HW Module, error: -2
W/libsuspend(  380): Error writing 'on' to /sys/power/state: Invalid argument
E/libsuspend(  380): Error opening /sys/power/autosleep: No such file or directory
E/EventHub(  380): could not get driver version for /dev/input/mouse0, Not a typewriter
W/EventHub(  380): Unable to disable kernel key repeat for /dev/input/event0: Function not implemented
E/EventHub(  380): could not get driver version for /dev/input/mice, Not a typewriter
W/InputMethodManagerService(  380): No IME selected. Choose the most applicable IME.
W/MountService(  380): getSecureContainerList() called when storage not mounted
W/PackageManager(  380): Not granting permission android.permission.GLOBAL_SEARCH to package com.android.quicksearchbox (protectionLevel=18 flags=0x8be45)
W/PackageManager(  380): Unknown permission com.android.smspush.WAPPUSH_MANAGER_BIND in package com.android.phone
W/PackageManager(  380): Unknown permission com.google.android.googleapps.permission.GOOGLE_AUTH in package com.android.providers.calendar
W/PackageManager(  380): Unknown permission com.google.android.googleapps.permission.GOOGLE_AUTH.cl in package com.android.providers.calendar
W/PackageManager(  380): Unknown permission com.google.android.googleapps.permission.GOOGLE_AUTH.mail in package com.android.calendar
W/PackageManager(  380): Not granting permission android.permission.ACCESS_DOWNLOAD_MANAGER to package com.android.browser (protectionLevel=18 flags=0x9be45)
W/PackageManager(  380): Not granting permission android.permission.SEND_DOWNLOAD_COMPLETED_INTENTS to package com.android.browser (protectionLevel=2 flags=0x9be45)
W/PackageManager(  380): Not granting permission android.permission.BIND_APPWIDGET to package com.android.widgetpreview (protectionLevel=18 flags=0x8be44)
W/PackageManager(  380): Unknown permission android.permission.INSTALL_DRM in package com.android.mms
W/PackageManager(  380): Unknown permission com.google.android.googleapps.permission.GOOGLE_AUTH in package com.android.settings
W/PackageManager(  380): Unknown permission com.google.android.googleapps.permission.ACCESS_GOOGLE_PASSWORD in package com.android.development
W/PackageManager(  380): Unknown permission com.google.android.googleapps.permission.GOOGLE_AUTH in package com.android.development
W/PackageManager(  380): Unknown permission com.google.android.googleapps.permission.GOOGLE_AUTH.ALL_SERVICES in package com.android.development
W/PackageManager(  380): Unknown permission com.google.android.googleapps.permission.GOOGLE_AUTH.YouTubeUser in package com.android.development
W/PackageManager(  380): Not granting permission android.permission.DELETE_PACKAGES to package com.svox.pico (protectionLevel=18 flags=0x8be45)
W/PackageManager(  380): Not granting permission android.permission.DEVICE_POWER to package com.android.deskclock (protectionLevel=2 flags=0x48be45)
E/memtrack(  450): Couldn't load memtrack module (No such file or directory)
E/android.os.Debug(  450): failed to load memtrack module: -2
E/MobileDataStateTracker(  380): default: Ignoring feature request because could not acquire PhoneService
E/MobileDataStateTracker(  380): default: Could not enable APN type "default"
W/WallpaperService(  380): no current wallpaper -- first boot?
W/DockObserver(  380): This kernel does not have dock station support
W/WiredAccessoryManager(  380): This kernel does not have wired headset support
W/WiredAccessoryManager(  380): This kernel does not have usb audio support
W/WiredAccessoryManager(  380): This kernel does not have HDMI audio support
E/SQLiteLog(  380): (1) no such table: locksettings
W/AssetAtlasService(  380): Could not find EGL configuration
W/InputMethodManagerService(  380): Focus gain on non-focused client android.view.inputmethod.InputMethodManager$1@b32d7fb8 (uid=1000 pid=380)
E/SoundPool(  488): error loading /system/media/audio/ui/Lock.ogg
W/KeyguardViewMediator(  488): failed to load lock sound from /system/media/audio/ui/Lock.ogg
E/SoundPool(  488): error loading /system/media/audio/ui/Unlock.ogg
W/KeyguardViewMediator(  488): failed to load unlock sound from /system/media/audio/ui/Unlock.ogg
E/NetdConnector(  380): NDC Command {1 bandwidth enable} took too long (1784ms)
E/BluetoothAdapter(  488): Bluetooth binder is null
E/BluetoothAdapter(  488): Bluetooth binder is null
E/BluetoothAdapter(  488): Bluetooth binder is null
E/BluetoothAdapter(  488): Bluetooth binder is null
E/BluetoothAdapter(  488): Bluetooth binder is null
W/RecognitionManagerService(  380): no available voice recognition services found for user 0
W/AppWidgetServiceImpl(  380): Failed to read state: java.io.FileNotFoundException: /data/system/users/0/appwidgets.xml: open failed: ENOENT (No such file or directory)
W/InputMethodManagerService(  380): Ignoring setImeWindowStatus of uid 1000 token: null
W/InputMethodUtils(  380): Found no subtypes in a system IME: com.android.inputmethod.pinyin
W/InputMethodManagerService(  380): Reset the default IME as "Resource" is ready here.
W/InputMethodUtils(  380): Found no subtypes in a system IME: com.android.inputmethod.pinyin
W/GpsLocationProvider(  380): Could not open GPS configuration file /etc/gps.conf
W/ServiceWatcher(  380): com.google.android.location not found
W/ServiceWatcher(  380): com.google.android.location not found
W/ServiceWatcher(  380): com.google.android.location not found
W/LocationManagerService(  380): no network location provider found
W/InputMethodManagerService(  380): Illegal subtype state: old subtype = null, new subtype = android.view.inputmethod.InputMethodSubtype@c9194f98
W/ServiceWatcher(  380): com.google.android.location not found
E/LocationManagerService(  380): no geocoder provider found
E/FlpHardwareProvider(  380): Error hw_get_module 'flp': -2
W/ServiceWatcher(  380): com.google.android.location not found
E/FlpHardwareProvider(  380): Error hw_get_module 'flp': -2
W/ServiceWatcher(  380): com.google.android.location not found
E/LocationManagerService(  380): No FusedProvider found.
E/LocationManagerService(  380): no geofence provider found
E/BluetoothAdapter(  648): Bluetooth binder is null
W/ActivityManager(  380): Activity pause timeout for ActivityRecord{b3108b60 u0 com.android.settings/.CryptKeeper t1 f}
W/InputAttributes(  619): No editor info for this field. Bug?
W/BackupManagerService(  380): dataChanged but no participant pkg='com.android.providers.settings' uid=1001
E/BluetoothAdapter(  637): Bluetooth binder is null
E/BluetoothAdapter(  637): Bluetooth binder is null
E/BluetoothAdapter(  637): Bluetooth binder is null
E/BluetoothAdapter(  648): Bluetooth binder is null
W/Resources(  742): Converting to int: TypedValue{t=0x3/d=0x12 "4" a=-1}
W/Resources(  742): Converting to int: TypedValue{t=0x3/d=0xf "1" a=-1}
W/Resources(  742): Converting to int: TypedValue{t=0x3/d=0x15 "2" a=-1}
W/Resources(  742): Converting to int: TypedValue{t=0x3/d=0x15 "2" a=-1}
W/Launcher.LauncherProvider(  742): Unable to add favorite: com.android.camera2/com.android.camera.CameraLauncher
W/Launcher.LauncherProvider(  742): android.content.pm.PackageManager$NameNotFoundException: ComponentInfo{com.android.camera2/com.android.camera.CameraLauncher}
W/Launcher.LauncherProvider(  742): 	at android.app.ApplicationPackageManager.getActivityInfo(ApplicationPackageManager.java:242)
W/Launcher.LauncherProvider(  742): 	at com.android.launcher2.LauncherProvider$DatabaseHelper.addAppShortcut(LauncherProvider.java:939)
W/Launcher.LauncherProvider(  742): 	at com.android.launcher2.LauncherProvider$DatabaseHelper.loadFavorites(LauncherProvider.java:843)
W/Launcher.LauncherProvider(  742): 	at com.android.launcher2.LauncherProvider$DatabaseHelper.access$000(LauncherProvider.java:233)
W/Launcher.LauncherProvider(  742): 	at com.android.launcher2.LauncherProvider.loadDefaultFavoritesIfNecessary(LauncherProvider.java:228)
W/Launcher.LauncherProvider(  742): 	at com.android.launcher2.LauncherModel$LoaderTask.loadWorkspace(LauncherModel.java:1263)
W/Launcher.LauncherProvider(  742): 	at com.android.launcher2.LauncherModel$LoaderTask.loadAndBindWorkspace(LauncherModel.java:1005)
W/Launcher.LauncherProvider(  742): 	at com.android.launcher2.LauncherModel$LoaderTask.run(LauncherModel.java:1111)
W/Launcher.LauncherProvider(  742): 	at android.os.Handler.handleCallback(Handler.java:733)
W/Launcher.LauncherProvider(  742): 	at android.os.Handler.dispatchMessage(Handler.java:95)
W/Launcher.LauncherProvider(  742): 	at android.os.Looper.loop(Looper.java:136)
W/Launcher.LauncherProvider(  742): 	at android.os.HandlerThread.run(HandlerThread.java:61)
W/Launcher.LauncherProvider(  742): Unable to add favorite: com.android.gallery3d/com.android.gallery3d.app.Gallery
W/Launcher.LauncherProvider(  742): android.content.pm.PackageManager$NameNotFoundException: ComponentInfo{com.android.gallery3d/com.android.gallery3d.app.Gallery}
W/Launcher.LauncherProvider(  742): 	at android.app.ApplicationPackageManager.getActivityInfo(ApplicationPackageManager.java:242)
W/Launcher.LauncherProvider(  742): 	at com.android.launcher2.LauncherProvider$DatabaseHelper.addAppShortcut(LauncherProvider.java:939)
W/Launcher.LauncherProvider(  742): 	at com.android.launcher2.LauncherProvider$DatabaseHelper.loadFavorites(LauncherProvider.java:843)
W/Launcher.LauncherProvider(  742): 	at com.android.launcher2.LauncherProvider$DatabaseHelper.access$000(LauncherProvider.java:233)
W/Launcher.LauncherProvider(  742): 	at com.android.launcher2.LauncherProvider.loadDefaultFavoritesIfNecessary(LauncherProvider.java:228)
W/Launcher.LauncherProvider(  742): 	at com.android.launcher2.LauncherModel$LoaderTask.loadWorkspace(LauncherModel.java:1263)
W/Launcher.LauncherProvider(  742): 	at com.android.launcher2.LauncherModel$LoaderTask.loadAndBindWorkspace(LauncherModel.java:1005)
W/Launcher.LauncherProvider(  742): 	at com.android.launcher2.LauncherModel$LoaderTask.run(LauncherModel.java:1111)
W/Launcher.LauncherProvider(  742): 	at android.os.Handler.handleCallback(Handler.java:733)
W/Launcher.LauncherProvider(  742): 	at android.os.Handler.dispatchMessage(Handler.java:95)
W/Launcher.LauncherProvider(  742): 	at android.os.Looper.loop(Looper.java:136)
W/Launcher.LauncherProvider(  742): 	at android.os.HandlerThread.run(HandlerThread.java:61)
E/SurfaceFlinger(   55): glCheckFramebufferStatusOES error 1690932092
E/SurfaceFlinger(   55): got GL_FRAMEBUFFER_COMPLETE_OES error while taking screenshot
W/WindowManager(  380): Window freeze timeout expired.
W/WindowManager(  380): Force clearing orientation change: Window{b3685f38 u0 com.android.launcher/com.android.launcher2.Launcher}
E/ConnectivityService(  380): startUsingNetworkFeature took too long: 1784ms
E/NetdConnector(  380): NDC Command {12 bandwidth setiquota eth0 9223372036854775807} took too long (1471ms)
E/logwrapper(  885): executing /system/bin/ip failed: No such file or directory
W/NetworkPolicy(  380): shared quota unsupported; generating rule for each iface
E/ConnectivityService(  380): Exception trying to add a route: java.lang.IllegalStateException: command '17 interface fwmark exempt add 10.0.2.2/32' failed with '400 17 Failed to add exemption rule (File exists)'
W/WindowManager(  380): App freeze timeout expired.
W/WindowManager(  380): Force clearing freeze: AppWindowToken{b3094c00 token=Token{b360da78 ActivityRecord{b31fdf18 u0 com.android.launcher/com.android.launcher2.Launcher t3}}}
E/NetdConnector(  380): NDC Command {18 bandwidth removeiquota eth0} took too long (542ms)
E/NetdConnector(  380): NDC Command {19 interface route add eth0 default 10.0.2.3 32 10.0.2.2} took too long (568ms)
E/NetdConnector(  380): NDC Command {20 bandwidth setiquota eth0 9223372036854775807} took too long (1049ms)
E/logwrapper(  913): executing /system/bin/ip failed: No such file or directory
E/NetdConnector(  380): NDC Command {21 interface fwmark exempt add 10.0.2.3/32} took too long (1228ms)
E/ConnectivityService(  380): Exception trying to add a route: java.lang.IllegalStateException: command '21 interface fwmark exempt add 10.0.2.3/32' failed with '400 21 Failed to add exemption rule (File exists)'
W/ProcessCpuTracker(  380): Skipping unknown process pid 919
E/logwrapper(  922): executing /system/bin/ip failed: No such file or directory
E/NetdConnector(  380): NDC Command {22 bandwidth removeiquota eth0} took too long (683ms)
E/SecondaryTablController(   52): ip route add failed: /system/bin/ip route add 10.0.2.2/32 via 0.0.0.0 dev eth0 table 60
W/FrameworkListener(   52): Handler 'interface' error (No such device)
E/NetdConnector(  380): NDC Command {23 interface route add eth0 secondary 10.0.2.2 32 0.0.0.0} took too long (518ms)
E/ConnectivityService(  380): Exception trying to add a route: java.lang.IllegalStateException: command '23 interface route add eth0 secondary 10.0.2.2 32 0.0.0.0' failed with '400 23 ip route modification failed (No such device)'
E/NetdConnector(  380): NDC Command {24 interface route add eth0 default 10.0.2.2 32 0.0.0.0} took too long (643ms)
E/BluetoothAdapter(  648): Bluetooth binder is null
E/logwrapper(  953): executing /system/bin/ip failed: No such file or directory
E/SecondaryTablController(   52): ip route add failed: /system/bin/ip route add 0.0.0.0/0 via 10.0.2.2 dev eth0 table 60
W/FrameworkListener(   52): Handler 'interface' error (No such device)
E/NetdConnector(  380): NDC Command {25 bandwidth setiquota eth0 9223372036854775807} took too long (1532ms)
E/NetdConnector(  380): NDC Command {26 interface route add eth0 secondary 0.0.0.0 0 10.0.2.2} took too long (1584ms)
E/logwrapper(  955): executing /system/bin/ip failed: No such file or directory
E/ConnectivityService(  380): Exception trying to add a route: java.lang.IllegalStateException: command '26 interface route add eth0 secondary 0.0.0.0 0 10.0.2.2' failed with '400 26 ip route modification failed (No such device)'
E/NetdConnector(  380): NDC Command {27 interface fwmark exempt add 10.0.2.2/32} took too long (1526ms)
E/ConnectivityService(  380): Exception trying to add a route: java.lang.IllegalStateException: command '27 interface fwmark exempt add 10.0.2.2/32' failed with '400 27 Failed to add exemption rule (No such device)'
E/NetdConnector(  380): NDC Command {30 interface route add eth0 default 74.125.228.4 32 10.0.2.2} took too long (679ms)
E/logwrapper(  957): executing /system/bin/ip failed: No such file or directory
E/ConnectivityService(  380): Exception trying to add a route: java.lang.IllegalStateException: command '31 interface fwmark exempt add 74.125.228.4/32' failed with '400 31 Failed to add exemption rule (No such device)'
W/ActivityManager(  380): Unable to start service Intent { cmp=com.android.email/.service.AttachmentDownloadService } U=0: not found
W/NetworkPolicy(  380): shared quota unsupported; generating rule for each iface
E/NetdConnector(  380): NDC Command {33 bandwidth removeiquota eth0} took too long (668ms)
W/ActivityManager(  380): No content provider found for permission revoke: file:///data/local/tmp/chariba-debug-test-unaligned.apk
E/NetdConnector(  380): NDC Command {34 bandwidth setiquota eth0 9223372036854775807} took too long (1283ms)
E/NetdConnector(  380): NDC Command {35 interface route add eth0 default 10.0.2.2 32 0.0.0.0} took too long (681ms)
E/NetdConnector(  380): NDC Command {36 bandwidth removeiquota eth0} took too long (622ms)
W/ActivityManager(  380): No content provider found for permission revoke: file:///data/local/tmp/chariba-debug-test-unaligned.apk
E/logwrapper(  998): executing /system/bin/ip failed: No such file or directory
E/NetdConnector(  380): NDC Command {37 interface fwmark exempt add 10.0.2.2/32} took too long (691ms)
E/ConnectivityService(  380): Exception trying to add a route: java.lang.IllegalStateException: command '37 interface fwmark exempt add 10.0.2.2/32' failed with '400 37 Failed to add exemption rule (File exists)'
E/NetdConnector(  380): NDC Command {38 bandwidth setiquota eth0 9223372036854775807} took too long (1532ms)
E/NetdConnector(  380): NDC Command {39 interface route add eth0 default 74.125.228.4 32 10.0.2.2} took too long (1530ms)
E/logwrapper( 1016): executing /system/bin/ip failed: No such file or directory
E/ConnectivityService(  380): Exception trying to add a route: java.lang.IllegalStateException: command '41 interface fwmark exempt add 74.125.228.4/32' failed with '400 41 Failed to add exemption rule (File exists)'
E/BluetoothAdapter(  380): Bluetooth binder is null
E/BluetoothAdapter(  380): Bluetooth binder is null
E/SoundPool(  380): error loading /system/media/audio/ui/Effect_Tick.ogg
W/AudioService(  380): Soundpool could not load file: /system/media/audio/ui/Effect_Tick.ogg
E/SoundPool(  380): error loading /system/media/audio/ui/Effect_Tick.ogg
W/AudioService(  380): Soundpool could not load file: /system/media/audio/ui/Effect_Tick.ogg
E/SoundPool(  380): error loading /system/media/audio/ui/Effect_Tick.ogg
W/AudioService(  380): Soundpool could not load file: /system/media/audio/ui/Effect_Tick.ogg
E/SoundPool(  380): error loading /system/media/audio/ui/Effect_Tick.ogg
W/AudioService(  380): Soundpool could not load file: /system/media/audio/ui/Effect_Tick.ogg
E/SoundPool(  380): error loading /system/media/audio/ui/Effect_Tick.ogg
W/AudioService(  380): Soundpool could not load file: /system/media/audio/ui/Effect_Tick.ogg
E/SoundPool(  380): error loading /system/media/audio/ui/KeypressStandard.ogg
W/AudioService(  380): Soundpool could not load file: /system/media/audio/ui/KeypressStandard.ogg
E/SoundPool(  380): error loading /system/media/audio/ui/KeypressSpacebar.ogg
W/AudioService(  380): Soundpool could not load file: /system/media/audio/ui/KeypressSpacebar.ogg
E/SoundPool(  380): error loading /system/media/audio/ui/KeypressDelete.ogg
W/AudioService(  380): Soundpool could not load file: /system/media/audio/ui/KeypressDelete.ogg
E/SoundPool(  380): error loading /system/media/audio/ui/KeypressReturn.ogg
W/AudioService(  380): Soundpool could not load file: /system/media/audio/ui/KeypressReturn.ogg
E/SoundPool(  380): error loading /system/media/audio/ui/KeypressInvalid.ogg
W/AudioService(  380): Soundpool could not load file: /system/media/audio/ui/KeypressInvalid.ogg
W/AudioService(  380): onLoadSoundEffects(), Error -1 while loading samples
E/logwrapper( 1025): executing /system/bin/ip failed: No such file or directory
E/ConnectivityService(  380): Exception trying to add a route: java.lang.IllegalStateException: command '43 interface fwmark exempt add 10.0.2.2/32' failed with '400 43 Failed to add exemption rule (File exists)'
E/logwrapper( 1027): executing /system/bin/ip failed: No such file or directory
E/ConnectivityService(  380): Exception trying to add a route: java.lang.IllegalStateException: command '45 interface fwmark exempt add 74.125.228.2/32' failed with '400 45 Failed to add exemption rule (File exists)'
W/ContentResolver( 1030): Failed to get type for: content://com.android.calendar (Unknown URL content://com.android.calendar)
E/NetdConnector(  380): NDC Command {46 interface route add eth0 default 10.0.2.2 32 0.0.0.0} took too long (1450ms)
E/logwrapper( 1053): executing /system/bin/ip failed: No such file or directory
E/ConnectivityService(  380): Exception trying to add a route: java.lang.IllegalStateException: command '47 interface fwmark exempt add 10.0.2.2/32' failed with '400 47 Failed to add exemption rule (File exists)'
E/logwrapper( 1056): executing /system/bin/ip failed: No such file or directory
E/ConnectivityService(  380): Exception trying to add a route: java.lang.IllegalStateException: command '49 interface fwmark exempt add 74.125.228.2/32' failed with '400 49 Failed to add exemption rule (File exists)'
W/RecognitionManagerService(  380): no available voice recognition services found for user 0
E/SQLiteLog(  852): (1) no such table: files
E/WVMExtractor(   58): Failed to open libwvm.so
E/MetadataRetrieverClient(   58): failed to extract an album art
W/MediaProvider(  852): no database for scanned volume external
E/logwrapper( 1057): executing /system/bin/ip failed: No such file or directory
E/SecondaryTablController(   52): ip route del failed: /system/bin/ip route del 10.0.2.2/32 via 0.0.0.0 dev eth0 table 60
W/FrameworkListener(   52): Handler 'interface' error (No such device)
E/logwrapper( 1058): executing /system/bin/ip failed: No such file or directory
E/SecondaryTablController(   52): ip route del failed: /system/bin/ip route del 0.0.0.0/0 via 10.0.2.2 dev eth0 table 60
W/FrameworkListener(   52): Handler 'interface' error (No such device)
E/NetdConnector(  380): NDC Command {56 bandwidth removeiquota eth0} took too long (1190ms)
E/NetdConnector(  380): NDC Command {57 bandwidth gettetherstats} took too long (1024ms)
E/SQLiteLog(  852): (1) no such table: album_info
W/ProcessCpuTracker(  380): Skipping unknown process pid 1094
E/NetdConnector(  380): NDC Command {58 bandwidth setiquota eth0 9223372036854775807} took too long (3163ms)
E/NetdConnector(  380): NDC Command {59 bandwidth gettetherstats} took too long (1521ms)
W/MediaScanner(  852): Error opening directory '/storage/sdcard/', skipping: Permission denied.
E/NetdConnector(  380): NDC Command {61 bandwidth setglobalalert 2097152} took too long (552ms)
E/NetdConnector(  380): NDC Command {60 bandwidth removeiquota eth0} took too long (717ms)
E/NetdConnector(  380): NDC Command {62 bandwidth setiquota eth0 9223372036854775807} took too long (1425ms)
E/memtrack( 1090): Couldn't load memtrack module (No such file or directory)
E/android.os.Debug( 1090): failed to load memtrack module: -2
W/ActivityManager(  380): No content provider found for permission revoke: file:///data/local/tmp/chariba-debug.apk
W/ActivityManager(  380): No content provider found for permission revoke: file:///data/local/tmp/chariba-debug.apk
W/dalvikvm( 1174): method Landroid/support/v7/internal/widget/ListViewCompat;.lookForSelectablePosition incorrectly overrides package-private method with same name in Landroid/widget/ListView;
W/PackageManager(  380): Unknown permission com.google.android.providers.gsf.permission.READ_GSERVICES in package com.github.ay65535.chariba
W/RecognitionManagerService(  380): no available voice recognition services found for user 0
E/memtrack( 1190): Couldn't load memtrack module (No such file or directory)
E/android.os.Debug( 1190): failed to load memtrack module: -2
W/ActivityManager(  380): No content provider found for permission revoke: file:///data/local/tmp/chariba-debug-test-unaligned.apk
W/ActivityManager(  380): No content provider found for permission revoke: file:///data/local/tmp/chariba-d